[2026-05-06T17:16:57.485+0000] {local_task_job_runner.py:120} INFO - ::group::Pre task execution logs
[2026-05-06T17:16:57.727+0000] {taskinstance.py:2076} INFO - Dependencies all met for dep_context=non-requeueable deps ti=<TaskInstance: stackoverflow_automated_mcp_pipeline.trigger_glue_migration manual__2026-05-06T17:16:51.783697+00:00 [queued]>
[2026-05-06T17:16:57.794+0000] {taskinstance.py:2076} INFO - Dependencies all met for dep_context=requeueable deps ti=<TaskInstance: stackoverflow_automated_mcp_pipeline.trigger_glue_migration manual__2026-05-06T17:16:51.783697+00:00 [queued]>
[2026-05-06T17:16:57.799+0000] {taskinstance.py:2306} INFO - Starting attempt 1 of 3
[2026-05-06T17:16:57.894+0000] {taskinstance.py:2330} INFO - Executing <Task(GlueJobOperator): trigger_glue_migration> on 2026-05-06 17:16:51.783697+00:00
[2026-05-06T17:16:57.973+0000] {logging_mixin.py:188} WARNING - /home/***/.local/lib/python3.12/site-packages/***/task/task_runner/standard_task_runner.py:61 DeprecationWarning: This process (pid=179) is multi-threaded, use of fork() may lead to deadlocks in the child.
[2026-05-06T17:16:57.951+0000] {standard_task_runner.py:90} INFO - Running: ['***', 'tasks', 'run', 'stackoverflow_automated_mcp_pipeline', 'trigger_glue_migration', 'manual__2026-05-06T17:16:51.783697+00:00', '--job-id', '60', '--raw', '--subdir', 'DAGS_FOLDER/stackoverflow_migration_dag.py', '--cfg-path', '/tmp/tmpsnokslwm']
[2026-05-06T17:16:57.983+0000] {standard_task_runner.py:63} INFO - Started process 180 to run task
[2026-05-06T17:16:57.984+0000] {standard_task_runner.py:91} INFO - Job 60: Subtask trigger_glue_migration
[2026-05-06T17:16:58.631+0000] {task_command.py:426} INFO - Running <TaskInstance: stackoverflow_automated_mcp_pipeline.trigger_glue_migration manual__2026-05-06T17:16:51.783697+00:00 [running]> on host b82b4f940a1d
[2026-05-06T17:16:59.340+0000] {taskinstance.py:2648} INFO - Exporting env vars: AIRFLOW_CTX_DAG_OWNER='Aniket Shinde' AIRFLOW_CTX_DAG_ID='stackoverflow_automated_mcp_pipeline' AIRFLOW_CTX_TASK_ID='trigger_glue_migration' AIRFLOW_CTX_EXECUTION_DATE='2026-05-06T17:16:51.783697+00:00' AIRFLOW_CTX_TRY_NUMBER='1' AIRFLOW_CTX_DAG_RUN_ID='manual__2026-05-06T17:16:51.783697+00:00'
[2026-05-06T17:16:59.343+0000] {taskinstance.py:430} INFO - ::endgroup::
[2026-05-06T17:16:59.406+0000] {glue.py:173} INFO - Initializing AWS Glue Job: BigQ_to_S3_2. Wait for completion: True
[2026-05-06T17:16:59.408+0000] {glue.py:364} INFO - Checking if job already exists: BigQ_to_S3_2
[2026-05-06T17:16:59.524+0000] {base.py:84} INFO - Using connection ID 'aws_default' for task execution.
[2026-05-06T17:16:59.526+0000] {connection_wrapper.py:384} INFO - AWS Connection (conn_id='aws_default', conn_type='aws') credentials retrieved from login and password.
[2026-05-06T17:17:02.727+0000] {glue.py:194} INFO - You can monitor this Glue Job run at: https://console.aws.amazon.com/gluestudio/home?region=us-east-1#/job/BigQ_to_S3_2/run/jr_bfd9961d8a6daa4502adfcd39da0844e2c5f0b7b309041fa8d4fa5655ded616e
[2026-05-06T17:17:03.235+0000] {glue.py:347} INFO - Polling for AWS Glue Job BigQ_to_S3_2 current run state with status RUNNING
[2026-05-06T17:17:09.706+0000] {glue.py:347} INFO - Polling for AWS Glue Job BigQ_to_S3_2 current run state with status RUNNING
[2026-05-06T17:17:16.151+0000] {glue.py:347} INFO - Polling for AWS Glue Job BigQ_to_S3_2 current run state with status RUNNING
[2026-05-06T17:17:22.572+0000] {glue.py:347} INFO - Polling for AWS Glue Job BigQ_to_S3_2 current run state with status RUNNING
[2026-05-06T17:17:29.048+0000] {glue.py:347} INFO - Polling for AWS Glue Job BigQ_to_S3_2 current run state with status RUNNING
[2026-05-06T17:17:35.499+0000] {glue.py:347} INFO - Polling for AWS Glue Job BigQ_to_S3_2 current run state with status RUNNING
[2026-05-06T17:17:41.934+0000] {glue.py:347} INFO - Polling for AWS Glue Job BigQ_to_S3_2 current run state with status RUNNING
[2026-05-06T17:17:48.405+0000] {glue.py:347} INFO - Polling for AWS Glue Job BigQ_to_S3_2 current run state with status RUNNING
[2026-05-06T17:17:54.839+0000] {glue.py:347} INFO - Polling for AWS Glue Job BigQ_to_S3_2 current run state with status RUNNING
[2026-05-06T17:18:01.303+0000] {glue.py:347} INFO - Polling for AWS Glue Job BigQ_to_S3_2 current run state with status RUNNING
[2026-05-06T17:18:07.694+0000] {glue.py:347} INFO - Polling for AWS Glue Job BigQ_to_S3_2 current run state with status RUNNING
[2026-05-06T17:18:14.135+0000] {glue.py:347} INFO - Polling for AWS Glue Job BigQ_to_S3_2 current run state with status RUNNING
[2026-05-06T17:18:20.570+0000] {glue.py:347} INFO - Polling for AWS Glue Job BigQ_to_S3_2 current run state with status RUNNING
[2026-05-06T17:18:27.022+0000] {glue.py:347} INFO - Polling for AWS Glue Job BigQ_to_S3_2 current run state with status RUNNING
[2026-05-06T17:18:33.432+0000] {glue.py:347} INFO - Polling for AWS Glue Job BigQ_to_S3_2 current run state with status RUNNING
[2026-05-06T17:18:39.816+0000] {glue.py:347} INFO - Polling for AWS Glue Job BigQ_to_S3_2 current run state with status RUNNING
[2026-05-06T17:18:46.360+0000] {glue.py:347} INFO - Polling for AWS Glue Job BigQ_to_S3_2 current run state with status RUNNING
[2026-05-06T17:18:52.814+0000] {glue.py:347} INFO - Polling for AWS Glue Job BigQ_to_S3_2 current run state with status RUNNING
[2026-05-06T17:18:59.229+0000] {glue.py:347} INFO - Polling for AWS Glue Job BigQ_to_S3_2 current run state with status RUNNING
[2026-05-06T17:19:05.647+0000] {glue.py:347} INFO - Polling for AWS Glue Job BigQ_to_S3_2 current run state with status RUNNING
[2026-05-06T17:19:12.071+0000] {glue.py:340} INFO - Exiting Job jr_bfd9961d8a6daa4502adfcd39da0844e2c5f0b7b309041fa8d4fa5655ded616e Run State: SUCCEEDED
[2026-05-06T17:19:12.075+0000] {glue.py:209} INFO - AWS Glue Job: BigQ_to_S3_2 status: SUCCEEDED. Run Id: jr_bfd9961d8a6daa4502adfcd39da0844e2c5f0b7b309041fa8d4fa5655ded616e
[2026-05-06T17:19:12.080+0000] {taskinstance.py:441} INFO - ::group::Post task execution logs
[2026-05-06T17:19:12.728+0000] {taskinstance.py:1206} INFO - Marking task as SUCCESS. dag_id=stackoverflow_automated_mcp_pipeline, task_id=trigger_glue_migration, run_id=manual__2026-05-06T17:16:51.783697+00:00, execution_date=20260506T171651, start_date=20260506T171657, end_date=20260506T171912
[2026-05-06T17:19:12.967+0000] {local_task_job_runner.py:240} INFO - Task exited with return code 0
[2026-05-06T17:19:13.197+0000] {local_task_job_runner.py:222} INFO - ::endgroup::
