[2026-05-15T19:04:52.283+0000] {local_task_job_runner.py:120} INFO - ::group::Pre task execution logs
[2026-05-15T19:04:52.397+0000] {taskinstance.py:2076} INFO - Dependencies all met for dep_context=non-requeueable deps ti=<TaskInstance: stackoverflow_medallion_pipeline_v2.trigger_glue_migration manual__2026-05-15T19:04:47.583620+00:00 [queued]>
[2026-05-15T19:04:52.422+0000] {taskinstance.py:2076} INFO - Dependencies all met for dep_context=requeueable deps ti=<TaskInstance: stackoverflow_medallion_pipeline_v2.trigger_glue_migration manual__2026-05-15T19:04:47.583620+00:00 [queued]>
[2026-05-15T19:04:52.425+0000] {taskinstance.py:2306} INFO - Starting attempt 1 of 4
[2026-05-15T19:04:52.475+0000] {taskinstance.py:2330} INFO - Executing <Task(GlueJobOperator): trigger_glue_migration> on 2026-05-15 19:04:47.583620+00:00
[2026-05-15T19:04:52.501+0000] {standard_task_runner.py:90} INFO - Running: ['***', 'tasks', 'run', 'stackoverflow_medallion_pipeline_v2', 'trigger_glue_migration', 'manual__2026-05-15T19:04:47.583620+00:00', '--job-id', '95', '--raw', '--subdir', 'DAGS_FOLDER/stackoverflow_migration_dag.py', '--cfg-path', '/tmp/tmpj1aaa8hu']
[2026-05-15T19:04:52.513+0000] {standard_task_runner.py:91} INFO - Job 95: Subtask trigger_glue_migration
[2026-05-15T19:04:52.516+0000] {logging_mixin.py:188} WARNING - /home/***/.local/lib/python3.12/site-packages/***/task/task_runner/standard_task_runner.py:61 DeprecationWarning: This process (pid=179) is multi-threaded, use of fork() may lead to deadlocks in the child.
[2026-05-15T19:04:52.519+0000] {standard_task_runner.py:63} INFO - Started process 180 to run task
[2026-05-15T19:04:52.922+0000] {task_command.py:426} INFO - Running <TaskInstance: stackoverflow_medallion_pipeline_v2.trigger_glue_migration manual__2026-05-15T19:04:47.583620+00:00 [running]> on host e16080ea285a
[2026-05-15T19:04:53.598+0000] {taskinstance.py:2648} INFO - Exporting env vars: AIRFLOW_CTX_DAG_OWNER='Aniket Shinde' AIRFLOW_CTX_DAG_ID='stackoverflow_medallion_pipeline_v2' AIRFLOW_CTX_TASK_ID='trigger_glue_migration' AIRFLOW_CTX_EXECUTION_DATE='2026-05-15T19:04:47.583620+00:00' AIRFLOW_CTX_TRY_NUMBER='1' AIRFLOW_CTX_DAG_RUN_ID='manual__2026-05-15T19:04:47.583620+00:00'
[2026-05-15T19:04:53.602+0000] {taskinstance.py:430} INFO - ::endgroup::
[2026-05-15T19:04:53.689+0000] {glue.py:173} INFO - Initializing AWS Glue Job: BigQ_to_S3_2. Wait for completion: True
[2026-05-15T19:04:53.691+0000] {glue.py:364} INFO - Checking if job already exists: BigQ_to_S3_2
[2026-05-15T19:04:53.790+0000] {base.py:84} INFO - Using connection ID 'aws_default' for task execution.
[2026-05-15T19:04:53.792+0000] {connection_wrapper.py:384} INFO - AWS Connection (conn_id='aws_default', conn_type='aws') credentials retrieved from login and password.
[2026-05-15T19:04:56.656+0000] {glue.py:194} INFO - You can monitor this Glue Job run at: https://console.aws.amazon.com/gluestudio/home?region=us-east-1#/job/BigQ_to_S3_2/run/jr_b41e3830897cfefb78953c55e532cf4d76b8bb0fbde13a5cb6399960b9216cee
[2026-05-15T19:04:56.974+0000] {glue.py:347} INFO - Polling for AWS Glue Job BigQ_to_S3_2 current run state with status RUNNING
[2026-05-15T19:05:03.317+0000] {glue.py:347} INFO - Polling for AWS Glue Job BigQ_to_S3_2 current run state with status RUNNING
[2026-05-15T19:05:09.684+0000] {glue.py:347} INFO - Polling for AWS Glue Job BigQ_to_S3_2 current run state with status RUNNING
[2026-05-15T19:05:16.032+0000] {glue.py:347} INFO - Polling for AWS Glue Job BigQ_to_S3_2 current run state with status RUNNING
[2026-05-15T19:05:22.383+0000] {glue.py:347} INFO - Polling for AWS Glue Job BigQ_to_S3_2 current run state with status RUNNING
[2026-05-15T19:05:28.730+0000] {glue.py:347} INFO - Polling for AWS Glue Job BigQ_to_S3_2 current run state with status RUNNING
[2026-05-15T19:05:35.079+0000] {glue.py:347} INFO - Polling for AWS Glue Job BigQ_to_S3_2 current run state with status RUNNING
[2026-05-15T19:05:41.632+0000] {glue.py:347} INFO - Polling for AWS Glue Job BigQ_to_S3_2 current run state with status RUNNING
[2026-05-15T19:05:47.982+0000] {glue.py:347} INFO - Polling for AWS Glue Job BigQ_to_S3_2 current run state with status RUNNING
[2026-05-15T19:05:54.341+0000] {glue.py:347} INFO - Polling for AWS Glue Job BigQ_to_S3_2 current run state with status RUNNING
[2026-05-15T19:06:00.687+0000] {glue.py:347} INFO - Polling for AWS Glue Job BigQ_to_S3_2 current run state with status RUNNING
[2026-05-15T19:06:07.033+0000] {glue.py:347} INFO - Polling for AWS Glue Job BigQ_to_S3_2 current run state with status RUNNING
[2026-05-15T19:06:13.389+0000] {glue.py:347} INFO - Polling for AWS Glue Job BigQ_to_S3_2 current run state with status RUNNING
[2026-05-15T19:06:19.742+0000] {glue.py:347} INFO - Polling for AWS Glue Job BigQ_to_S3_2 current run state with status RUNNING
[2026-05-15T19:06:26.095+0000] {glue.py:347} INFO - Polling for AWS Glue Job BigQ_to_S3_2 current run state with status RUNNING
[2026-05-15T19:06:32.438+0000] {glue.py:347} INFO - Polling for AWS Glue Job BigQ_to_S3_2 current run state with status RUNNING
[2026-05-15T19:06:38.777+0000] {glue.py:347} INFO - Polling for AWS Glue Job BigQ_to_S3_2 current run state with status RUNNING
[2026-05-15T19:06:45.120+0000] {glue.py:347} INFO - Polling for AWS Glue Job BigQ_to_S3_2 current run state with status RUNNING
[2026-05-15T19:06:51.459+0000] {glue.py:347} INFO - Polling for AWS Glue Job BigQ_to_S3_2 current run state with status RUNNING
[2026-05-15T19:06:57.817+0000] {glue.py:347} INFO - Polling for AWS Glue Job BigQ_to_S3_2 current run state with status RUNNING
[2026-05-15T19:07:04.124+0000] {glue.py:340} INFO - Exiting Job jr_b41e3830897cfefb78953c55e532cf4d76b8bb0fbde13a5cb6399960b9216cee Run State: SUCCEEDED
[2026-05-15T19:07:04.126+0000] {glue.py:209} INFO - AWS Glue Job: BigQ_to_S3_2 status: SUCCEEDED. Run Id: jr_b41e3830897cfefb78953c55e532cf4d76b8bb0fbde13a5cb6399960b9216cee
[2026-05-15T19:07:04.127+0000] {taskinstance.py:441} INFO - ::group::Post task execution logs
[2026-05-15T19:07:04.362+0000] {taskinstance.py:1206} INFO - Marking task as SUCCESS. dag_id=stackoverflow_medallion_pipeline_v2, task_id=trigger_glue_migration, run_id=manual__2026-05-15T19:04:47.583620+00:00, execution_date=20260515T190447, start_date=20260515T190452, end_date=20260515T190704
[2026-05-15T19:07:04.479+0000] {local_task_job_runner.py:240} INFO - Task exited with return code 0
[2026-05-15T19:07:04.574+0000] {taskinstance.py:3498} INFO - 1 downstream tasks scheduled from follow-on schedule check
[2026-05-15T19:07:04.581+0000] {local_task_job_runner.py:222} INFO - ::endgroup::
