[2026-05-11T13:38:07.453+0000] {local_task_job_runner.py:120} INFO - ::group::Pre task execution logs
[2026-05-11T13:38:07.585+0000] {taskinstance.py:2076} INFO - Dependencies all met for dep_context=non-requeueable deps ti=<TaskInstance: stackoverflow_medallion_pipeline.trigger_glue_migration manual__2026-05-11T13:38:05.033342+00:00 [queued]>
[2026-05-11T13:38:07.618+0000] {taskinstance.py:2076} INFO - Dependencies all met for dep_context=requeueable deps ti=<TaskInstance: stackoverflow_medallion_pipeline.trigger_glue_migration manual__2026-05-11T13:38:05.033342+00:00 [queued]>
[2026-05-11T13:38:07.621+0000] {taskinstance.py:2306} INFO - Starting attempt 1 of 1
[2026-05-11T13:38:07.665+0000] {taskinstance.py:2330} INFO - Executing <Task(GlueJobOperator): trigger_glue_migration> on 2026-05-11 13:38:05.033342+00:00
[2026-05-11T13:38:07.690+0000] {standard_task_runner.py:90} INFO - Running: ['***', 'tasks', 'run', 'stackoverflow_medallion_pipeline', 'trigger_glue_migration', 'manual__2026-05-11T13:38:05.033342+00:00', '--job-id', '73', '--raw', '--subdir', 'DAGS_FOLDER/stackoverflow_migration_dag.py', '--cfg-path', '/tmp/tmp9aqlfbg7']
[2026-05-11T13:38:07.701+0000] {standard_task_runner.py:91} INFO - Job 73: Subtask trigger_glue_migration
[2026-05-11T13:38:07.704+0000] {logging_mixin.py:188} WARNING - /home/***/.local/lib/python3.12/site-packages/***/task/task_runner/standard_task_runner.py:61 DeprecationWarning: This process (pid=367) is multi-threaded, use of fork() may lead to deadlocks in the child.
[2026-05-11T13:38:07.707+0000] {standard_task_runner.py:63} INFO - Started process 368 to run task
[2026-05-11T13:38:08.075+0000] {task_command.py:426} INFO - Running <TaskInstance: stackoverflow_medallion_pipeline.trigger_glue_migration manual__2026-05-11T13:38:05.033342+00:00 [running]> on host 2984cee08122
[2026-05-11T13:38:08.595+0000] {taskinstance.py:2648} INFO - Exporting env vars: AIRFLOW_CTX_DAG_OWNER='Aniket Shinde' AIRFLOW_CTX_DAG_ID='stackoverflow_medallion_pipeline' AIRFLOW_CTX_TASK_ID='trigger_glue_migration' AIRFLOW_CTX_EXECUTION_DATE='2026-05-11T13:38:05.033342+00:00' AIRFLOW_CTX_TRY_NUMBER='1' AIRFLOW_CTX_DAG_RUN_ID='manual__2026-05-11T13:38:05.033342+00:00'
[2026-05-11T13:38:08.597+0000] {taskinstance.py:430} INFO - ::endgroup::
[2026-05-11T13:38:08.627+0000] {glue.py:173} INFO - Initializing AWS Glue Job: BigQ_to_S3_2. Wait for completion: True
[2026-05-11T13:38:08.629+0000] {glue.py:364} INFO - Checking if job already exists: BigQ_to_S3_2
[2026-05-11T13:38:08.698+0000] {base.py:84} INFO - Using connection ID 'aws_default' for task execution.
[2026-05-11T13:38:08.700+0000] {connection_wrapper.py:384} INFO - AWS Connection (conn_id='aws_default', conn_type='aws') credentials retrieved from login and password.
[2026-05-11T13:38:11.691+0000] {glue.py:194} INFO - You can monitor this Glue Job run at: https://console.aws.amazon.com/gluestudio/home?region=us-east-1#/job/BigQ_to_S3_2/run/jr_24789c9e41b5fba38d5d402ead877c6c6f9fd7692f163d670b121aa2ceeff733
[2026-05-11T13:38:12.031+0000] {glue.py:347} INFO - Polling for AWS Glue Job BigQ_to_S3_2 current run state with status RUNNING
[2026-05-11T13:38:18.391+0000] {glue.py:347} INFO - Polling for AWS Glue Job BigQ_to_S3_2 current run state with status RUNNING
[2026-05-11T13:38:24.765+0000] {glue.py:347} INFO - Polling for AWS Glue Job BigQ_to_S3_2 current run state with status RUNNING
[2026-05-11T13:38:31.138+0000] {glue.py:347} INFO - Polling for AWS Glue Job BigQ_to_S3_2 current run state with status RUNNING
[2026-05-11T13:38:37.511+0000] {glue.py:347} INFO - Polling for AWS Glue Job BigQ_to_S3_2 current run state with status RUNNING
[2026-05-11T13:38:43.853+0000] {glue.py:347} INFO - Polling for AWS Glue Job BigQ_to_S3_2 current run state with status RUNNING
[2026-05-11T13:38:50.219+0000] {glue.py:347} INFO - Polling for AWS Glue Job BigQ_to_S3_2 current run state with status RUNNING
[2026-05-11T13:38:56.578+0000] {glue.py:347} INFO - Polling for AWS Glue Job BigQ_to_S3_2 current run state with status RUNNING
[2026-05-11T13:39:02.950+0000] {glue.py:347} INFO - Polling for AWS Glue Job BigQ_to_S3_2 current run state with status RUNNING
[2026-05-11T13:39:09.329+0000] {glue.py:347} INFO - Polling for AWS Glue Job BigQ_to_S3_2 current run state with status RUNNING
[2026-05-11T13:39:15.684+0000] {glue.py:347} INFO - Polling for AWS Glue Job BigQ_to_S3_2 current run state with status RUNNING
[2026-05-11T13:39:22.049+0000] {glue.py:347} INFO - Polling for AWS Glue Job BigQ_to_S3_2 current run state with status RUNNING
[2026-05-11T13:39:28.409+0000] {glue.py:347} INFO - Polling for AWS Glue Job BigQ_to_S3_2 current run state with status RUNNING
[2026-05-11T13:39:34.778+0000] {glue.py:347} INFO - Polling for AWS Glue Job BigQ_to_S3_2 current run state with status RUNNING
[2026-05-11T13:39:41.137+0000] {glue.py:347} INFO - Polling for AWS Glue Job BigQ_to_S3_2 current run state with status RUNNING
[2026-05-11T13:39:47.511+0000] {glue.py:347} INFO - Polling for AWS Glue Job BigQ_to_S3_2 current run state with status RUNNING
[2026-05-11T13:39:53.876+0000] {glue.py:347} INFO - Polling for AWS Glue Job BigQ_to_S3_2 current run state with status RUNNING
[2026-05-11T13:40:00.239+0000] {glue.py:347} INFO - Polling for AWS Glue Job BigQ_to_S3_2 current run state with status RUNNING
[2026-05-11T13:40:06.606+0000] {glue.py:347} INFO - Polling for AWS Glue Job BigQ_to_S3_2 current run state with status RUNNING
[2026-05-11T13:40:12.952+0000] {glue.py:340} INFO - Exiting Job jr_24789c9e41b5fba38d5d402ead877c6c6f9fd7692f163d670b121aa2ceeff733 Run State: SUCCEEDED
[2026-05-11T13:40:12.953+0000] {glue.py:209} INFO - AWS Glue Job: BigQ_to_S3_2 status: SUCCEEDED. Run Id: jr_24789c9e41b5fba38d5d402ead877c6c6f9fd7692f163d670b121aa2ceeff733
[2026-05-11T13:40:12.955+0000] {taskinstance.py:441} INFO - ::group::Post task execution logs
[2026-05-11T13:40:13.180+0000] {taskinstance.py:1206} INFO - Marking task as SUCCESS. dag_id=stackoverflow_medallion_pipeline, task_id=trigger_glue_migration, run_id=manual__2026-05-11T13:38:05.033342+00:00, execution_date=20260511T133805, start_date=20260511T133807, end_date=20260511T134013
[2026-05-11T13:40:13.263+0000] {local_task_job_runner.py:240} INFO - Task exited with return code 0
[2026-05-11T13:40:13.398+0000] {taskinstance.py:3498} INFO - 1 downstream tasks scheduled from follow-on schedule check
[2026-05-11T13:40:13.404+0000] {local_task_job_runner.py:222} INFO - ::endgroup::
