[2026-05-19T10:20:01.525+0000] {local_task_job_runner.py:120} INFO - ::group::Pre task execution logs
[2026-05-19T10:20:01.592+0000] {taskinstance.py:2076} INFO - Dependencies all met for dep_context=non-requeueable deps ti=<TaskInstance: stackoverflow_medallion_pipeline_v2.run_dbt_marts manual__2026-05-19T10:17:03.020824+00:00 [queued]>
[2026-05-19T10:20:01.608+0000] {taskinstance.py:2076} INFO - Dependencies all met for dep_context=requeueable deps ti=<TaskInstance: stackoverflow_medallion_pipeline_v2.run_dbt_marts manual__2026-05-19T10:17:03.020824+00:00 [queued]>
[2026-05-19T10:20:01.609+0000] {taskinstance.py:2306} INFO - Starting attempt 1 of 5
[2026-05-19T10:20:01.633+0000] {taskinstance.py:2330} INFO - Executing <Task(BashOperator): run_dbt_marts> on 2026-05-19 10:17:03.020824+00:00
[2026-05-19T10:20:01.650+0000] {standard_task_runner.py:90} INFO - Running: ['***', 'tasks', 'run', 'stackoverflow_medallion_pipeline_v2', 'run_dbt_marts', 'manual__2026-05-19T10:17:03.020824+00:00', '--job-id', '180', '--raw', '--subdir', 'DAGS_FOLDER/stackoverflow_migration_dag.py', '--cfg-path', '/tmp/tmp_8dsxnzh']
[2026-05-19T10:20:01.654+0000] {standard_task_runner.py:91} INFO - Job 180: Subtask run_dbt_marts
[2026-05-19T10:20:01.655+0000] {logging_mixin.py:188} WARNING - /home/***/.local/lib/python3.12/site-packages/***/task/task_runner/standard_task_runner.py:61 DeprecationWarning: This process (pid=317) is multi-threaded, use of fork() may lead to deadlocks in the child.
[2026-05-19T10:20:01.656+0000] {standard_task_runner.py:63} INFO - Started process 318 to run task
[2026-05-19T10:20:01.852+0000] {task_command.py:426} INFO - Running <TaskInstance: stackoverflow_medallion_pipeline_v2.run_dbt_marts manual__2026-05-19T10:17:03.020824+00:00 [running]> on host cba14ea35e20
[2026-05-19T10:20:02.194+0000] {taskinstance.py:2648} INFO - Exporting env vars: AIRFLOW_CTX_DAG_OWNER='Aniket Shinde' AIRFLOW_CTX_DAG_ID='stackoverflow_medallion_pipeline_v2' AIRFLOW_CTX_TASK_ID='run_dbt_marts' AIRFLOW_CTX_EXECUTION_DATE='2026-05-19T10:17:03.020824+00:00' AIRFLOW_CTX_TRY_NUMBER='1' AIRFLOW_CTX_DAG_RUN_ID='manual__2026-05-19T10:17:03.020824+00:00'
[2026-05-19T10:20:02.196+0000] {taskinstance.py:430} INFO - ::endgroup::
[2026-05-19T10:20:02.221+0000] {subprocess.py:63} INFO - Tmp dir root location: /tmp
[2026-05-19T10:20:02.223+0000] {subprocess.py:75} INFO - Running command: ['/usr/bin/bash', '-c', 'cd /opt/***/stackoverflow_analytics && dbt run --select marts']
[2026-05-19T10:20:02.238+0000] {subprocess.py:86} INFO - Output:
[2026-05-19T10:20:06.171+0000] {subprocess.py:93} INFO - [0m10:20:06  Running with dbt=1.8.3
[2026-05-19T10:20:06.634+0000] {subprocess.py:93} INFO - [0m10:20:06  Registered adapter: clickhouse=1.8.3
[2026-05-19T10:20:07.867+0000] {subprocess.py:93} INFO - [0m10:20:07  Found 2 models, 2 data tests, 1 source, 463 macros
[2026-05-19T10:20:07.872+0000] {subprocess.py:93} INFO - [0m10:20:07
[2026-05-19T10:20:11.596+0000] {subprocess.py:93} INFO - [0m10:20:11  Concurrency: 1 threads (target='dev')
[2026-05-19T10:20:11.598+0000] {subprocess.py:93} INFO - [0m10:20:11
[2026-05-19T10:20:11.615+0000] {subprocess.py:93} INFO - [0m10:20:11  1 of 1 START sql table model `big_query`.`fct_tag_analysis` .................... [RUN]
[2026-05-19T10:20:17.985+0000] {subprocess.py:93} INFO - [0m10:20:17  1 of 1 OK created sql table model `big_query`.`fct_tag_analysis` ............... [[32mOK[0m in 6.37s]
[2026-05-19T10:20:17.997+0000] {subprocess.py:93} INFO - [0m10:20:17
[2026-05-19T10:20:17.998+0000] {subprocess.py:93} INFO - [0m10:20:17  Finished running 1 table model in 0 hours 0 minutes and 10.12 seconds (10.12s).
[2026-05-19T10:20:18.083+0000] {subprocess.py:93} INFO - [0m10:20:18
[2026-05-19T10:20:18.085+0000] {subprocess.py:93} INFO - [0m10:20:18  [32mCompleted successfully[0m
[2026-05-19T10:20:18.087+0000] {subprocess.py:93} INFO - [0m10:20:18
[2026-05-19T10:20:18.088+0000] {subprocess.py:93} INFO - [0m10:20:18  Done. PASS=1 WARN=0 ERROR=0 SKIP=0 TOTAL=1
[2026-05-19T10:20:19.693+0000] {subprocess.py:97} INFO - Command exited with return code 0
[2026-05-19T10:20:19.695+0000] {taskinstance.py:441} INFO - ::group::Post task execution logs
[2026-05-19T10:20:19.822+0000] {taskinstance.py:1206} INFO - Marking task as SUCCESS. dag_id=stackoverflow_medallion_pipeline_v2, task_id=run_dbt_marts, run_id=manual__2026-05-19T10:17:03.020824+00:00, execution_date=20260519T101703, start_date=20260519T102001, end_date=20260519T102019
[2026-05-19T10:20:19.882+0000] {local_task_job_runner.py:240} INFO - Task exited with return code 0
[2026-05-19T10:20:19.949+0000] {taskinstance.py:3498} INFO - 0 downstream tasks scheduled from follow-on schedule check
[2026-05-19T10:20:19.954+0000] {local_task_job_runner.py:222} INFO - ::endgroup::
