[2026-05-06T10:37:11.902+0000] {local_task_job_runner.py:120} INFO - ::group::Pre task execution logs
[2026-05-06T10:37:11.997+0000] {taskinstance.py:2076} INFO - Dependencies all met for dep_context=non-requeueable deps ti=<TaskInstance: stackoverflow_medallion_pipeline.run_dbt_marts manual__2026-05-06T10:32:44.659868+00:00 [queued]>
[2026-05-06T10:37:12.017+0000] {taskinstance.py:2076} INFO - Dependencies all met for dep_context=requeueable deps ti=<TaskInstance: stackoverflow_medallion_pipeline.run_dbt_marts manual__2026-05-06T10:32:44.659868+00:00 [queued]>
[2026-05-06T10:37:12.018+0000] {taskinstance.py:2306} INFO - Starting attempt 1 of 1
[2026-05-06T10:37:12.057+0000] {taskinstance.py:2330} INFO - Executing <Task(BashOperator): run_dbt_marts> on 2026-05-06 10:32:44.659868+00:00
[2026-05-06T10:37:12.071+0000] {standard_task_runner.py:90} INFO - Running: ['***', 'tasks', 'run', 'stackoverflow_medallion_pipeline', 'run_dbt_marts', 'manual__2026-05-06T10:32:44.659868+00:00', '--job-id', '18', '--raw', '--subdir', 'DAGS_FOLDER/stackoverflow_migration_dag.py', '--cfg-path', '/tmp/tmpm077r3kh']
[2026-05-06T10:37:12.077+0000] {standard_task_runner.py:91} INFO - Job 18: Subtask run_dbt_marts
[2026-05-06T10:37:12.080+0000] {logging_mixin.py:188} WARNING - /home/***/.local/lib/python3.12/site-packages/***/task/task_runner/standard_task_runner.py:61 DeprecationWarning: This process (pid=300) is multi-threaded, use of fork() may lead to deadlocks in the child.
[2026-05-06T10:37:12.082+0000] {standard_task_runner.py:63} INFO - Started process 301 to run task
[2026-05-06T10:37:12.307+0000] {task_command.py:426} INFO - Running <TaskInstance: stackoverflow_medallion_pipeline.run_dbt_marts manual__2026-05-06T10:32:44.659868+00:00 [running]> on host a738a615ccf8
[2026-05-06T10:37:12.706+0000] {taskinstance.py:2648} INFO - Exporting env vars: AIRFLOW_CTX_DAG_OWNER='Aniket Shinde' AIRFLOW_CTX_DAG_ID='stackoverflow_medallion_pipeline' AIRFLOW_CTX_TASK_ID='run_dbt_marts' AIRFLOW_CTX_EXECUTION_DATE='2026-05-06T10:32:44.659868+00:00' AIRFLOW_CTX_TRY_NUMBER='1' AIRFLOW_CTX_DAG_RUN_ID='manual__2026-05-06T10:32:44.659868+00:00'
[2026-05-06T10:37:12.707+0000] {taskinstance.py:430} INFO - ::endgroup::
[2026-05-06T10:37:12.729+0000] {subprocess.py:63} INFO - Tmp dir root location: /tmp
[2026-05-06T10:37:12.731+0000] {subprocess.py:75} INFO - Running command: ['/usr/bin/bash', '-c', 'cd /opt/***/stackoverflow_analytics && dbt run --select marts']
[2026-05-06T10:37:12.749+0000] {subprocess.py:86} INFO - Output:
[2026-05-06T10:37:16.903+0000] {subprocess.py:93} INFO - [0m10:37:16  Running with dbt=1.8.3
[2026-05-06T10:37:17.325+0000] {subprocess.py:93} INFO - [0m10:37:17  Registered adapter: clickhouse=1.8.3
[2026-05-06T10:37:18.417+0000] {subprocess.py:93} INFO - [0m10:37:18  Found 2 models, 2 data tests, 1 source, 463 macros
[2026-05-06T10:37:18.426+0000] {subprocess.py:93} INFO - [0m10:37:18
[2026-05-06T10:37:22.239+0000] {subprocess.py:93} INFO - [0m10:37:22  Concurrency: 1 threads (target='dev')
[2026-05-06T10:37:22.241+0000] {subprocess.py:93} INFO - [0m10:37:22
[2026-05-06T10:37:22.259+0000] {subprocess.py:93} INFO - [0m10:37:22  1 of 1 START sql table model `big_query`.`fct_tag_analysis` .................... [RUN]
[2026-05-06T10:37:35.725+0000] {subprocess.py:93} INFO - [0m10:37:35  1 of 1 OK created sql table model `big_query`.`fct_tag_analysis` ............... [[32mOK[0m in 13.46s]
[2026-05-06T10:37:35.742+0000] {subprocess.py:93} INFO - [0m10:37:35
[2026-05-06T10:37:35.745+0000] {subprocess.py:93} INFO - [0m10:37:35  Finished running 1 table model in 0 hours 0 minutes and 17.31 seconds (17.31s).
[2026-05-06T10:37:35.859+0000] {subprocess.py:93} INFO - [0m10:37:35
[2026-05-06T10:37:35.862+0000] {subprocess.py:93} INFO - [0m10:37:35  [32mCompleted successfully[0m
[2026-05-06T10:37:35.864+0000] {subprocess.py:93} INFO - [0m10:37:35
[2026-05-06T10:37:35.867+0000] {subprocess.py:93} INFO - [0m10:37:35  Done. PASS=1 WARN=0 ERROR=0 SKIP=0 TOTAL=1
[2026-05-06T10:37:37.611+0000] {subprocess.py:97} INFO - Command exited with return code 0
[2026-05-06T10:37:37.612+0000] {taskinstance.py:441} INFO - ::group::Post task execution logs
[2026-05-06T10:37:37.773+0000] {taskinstance.py:1206} INFO - Marking task as SUCCESS. dag_id=stackoverflow_medallion_pipeline, task_id=run_dbt_marts, run_id=manual__2026-05-06T10:32:44.659868+00:00, execution_date=20260506T103244, start_date=20260506T103711, end_date=20260506T103737
[2026-05-06T10:37:37.872+0000] {local_task_job_runner.py:240} INFO - Task exited with return code 0
[2026-05-06T10:37:37.933+0000] {local_task_job_runner.py:222} INFO - ::endgroup::
