[2026-05-06T14:26:11.029+0000] {local_task_job_runner.py:120} INFO - ::group::Pre task execution logs
[2026-05-06T14:26:11.095+0000] {taskinstance.py:2076} INFO - Dependencies all met for dep_context=non-requeueable deps ti=<TaskInstance: stackoverflow_automated_mcp_pipeline.run_dbt_staging manual__2026-05-06T14:17:15.170042+00:00 [queued]>
[2026-05-06T14:26:11.108+0000] {taskinstance.py:2076} INFO - Dependencies all met for dep_context=requeueable deps ti=<TaskInstance: stackoverflow_automated_mcp_pipeline.run_dbt_staging manual__2026-05-06T14:17:15.170042+00:00 [queued]>
[2026-05-06T14:26:11.110+0000] {taskinstance.py:2306} INFO - Starting attempt 1 of 2
[2026-05-06T14:26:11.126+0000] {taskinstance.py:2330} INFO - Executing <Task(BashOperator): run_dbt_staging> on 2026-05-06 14:17:15.170042+00:00
[2026-05-06T14:26:11.140+0000] {logging_mixin.py:188} WARNING - /home/***/.local/lib/python3.12/site-packages/***/task/task_runner/standard_task_runner.py:61 DeprecationWarning: This process (pid=275) is multi-threaded, use of fork() may lead to deadlocks in the child.
[2026-05-06T14:26:11.136+0000] {standard_task_runner.py:90} INFO - Running: ['***', 'tasks', 'run', 'stackoverflow_automated_mcp_pipeline', 'run_dbt_staging', 'manual__2026-05-06T14:17:15.170042+00:00', '--job-id', '45', '--raw', '--subdir', 'DAGS_FOLDER/stackoverflow_migration_dag.py', '--cfg-path', '/tmp/tmp8zssk3hu']
[2026-05-06T14:26:11.142+0000] {standard_task_runner.py:63} INFO - Started process 276 to run task
[2026-05-06T14:26:11.142+0000] {standard_task_runner.py:91} INFO - Job 45: Subtask run_dbt_staging
[2026-05-06T14:26:11.318+0000] {task_command.py:426} INFO - Running <TaskInstance: stackoverflow_automated_mcp_pipeline.run_dbt_staging manual__2026-05-06T14:17:15.170042+00:00 [running]> on host be10bde04c2c
[2026-05-06T14:26:11.615+0000] {taskinstance.py:2648} INFO - Exporting env vars: AIRFLOW_CTX_DAG_OWNER='Aniket Shinde' AIRFLOW_CTX_DAG_ID='stackoverflow_automated_mcp_pipeline' AIRFLOW_CTX_TASK_ID='run_dbt_staging' AIRFLOW_CTX_EXECUTION_DATE='2026-05-06T14:17:15.170042+00:00' AIRFLOW_CTX_TRY_NUMBER='1' AIRFLOW_CTX_DAG_RUN_ID='manual__2026-05-06T14:17:15.170042+00:00'
[2026-05-06T14:26:11.616+0000] {taskinstance.py:430} INFO - ::endgroup::
[2026-05-06T14:26:11.633+0000] {subprocess.py:63} INFO - Tmp dir root location: /tmp
[2026-05-06T14:26:11.635+0000] {subprocess.py:75} INFO - Running command: ['/usr/bin/bash', '-c', 'cd /opt/***/stackoverflow_analytics && dbt run --select staging']
[2026-05-06T14:26:11.647+0000] {subprocess.py:86} INFO - Output:
[2026-05-06T14:26:14.307+0000] {subprocess.py:93} INFO - [0m14:26:14  Running with dbt=1.8.3
[2026-05-06T14:26:14.591+0000] {subprocess.py:93} INFO - [0m14:26:14  Registered adapter: clickhouse=1.8.3
[2026-05-06T14:26:15.334+0000] {subprocess.py:93} INFO - [0m14:26:15  Found 2 models, 2 data tests, 1 source, 463 macros
[2026-05-06T14:26:15.338+0000] {subprocess.py:93} INFO - [0m14:26:15
[2026-05-06T14:26:19.384+0000] {subprocess.py:93} INFO - [0m14:26:19  Concurrency: 1 threads (target='dev')
[2026-05-06T14:26:19.387+0000] {subprocess.py:93} INFO - [0m14:26:19
[2026-05-06T14:26:19.401+0000] {subprocess.py:93} INFO - [0m14:26:19  1 of 1 START sql incremental model `big_query`.`stg_posts` ..................... [RUN]
[2026-05-06T14:26:46.375+0000] {subprocess.py:93} INFO - [0m14:26:46  1 of 1 OK created sql incremental model `big_query`.`stg_posts` ................ [[32mOK[0m in 26.97s]
[2026-05-06T14:26:46.388+0000] {subprocess.py:93} INFO - [0m14:26:46
[2026-05-06T14:26:46.390+0000] {subprocess.py:93} INFO - [0m14:26:46  Finished running 1 incremental model in 0 hours 0 minutes and 31.05 seconds (31.05s).
[2026-05-06T14:26:46.469+0000] {subprocess.py:93} INFO - [0m14:26:46
[2026-05-06T14:26:46.471+0000] {subprocess.py:93} INFO - [0m14:26:46  [32mCompleted successfully[0m
[2026-05-06T14:26:46.472+0000] {subprocess.py:93} INFO - [0m14:26:46
[2026-05-06T14:26:46.474+0000] {subprocess.py:93} INFO - [0m14:26:46  Done. PASS=1 WARN=0 ERROR=0 SKIP=0 TOTAL=1
[2026-05-06T14:26:48.474+0000] {subprocess.py:97} INFO - Command exited with return code 0
[2026-05-06T14:26:48.475+0000] {taskinstance.py:441} INFO - ::group::Post task execution logs
[2026-05-06T14:26:48.607+0000] {taskinstance.py:1206} INFO - Marking task as SUCCESS. dag_id=stackoverflow_automated_mcp_pipeline, task_id=run_dbt_staging, run_id=manual__2026-05-06T14:17:15.170042+00:00, execution_date=20260506T141715, start_date=20260506T142611, end_date=20260506T142648
[2026-05-06T14:26:48.651+0000] {local_task_job_runner.py:240} INFO - Task exited with return code 0
[2026-05-06T14:26:48.715+0000] {taskinstance.py:3498} INFO - 1 downstream tasks scheduled from follow-on schedule check
[2026-05-06T14:26:48.753+0000] {local_task_job_runner.py:222} INFO - ::endgroup::
