[2026-05-19T12:49:50.823+0000] {local_task_job_runner.py:120} INFO - ::group::Pre task execution logs
[2026-05-19T12:49:50.891+0000] {taskinstance.py:2076} INFO - Dependencies all met for dep_context=non-requeueable deps ti=<TaskInstance: stackoverflow_medallion_pipeline_v2.trigger_glue_migration manual__2026-05-19T12:49:47.173859+00:00 [queued]>
[2026-05-19T12:49:50.904+0000] {taskinstance.py:2076} INFO - Dependencies all met for dep_context=requeueable deps ti=<TaskInstance: stackoverflow_medallion_pipeline_v2.trigger_glue_migration manual__2026-05-19T12:49:47.173859+00:00 [queued]>
[2026-05-19T12:49:50.905+0000] {taskinstance.py:2306} INFO - Starting attempt 1 of 5
[2026-05-19T12:49:50.927+0000] {taskinstance.py:2330} INFO - Executing <Task(GlueJobOperator): trigger_glue_migration> on 2026-05-19 12:49:47.173859+00:00
[2026-05-19T12:49:50.940+0000] {standard_task_runner.py:90} INFO - Running: ['***', 'tasks', 'run', 'stackoverflow_medallion_pipeline_v2', 'trigger_glue_migration', 'manual__2026-05-19T12:49:47.173859+00:00', '--job-id', '189', '--raw', '--subdir', 'DAGS_FOLDER/stackoverflow_migration_dag.py', '--cfg-path', '/tmp/tmpnk6lb3hk']
[2026-05-19T12:49:50.945+0000] {standard_task_runner.py:91} INFO - Job 189: Subtask trigger_glue_migration
[2026-05-19T12:49:50.944+0000] {logging_mixin.py:188} WARNING - /home/***/.local/lib/python3.12/site-packages/***/task/task_runner/standard_task_runner.py:61 DeprecationWarning: This process (pid=289) is multi-threaded, use of fork() may lead to deadlocks in the child.
[2026-05-19T12:49:50.946+0000] {standard_task_runner.py:63} INFO - Started process 290 to run task
[2026-05-19T12:49:51.130+0000] {task_command.py:426} INFO - Running <TaskInstance: stackoverflow_medallion_pipeline_v2.trigger_glue_migration manual__2026-05-19T12:49:47.173859+00:00 [running]> on host 7e778e631a73
[2026-05-19T12:49:51.474+0000] {taskinstance.py:2648} INFO - Exporting env vars: AIRFLOW_CTX_DAG_OWNER='Aniket Shinde' AIRFLOW_CTX_DAG_ID='stackoverflow_medallion_pipeline_v2' AIRFLOW_CTX_TASK_ID='trigger_glue_migration' AIRFLOW_CTX_EXECUTION_DATE='2026-05-19T12:49:47.173859+00:00' AIRFLOW_CTX_TRY_NUMBER='1' AIRFLOW_CTX_DAG_RUN_ID='manual__2026-05-19T12:49:47.173859+00:00'
[2026-05-19T12:49:51.476+0000] {taskinstance.py:430} INFO - ::endgroup::
[2026-05-19T12:49:51.518+0000] {glue.py:173} INFO - Initializing AWS Glue Job: BigQ_to_S3_2. Wait for completion: True
[2026-05-19T12:49:51.520+0000] {glue.py:364} INFO - Checking if job already exists: BigQ_to_S3_2
[2026-05-19T12:49:51.565+0000] {base.py:84} INFO - Using connection ID 'aws_default' for task execution.
[2026-05-19T12:49:51.566+0000] {connection_wrapper.py:384} INFO - AWS Connection (conn_id='aws_default', conn_type='aws') credentials retrieved from login and password.
[2026-05-19T12:49:54.016+0000] {glue.py:194} INFO - You can monitor this Glue Job run at: https://console.aws.amazon.com/gluestudio/home?region=us-east-1#/job/BigQ_to_S3_2/run/jr_d1e7a623dcb8f4b71924ebde3ebbbdd10129cd671236cf7386d0f1777103d9a1
[2026-05-19T12:49:54.370+0000] {glue.py:347} INFO - Polling for AWS Glue Job BigQ_to_S3_2 current run state with status RUNNING
[2026-05-19T12:50:00.728+0000] {glue.py:347} INFO - Polling for AWS Glue Job BigQ_to_S3_2 current run state with status RUNNING
[2026-05-19T12:50:07.096+0000] {glue.py:347} INFO - Polling for AWS Glue Job BigQ_to_S3_2 current run state with status RUNNING
[2026-05-19T12:50:13.484+0000] {glue.py:347} INFO - Polling for AWS Glue Job BigQ_to_S3_2 current run state with status RUNNING
[2026-05-19T12:50:19.857+0000] {glue.py:347} INFO - Polling for AWS Glue Job BigQ_to_S3_2 current run state with status RUNNING
[2026-05-19T12:50:26.226+0000] {glue.py:347} INFO - Polling for AWS Glue Job BigQ_to_S3_2 current run state with status RUNNING
[2026-05-19T12:50:32.587+0000] {glue.py:347} INFO - Polling for AWS Glue Job BigQ_to_S3_2 current run state with status RUNNING
[2026-05-19T12:50:38.962+0000] {glue.py:347} INFO - Polling for AWS Glue Job BigQ_to_S3_2 current run state with status RUNNING
[2026-05-19T12:50:45.329+0000] {glue.py:347} INFO - Polling for AWS Glue Job BigQ_to_S3_2 current run state with status RUNNING
[2026-05-19T12:50:51.763+0000] {glue.py:347} INFO - Polling for AWS Glue Job BigQ_to_S3_2 current run state with status RUNNING
[2026-05-19T12:50:58.126+0000] {glue.py:347} INFO - Polling for AWS Glue Job BigQ_to_S3_2 current run state with status RUNNING
[2026-05-19T12:51:04.497+0000] {glue.py:347} INFO - Polling for AWS Glue Job BigQ_to_S3_2 current run state with status RUNNING
[2026-05-19T12:51:10.888+0000] {glue.py:347} INFO - Polling for AWS Glue Job BigQ_to_S3_2 current run state with status RUNNING
[2026-05-19T12:51:17.256+0000] {glue.py:347} INFO - Polling for AWS Glue Job BigQ_to_S3_2 current run state with status RUNNING
[2026-05-19T12:51:23.616+0000] {glue.py:347} INFO - Polling for AWS Glue Job BigQ_to_S3_2 current run state with status RUNNING
[2026-05-19T12:51:29.975+0000] {glue.py:347} INFO - Polling for AWS Glue Job BigQ_to_S3_2 current run state with status RUNNING
[2026-05-19T12:51:36.324+0000] {glue.py:347} INFO - Polling for AWS Glue Job BigQ_to_S3_2 current run state with status RUNNING
[2026-05-19T12:51:42.697+0000] {glue.py:347} INFO - Polling for AWS Glue Job BigQ_to_S3_2 current run state with status RUNNING
[2026-05-19T12:51:49.048+0000] {glue.py:340} INFO - Exiting Job jr_d1e7a623dcb8f4b71924ebde3ebbbdd10129cd671236cf7386d0f1777103d9a1 Run State: SUCCEEDED
[2026-05-19T12:51:49.049+0000] {glue.py:209} INFO - AWS Glue Job: BigQ_to_S3_2 status: SUCCEEDED. Run Id: jr_d1e7a623dcb8f4b71924ebde3ebbbdd10129cd671236cf7386d0f1777103d9a1
[2026-05-19T12:51:49.049+0000] {taskinstance.py:441} INFO - ::group::Post task execution logs
[2026-05-19T12:51:49.151+0000] {taskinstance.py:1206} INFO - Marking task as SUCCESS. dag_id=stackoverflow_medallion_pipeline_v2, task_id=trigger_glue_migration, run_id=manual__2026-05-19T12:49:47.173859+00:00, execution_date=20260519T124947, start_date=20260519T124950, end_date=20260519T125149
[2026-05-19T12:51:49.211+0000] {local_task_job_runner.py:240} INFO - Task exited with return code 0
[2026-05-19T12:51:49.283+0000] {taskinstance.py:3498} INFO - 0 downstream tasks scheduled from follow-on schedule check
[2026-05-19T12:51:49.287+0000] {local_task_job_runner.py:222} INFO - ::endgroup::
