[2026-05-15T16:27:21.476+0000] {local_task_job_runner.py:120} INFO - ::group::Pre task execution logs
[2026-05-15T16:27:21.552+0000] {taskinstance.py:2076} INFO - Dependencies all met for dep_context=non-requeueable deps ti=<TaskInstance: stackoverflow_medallion_pipeline.trigger_glue_migration scheduled__2026-05-14T00:00:00+00:00 [queued]>
[2026-05-15T16:27:21.568+0000] {taskinstance.py:2076} INFO - Dependencies all met for dep_context=requeueable deps ti=<TaskInstance: stackoverflow_medallion_pipeline.trigger_glue_migration scheduled__2026-05-14T00:00:00+00:00 [queued]>
[2026-05-15T16:27:21.569+0000] {taskinstance.py:2306} INFO - Starting attempt 1 of 1
[2026-05-15T16:27:21.593+0000] {taskinstance.py:2330} INFO - Executing <Task(GlueJobOperator): trigger_glue_migration> on 2026-05-14 00:00:00+00:00
[2026-05-15T16:27:21.607+0000] {standard_task_runner.py:90} INFO - Running: ['***', 'tasks', 'run', 'stackoverflow_medallion_pipeline', 'trigger_glue_migration', 'scheduled__2026-05-14T00:00:00+00:00', '--job-id', '82', '--raw', '--subdir', 'DAGS_FOLDER/stackoverflow_migration_dag.py', '--cfg-path', '/tmp/tmpr4ec4h_m']
[2026-05-15T16:27:21.614+0000] {standard_task_runner.py:91} INFO - Job 82: Subtask trigger_glue_migration
[2026-05-15T16:27:21.617+0000] {logging_mixin.py:188} WARNING - /home/***/.local/lib/python3.12/site-packages/***/task/task_runner/standard_task_runner.py:61 DeprecationWarning: This process (pid=164) is multi-threaded, use of fork() may lead to deadlocks in the child.
[2026-05-15T16:27:21.619+0000] {standard_task_runner.py:63} INFO - Started process 170 to run task
[2026-05-15T16:27:21.885+0000] {task_command.py:426} INFO - Running <TaskInstance: stackoverflow_medallion_pipeline.trigger_glue_migration scheduled__2026-05-14T00:00:00+00:00 [running]> on host 87cd1776975f
[2026-05-15T16:27:22.311+0000] {taskinstance.py:2648} INFO - Exporting env vars: AIRFLOW_CTX_DAG_OWNER='Aniket Shinde' AIRFLOW_CTX_DAG_ID='stackoverflow_medallion_pipeline' AIRFLOW_CTX_TASK_ID='trigger_glue_migration' AIRFLOW_CTX_EXECUTION_DATE='2026-05-14T00:00:00+00:00' AIRFLOW_CTX_TRY_NUMBER='1' AIRFLOW_CTX_DAG_RUN_ID='scheduled__2026-05-14T00:00:00+00:00'
[2026-05-15T16:27:22.313+0000] {taskinstance.py:430} INFO - ::endgroup::
[2026-05-15T16:27:22.357+0000] {glue.py:173} INFO - Initializing AWS Glue Job: BigQ_to_S3_2. Wait for completion: True
[2026-05-15T16:27:22.358+0000] {glue.py:364} INFO - Checking if job already exists: BigQ_to_S3_2
[2026-05-15T16:27:22.414+0000] {base.py:84} INFO - Using connection ID 'aws_default' for task execution.
[2026-05-15T16:27:22.415+0000] {connection_wrapper.py:384} INFO - AWS Connection (conn_id='aws_default', conn_type='aws') credentials retrieved from login and password.
[2026-05-15T16:27:25.015+0000] {glue.py:194} INFO - You can monitor this Glue Job run at: https://console.aws.amazon.com/gluestudio/home?region=us-east-1#/job/BigQ_to_S3_2/run/jr_bd7c16d5f499c2e7297a4c4582834be22f3e46539e74b435b57dfcaf495851e1
[2026-05-15T16:27:25.442+0000] {glue.py:347} INFO - Polling for AWS Glue Job BigQ_to_S3_2 current run state with status RUNNING
[2026-05-15T16:27:31.868+0000] {glue.py:347} INFO - Polling for AWS Glue Job BigQ_to_S3_2 current run state with status RUNNING
[2026-05-15T16:27:38.241+0000] {glue.py:347} INFO - Polling for AWS Glue Job BigQ_to_S3_2 current run state with status RUNNING
[2026-05-15T16:27:44.637+0000] {glue.py:347} INFO - Polling for AWS Glue Job BigQ_to_S3_2 current run state with status RUNNING
[2026-05-15T16:27:51.062+0000] {glue.py:347} INFO - Polling for AWS Glue Job BigQ_to_S3_2 current run state with status RUNNING
[2026-05-15T16:27:57.473+0000] {glue.py:347} INFO - Polling for AWS Glue Job BigQ_to_S3_2 current run state with status RUNNING
[2026-05-15T16:28:03.845+0000] {glue.py:347} INFO - Polling for AWS Glue Job BigQ_to_S3_2 current run state with status RUNNING
[2026-05-15T16:28:10.253+0000] {glue.py:347} INFO - Polling for AWS Glue Job BigQ_to_S3_2 current run state with status RUNNING
[2026-05-15T16:28:16.657+0000] {glue.py:347} INFO - Polling for AWS Glue Job BigQ_to_S3_2 current run state with status RUNNING
[2026-05-15T16:28:23.548+0000] {glue.py:347} INFO - Polling for AWS Glue Job BigQ_to_S3_2 current run state with status RUNNING
[2026-05-15T16:28:29.955+0000] {glue.py:347} INFO - Polling for AWS Glue Job BigQ_to_S3_2 current run state with status RUNNING
[2026-05-15T16:28:33.279+0000] {local_task_job_runner.py:310} WARNING - State of this instance has been externally set to failed. Terminating instance.
[2026-05-15T16:28:33.281+0000] {local_task_job_runner.py:222} INFO - ::endgroup::
[2026-05-15T16:28:33.285+0000] {process_utils.py:132} INFO - Sending 15 to group 170. PIDs of all processes in the group: [170]
[2026-05-15T16:28:33.288+0000] {process_utils.py:87} INFO - Sending the signal 15 to group 170
[2026-05-15T16:28:33.289+0000] {taskinstance.py:2611} ERROR - Received SIGTERM. Terminating subprocesses.
[2026-05-15T16:28:33.290+0000] {taskinstance.py:441} INFO - ::group::Post task execution logs
[2026-05-15T16:28:33.422+0000] {process_utils.py:80} INFO - Process psutil.Process(pid=170, status='terminated', exitcode=0, started='16:27:21') (170) terminated with exit code 0
