[2026-05-19T13:46:39.811+0000] {local_task_job_runner.py:120} INFO - ::group::Pre task execution logs
[2026-05-19T13:46:39.872+0000] {taskinstance.py:2076} INFO - Dependencies all met for dep_context=non-requeueable deps ti=<TaskInstance: stackoverflow_medallion_pipeline_v2.run_dbt_marts manual__2026-05-19T13:43:27.815230+00:00 [queued]>
[2026-05-19T13:46:39.886+0000] {taskinstance.py:2076} INFO - Dependencies all met for dep_context=requeueable deps ti=<TaskInstance: stackoverflow_medallion_pipeline_v2.run_dbt_marts manual__2026-05-19T13:43:27.815230+00:00 [queued]>
[2026-05-19T13:46:39.887+0000] {taskinstance.py:2306} INFO - Starting attempt 1 of 5
[2026-05-19T13:46:39.907+0000] {taskinstance.py:2330} INFO - Executing <Task(BashOperator): run_dbt_marts> on 2026-05-19 13:43:27.815230+00:00
[2026-05-19T13:46:39.922+0000] {standard_task_runner.py:90} INFO - Running: ['***', 'tasks', 'run', 'stackoverflow_medallion_pipeline_v2', 'run_dbt_marts', 'manual__2026-05-19T13:43:27.815230+00:00', '--job-id', '205', '--raw', '--subdir', 'DAGS_FOLDER/stackoverflow_migration_dag.py', '--cfg-path', '/tmp/tmphj2pajfs']
[2026-05-19T13:46:39.926+0000] {standard_task_runner.py:91} INFO - Job 205: Subtask run_dbt_marts
[2026-05-19T13:46:39.926+0000] {logging_mixin.py:188} WARNING - /home/***/.local/lib/python3.12/site-packages/***/task/task_runner/standard_task_runner.py:61 DeprecationWarning: This process (pid=934) is multi-threaded, use of fork() may lead to deadlocks in the child.
[2026-05-19T13:46:39.927+0000] {standard_task_runner.py:63} INFO - Started process 935 to run task
[2026-05-19T13:46:40.116+0000] {task_command.py:426} INFO - Running <TaskInstance: stackoverflow_medallion_pipeline_v2.run_dbt_marts manual__2026-05-19T13:43:27.815230+00:00 [running]> on host 7e778e631a73
[2026-05-19T13:46:40.465+0000] {taskinstance.py:2648} INFO - Exporting env vars: AIRFLOW_CTX_DAG_OWNER='Aniket Shinde' AIRFLOW_CTX_DAG_ID='stackoverflow_medallion_pipeline_v2' AIRFLOW_CTX_TASK_ID='run_dbt_marts' AIRFLOW_CTX_EXECUTION_DATE='2026-05-19T13:43:27.815230+00:00' AIRFLOW_CTX_TRY_NUMBER='1' AIRFLOW_CTX_DAG_RUN_ID='manual__2026-05-19T13:43:27.815230+00:00'
[2026-05-19T13:46:40.467+0000] {taskinstance.py:430} INFO - ::endgroup::
[2026-05-19T13:46:40.487+0000] {subprocess.py:63} INFO - Tmp dir root location: /tmp
[2026-05-19T13:46:40.489+0000] {subprocess.py:75} INFO - Running command: ['/usr/bin/bash', '-c', 'cd /opt/***/stackoverflow_analytics && dbt run --select marts']
[2026-05-19T13:46:40.503+0000] {subprocess.py:86} INFO - Output:
[2026-05-19T13:46:43.672+0000] {subprocess.py:93} INFO - [0m13:46:43  Running with dbt=1.8.3
[2026-05-19T13:46:43.991+0000] {subprocess.py:93} INFO - [0m13:46:43  Registered adapter: clickhouse=1.8.3
[2026-05-19T13:46:45.148+0000] {subprocess.py:93} INFO - [0m13:46:45  Found 2 models, 2 data tests, 1 source, 463 macros
[2026-05-19T13:46:45.154+0000] {subprocess.py:93} INFO - [0m13:46:45
[2026-05-19T13:46:48.160+0000] {subprocess.py:93} INFO - [0m13:46:48  Concurrency: 1 threads (target='dev')
[2026-05-19T13:46:48.162+0000] {subprocess.py:93} INFO - [0m13:46:48
[2026-05-19T13:46:48.178+0000] {subprocess.py:93} INFO - [0m13:46:48  1 of 1 START sql table model `big_query`.`fct_tag_analysis` .................... [RUN]
[2026-05-19T13:46:52.371+0000] {subprocess.py:93} INFO - [0m13:46:52  1 of 1 OK created sql table model `big_query`.`fct_tag_analysis` ............... [[32mOK[0m in 4.19s]
[2026-05-19T13:46:52.382+0000] {subprocess.py:93} INFO - [0m13:46:52
[2026-05-19T13:46:52.384+0000] {subprocess.py:93} INFO - [0m13:46:52  Finished running 1 table model in 0 hours 0 minutes and 7.23 seconds (7.23s).
[2026-05-19T13:46:52.456+0000] {subprocess.py:93} INFO - [0m13:46:52
[2026-05-19T13:46:52.457+0000] {subprocess.py:93} INFO - [0m13:46:52  [32mCompleted successfully[0m
[2026-05-19T13:46:52.460+0000] {subprocess.py:93} INFO - [0m13:46:52
[2026-05-19T13:46:52.462+0000] {subprocess.py:93} INFO - [0m13:46:52  Done. PASS=1 WARN=0 ERROR=0 SKIP=0 TOTAL=1
[2026-05-19T13:46:54.203+0000] {subprocess.py:97} INFO - Command exited with return code 0
[2026-05-19T13:46:54.204+0000] {taskinstance.py:441} INFO - ::group::Post task execution logs
[2026-05-19T13:46:54.314+0000] {taskinstance.py:1206} INFO - Marking task as SUCCESS. dag_id=stackoverflow_medallion_pipeline_v2, task_id=run_dbt_marts, run_id=manual__2026-05-19T13:43:27.815230+00:00, execution_date=20260519T134327, start_date=20260519T134639, end_date=20260519T134654
[2026-05-19T13:46:54.373+0000] {local_task_job_runner.py:240} INFO - Task exited with return code 0
[2026-05-19T13:46:54.434+0000] {taskinstance.py:3498} INFO - 0 downstream tasks scheduled from follow-on schedule check
[2026-05-19T13:46:54.437+0000] {local_task_job_runner.py:222} INFO - ::endgroup::
