[2026-05-15T19:57:16.125+0000] {local_task_job_runner.py:120} INFO - ::group::Pre task execution logs
[2026-05-15T19:57:16.229+0000] {taskinstance.py:2076} INFO - Dependencies all met for dep_context=non-requeueable deps ti=<TaskInstance: stackoverflow_medallion_pipeline_v2.trigger_glue_migration manual__2026-05-15T19:57:12.897704+00:00 [queued]>
[2026-05-15T19:57:16.249+0000] {taskinstance.py:2076} INFO - Dependencies all met for dep_context=requeueable deps ti=<TaskInstance: stackoverflow_medallion_pipeline_v2.trigger_glue_migration manual__2026-05-15T19:57:12.897704+00:00 [queued]>
[2026-05-15T19:57:16.251+0000] {taskinstance.py:2306} INFO - Starting attempt 1 of 4
[2026-05-15T19:57:16.278+0000] {taskinstance.py:2330} INFO - Executing <Task(GlueJobOperator): trigger_glue_migration> on 2026-05-15 19:57:12.897704+00:00
[2026-05-15T19:57:16.295+0000] {standard_task_runner.py:90} INFO - Running: ['***', 'tasks', 'run', 'stackoverflow_medallion_pipeline_v2', 'trigger_glue_migration', 'manual__2026-05-15T19:57:12.897704+00:00', '--job-id', '114', '--raw', '--subdir', 'DAGS_FOLDER/stackoverflow_migration_dag.py', '--cfg-path', '/tmp/tmp74mi052u']
[2026-05-15T19:57:16.304+0000] {standard_task_runner.py:91} INFO - Job 114: Subtask trigger_glue_migration
[2026-05-15T19:57:16.304+0000] {logging_mixin.py:188} WARNING - /home/***/.local/lib/python3.12/site-packages/***/task/task_runner/standard_task_runner.py:61 DeprecationWarning: This process (pid=174) is multi-threaded, use of fork() may lead to deadlocks in the child.
[2026-05-15T19:57:16.306+0000] {standard_task_runner.py:63} INFO - Started process 175 to run task
[2026-05-15T19:57:16.567+0000] {task_command.py:426} INFO - Running <TaskInstance: stackoverflow_medallion_pipeline_v2.trigger_glue_migration manual__2026-05-15T19:57:12.897704+00:00 [running]> on host db705e511191
[2026-05-15T19:57:17.023+0000] {taskinstance.py:2648} INFO - Exporting env vars: AIRFLOW_CTX_DAG_OWNER='Aniket Shinde' AIRFLOW_CTX_DAG_ID='stackoverflow_medallion_pipeline_v2' AIRFLOW_CTX_TASK_ID='trigger_glue_migration' AIRFLOW_CTX_EXECUTION_DATE='2026-05-15T19:57:12.897704+00:00' AIRFLOW_CTX_TRY_NUMBER='1' AIRFLOW_CTX_DAG_RUN_ID='manual__2026-05-15T19:57:12.897704+00:00'
[2026-05-15T19:57:17.025+0000] {taskinstance.py:430} INFO - ::endgroup::
[2026-05-15T19:57:17.080+0000] {glue.py:173} INFO - Initializing AWS Glue Job: BigQ_to_S3_2. Wait for completion: True
[2026-05-15T19:57:17.082+0000] {glue.py:364} INFO - Checking if job already exists: BigQ_to_S3_2
[2026-05-15T19:57:17.151+0000] {base.py:84} INFO - Using connection ID 'aws_default' for task execution.
[2026-05-15T19:57:17.153+0000] {connection_wrapper.py:384} INFO - AWS Connection (conn_id='aws_default', conn_type='aws') credentials retrieved from login and password.
[2026-05-15T19:57:19.888+0000] {glue.py:194} INFO - You can monitor this Glue Job run at: https://console.aws.amazon.com/gluestudio/home?region=us-east-1#/job/BigQ_to_S3_2/run/jr_ae11ffa70b4f216a5644cf5d6d0dc2a5fd8f69045f30dff853306569500c2372
[2026-05-15T19:57:20.248+0000] {glue.py:347} INFO - Polling for AWS Glue Job BigQ_to_S3_2 current run state with status RUNNING
[2026-05-15T19:57:26.577+0000] {glue.py:347} INFO - Polling for AWS Glue Job BigQ_to_S3_2 current run state with status RUNNING
[2026-05-15T19:57:32.880+0000] {glue.py:347} INFO - Polling for AWS Glue Job BigQ_to_S3_2 current run state with status RUNNING
[2026-05-15T19:57:39.190+0000] {glue.py:347} INFO - Polling for AWS Glue Job BigQ_to_S3_2 current run state with status RUNNING
[2026-05-15T19:57:45.550+0000] {glue.py:347} INFO - Polling for AWS Glue Job BigQ_to_S3_2 current run state with status RUNNING
[2026-05-15T19:57:51.915+0000] {glue.py:347} INFO - Polling for AWS Glue Job BigQ_to_S3_2 current run state with status RUNNING
[2026-05-15T19:57:58.208+0000] {glue.py:347} INFO - Polling for AWS Glue Job BigQ_to_S3_2 current run state with status RUNNING
[2026-05-15T19:58:04.541+0000] {glue.py:347} INFO - Polling for AWS Glue Job BigQ_to_S3_2 current run state with status RUNNING
[2026-05-15T19:58:10.961+0000] {glue.py:347} INFO - Polling for AWS Glue Job BigQ_to_S3_2 current run state with status RUNNING
[2026-05-15T19:58:17.360+0000] {glue.py:347} INFO - Polling for AWS Glue Job BigQ_to_S3_2 current run state with status RUNNING
[2026-05-15T19:58:23.728+0000] {glue.py:347} INFO - Polling for AWS Glue Job BigQ_to_S3_2 current run state with status RUNNING
[2026-05-15T19:58:30.060+0000] {glue.py:347} INFO - Polling for AWS Glue Job BigQ_to_S3_2 current run state with status RUNNING
[2026-05-15T19:58:36.401+0000] {glue.py:347} INFO - Polling for AWS Glue Job BigQ_to_S3_2 current run state with status RUNNING
[2026-05-15T19:58:42.708+0000] {glue.py:347} INFO - Polling for AWS Glue Job BigQ_to_S3_2 current run state with status RUNNING
[2026-05-15T19:58:49.018+0000] {glue.py:347} INFO - Polling for AWS Glue Job BigQ_to_S3_2 current run state with status RUNNING
[2026-05-15T19:58:55.318+0000] {glue.py:347} INFO - Polling for AWS Glue Job BigQ_to_S3_2 current run state with status RUNNING
[2026-05-15T19:59:01.669+0000] {glue.py:347} INFO - Polling for AWS Glue Job BigQ_to_S3_2 current run state with status RUNNING
[2026-05-15T19:59:08.065+0000] {glue.py:340} INFO - Exiting Job jr_ae11ffa70b4f216a5644cf5d6d0dc2a5fd8f69045f30dff853306569500c2372 Run State: SUCCEEDED
[2026-05-15T19:59:08.066+0000] {glue.py:209} INFO - AWS Glue Job: BigQ_to_S3_2 status: SUCCEEDED. Run Id: jr_ae11ffa70b4f216a5644cf5d6d0dc2a5fd8f69045f30dff853306569500c2372
[2026-05-15T19:59:08.067+0000] {taskinstance.py:441} INFO - ::group::Post task execution logs
[2026-05-15T19:59:08.224+0000] {taskinstance.py:1206} INFO - Marking task as SUCCESS. dag_id=stackoverflow_medallion_pipeline_v2, task_id=trigger_glue_migration, run_id=manual__2026-05-15T19:57:12.897704+00:00, execution_date=20260515T195712, start_date=20260515T195716, end_date=20260515T195908
[2026-05-15T19:59:08.325+0000] {local_task_job_runner.py:240} INFO - Task exited with return code 0
[2026-05-15T19:59:08.429+0000] {taskinstance.py:3498} INFO - 1 downstream tasks scheduled from follow-on schedule check
[2026-05-15T19:59:08.435+0000] {local_task_job_runner.py:222} INFO - ::endgroup::
