[2026-05-11T13:42:52.170+0000] {local_task_job_runner.py:120} INFO - ::group::Pre task execution logs
[2026-05-11T13:42:52.287+0000] {taskinstance.py:2076} INFO - Dependencies all met for dep_context=non-requeueable deps ti=<TaskInstance: stackoverflow_medallion_pipeline.run_dbt_marts manual__2026-05-11T13:38:05.033342+00:00 [queued]>
[2026-05-11T13:42:52.317+0000] {taskinstance.py:2076} INFO - Dependencies all met for dep_context=requeueable deps ti=<TaskInstance: stackoverflow_medallion_pipeline.run_dbt_marts manual__2026-05-11T13:38:05.033342+00:00 [queued]>
[2026-05-11T13:42:52.319+0000] {taskinstance.py:2306} INFO - Starting attempt 1 of 1
[2026-05-11T13:42:52.362+0000] {taskinstance.py:2330} INFO - Executing <Task(BashOperator): run_dbt_marts> on 2026-05-11 13:38:05.033342+00:00
[2026-05-11T13:42:52.389+0000] {standard_task_runner.py:90} INFO - Running: ['***', 'tasks', 'run', 'stackoverflow_medallion_pipeline', 'run_dbt_marts', 'manual__2026-05-11T13:38:05.033342+00:00', '--job-id', '76', '--raw', '--subdir', 'DAGS_FOLDER/stackoverflow_migration_dag.py', '--cfg-path', '/tmp/tmpmlhj5wpv']
[2026-05-11T13:42:52.397+0000] {standard_task_runner.py:91} INFO - Job 76: Subtask run_dbt_marts
[2026-05-11T13:42:52.401+0000] {logging_mixin.py:188} WARNING - /home/***/.local/lib/python3.12/site-packages/***/task/task_runner/standard_task_runner.py:61 DeprecationWarning: This process (pid=427) is multi-threaded, use of fork() may lead to deadlocks in the child.
[2026-05-11T13:42:52.404+0000] {standard_task_runner.py:63} INFO - Started process 433 to run task
[2026-05-11T13:42:52.723+0000] {task_command.py:426} INFO - Running <TaskInstance: stackoverflow_medallion_pipeline.run_dbt_marts manual__2026-05-11T13:38:05.033342+00:00 [running]> on host 2984cee08122
[2026-05-11T13:42:53.246+0000] {taskinstance.py:2648} INFO - Exporting env vars: AIRFLOW_CTX_DAG_OWNER='Aniket Shinde' AIRFLOW_CTX_DAG_ID='stackoverflow_medallion_pipeline' AIRFLOW_CTX_TASK_ID='run_dbt_marts' AIRFLOW_CTX_EXECUTION_DATE='2026-05-11T13:38:05.033342+00:00' AIRFLOW_CTX_TRY_NUMBER='1' AIRFLOW_CTX_DAG_RUN_ID='manual__2026-05-11T13:38:05.033342+00:00'
[2026-05-11T13:42:53.248+0000] {taskinstance.py:430} INFO - ::endgroup::
[2026-05-11T13:42:53.279+0000] {subprocess.py:63} INFO - Tmp dir root location: /tmp
[2026-05-11T13:42:53.283+0000] {subprocess.py:75} INFO - Running command: ['/usr/bin/bash', '-c', 'cd /opt/***/stackoverflow_analytics && dbt run --select marts']
[2026-05-11T13:42:53.303+0000] {subprocess.py:86} INFO - Output:
[2026-05-11T13:42:58.462+0000] {subprocess.py:93} INFO - [0m13:42:58  Running with dbt=1.8.3
[2026-05-11T13:42:59.027+0000] {subprocess.py:93} INFO - [0m13:42:59  Registered adapter: clickhouse=1.8.3
[2026-05-11T13:43:00.476+0000] {subprocess.py:93} INFO - [0m13:43:00  Found 2 models, 2 data tests, 1 source, 463 macros
[2026-05-11T13:43:00.487+0000] {subprocess.py:93} INFO - [0m13:43:00
[2026-05-11T13:43:03.820+0000] {subprocess.py:93} INFO - [0m13:43:03  Concurrency: 1 threads (target='dev')
[2026-05-11T13:43:03.822+0000] {subprocess.py:93} INFO - [0m13:43:03
[2026-05-11T13:43:03.841+0000] {subprocess.py:93} INFO - [0m13:43:03  1 of 1 START sql table model `big_query`.`fct_tag_analysis` .................... [RUN]
[2026-05-11T13:43:20.931+0000] {subprocess.py:93} INFO - [0m13:43:20  1 of 1 OK created sql table model `big_query`.`fct_tag_analysis` ............... [[32mOK[0m in 17.08s]
[2026-05-11T13:43:20.948+0000] {subprocess.py:93} INFO - [0m13:43:20
[2026-05-11T13:43:20.950+0000] {subprocess.py:93} INFO - [0m13:43:20  Finished running 1 table model in 0 hours 0 minutes and 20.46 seconds (20.46s).
[2026-05-11T13:43:21.089+0000] {subprocess.py:93} INFO - [0m13:43:21
[2026-05-11T13:43:21.092+0000] {subprocess.py:93} INFO - [0m13:43:21  [32mCompleted successfully[0m
[2026-05-11T13:43:21.095+0000] {subprocess.py:93} INFO - [0m13:43:21
[2026-05-11T13:43:21.098+0000] {subprocess.py:93} INFO - [0m13:43:21  Done. PASS=1 WARN=0 ERROR=0 SKIP=0 TOTAL=1
[2026-05-11T13:43:22.845+0000] {subprocess.py:97} INFO - Command exited with return code 0
[2026-05-11T13:43:22.847+0000] {taskinstance.py:441} INFO - ::group::Post task execution logs
[2026-05-11T13:43:23.047+0000] {taskinstance.py:1206} INFO - Marking task as SUCCESS. dag_id=stackoverflow_medallion_pipeline, task_id=run_dbt_marts, run_id=manual__2026-05-11T13:38:05.033342+00:00, execution_date=20260511T133805, start_date=20260511T134252, end_date=20260511T134323
[2026-05-11T13:43:23.120+0000] {local_task_job_runner.py:240} INFO - Task exited with return code 0
[2026-05-11T13:43:23.207+0000] {taskinstance.py:3498} INFO - 0 downstream tasks scheduled from follow-on schedule check
[2026-05-11T13:43:23.213+0000] {local_task_job_runner.py:222} INFO - ::endgroup::
