[2026-05-19T12:54:02.935+0000] {local_task_job_runner.py:120} INFO - ::group::Pre task execution logs
[2026-05-19T12:54:02.988+0000] {taskinstance.py:2076} INFO - Dependencies all met for dep_context=non-requeueable deps ti=<TaskInstance: stackoverflow_medallion_pipeline_v2.run_dbt_marts manual__2026-05-19T12:49:47.173859+00:00 [queued]>
[2026-05-19T12:54:03.008+0000] {taskinstance.py:2076} INFO - Dependencies all met for dep_context=requeueable deps ti=<TaskInstance: stackoverflow_medallion_pipeline_v2.run_dbt_marts manual__2026-05-19T12:49:47.173859+00:00 [queued]>
[2026-05-19T12:54:03.010+0000] {taskinstance.py:2306} INFO - Starting attempt 1 of 5
[2026-05-19T12:54:03.029+0000] {taskinstance.py:2330} INFO - Executing <Task(BashOperator): run_dbt_marts> on 2026-05-19 12:49:47.173859+00:00
[2026-05-19T12:54:03.039+0000] {standard_task_runner.py:90} INFO - Running: ['***', 'tasks', 'run', 'stackoverflow_medallion_pipeline_v2', 'run_dbt_marts', 'manual__2026-05-19T12:49:47.173859+00:00', '--job-id', '193', '--raw', '--subdir', 'DAGS_FOLDER/stackoverflow_migration_dag.py', '--cfg-path', '/tmp/tmpskh556ux']
[2026-05-19T12:54:03.043+0000] {standard_task_runner.py:91} INFO - Job 193: Subtask run_dbt_marts
[2026-05-19T12:54:03.043+0000] {logging_mixin.py:188} WARNING - /home/***/.local/lib/python3.12/site-packages/***/task/task_runner/standard_task_runner.py:61 DeprecationWarning: This process (pid=348) is multi-threaded, use of fork() may lead to deadlocks in the child.
[2026-05-19T12:54:03.044+0000] {standard_task_runner.py:63} INFO - Started process 349 to run task
[2026-05-19T12:54:03.205+0000] {task_command.py:426} INFO - Running <TaskInstance: stackoverflow_medallion_pipeline_v2.run_dbt_marts manual__2026-05-19T12:49:47.173859+00:00 [running]> on host 7e778e631a73
[2026-05-19T12:54:03.526+0000] {taskinstance.py:2648} INFO - Exporting env vars: AIRFLOW_CTX_DAG_OWNER='Aniket Shinde' AIRFLOW_CTX_DAG_ID='stackoverflow_medallion_pipeline_v2' AIRFLOW_CTX_TASK_ID='run_dbt_marts' AIRFLOW_CTX_EXECUTION_DATE='2026-05-19T12:49:47.173859+00:00' AIRFLOW_CTX_TRY_NUMBER='1' AIRFLOW_CTX_DAG_RUN_ID='manual__2026-05-19T12:49:47.173859+00:00'
[2026-05-19T12:54:03.528+0000] {taskinstance.py:430} INFO - ::endgroup::
[2026-05-19T12:54:03.550+0000] {subprocess.py:63} INFO - Tmp dir root location: /tmp
[2026-05-19T12:54:03.552+0000] {subprocess.py:75} INFO - Running command: ['/usr/bin/bash', '-c', 'cd /opt/***/stackoverflow_analytics && dbt run --select marts']
[2026-05-19T12:54:03.569+0000] {subprocess.py:86} INFO - Output:
[2026-05-19T12:54:07.086+0000] {subprocess.py:93} INFO - [0m12:54:07  Running with dbt=1.8.3
[2026-05-19T12:54:07.421+0000] {subprocess.py:93} INFO - [0m12:54:07  Registered adapter: clickhouse=1.8.3
[2026-05-19T12:54:08.260+0000] {subprocess.py:93} INFO - [0m12:54:08  Found 2 models, 2 data tests, 1 source, 463 macros
[2026-05-19T12:54:08.265+0000] {subprocess.py:93} INFO - [0m12:54:08
[2026-05-19T12:54:12.147+0000] {subprocess.py:93} INFO - [0m12:54:12  Concurrency: 1 threads (target='dev')
[2026-05-19T12:54:12.149+0000] {subprocess.py:93} INFO - [0m12:54:12
[2026-05-19T12:54:12.176+0000] {subprocess.py:93} INFO - [0m12:54:12  1 of 1 START sql table model `big_query`.`fct_tag_analysis` .................... [RUN]
[2026-05-19T12:54:19.880+0000] {subprocess.py:93} INFO - [0m12:54:19  1 of 1 OK created sql table model `big_query`.`fct_tag_analysis` ............... [[32mOK[0m in 7.70s]
[2026-05-19T12:54:19.890+0000] {subprocess.py:93} INFO - [0m12:54:19
[2026-05-19T12:54:19.892+0000] {subprocess.py:93} INFO - [0m12:54:19  Finished running 1 table model in 0 hours 0 minutes and 11.62 seconds (11.62s).
[2026-05-19T12:54:19.978+0000] {subprocess.py:93} INFO - [0m12:54:19
[2026-05-19T12:54:19.981+0000] {subprocess.py:93} INFO - [0m12:54:19  [32mCompleted successfully[0m
[2026-05-19T12:54:19.984+0000] {subprocess.py:93} INFO - [0m12:54:19
[2026-05-19T12:54:19.988+0000] {subprocess.py:93} INFO - [0m12:54:19  Done. PASS=1 WARN=0 ERROR=0 SKIP=0 TOTAL=1
[2026-05-19T12:54:21.693+0000] {subprocess.py:97} INFO - Command exited with return code 0
[2026-05-19T12:54:21.695+0000] {taskinstance.py:441} INFO - ::group::Post task execution logs
[2026-05-19T12:54:21.837+0000] {taskinstance.py:1206} INFO - Marking task as SUCCESS. dag_id=stackoverflow_medallion_pipeline_v2, task_id=run_dbt_marts, run_id=manual__2026-05-19T12:49:47.173859+00:00, execution_date=20260519T124947, start_date=20260519T125402, end_date=20260519T125421
[2026-05-19T12:54:21.900+0000] {local_task_job_runner.py:240} INFO - Task exited with return code 0
[2026-05-19T12:54:22.002+0000] {taskinstance.py:3498} INFO - 0 downstream tasks scheduled from follow-on schedule check
[2026-05-19T12:54:22.007+0000] {local_task_job_runner.py:222} INFO - ::endgroup::
