[2026-05-19T13:11:16.918+0000] {local_task_job_runner.py:120} INFO - ::group::Pre task execution logs
[2026-05-19T13:11:16.992+0000] {taskinstance.py:2076} INFO - Dependencies all met for dep_context=non-requeueable deps ti=<TaskInstance: stackoverflow_medallion_pipeline_v2.run_dbt_marts manual__2026-05-19T13:07:49.442203+00:00 [queued]>
[2026-05-19T13:11:17.012+0000] {taskinstance.py:2076} INFO - Dependencies all met for dep_context=requeueable deps ti=<TaskInstance: stackoverflow_medallion_pipeline_v2.run_dbt_marts manual__2026-05-19T13:07:49.442203+00:00 [queued]>
[2026-05-19T13:11:17.013+0000] {taskinstance.py:2306} INFO - Starting attempt 1 of 5
[2026-05-19T13:11:17.036+0000] {taskinstance.py:2330} INFO - Executing <Task(BashOperator): run_dbt_marts> on 2026-05-19 13:07:49.442203+00:00
[2026-05-19T13:11:17.051+0000] {standard_task_runner.py:90} INFO - Running: ['***', 'tasks', 'run', 'stackoverflow_medallion_pipeline_v2', 'run_dbt_marts', 'manual__2026-05-19T13:07:49.442203+00:00', '--job-id', '197', '--raw', '--subdir', 'DAGS_FOLDER/stackoverflow_migration_dag.py', '--cfg-path', '/tmp/tmpw_arnz1h']
[2026-05-19T13:11:17.057+0000] {standard_task_runner.py:91} INFO - Job 197: Subtask run_dbt_marts
[2026-05-19T13:11:17.061+0000] {logging_mixin.py:188} WARNING - /home/***/.local/lib/python3.12/site-packages/***/task/task_runner/standard_task_runner.py:61 DeprecationWarning: This process (pid=540) is multi-threaded, use of fork() may lead to deadlocks in the child.
[2026-05-19T13:11:17.063+0000] {standard_task_runner.py:63} INFO - Started process 541 to run task
[2026-05-19T13:11:17.259+0000] {task_command.py:426} INFO - Running <TaskInstance: stackoverflow_medallion_pipeline_v2.run_dbt_marts manual__2026-05-19T13:07:49.442203+00:00 [running]> on host 7e778e631a73
[2026-05-19T13:11:17.596+0000] {taskinstance.py:2648} INFO - Exporting env vars: AIRFLOW_CTX_DAG_OWNER='Aniket Shinde' AIRFLOW_CTX_DAG_ID='stackoverflow_medallion_pipeline_v2' AIRFLOW_CTX_TASK_ID='run_dbt_marts' AIRFLOW_CTX_EXECUTION_DATE='2026-05-19T13:07:49.442203+00:00' AIRFLOW_CTX_TRY_NUMBER='1' AIRFLOW_CTX_DAG_RUN_ID='manual__2026-05-19T13:07:49.442203+00:00'
[2026-05-19T13:11:17.598+0000] {taskinstance.py:430} INFO - ::endgroup::
[2026-05-19T13:11:17.619+0000] {subprocess.py:63} INFO - Tmp dir root location: /tmp
[2026-05-19T13:11:17.622+0000] {subprocess.py:75} INFO - Running command: ['/usr/bin/bash', '-c', 'cd /opt/***/stackoverflow_analytics && dbt run --select marts']
[2026-05-19T13:11:17.636+0000] {subprocess.py:86} INFO - Output:
[2026-05-19T13:11:20.592+0000] {subprocess.py:93} INFO - [0m13:11:20  Running with dbt=1.8.3
[2026-05-19T13:11:20.922+0000] {subprocess.py:93} INFO - [0m13:11:20  Registered adapter: clickhouse=1.8.3
[2026-05-19T13:11:21.855+0000] {subprocess.py:93} INFO - [0m13:11:21  Found 2 models, 2 data tests, 1 source, 463 macros
[2026-05-19T13:11:21.861+0000] {subprocess.py:93} INFO - [0m13:11:21
[2026-05-19T13:11:25.063+0000] {subprocess.py:93} INFO - [0m13:11:25  Concurrency: 1 threads (target='dev')
[2026-05-19T13:11:25.065+0000] {subprocess.py:93} INFO - [0m13:11:25
[2026-05-19T13:11:25.080+0000] {subprocess.py:93} INFO - [0m13:11:25  1 of 1 START sql table model `big_query`.`fct_tag_analysis` .................... [RUN]
[2026-05-19T13:11:30.102+0000] {subprocess.py:93} INFO - [0m13:11:30  1 of 1 OK created sql table model `big_query`.`fct_tag_analysis` ............... [[32mOK[0m in 5.02s]
[2026-05-19T13:11:30.113+0000] {subprocess.py:93} INFO - [0m13:11:30
[2026-05-19T13:11:30.114+0000] {subprocess.py:93} INFO - [0m13:11:30  Finished running 1 table model in 0 hours 0 minutes and 8.25 seconds (8.25s).
[2026-05-19T13:11:30.191+0000] {subprocess.py:93} INFO - [0m13:11:30
[2026-05-19T13:11:30.193+0000] {subprocess.py:93} INFO - [0m13:11:30  [32mCompleted successfully[0m
[2026-05-19T13:11:30.194+0000] {subprocess.py:93} INFO - [0m13:11:30
[2026-05-19T13:11:30.195+0000] {subprocess.py:93} INFO - [0m13:11:30  Done. PASS=1 WARN=0 ERROR=0 SKIP=0 TOTAL=1
[2026-05-19T13:11:31.802+0000] {subprocess.py:97} INFO - Command exited with return code 0
[2026-05-19T13:11:31.804+0000] {taskinstance.py:441} INFO - ::group::Post task execution logs
[2026-05-19T13:11:31.928+0000] {taskinstance.py:1206} INFO - Marking task as SUCCESS. dag_id=stackoverflow_medallion_pipeline_v2, task_id=run_dbt_marts, run_id=manual__2026-05-19T13:07:49.442203+00:00, execution_date=20260519T130749, start_date=20260519T131116, end_date=20260519T131131
[2026-05-19T13:11:31.999+0000] {local_task_job_runner.py:240} INFO - Task exited with return code 0
[2026-05-19T13:11:32.064+0000] {taskinstance.py:3498} INFO - 0 downstream tasks scheduled from follow-on schedule check
[2026-05-19T13:11:32.068+0000] {local_task_job_runner.py:222} INFO - ::endgroup::
