[2026-05-11T13:41:59.852+0000] {local_task_job_runner.py:120} INFO - ::group::Pre task execution logs
[2026-05-11T13:41:59.996+0000] {taskinstance.py:2076} INFO - Dependencies all met for dep_context=non-requeueable deps ti=<TaskInstance: stackoverflow_medallion_pipeline.run_dbt_staging manual__2026-05-11T13:38:05.033342+00:00 [queued]>
[2026-05-11T13:42:00.043+0000] {taskinstance.py:2076} INFO - Dependencies all met for dep_context=requeueable deps ti=<TaskInstance: stackoverflow_medallion_pipeline.run_dbt_staging manual__2026-05-11T13:38:05.033342+00:00 [queued]>
[2026-05-11T13:42:00.046+0000] {taskinstance.py:2306} INFO - Starting attempt 1 of 1
[2026-05-11T13:42:00.085+0000] {taskinstance.py:2330} INFO - Executing <Task(BashOperator): run_dbt_staging> on 2026-05-11 13:38:05.033342+00:00
[2026-05-11T13:42:00.107+0000] {standard_task_runner.py:90} INFO - Running: ['***', 'tasks', 'run', 'stackoverflow_medallion_pipeline', 'run_dbt_staging', 'manual__2026-05-11T13:38:05.033342+00:00', '--job-id', '75', '--raw', '--subdir', 'DAGS_FOLDER/stackoverflow_migration_dag.py', '--cfg-path', '/tmp/tmphw6wfhre']
[2026-05-11T13:42:00.114+0000] {logging_mixin.py:188} WARNING - /home/***/.local/lib/python3.12/site-packages/***/task/task_runner/standard_task_runner.py:61 DeprecationWarning: This process (pid=411) is multi-threaded, use of fork() may lead to deadlocks in the child.
[2026-05-11T13:42:00.115+0000] {standard_task_runner.py:91} INFO - Job 75: Subtask run_dbt_staging
[2026-05-11T13:42:00.116+0000] {standard_task_runner.py:63} INFO - Started process 412 to run task
[2026-05-11T13:42:00.453+0000] {task_command.py:426} INFO - Running <TaskInstance: stackoverflow_medallion_pipeline.run_dbt_staging manual__2026-05-11T13:38:05.033342+00:00 [running]> on host 2984cee08122
[2026-05-11T13:42:01.042+0000] {taskinstance.py:2648} INFO - Exporting env vars: AIRFLOW_CTX_DAG_OWNER='Aniket Shinde' AIRFLOW_CTX_DAG_ID='stackoverflow_medallion_pipeline' AIRFLOW_CTX_TASK_ID='run_dbt_staging' AIRFLOW_CTX_EXECUTION_DATE='2026-05-11T13:38:05.033342+00:00' AIRFLOW_CTX_TRY_NUMBER='1' AIRFLOW_CTX_DAG_RUN_ID='manual__2026-05-11T13:38:05.033342+00:00'
[2026-05-11T13:42:01.044+0000] {taskinstance.py:430} INFO - ::endgroup::
[2026-05-11T13:42:01.080+0000] {subprocess.py:63} INFO - Tmp dir root location: /tmp
[2026-05-11T13:42:01.084+0000] {subprocess.py:75} INFO - Running command: ['/usr/bin/bash', '-c', 'cd /opt/***/stackoverflow_analytics && dbt run --select staging']
[2026-05-11T13:42:01.109+0000] {subprocess.py:86} INFO - Output:
[2026-05-11T13:42:07.734+0000] {subprocess.py:93} INFO - [0m13:42:07  Running with dbt=1.8.3
[2026-05-11T13:42:08.439+0000] {subprocess.py:93} INFO - [0m13:42:08  Registered adapter: clickhouse=1.8.3
[2026-05-11T13:42:10.549+0000] {subprocess.py:93} INFO - [0m13:42:10  Found 2 models, 2 data tests, 1 source, 463 macros
[2026-05-11T13:42:10.559+0000] {subprocess.py:93} INFO - [0m13:42:10
[2026-05-11T13:42:14.003+0000] {subprocess.py:93} INFO - [0m13:42:14  Concurrency: 1 threads (target='dev')
[2026-05-11T13:42:14.005+0000] {subprocess.py:93} INFO - [0m13:42:14
[2026-05-11T13:42:14.025+0000] {subprocess.py:93} INFO - [0m13:42:14  1 of 1 START sql incremental model `big_query`.`stg_posts` ..................... [RUN]
[2026-05-11T13:42:47.529+0000] {subprocess.py:93} INFO - [0m13:42:47  1 of 1 OK created sql incremental model `big_query`.`stg_posts` ................ [[32mOK[0m in 33.49s]
[2026-05-11T13:42:47.554+0000] {subprocess.py:93} INFO - [0m13:42:47
[2026-05-11T13:42:47.556+0000] {subprocess.py:93} INFO - [0m13:42:47  Finished running 1 incremental model in 0 hours 0 minutes and 36.99 seconds (36.99s).
[2026-05-11T13:42:47.700+0000] {subprocess.py:93} INFO - [0m13:42:47
[2026-05-11T13:42:47.703+0000] {subprocess.py:93} INFO - [0m13:42:47  [32mCompleted successfully[0m
[2026-05-11T13:42:47.705+0000] {subprocess.py:93} INFO - [0m13:42:47
[2026-05-11T13:42:47.707+0000] {subprocess.py:93} INFO - [0m13:42:47  Done. PASS=1 WARN=0 ERROR=0 SKIP=0 TOTAL=1
[2026-05-11T13:42:49.683+0000] {subprocess.py:97} INFO - Command exited with return code 0
[2026-05-11T13:42:49.686+0000] {taskinstance.py:441} INFO - ::group::Post task execution logs
[2026-05-11T13:42:49.879+0000] {taskinstance.py:1206} INFO - Marking task as SUCCESS. dag_id=stackoverflow_medallion_pipeline, task_id=run_dbt_staging, run_id=manual__2026-05-11T13:38:05.033342+00:00, execution_date=20260511T133805, start_date=20260511T134159, end_date=20260511T134249
[2026-05-11T13:42:49.964+0000] {local_task_job_runner.py:240} INFO - Task exited with return code 0
[2026-05-11T13:42:50.068+0000] {taskinstance.py:3498} INFO - 1 downstream tasks scheduled from follow-on schedule check
[2026-05-11T13:42:50.073+0000] {local_task_job_runner.py:222} INFO - ::endgroup::
