[2026-05-19T13:35:14.635+0000] {local_task_job_runner.py:120} INFO - ::group::Pre task execution logs
[2026-05-19T13:35:14.694+0000] {taskinstance.py:2076} INFO - Dependencies all met for dep_context=non-requeueable deps ti=<TaskInstance: stackoverflow_medallion_pipeline_v2.run_dbt_marts manual__2026-05-19T13:32:08.286668+00:00 [queued]>
[2026-05-19T13:35:14.707+0000] {taskinstance.py:2076} INFO - Dependencies all met for dep_context=requeueable deps ti=<TaskInstance: stackoverflow_medallion_pipeline_v2.run_dbt_marts manual__2026-05-19T13:32:08.286668+00:00 [queued]>
[2026-05-19T13:35:14.708+0000] {taskinstance.py:2306} INFO - Starting attempt 1 of 5
[2026-05-19T13:35:14.727+0000] {taskinstance.py:2330} INFO - Executing <Task(BashOperator): run_dbt_marts> on 2026-05-19 13:32:08.286668+00:00
[2026-05-19T13:35:14.737+0000] {standard_task_runner.py:90} INFO - Running: ['***', 'tasks', 'run', 'stackoverflow_medallion_pipeline_v2', 'run_dbt_marts', 'manual__2026-05-19T13:32:08.286668+00:00', '--job-id', '201', '--raw', '--subdir', 'DAGS_FOLDER/stackoverflow_migration_dag.py', '--cfg-path', '/tmp/tmpj_wjrh_r']
[2026-05-19T13:35:14.742+0000] {standard_task_runner.py:91} INFO - Job 201: Subtask run_dbt_marts
[2026-05-19T13:35:14.743+0000] {logging_mixin.py:188} WARNING - /home/***/.local/lib/python3.12/site-packages/***/task/task_runner/standard_task_runner.py:61 DeprecationWarning: This process (pid=797) is multi-threaded, use of fork() may lead to deadlocks in the child.
[2026-05-19T13:35:14.745+0000] {standard_task_runner.py:63} INFO - Started process 798 to run task
[2026-05-19T13:35:14.930+0000] {task_command.py:426} INFO - Running <TaskInstance: stackoverflow_medallion_pipeline_v2.run_dbt_marts manual__2026-05-19T13:32:08.286668+00:00 [running]> on host 7e778e631a73
[2026-05-19T13:35:15.255+0000] {taskinstance.py:2648} INFO - Exporting env vars: AIRFLOW_CTX_DAG_OWNER='Aniket Shinde' AIRFLOW_CTX_DAG_ID='stackoverflow_medallion_pipeline_v2' AIRFLOW_CTX_TASK_ID='run_dbt_marts' AIRFLOW_CTX_EXECUTION_DATE='2026-05-19T13:32:08.286668+00:00' AIRFLOW_CTX_TRY_NUMBER='1' AIRFLOW_CTX_DAG_RUN_ID='manual__2026-05-19T13:32:08.286668+00:00'
[2026-05-19T13:35:15.257+0000] {taskinstance.py:430} INFO - ::endgroup::
[2026-05-19T13:35:15.275+0000] {subprocess.py:63} INFO - Tmp dir root location: /tmp
[2026-05-19T13:35:15.277+0000] {subprocess.py:75} INFO - Running command: ['/usr/bin/bash', '-c', 'cd /opt/***/stackoverflow_analytics && dbt run --select marts']
[2026-05-19T13:35:15.291+0000] {subprocess.py:86} INFO - Output:
[2026-05-19T13:35:18.364+0000] {subprocess.py:93} INFO - [0m13:35:18  Running with dbt=1.8.3
[2026-05-19T13:35:18.698+0000] {subprocess.py:93} INFO - [0m13:35:18  Registered adapter: clickhouse=1.8.3
[2026-05-19T13:35:19.722+0000] {subprocess.py:93} INFO - [0m13:35:19  Found 2 models, 2 data tests, 1 source, 463 macros
[2026-05-19T13:35:19.728+0000] {subprocess.py:93} INFO - [0m13:35:19
[2026-05-19T13:35:23.565+0000] {subprocess.py:93} INFO - [0m13:35:23  Concurrency: 1 threads (target='dev')
[2026-05-19T13:35:23.567+0000] {subprocess.py:93} INFO - [0m13:35:23
[2026-05-19T13:35:23.582+0000] {subprocess.py:93} INFO - [0m13:35:23  1 of 1 START sql table model `big_query`.`fct_tag_analysis` .................... [RUN]
[2026-05-19T13:35:30.835+0000] {subprocess.py:93} INFO - [0m13:35:30  1 of 1 OK created sql table model `big_query`.`fct_tag_analysis` ............... [[32mOK[0m in 7.25s]
[2026-05-19T13:35:30.845+0000] {subprocess.py:93} INFO - [0m13:35:30
[2026-05-19T13:35:30.847+0000] {subprocess.py:93} INFO - [0m13:35:30  Finished running 1 table model in 0 hours 0 minutes and 11.12 seconds (11.12s).
[2026-05-19T13:35:30.919+0000] {subprocess.py:93} INFO - [0m13:35:30
[2026-05-19T13:35:30.921+0000] {subprocess.py:93} INFO - [0m13:35:30  [32mCompleted successfully[0m
[2026-05-19T13:35:30.923+0000] {subprocess.py:93} INFO - [0m13:35:30
[2026-05-19T13:35:30.925+0000] {subprocess.py:93} INFO - [0m13:35:30  Done. PASS=1 WARN=0 ERROR=0 SKIP=0 TOTAL=1
[2026-05-19T13:35:32.506+0000] {subprocess.py:97} INFO - Command exited with return code 0
[2026-05-19T13:35:32.510+0000] {taskinstance.py:441} INFO - ::group::Post task execution logs
[2026-05-19T13:35:32.617+0000] {taskinstance.py:1206} INFO - Marking task as SUCCESS. dag_id=stackoverflow_medallion_pipeline_v2, task_id=run_dbt_marts, run_id=manual__2026-05-19T13:32:08.286668+00:00, execution_date=20260519T133208, start_date=20260519T133514, end_date=20260519T133532
[2026-05-19T13:35:32.666+0000] {local_task_job_runner.py:240} INFO - Task exited with return code 0
[2026-05-19T13:35:32.723+0000] {taskinstance.py:3498} INFO - 0 downstream tasks scheduled from follow-on schedule check
[2026-05-19T13:35:32.729+0000] {local_task_job_runner.py:222} INFO - ::endgroup::
