[2026-05-19T11:29:02.646+0000] {local_task_job_runner.py:120} INFO - ::group::Pre task execution logs
[2026-05-19T11:29:02.777+0000] {taskinstance.py:2076} INFO - Dependencies all met for dep_context=non-requeueable deps ti=<TaskInstance: stackoverflow_medallion_pipeline_v2.trigger_glue_migration manual__2026-05-19T11:28:58.195953+00:00 [queued]>
[2026-05-19T11:29:02.828+0000] {taskinstance.py:2076} INFO - Dependencies all met for dep_context=requeueable deps ti=<TaskInstance: stackoverflow_medallion_pipeline_v2.trigger_glue_migration manual__2026-05-19T11:28:58.195953+00:00 [queued]>
[2026-05-19T11:29:02.830+0000] {taskinstance.py:2306} INFO - Starting attempt 1 of 5
[2026-05-19T11:29:02.902+0000] {taskinstance.py:2330} INFO - Executing <Task(GlueJobOperator): trigger_glue_migration> on 2026-05-19 11:28:58.195953+00:00
[2026-05-19T11:29:02.955+0000] {logging_mixin.py:188} WARNING - /home/***/.local/lib/python3.12/site-packages/***/task/task_runner/standard_task_runner.py:61 DeprecationWarning: This process (pid=978) is multi-threaded, use of fork() may lead to deadlocks in the child.
[2026-05-19T11:29:02.972+0000] {standard_task_runner.py:63} INFO - Started process 982 to run task
[2026-05-19T11:29:02.955+0000] {standard_task_runner.py:90} INFO - Running: ['***', 'tasks', 'run', 'stackoverflow_medallion_pipeline_v2', 'trigger_glue_migration', 'manual__2026-05-19T11:28:58.195953+00:00', '--job-id', '181', '--raw', '--subdir', 'DAGS_FOLDER/stackoverflow_migration_dag.py', '--cfg-path', '/tmp/tmp7lwfjqqa']
[2026-05-19T11:29:03.001+0000] {standard_task_runner.py:91} INFO - Job 181: Subtask trigger_glue_migration
[2026-05-19T11:29:03.386+0000] {task_command.py:426} INFO - Running <TaskInstance: stackoverflow_medallion_pipeline_v2.trigger_glue_migration manual__2026-05-19T11:28:58.195953+00:00 [running]> on host cba14ea35e20
[2026-05-19T11:29:04.351+0000] {taskinstance.py:2648} INFO - Exporting env vars: AIRFLOW_CTX_DAG_OWNER='Aniket Shinde' AIRFLOW_CTX_DAG_ID='stackoverflow_medallion_pipeline_v2' AIRFLOW_CTX_TASK_ID='trigger_glue_migration' AIRFLOW_CTX_EXECUTION_DATE='2026-05-19T11:28:58.195953+00:00' AIRFLOW_CTX_TRY_NUMBER='1' AIRFLOW_CTX_DAG_RUN_ID='manual__2026-05-19T11:28:58.195953+00:00'
[2026-05-19T11:29:04.354+0000] {taskinstance.py:430} INFO - ::endgroup::
[2026-05-19T11:29:04.398+0000] {glue.py:173} INFO - Initializing AWS Glue Job: BigQ_to_S3_2. Wait for completion: True
[2026-05-19T11:29:04.399+0000] {glue.py:364} INFO - Checking if job already exists: BigQ_to_S3_2
[2026-05-19T11:29:04.475+0000] {base.py:84} INFO - Using connection ID 'aws_default' for task execution.
[2026-05-19T11:29:04.478+0000] {connection_wrapper.py:384} INFO - AWS Connection (conn_id='aws_default', conn_type='aws') credentials retrieved from login and password.
[2026-05-19T11:29:07.772+0000] {glue.py:194} INFO - You can monitor this Glue Job run at: https://console.aws.amazon.com/gluestudio/home?region=us-east-1#/job/BigQ_to_S3_2/run/jr_44415b1bcbd97a8a7340f0804243dc4793eca77906637a357db7fab25af4dea7
[2026-05-19T11:29:08.126+0000] {glue.py:347} INFO - Polling for AWS Glue Job BigQ_to_S3_2 current run state with status RUNNING
[2026-05-19T11:29:14.496+0000] {glue.py:347} INFO - Polling for AWS Glue Job BigQ_to_S3_2 current run state with status RUNNING
[2026-05-19T11:29:20.863+0000] {glue.py:347} INFO - Polling for AWS Glue Job BigQ_to_S3_2 current run state with status RUNNING
[2026-05-19T11:29:27.244+0000] {glue.py:347} INFO - Polling for AWS Glue Job BigQ_to_S3_2 current run state with status RUNNING
[2026-05-19T11:29:33.617+0000] {glue.py:347} INFO - Polling for AWS Glue Job BigQ_to_S3_2 current run state with status RUNNING
[2026-05-19T11:29:40.025+0000] {glue.py:347} INFO - Polling for AWS Glue Job BigQ_to_S3_2 current run state with status RUNNING
[2026-05-19T11:29:46.411+0000] {glue.py:347} INFO - Polling for AWS Glue Job BigQ_to_S3_2 current run state with status RUNNING
[2026-05-19T11:29:52.789+0000] {glue.py:347} INFO - Polling for AWS Glue Job BigQ_to_S3_2 current run state with status RUNNING
[2026-05-19T11:29:59.176+0000] {glue.py:347} INFO - Polling for AWS Glue Job BigQ_to_S3_2 current run state with status RUNNING
[2026-05-19T11:30:05.563+0000] {glue.py:347} INFO - Polling for AWS Glue Job BigQ_to_S3_2 current run state with status RUNNING
[2026-05-19T11:30:11.948+0000] {glue.py:347} INFO - Polling for AWS Glue Job BigQ_to_S3_2 current run state with status RUNNING
[2026-05-19T11:30:18.324+0000] {glue.py:347} INFO - Polling for AWS Glue Job BigQ_to_S3_2 current run state with status RUNNING
[2026-05-19T11:30:24.703+0000] {glue.py:347} INFO - Polling for AWS Glue Job BigQ_to_S3_2 current run state with status RUNNING
[2026-05-19T11:30:31.078+0000] {glue.py:347} INFO - Polling for AWS Glue Job BigQ_to_S3_2 current run state with status RUNNING
[2026-05-19T11:30:37.454+0000] {glue.py:347} INFO - Polling for AWS Glue Job BigQ_to_S3_2 current run state with status RUNNING
[2026-05-19T11:30:43.824+0000] {glue.py:347} INFO - Polling for AWS Glue Job BigQ_to_S3_2 current run state with status RUNNING
[2026-05-19T11:30:50.204+0000] {glue.py:347} INFO - Polling for AWS Glue Job BigQ_to_S3_2 current run state with status RUNNING
[2026-05-19T11:30:56.598+0000] {glue.py:347} INFO - Polling for AWS Glue Job BigQ_to_S3_2 current run state with status RUNNING
[2026-05-19T11:31:02.972+0000] {glue.py:347} INFO - Polling for AWS Glue Job BigQ_to_S3_2 current run state with status RUNNING
[2026-05-19T11:31:09.327+0000] {glue.py:340} INFO - Exiting Job jr_44415b1bcbd97a8a7340f0804243dc4793eca77906637a357db7fab25af4dea7 Run State: SUCCEEDED
[2026-05-19T11:31:09.328+0000] {glue.py:209} INFO - AWS Glue Job: BigQ_to_S3_2 status: SUCCEEDED. Run Id: jr_44415b1bcbd97a8a7340f0804243dc4793eca77906637a357db7fab25af4dea7
[2026-05-19T11:31:09.329+0000] {taskinstance.py:441} INFO - ::group::Post task execution logs
[2026-05-19T11:31:09.430+0000] {taskinstance.py:1206} INFO - Marking task as SUCCESS. dag_id=stackoverflow_medallion_pipeline_v2, task_id=trigger_glue_migration, run_id=manual__2026-05-19T11:28:58.195953+00:00, execution_date=20260519T112858, start_date=20260519T112902, end_date=20260519T113109
[2026-05-19T11:31:09.506+0000] {local_task_job_runner.py:240} INFO - Task exited with return code 0
[2026-05-19T11:31:09.568+0000] {taskinstance.py:3498} INFO - 1 downstream tasks scheduled from follow-on schedule check
[2026-05-19T11:31:09.572+0000] {local_task_job_runner.py:222} INFO - ::endgroup::
