[2026-05-06T14:57:49.991+0000] {local_task_job_runner.py:120} INFO - ::group::Pre task execution logs
[2026-05-06T14:57:50.075+0000] {taskinstance.py:2076} INFO - Dependencies all met for dep_context=non-requeueable deps ti=<TaskInstance: stackoverflow_automated_mcp_pipeline.trigger_glue_migration manual__2026-05-06T14:57:46.605558+00:00 [queued]>
[2026-05-06T14:57:50.091+0000] {taskinstance.py:2076} INFO - Dependencies all met for dep_context=requeueable deps ti=<TaskInstance: stackoverflow_automated_mcp_pipeline.trigger_glue_migration manual__2026-05-06T14:57:46.605558+00:00 [queued]>
[2026-05-06T14:57:50.092+0000] {taskinstance.py:2306} INFO - Starting attempt 1 of 2
[2026-05-06T14:57:50.115+0000] {taskinstance.py:2330} INFO - Executing <Task(GlueJobOperator): trigger_glue_migration> on 2026-05-06 14:57:46.605558+00:00
[2026-05-06T14:57:50.128+0000] {standard_task_runner.py:90} INFO - Running: ['***', 'tasks', 'run', 'stackoverflow_automated_mcp_pipeline', 'trigger_glue_migration', 'manual__2026-05-06T14:57:46.605558+00:00', '--job-id', '48', '--raw', '--subdir', 'DAGS_FOLDER/stackoverflow_migration_dag.py', '--cfg-path', '/tmp/tmpimy779zv']
[2026-05-06T14:57:50.134+0000] {standard_task_runner.py:91} INFO - Job 48: Subtask trigger_glue_migration
[2026-05-06T14:57:50.134+0000] {logging_mixin.py:188} WARNING - /home/***/.local/lib/python3.12/site-packages/***/task/task_runner/standard_task_runner.py:61 DeprecationWarning: This process (pid=174) is multi-threaded, use of fork() may lead to deadlocks in the child.
[2026-05-06T14:57:50.136+0000] {standard_task_runner.py:63} INFO - Started process 175 to run task
[2026-05-06T14:57:50.372+0000] {task_command.py:426} INFO - Running <TaskInstance: stackoverflow_automated_mcp_pipeline.trigger_glue_migration manual__2026-05-06T14:57:46.605558+00:00 [running]> on host c4366a52f035
[2026-05-06T14:57:50.788+0000] {taskinstance.py:2648} INFO - Exporting env vars: AIRFLOW_CTX_DAG_OWNER='Aniket Shinde' AIRFLOW_CTX_DAG_ID='stackoverflow_automated_mcp_pipeline' AIRFLOW_CTX_TASK_ID='trigger_glue_migration' AIRFLOW_CTX_EXECUTION_DATE='2026-05-06T14:57:46.605558+00:00' AIRFLOW_CTX_TRY_NUMBER='1' AIRFLOW_CTX_DAG_RUN_ID='manual__2026-05-06T14:57:46.605558+00:00'
[2026-05-06T14:57:50.789+0000] {taskinstance.py:430} INFO - ::endgroup::
[2026-05-06T14:57:50.838+0000] {glue.py:173} INFO - Initializing AWS Glue Job: BigQ_to_S3_2. Wait for completion: True
[2026-05-06T14:57:50.839+0000] {glue.py:364} INFO - Checking if job already exists: BigQ_to_S3_2
[2026-05-06T14:57:50.909+0000] {base.py:84} INFO - Using connection ID 'aws_default' for task execution.
[2026-05-06T14:57:50.910+0000] {connection_wrapper.py:384} INFO - AWS Connection (conn_id='aws_default', conn_type='aws') credentials retrieved from login and password.
[2026-05-06T14:57:53.662+0000] {glue.py:194} INFO - You can monitor this Glue Job run at: https://console.aws.amazon.com/gluestudio/home?region=us-east-1#/job/BigQ_to_S3_2/run/jr_76905c22f86793906d8caef2683ddac994c75635aaa1e15b6061972c80d038b2
[2026-05-06T14:57:54.011+0000] {glue.py:347} INFO - Polling for AWS Glue Job BigQ_to_S3_2 current run state with status RUNNING
[2026-05-06T14:58:00.363+0000] {glue.py:347} INFO - Polling for AWS Glue Job BigQ_to_S3_2 current run state with status RUNNING
[2026-05-06T14:58:06.717+0000] {glue.py:347} INFO - Polling for AWS Glue Job BigQ_to_S3_2 current run state with status RUNNING
[2026-05-06T14:58:13.088+0000] {glue.py:347} INFO - Polling for AWS Glue Job BigQ_to_S3_2 current run state with status RUNNING
[2026-05-06T14:58:19.447+0000] {glue.py:347} INFO - Polling for AWS Glue Job BigQ_to_S3_2 current run state with status RUNNING
[2026-05-06T14:58:25.799+0000] {glue.py:347} INFO - Polling for AWS Glue Job BigQ_to_S3_2 current run state with status RUNNING
[2026-05-06T14:58:32.174+0000] {glue.py:347} INFO - Polling for AWS Glue Job BigQ_to_S3_2 current run state with status RUNNING
[2026-05-06T14:58:38.561+0000] {glue.py:347} INFO - Polling for AWS Glue Job BigQ_to_S3_2 current run state with status RUNNING
[2026-05-06T14:58:44.929+0000] {glue.py:347} INFO - Polling for AWS Glue Job BigQ_to_S3_2 current run state with status RUNNING
[2026-05-06T14:58:51.288+0000] {glue.py:347} INFO - Polling for AWS Glue Job BigQ_to_S3_2 current run state with status RUNNING
[2026-05-06T14:58:57.650+0000] {glue.py:347} INFO - Polling for AWS Glue Job BigQ_to_S3_2 current run state with status RUNNING
[2026-05-06T14:59:04.034+0000] {glue.py:347} INFO - Polling for AWS Glue Job BigQ_to_S3_2 current run state with status RUNNING
[2026-05-06T14:59:10.403+0000] {glue.py:347} INFO - Polling for AWS Glue Job BigQ_to_S3_2 current run state with status RUNNING
[2026-05-06T14:59:16.767+0000] {glue.py:347} INFO - Polling for AWS Glue Job BigQ_to_S3_2 current run state with status RUNNING
[2026-05-06T14:59:23.136+0000] {glue.py:347} INFO - Polling for AWS Glue Job BigQ_to_S3_2 current run state with status RUNNING
[2026-05-06T14:59:29.538+0000] {glue.py:347} INFO - Polling for AWS Glue Job BigQ_to_S3_2 current run state with status RUNNING
[2026-05-06T14:59:35.913+0000] {glue.py:347} INFO - Polling for AWS Glue Job BigQ_to_S3_2 current run state with status RUNNING
[2026-05-06T14:59:42.292+0000] {glue.py:347} INFO - Polling for AWS Glue Job BigQ_to_S3_2 current run state with status RUNNING
[2026-05-06T14:59:48.634+0000] {glue.py:340} INFO - Exiting Job jr_76905c22f86793906d8caef2683ddac994c75635aaa1e15b6061972c80d038b2 Run State: SUCCEEDED
[2026-05-06T14:59:48.635+0000] {glue.py:209} INFO - AWS Glue Job: BigQ_to_S3_2 status: SUCCEEDED. Run Id: jr_76905c22f86793906d8caef2683ddac994c75635aaa1e15b6061972c80d038b2
[2026-05-06T14:59:48.635+0000] {taskinstance.py:441} INFO - ::group::Post task execution logs
[2026-05-06T14:59:48.783+0000] {taskinstance.py:1206} INFO - Marking task as SUCCESS. dag_id=stackoverflow_automated_mcp_pipeline, task_id=trigger_glue_migration, run_id=manual__2026-05-06T14:57:46.605558+00:00, execution_date=20260506T145746, start_date=20260506T145750, end_date=20260506T145948
[2026-05-06T14:59:48.855+0000] {local_task_job_runner.py:240} INFO - Task exited with return code 0
[2026-05-06T14:59:48.928+0000] {taskinstance.py:3498} INFO - 1 downstream tasks scheduled from follow-on schedule check
[2026-05-06T14:59:48.933+0000] {local_task_job_runner.py:222} INFO - ::endgroup::
