[2026-05-15T18:51:12.800+0000] {local_task_job_runner.py:120} INFO - ::group::Pre task execution logs
[2026-05-15T18:51:12.889+0000] {taskinstance.py:2076} INFO - Dependencies all met for dep_context=non-requeueable deps ti=<TaskInstance: stackoverflow_medallion_pipeline_v2.trigger_glue_migration manual__2026-05-15T18:51:08.510638+00:00 [queued]>
[2026-05-15T18:51:12.907+0000] {taskinstance.py:2076} INFO - Dependencies all met for dep_context=requeueable deps ti=<TaskInstance: stackoverflow_medallion_pipeline_v2.trigger_glue_migration manual__2026-05-15T18:51:08.510638+00:00 [queued]>
[2026-05-15T18:51:12.909+0000] {taskinstance.py:2306} INFO - Starting attempt 1 of 4
[2026-05-15T18:51:12.934+0000] {taskinstance.py:2330} INFO - Executing <Task(GlueJobOperator): trigger_glue_migration> on 2026-05-15 18:51:08.510638+00:00
[2026-05-15T18:51:12.950+0000] {standard_task_runner.py:90} INFO - Running: ['***', 'tasks', 'run', 'stackoverflow_medallion_pipeline_v2', 'trigger_glue_migration', 'manual__2026-05-15T18:51:08.510638+00:00', '--job-id', '89', '--raw', '--subdir', 'DAGS_FOLDER/stackoverflow_migration_dag.py', '--cfg-path', '/tmp/tmppdbrzc9w']
[2026-05-15T18:51:12.956+0000] {standard_task_runner.py:91} INFO - Job 89: Subtask trigger_glue_migration
[2026-05-15T18:51:12.957+0000] {logging_mixin.py:188} WARNING - /home/***/.local/lib/python3.12/site-packages/***/task/task_runner/standard_task_runner.py:61 DeprecationWarning: This process (pid=177) is multi-threaded, use of fork() may lead to deadlocks in the child.
[2026-05-15T18:51:12.959+0000] {standard_task_runner.py:63} INFO - Started process 180 to run task
[2026-05-15T18:51:13.204+0000] {task_command.py:426} INFO - Running <TaskInstance: stackoverflow_medallion_pipeline_v2.trigger_glue_migration manual__2026-05-15T18:51:08.510638+00:00 [running]> on host 85b64de6d1af
[2026-05-15T18:51:13.728+0000] {taskinstance.py:2648} INFO - Exporting env vars: AIRFLOW_CTX_DAG_OWNER='Aniket Shinde' AIRFLOW_CTX_DAG_ID='stackoverflow_medallion_pipeline_v2' AIRFLOW_CTX_TASK_ID='trigger_glue_migration' AIRFLOW_CTX_EXECUTION_DATE='2026-05-15T18:51:08.510638+00:00' AIRFLOW_CTX_TRY_NUMBER='1' AIRFLOW_CTX_DAG_RUN_ID='manual__2026-05-15T18:51:08.510638+00:00'
[2026-05-15T18:51:13.731+0000] {taskinstance.py:430} INFO - ::endgroup::
[2026-05-15T18:51:13.811+0000] {glue.py:173} INFO - Initializing AWS Glue Job: BigQ_to_S3_2. Wait for completion: True
[2026-05-15T18:51:13.813+0000] {glue.py:364} INFO - Checking if job already exists: BigQ_to_S3_2
[2026-05-15T18:51:13.856+0000] {base.py:84} INFO - Using connection ID 'aws_default' for task execution.
[2026-05-15T18:51:13.857+0000] {connection_wrapper.py:384} INFO - AWS Connection (conn_id='aws_default', conn_type='aws') credentials retrieved from login and password.
[2026-05-15T18:51:17.251+0000] {glue.py:194} INFO - You can monitor this Glue Job run at: https://console.aws.amazon.com/gluestudio/home?region=us-east-1#/job/BigQ_to_S3_2/run/jr_3d583343c989a0397cea999c88ce7225414f245fdab1335ebf79eb600c7da25e
[2026-05-15T18:51:17.633+0000] {glue.py:347} INFO - Polling for AWS Glue Job BigQ_to_S3_2 current run state with status RUNNING
[2026-05-15T18:51:24.038+0000] {glue.py:347} INFO - Polling for AWS Glue Job BigQ_to_S3_2 current run state with status RUNNING
[2026-05-15T18:51:30.423+0000] {glue.py:347} INFO - Polling for AWS Glue Job BigQ_to_S3_2 current run state with status RUNNING
[2026-05-15T18:51:36.804+0000] {glue.py:347} INFO - Polling for AWS Glue Job BigQ_to_S3_2 current run state with status RUNNING
[2026-05-15T18:51:43.183+0000] {glue.py:347} INFO - Polling for AWS Glue Job BigQ_to_S3_2 current run state with status RUNNING
[2026-05-15T18:51:49.549+0000] {glue.py:347} INFO - Polling for AWS Glue Job BigQ_to_S3_2 current run state with status RUNNING
[2026-05-15T18:51:55.925+0000] {glue.py:347} INFO - Polling for AWS Glue Job BigQ_to_S3_2 current run state with status RUNNING
[2026-05-15T18:52:02.352+0000] {glue.py:347} INFO - Polling for AWS Glue Job BigQ_to_S3_2 current run state with status RUNNING
[2026-05-15T18:52:08.729+0000] {glue.py:347} INFO - Polling for AWS Glue Job BigQ_to_S3_2 current run state with status RUNNING
[2026-05-15T18:52:15.146+0000] {glue.py:347} INFO - Polling for AWS Glue Job BigQ_to_S3_2 current run state with status RUNNING
[2026-05-15T18:52:21.589+0000] {glue.py:347} INFO - Polling for AWS Glue Job BigQ_to_S3_2 current run state with status RUNNING
[2026-05-15T18:52:27.977+0000] {glue.py:347} INFO - Polling for AWS Glue Job BigQ_to_S3_2 current run state with status RUNNING
[2026-05-15T18:52:34.355+0000] {glue.py:347} INFO - Polling for AWS Glue Job BigQ_to_S3_2 current run state with status RUNNING
[2026-05-15T18:52:40.749+0000] {glue.py:347} INFO - Polling for AWS Glue Job BigQ_to_S3_2 current run state with status RUNNING
[2026-05-15T18:52:47.143+0000] {glue.py:347} INFO - Polling for AWS Glue Job BigQ_to_S3_2 current run state with status RUNNING
[2026-05-15T18:52:53.533+0000] {glue.py:347} INFO - Polling for AWS Glue Job BigQ_to_S3_2 current run state with status RUNNING
[2026-05-15T18:52:59.910+0000] {glue.py:347} INFO - Polling for AWS Glue Job BigQ_to_S3_2 current run state with status RUNNING
[2026-05-15T18:53:06.285+0000] {glue.py:347} INFO - Polling for AWS Glue Job BigQ_to_S3_2 current run state with status RUNNING
[2026-05-15T18:53:12.685+0000] {glue.py:347} INFO - Polling for AWS Glue Job BigQ_to_S3_2 current run state with status RUNNING
[2026-05-15T18:53:19.053+0000] {glue.py:340} INFO - Exiting Job jr_3d583343c989a0397cea999c88ce7225414f245fdab1335ebf79eb600c7da25e Run State: SUCCEEDED
[2026-05-15T18:53:19.056+0000] {glue.py:209} INFO - AWS Glue Job: BigQ_to_S3_2 status: SUCCEEDED. Run Id: jr_3d583343c989a0397cea999c88ce7225414f245fdab1335ebf79eb600c7da25e
[2026-05-15T18:53:19.058+0000] {taskinstance.py:441} INFO - ::group::Post task execution logs
[2026-05-15T18:53:19.312+0000] {taskinstance.py:1206} INFO - Marking task as SUCCESS. dag_id=stackoverflow_medallion_pipeline_v2, task_id=trigger_glue_migration, run_id=manual__2026-05-15T18:51:08.510638+00:00, execution_date=20260515T185108, start_date=20260515T185112, end_date=20260515T185319
[2026-05-15T18:53:19.428+0000] {local_task_job_runner.py:240} INFO - Task exited with return code 0
[2026-05-15T18:53:19.541+0000] {taskinstance.py:3498} INFO - 1 downstream tasks scheduled from follow-on schedule check
[2026-05-15T18:53:19.545+0000] {local_task_job_runner.py:222} INFO - ::endgroup::
