[2026-05-19T10:13:35.049+0000] {local_task_job_runner.py:120} INFO - ::group::Pre task execution logs
[2026-05-19T10:13:35.104+0000] {taskinstance.py:2076} INFO - Dependencies all met for dep_context=non-requeueable deps ti=<TaskInstance: stackoverflow_medallion_pipeline_v2.run_dbt_marts manual__2026-05-19T10:10:25.717767+00:00 [queued]>
[2026-05-19T10:13:35.117+0000] {taskinstance.py:2076} INFO - Dependencies all met for dep_context=requeueable deps ti=<TaskInstance: stackoverflow_medallion_pipeline_v2.run_dbt_marts manual__2026-05-19T10:10:25.717767+00:00 [queued]>
[2026-05-19T10:13:35.118+0000] {taskinstance.py:2306} INFO - Starting attempt 1 of 5
[2026-05-19T10:13:35.136+0000] {taskinstance.py:2330} INFO - Executing <Task(BashOperator): run_dbt_marts> on 2026-05-19 10:10:25.717767+00:00
[2026-05-19T10:13:35.147+0000] {standard_task_runner.py:90} INFO - Running: ['***', 'tasks', 'run', 'stackoverflow_medallion_pipeline_v2', 'run_dbt_marts', 'manual__2026-05-19T10:10:25.717767+00:00', '--job-id', '176', '--raw', '--subdir', 'DAGS_FOLDER/stackoverflow_migration_dag.py', '--cfg-path', '/tmp/tmp859ae2yf']
[2026-05-19T10:13:35.151+0000] {standard_task_runner.py:91} INFO - Job 176: Subtask run_dbt_marts
[2026-05-19T10:13:35.151+0000] {logging_mixin.py:188} WARNING - /home/***/.local/lib/python3.12/site-packages/***/task/task_runner/standard_task_runner.py:61 DeprecationWarning: This process (pid=230) is multi-threaded, use of fork() may lead to deadlocks in the child.
[2026-05-19T10:13:35.152+0000] {standard_task_runner.py:63} INFO - Started process 231 to run task
[2026-05-19T10:13:35.316+0000] {task_command.py:426} INFO - Running <TaskInstance: stackoverflow_medallion_pipeline_v2.run_dbt_marts manual__2026-05-19T10:10:25.717767+00:00 [running]> on host cba14ea35e20
[2026-05-19T10:13:35.806+0000] {taskinstance.py:2648} INFO - Exporting env vars: AIRFLOW_CTX_DAG_OWNER='Aniket Shinde' AIRFLOW_CTX_DAG_ID='stackoverflow_medallion_pipeline_v2' AIRFLOW_CTX_TASK_ID='run_dbt_marts' AIRFLOW_CTX_EXECUTION_DATE='2026-05-19T10:10:25.717767+00:00' AIRFLOW_CTX_TRY_NUMBER='1' AIRFLOW_CTX_DAG_RUN_ID='manual__2026-05-19T10:10:25.717767+00:00'
[2026-05-19T10:13:35.807+0000] {taskinstance.py:430} INFO - ::endgroup::
[2026-05-19T10:13:35.849+0000] {subprocess.py:63} INFO - Tmp dir root location: /tmp
[2026-05-19T10:13:35.854+0000] {subprocess.py:75} INFO - Running command: ['/usr/bin/bash', '-c', 'cd /opt/***/stackoverflow_analytics && dbt run --select marts']
[2026-05-19T10:13:35.891+0000] {subprocess.py:86} INFO - Output:
[2026-05-19T10:13:40.893+0000] {subprocess.py:93} INFO - [0m10:13:40  Running with dbt=1.8.3
[2026-05-19T10:13:41.301+0000] {subprocess.py:93} INFO - [0m10:13:41  Registered adapter: clickhouse=1.8.3
[2026-05-19T10:13:42.228+0000] {subprocess.py:93} INFO - [0m10:13:42  Found 2 models, 2 data tests, 1 source, 463 macros
[2026-05-19T10:13:42.236+0000] {subprocess.py:93} INFO - [0m10:13:42
[2026-05-19T10:13:46.182+0000] {subprocess.py:93} INFO - [0m10:13:46  Concurrency: 1 threads (target='dev')
[2026-05-19T10:13:46.184+0000] {subprocess.py:93} INFO - [0m10:13:46
[2026-05-19T10:13:46.200+0000] {subprocess.py:93} INFO - [0m10:13:46  1 of 1 START sql table model `big_query`.`fct_tag_analysis` .................... [RUN]
[2026-05-19T10:13:52.185+0000] {subprocess.py:93} INFO - [0m10:13:52  1 of 1 OK created sql table model `big_query`.`fct_tag_analysis` ............... [[32mOK[0m in 5.98s]
[2026-05-19T10:13:52.197+0000] {subprocess.py:93} INFO - [0m10:13:52
[2026-05-19T10:13:52.199+0000] {subprocess.py:93} INFO - [0m10:13:52  Finished running 1 table model in 0 hours 0 minutes and 9.96 seconds (9.96s).
[2026-05-19T10:13:52.289+0000] {subprocess.py:93} INFO - [0m10:13:52
[2026-05-19T10:13:52.290+0000] {subprocess.py:93} INFO - [0m10:13:52  [32mCompleted successfully[0m
[2026-05-19T10:13:52.292+0000] {subprocess.py:93} INFO - [0m10:13:52
[2026-05-19T10:13:52.294+0000] {subprocess.py:93} INFO - [0m10:13:52  Done. PASS=1 WARN=0 ERROR=0 SKIP=0 TOTAL=1
[2026-05-19T10:13:53.905+0000] {subprocess.py:97} INFO - Command exited with return code 0
[2026-05-19T10:13:53.906+0000] {taskinstance.py:441} INFO - ::group::Post task execution logs
[2026-05-19T10:13:54.026+0000] {taskinstance.py:1206} INFO - Marking task as SUCCESS. dag_id=stackoverflow_medallion_pipeline_v2, task_id=run_dbt_marts, run_id=manual__2026-05-19T10:10:25.717767+00:00, execution_date=20260519T101025, start_date=20260519T101335, end_date=20260519T101354
[2026-05-19T10:13:54.099+0000] {local_task_job_runner.py:240} INFO - Task exited with return code 0
[2026-05-19T10:13:54.160+0000] {taskinstance.py:3498} INFO - 0 downstream tasks scheduled from follow-on schedule check
[2026-05-19T10:13:54.164+0000] {local_task_job_runner.py:222} INFO - ::endgroup::
