[2026-05-15T18:28:47.249+0000] {local_task_job_runner.py:120} INFO - ::group::Pre task execution logs
[2026-05-15T18:28:47.356+0000] {taskinstance.py:2076} INFO - Dependencies all met for dep_context=non-requeueable deps ti=<TaskInstance: stackoverflow_medallion_pipeline_v2.trigger_glue_migration scheduled__2026-05-14T00:00:00+00:00 [queued]>
[2026-05-15T18:28:47.372+0000] {taskinstance.py:2076} INFO - Dependencies all met for dep_context=requeueable deps ti=<TaskInstance: stackoverflow_medallion_pipeline_v2.trigger_glue_migration scheduled__2026-05-14T00:00:00+00:00 [queued]>
[2026-05-15T18:28:47.373+0000] {taskinstance.py:2306} INFO - Starting attempt 1 of 2
[2026-05-15T18:28:47.405+0000] {taskinstance.py:2330} INFO - Executing <Task(GlueJobOperator): trigger_glue_migration> on 2026-05-14 00:00:00+00:00
[2026-05-15T18:28:47.424+0000] {standard_task_runner.py:90} INFO - Running: ['***', 'tasks', 'run', 'stackoverflow_medallion_pipeline_v2', 'trigger_glue_migration', 'scheduled__2026-05-14T00:00:00+00:00', '--job-id', '85', '--raw', '--subdir', 'DAGS_FOLDER/stackoverflow_migration_dag.py', '--cfg-path', '/tmp/tmprqe01gvw']
[2026-05-15T18:28:47.434+0000] {standard_task_runner.py:91} INFO - Job 85: Subtask trigger_glue_migration
[2026-05-15T18:28:47.434+0000] {logging_mixin.py:188} WARNING - /home/***/.local/lib/python3.12/site-packages/***/task/task_runner/standard_task_runner.py:61 DeprecationWarning: This process (pid=179) is multi-threaded, use of fork() may lead to deadlocks in the child.
[2026-05-15T18:28:47.436+0000] {standard_task_runner.py:63} INFO - Started process 185 to run task
[2026-05-15T18:28:47.780+0000] {task_command.py:426} INFO - Running <TaskInstance: stackoverflow_medallion_pipeline_v2.trigger_glue_migration scheduled__2026-05-14T00:00:00+00:00 [running]> on host ebc04d103649
[2026-05-15T18:28:48.281+0000] {taskinstance.py:2648} INFO - Exporting env vars: AIRFLOW_CTX_DAG_OWNER='Aniket Shinde' AIRFLOW_CTX_DAG_ID='stackoverflow_medallion_pipeline_v2' AIRFLOW_CTX_TASK_ID='trigger_glue_migration' AIRFLOW_CTX_EXECUTION_DATE='2026-05-14T00:00:00+00:00' AIRFLOW_CTX_TRY_NUMBER='1' AIRFLOW_CTX_DAG_RUN_ID='scheduled__2026-05-14T00:00:00+00:00'
[2026-05-15T18:28:48.284+0000] {taskinstance.py:430} INFO - ::endgroup::
[2026-05-15T18:28:48.306+0000] {glue.py:173} INFO - Initializing AWS Glue Job: BigQ_to_S3_2. Wait for completion: True
[2026-05-15T18:28:48.308+0000] {glue.py:364} INFO - Checking if job already exists: BigQ_to_S3_2
[2026-05-15T18:28:48.365+0000] {base.py:84} INFO - Using connection ID 'aws_default' for task execution.
[2026-05-15T18:28:48.366+0000] {connection_wrapper.py:384} INFO - AWS Connection (conn_id='aws_default', conn_type='aws') credentials retrieved from login and password.
[2026-05-15T18:28:51.740+0000] {glue.py:194} INFO - You can monitor this Glue Job run at: https://console.aws.amazon.com/gluestudio/home?region=us-east-1#/job/BigQ_to_S3_2/run/jr_db9ada452aae060ef5a9ec4a5e18961b3db1e0ebf3d35b1cd4b8c787fb3181cb
[2026-05-15T18:28:52.105+0000] {glue.py:347} INFO - Polling for AWS Glue Job BigQ_to_S3_2 current run state with status RUNNING
[2026-05-15T18:28:58.477+0000] {glue.py:347} INFO - Polling for AWS Glue Job BigQ_to_S3_2 current run state with status RUNNING
[2026-05-15T18:29:04.893+0000] {glue.py:347} INFO - Polling for AWS Glue Job BigQ_to_S3_2 current run state with status RUNNING
[2026-05-15T18:29:11.263+0000] {glue.py:347} INFO - Polling for AWS Glue Job BigQ_to_S3_2 current run state with status RUNNING
[2026-05-15T18:29:17.659+0000] {glue.py:347} INFO - Polling for AWS Glue Job BigQ_to_S3_2 current run state with status RUNNING
[2026-05-15T18:29:24.037+0000] {glue.py:347} INFO - Polling for AWS Glue Job BigQ_to_S3_2 current run state with status RUNNING
[2026-05-15T18:29:30.419+0000] {glue.py:347} INFO - Polling for AWS Glue Job BigQ_to_S3_2 current run state with status RUNNING
[2026-05-15T18:29:36.827+0000] {glue.py:347} INFO - Polling for AWS Glue Job BigQ_to_S3_2 current run state with status RUNNING
[2026-05-15T18:29:43.192+0000] {glue.py:347} INFO - Polling for AWS Glue Job BigQ_to_S3_2 current run state with status RUNNING
[2026-05-15T18:29:49.606+0000] {glue.py:347} INFO - Polling for AWS Glue Job BigQ_to_S3_2 current run state with status RUNNING
[2026-05-15T18:29:56.064+0000] {glue.py:347} INFO - Polling for AWS Glue Job BigQ_to_S3_2 current run state with status RUNNING
[2026-05-15T18:30:02.416+0000] {glue.py:347} INFO - Polling for AWS Glue Job BigQ_to_S3_2 current run state with status RUNNING
[2026-05-15T18:30:08.784+0000] {glue.py:347} INFO - Polling for AWS Glue Job BigQ_to_S3_2 current run state with status RUNNING
[2026-05-15T18:30:15.159+0000] {glue.py:347} INFO - Polling for AWS Glue Job BigQ_to_S3_2 current run state with status RUNNING
[2026-05-15T18:30:21.529+0000] {glue.py:347} INFO - Polling for AWS Glue Job BigQ_to_S3_2 current run state with status RUNNING
[2026-05-15T18:30:27.907+0000] {glue.py:347} INFO - Polling for AWS Glue Job BigQ_to_S3_2 current run state with status RUNNING
[2026-05-15T18:30:34.277+0000] {glue.py:347} INFO - Polling for AWS Glue Job BigQ_to_S3_2 current run state with status RUNNING
[2026-05-15T18:30:40.672+0000] {glue.py:347} INFO - Polling for AWS Glue Job BigQ_to_S3_2 current run state with status RUNNING
[2026-05-15T18:30:47.054+0000] {glue.py:340} INFO - Exiting Job jr_db9ada452aae060ef5a9ec4a5e18961b3db1e0ebf3d35b1cd4b8c787fb3181cb Run State: SUCCEEDED
[2026-05-15T18:30:47.055+0000] {glue.py:209} INFO - AWS Glue Job: BigQ_to_S3_2 status: SUCCEEDED. Run Id: jr_db9ada452aae060ef5a9ec4a5e18961b3db1e0ebf3d35b1cd4b8c787fb3181cb
[2026-05-15T18:30:47.056+0000] {taskinstance.py:441} INFO - ::group::Post task execution logs
[2026-05-15T18:30:47.299+0000] {taskinstance.py:1206} INFO - Marking task as SUCCESS. dag_id=stackoverflow_medallion_pipeline_v2, task_id=trigger_glue_migration, run_id=scheduled__2026-05-14T00:00:00+00:00, execution_date=20260514T000000, start_date=20260515T182847, end_date=20260515T183047
[2026-05-15T18:30:47.408+0000] {local_task_job_runner.py:240} INFO - Task exited with return code 0
[2026-05-15T18:30:47.534+0000] {taskinstance.py:3498} INFO - 1 downstream tasks scheduled from follow-on schedule check
[2026-05-15T18:30:47.540+0000] {local_task_job_runner.py:222} INFO - ::endgroup::
