[2026-05-18T21:17:04.419+0000] {local_task_job_runner.py:120} INFO - ::group::Pre task execution logs
[2026-05-18T21:17:04.502+0000] {taskinstance.py:2076} INFO - Dependencies all met for dep_context=non-requeueable deps ti=<TaskInstance: stackoverflow_medallion_pipeline_v2.trigger_glue_migration scheduled__2026-05-17T00:00:00+00:00 [queued]>
[2026-05-18T21:17:04.519+0000] {taskinstance.py:2076} INFO - Dependencies all met for dep_context=requeueable deps ti=<TaskInstance: stackoverflow_medallion_pipeline_v2.trigger_glue_migration scheduled__2026-05-17T00:00:00+00:00 [queued]>
[2026-05-18T21:17:04.520+0000] {taskinstance.py:2306} INFO - Starting attempt 1 of 5
[2026-05-18T21:17:04.547+0000] {taskinstance.py:2330} INFO - Executing <Task(GlueJobOperator): trigger_glue_migration> on 2026-05-17 00:00:00+00:00
[2026-05-18T21:17:04.560+0000] {standard_task_runner.py:90} INFO - Running: ['***', 'tasks', 'run', 'stackoverflow_medallion_pipeline_v2', 'trigger_glue_migration', 'scheduled__2026-05-17T00:00:00+00:00', '--job-id', '122', '--raw', '--subdir', 'DAGS_FOLDER/stackoverflow_migration_dag.py', '--cfg-path', '/tmp/tmpzbuwlcko']
[2026-05-18T21:17:04.563+0000] {logging_mixin.py:188} WARNING - /home/***/.local/lib/python3.12/site-packages/***/task/task_runner/standard_task_runner.py:61 DeprecationWarning: This process (pid=164) is multi-threaded, use of fork() may lead to deadlocks in the child.
[2026-05-18T21:17:04.564+0000] {standard_task_runner.py:91} INFO - Job 122: Subtask trigger_glue_migration
[2026-05-18T21:17:04.565+0000] {standard_task_runner.py:63} INFO - Started process 170 to run task
[2026-05-18T21:17:04.809+0000] {task_command.py:426} INFO - Running <TaskInstance: stackoverflow_medallion_pipeline_v2.trigger_glue_migration scheduled__2026-05-17T00:00:00+00:00 [running]> on host 4849cc25ab0e
[2026-05-18T21:17:05.206+0000] {taskinstance.py:2648} INFO - Exporting env vars: AIRFLOW_CTX_DAG_OWNER='Aniket Shinde' AIRFLOW_CTX_DAG_ID='stackoverflow_medallion_pipeline_v2' AIRFLOW_CTX_TASK_ID='trigger_glue_migration' AIRFLOW_CTX_EXECUTION_DATE='2026-05-17T00:00:00+00:00' AIRFLOW_CTX_TRY_NUMBER='1' AIRFLOW_CTX_DAG_RUN_ID='scheduled__2026-05-17T00:00:00+00:00'
[2026-05-18T21:17:05.208+0000] {taskinstance.py:430} INFO - ::endgroup::
[2026-05-18T21:17:05.252+0000] {glue.py:173} INFO - Initializing AWS Glue Job: BigQ_to_S3_2. Wait for completion: True
[2026-05-18T21:17:05.253+0000] {glue.py:364} INFO - Checking if job already exists: BigQ_to_S3_2
[2026-05-18T21:17:05.304+0000] {base.py:84} INFO - Using connection ID 'aws_default' for task execution.
[2026-05-18T21:17:05.305+0000] {connection_wrapper.py:384} INFO - AWS Connection (conn_id='aws_default', conn_type='aws') credentials retrieved from login and password.
[2026-05-18T21:17:08.816+0000] {glue.py:194} INFO - You can monitor this Glue Job run at: https://console.aws.amazon.com/gluestudio/home?region=us-east-1#/job/BigQ_to_S3_2/run/jr_5219a735df1ed8b5b51afd282987d754eae0399e361eb73a3480de8abcf9353c
[2026-05-18T21:17:09.113+0000] {glue.py:347} INFO - Polling for AWS Glue Job BigQ_to_S3_2 current run state with status RUNNING
[2026-05-18T21:17:15.442+0000] {glue.py:347} INFO - Polling for AWS Glue Job BigQ_to_S3_2 current run state with status RUNNING
[2026-05-18T21:17:21.771+0000] {glue.py:347} INFO - Polling for AWS Glue Job BigQ_to_S3_2 current run state with status RUNNING
[2026-05-18T21:17:28.105+0000] {glue.py:347} INFO - Polling for AWS Glue Job BigQ_to_S3_2 current run state with status RUNNING
[2026-05-18T21:17:34.470+0000] {glue.py:347} INFO - Polling for AWS Glue Job BigQ_to_S3_2 current run state with status RUNNING
[2026-05-18T21:17:40.801+0000] {glue.py:347} INFO - Polling for AWS Glue Job BigQ_to_S3_2 current run state with status RUNNING
[2026-05-18T21:17:47.123+0000] {glue.py:347} INFO - Polling for AWS Glue Job BigQ_to_S3_2 current run state with status RUNNING
[2026-05-18T21:17:53.510+0000] {glue.py:347} INFO - Polling for AWS Glue Job BigQ_to_S3_2 current run state with status RUNNING
[2026-05-18T21:17:59.840+0000] {glue.py:347} INFO - Polling for AWS Glue Job BigQ_to_S3_2 current run state with status RUNNING
[2026-05-18T21:18:06.168+0000] {glue.py:347} INFO - Polling for AWS Glue Job BigQ_to_S3_2 current run state with status RUNNING
[2026-05-18T21:18:12.492+0000] {glue.py:347} INFO - Polling for AWS Glue Job BigQ_to_S3_2 current run state with status RUNNING
[2026-05-18T21:18:18.836+0000] {glue.py:347} INFO - Polling for AWS Glue Job BigQ_to_S3_2 current run state with status RUNNING
[2026-05-18T21:18:25.163+0000] {glue.py:347} INFO - Polling for AWS Glue Job BigQ_to_S3_2 current run state with status RUNNING
[2026-05-18T21:18:31.486+0000] {glue.py:347} INFO - Polling for AWS Glue Job BigQ_to_S3_2 current run state with status RUNNING
[2026-05-18T21:18:37.814+0000] {glue.py:347} INFO - Polling for AWS Glue Job BigQ_to_S3_2 current run state with status RUNNING
[2026-05-18T21:18:44.142+0000] {glue.py:347} INFO - Polling for AWS Glue Job BigQ_to_S3_2 current run state with status RUNNING
[2026-05-18T21:18:50.459+0000] {glue.py:347} INFO - Polling for AWS Glue Job BigQ_to_S3_2 current run state with status RUNNING
[2026-05-18T21:18:56.786+0000] {glue.py:347} INFO - Polling for AWS Glue Job BigQ_to_S3_2 current run state with status RUNNING
[2026-05-18T21:19:03.124+0000] {glue.py:347} INFO - Polling for AWS Glue Job BigQ_to_S3_2 current run state with status RUNNING
[2026-05-18T21:19:09.456+0000] {glue.py:347} INFO - Polling for AWS Glue Job BigQ_to_S3_2 current run state with status RUNNING
[2026-05-18T21:19:15.777+0000] {glue.py:340} INFO - Exiting Job jr_5219a735df1ed8b5b51afd282987d754eae0399e361eb73a3480de8abcf9353c Run State: SUCCEEDED
[2026-05-18T21:19:15.778+0000] {glue.py:209} INFO - AWS Glue Job: BigQ_to_S3_2 status: SUCCEEDED. Run Id: jr_5219a735df1ed8b5b51afd282987d754eae0399e361eb73a3480de8abcf9353c
[2026-05-18T21:19:15.779+0000] {taskinstance.py:441} INFO - ::group::Post task execution logs
[2026-05-18T21:19:15.922+0000] {taskinstance.py:1206} INFO - Marking task as SUCCESS. dag_id=stackoverflow_medallion_pipeline_v2, task_id=trigger_glue_migration, run_id=scheduled__2026-05-17T00:00:00+00:00, execution_date=20260517T000000, start_date=20260518T211704, end_date=20260518T211915
[2026-05-18T21:19:15.988+0000] {local_task_job_runner.py:240} INFO - Task exited with return code 0
[2026-05-18T21:19:16.093+0000] {taskinstance.py:3498} INFO - 1 downstream tasks scheduled from follow-on schedule check
[2026-05-18T21:19:16.121+0000] {local_task_job_runner.py:222} INFO - ::endgroup::
