[2026-05-06T16:06:52.674+0000] {local_task_job_runner.py:120} INFO - ::group::Pre task execution logs
[2026-05-06T16:06:52.754+0000] {taskinstance.py:2076} INFO - Dependencies all met for dep_context=non-requeueable deps ti=<TaskInstance: stackoverflow_automated_mcp_pipeline.trigger_glue_migration manual__2026-05-06T16:06:48.051663+00:00 [queued]>
[2026-05-06T16:06:52.770+0000] {taskinstance.py:2076} INFO - Dependencies all met for dep_context=requeueable deps ti=<TaskInstance: stackoverflow_automated_mcp_pipeline.trigger_glue_migration manual__2026-05-06T16:06:48.051663+00:00 [queued]>
[2026-05-06T16:06:52.772+0000] {taskinstance.py:2306} INFO - Starting attempt 1 of 3
[2026-05-06T16:06:52.795+0000] {taskinstance.py:2330} INFO - Executing <Task(GlueJobOperator): trigger_glue_migration> on 2026-05-06 16:06:48.051663+00:00
[2026-05-06T16:06:52.812+0000] {standard_task_runner.py:90} INFO - Running: ['***', 'tasks', 'run', 'stackoverflow_automated_mcp_pipeline', 'trigger_glue_migration', 'manual__2026-05-06T16:06:48.051663+00:00', '--job-id', '54', '--raw', '--subdir', 'DAGS_FOLDER/stackoverflow_migration_dag.py', '--cfg-path', '/tmp/tmpcthwqgb8']
[2026-05-06T16:06:52.818+0000] {logging_mixin.py:188} WARNING - /home/***/.local/lib/python3.12/site-packages/***/task/task_runner/standard_task_runner.py:61 DeprecationWarning: This process (pid=189) is multi-threaded, use of fork() may lead to deadlocks in the child.
[2026-05-06T16:06:52.819+0000] {standard_task_runner.py:91} INFO - Job 54: Subtask trigger_glue_migration
[2026-05-06T16:06:52.819+0000] {standard_task_runner.py:63} INFO - Started process 190 to run task
[2026-05-06T16:06:53.054+0000] {task_command.py:426} INFO - Running <TaskInstance: stackoverflow_automated_mcp_pipeline.trigger_glue_migration manual__2026-05-06T16:06:48.051663+00:00 [running]> on host d5aa572d3c00
[2026-05-06T16:06:53.525+0000] {taskinstance.py:2648} INFO - Exporting env vars: AIRFLOW_CTX_DAG_OWNER='Aniket Shinde' AIRFLOW_CTX_DAG_ID='stackoverflow_automated_mcp_pipeline' AIRFLOW_CTX_TASK_ID='trigger_glue_migration' AIRFLOW_CTX_EXECUTION_DATE='2026-05-06T16:06:48.051663+00:00' AIRFLOW_CTX_TRY_NUMBER='1' AIRFLOW_CTX_DAG_RUN_ID='manual__2026-05-06T16:06:48.051663+00:00'
[2026-05-06T16:06:53.527+0000] {taskinstance.py:430} INFO - ::endgroup::
[2026-05-06T16:06:53.591+0000] {glue.py:173} INFO - Initializing AWS Glue Job: BigQ_to_S3_2. Wait for completion: True
[2026-05-06T16:06:53.592+0000] {glue.py:364} INFO - Checking if job already exists: BigQ_to_S3_2
[2026-05-06T16:06:53.671+0000] {base.py:84} INFO - Using connection ID 'aws_default' for task execution.
[2026-05-06T16:06:53.673+0000] {connection_wrapper.py:384} INFO - AWS Connection (conn_id='aws_default', conn_type='aws') credentials retrieved from login and password.
[2026-05-06T16:06:56.715+0000] {glue.py:194} INFO - You can monitor this Glue Job run at: https://console.aws.amazon.com/gluestudio/home?region=us-east-1#/job/BigQ_to_S3_2/run/jr_0bb7fa9e5f6bf34db7862025ae85705d1ffb03fac217bc6b10c679f013cb6d39
[2026-05-06T16:06:57.063+0000] {glue.py:347} INFO - Polling for AWS Glue Job BigQ_to_S3_2 current run state with status RUNNING
[2026-05-06T16:07:03.438+0000] {glue.py:347} INFO - Polling for AWS Glue Job BigQ_to_S3_2 current run state with status RUNNING
[2026-05-06T16:07:09.818+0000] {glue.py:347} INFO - Polling for AWS Glue Job BigQ_to_S3_2 current run state with status RUNNING
[2026-05-06T16:07:16.180+0000] {glue.py:347} INFO - Polling for AWS Glue Job BigQ_to_S3_2 current run state with status RUNNING
[2026-05-06T16:07:22.558+0000] {glue.py:347} INFO - Polling for AWS Glue Job BigQ_to_S3_2 current run state with status RUNNING
[2026-05-06T16:07:28.928+0000] {glue.py:347} INFO - Polling for AWS Glue Job BigQ_to_S3_2 current run state with status RUNNING
[2026-05-06T16:07:35.300+0000] {glue.py:347} INFO - Polling for AWS Glue Job BigQ_to_S3_2 current run state with status RUNNING
[2026-05-06T16:07:41.671+0000] {glue.py:347} INFO - Polling for AWS Glue Job BigQ_to_S3_2 current run state with status RUNNING
[2026-05-06T16:07:48.042+0000] {glue.py:347} INFO - Polling for AWS Glue Job BigQ_to_S3_2 current run state with status RUNNING
[2026-05-06T16:07:54.432+0000] {glue.py:347} INFO - Polling for AWS Glue Job BigQ_to_S3_2 current run state with status RUNNING
[2026-05-06T16:08:00.819+0000] {glue.py:347} INFO - Polling for AWS Glue Job BigQ_to_S3_2 current run state with status RUNNING
[2026-05-06T16:08:07.222+0000] {glue.py:347} INFO - Polling for AWS Glue Job BigQ_to_S3_2 current run state with status RUNNING
[2026-05-06T16:08:13.597+0000] {glue.py:347} INFO - Polling for AWS Glue Job BigQ_to_S3_2 current run state with status RUNNING
[2026-05-06T16:08:19.972+0000] {glue.py:347} INFO - Polling for AWS Glue Job BigQ_to_S3_2 current run state with status RUNNING
[2026-05-06T16:08:26.444+0000] {glue.py:347} INFO - Polling for AWS Glue Job BigQ_to_S3_2 current run state with status RUNNING
[2026-05-06T16:08:32.820+0000] {glue.py:347} INFO - Polling for AWS Glue Job BigQ_to_S3_2 current run state with status RUNNING
[2026-05-06T16:08:39.210+0000] {glue.py:347} INFO - Polling for AWS Glue Job BigQ_to_S3_2 current run state with status RUNNING
[2026-05-06T16:08:45.591+0000] {glue.py:347} INFO - Polling for AWS Glue Job BigQ_to_S3_2 current run state with status RUNNING
[2026-05-06T16:08:51.970+0000] {glue.py:347} INFO - Polling for AWS Glue Job BigQ_to_S3_2 current run state with status RUNNING
[2026-05-06T16:08:58.337+0000] {glue.py:347} INFO - Polling for AWS Glue Job BigQ_to_S3_2 current run state with status RUNNING
[2026-05-06T16:09:04.714+0000] {glue.py:347} INFO - Polling for AWS Glue Job BigQ_to_S3_2 current run state with status RUNNING
[2026-05-06T16:09:11.121+0000] {glue.py:340} INFO - Exiting Job jr_0bb7fa9e5f6bf34db7862025ae85705d1ffb03fac217bc6b10c679f013cb6d39 Run State: SUCCEEDED
[2026-05-06T16:09:11.122+0000] {glue.py:209} INFO - AWS Glue Job: BigQ_to_S3_2 status: SUCCEEDED. Run Id: jr_0bb7fa9e5f6bf34db7862025ae85705d1ffb03fac217bc6b10c679f013cb6d39
[2026-05-06T16:09:11.123+0000] {taskinstance.py:441} INFO - ::group::Post task execution logs
[2026-05-06T16:09:11.295+0000] {taskinstance.py:1206} INFO - Marking task as SUCCESS. dag_id=stackoverflow_automated_mcp_pipeline, task_id=trigger_glue_migration, run_id=manual__2026-05-06T16:06:48.051663+00:00, execution_date=20260506T160648, start_date=20260506T160652, end_date=20260506T160911
[2026-05-06T16:09:11.436+0000] {local_task_job_runner.py:240} INFO - Task exited with return code 0
[2026-05-06T16:09:11.498+0000] {local_task_job_runner.py:222} INFO - ::endgroup::
