[2026-05-19T13:43:30.679+0000] {local_task_job_runner.py:120} INFO - ::group::Pre task execution logs
[2026-05-19T13:43:30.752+0000] {taskinstance.py:2076} INFO - Dependencies all met for dep_context=non-requeueable deps ti=<TaskInstance: stackoverflow_medallion_pipeline_v2.trigger_glue_migration manual__2026-05-19T13:43:27.815230+00:00 [queued]>
[2026-05-19T13:43:30.769+0000] {taskinstance.py:2076} INFO - Dependencies all met for dep_context=requeueable deps ti=<TaskInstance: stackoverflow_medallion_pipeline_v2.trigger_glue_migration manual__2026-05-19T13:43:27.815230+00:00 [queued]>
[2026-05-19T13:43:30.771+0000] {taskinstance.py:2306} INFO - Starting attempt 1 of 5
[2026-05-19T13:43:30.798+0000] {taskinstance.py:2330} INFO - Executing <Task(GlueJobOperator): trigger_glue_migration> on 2026-05-19 13:43:27.815230+00:00
[2026-05-19T13:43:30.812+0000] {standard_task_runner.py:90} INFO - Running: ['***', 'tasks', 'run', 'stackoverflow_medallion_pipeline_v2', 'trigger_glue_migration', 'manual__2026-05-19T13:43:27.815230+00:00', '--job-id', '202', '--raw', '--subdir', 'DAGS_FOLDER/stackoverflow_migration_dag.py', '--cfg-path', '/tmp/tmp42kwg9m5']
[2026-05-19T13:43:30.819+0000] {standard_task_runner.py:91} INFO - Job 202: Subtask trigger_glue_migration
[2026-05-19T13:43:30.819+0000] {logging_mixin.py:188} WARNING - /home/***/.local/lib/python3.12/site-packages/***/task/task_runner/standard_task_runner.py:61 DeprecationWarning: This process (pid=888) is multi-threaded, use of fork() may lead to deadlocks in the child.
[2026-05-19T13:43:30.820+0000] {standard_task_runner.py:63} INFO - Started process 889 to run task
[2026-05-19T13:43:31.028+0000] {task_command.py:426} INFO - Running <TaskInstance: stackoverflow_medallion_pipeline_v2.trigger_glue_migration manual__2026-05-19T13:43:27.815230+00:00 [running]> on host 7e778e631a73
[2026-05-19T13:43:31.360+0000] {taskinstance.py:2648} INFO - Exporting env vars: AIRFLOW_CTX_DAG_OWNER='Aniket Shinde' AIRFLOW_CTX_DAG_ID='stackoverflow_medallion_pipeline_v2' AIRFLOW_CTX_TASK_ID='trigger_glue_migration' AIRFLOW_CTX_EXECUTION_DATE='2026-05-19T13:43:27.815230+00:00' AIRFLOW_CTX_TRY_NUMBER='1' AIRFLOW_CTX_DAG_RUN_ID='manual__2026-05-19T13:43:27.815230+00:00'
[2026-05-19T13:43:31.362+0000] {taskinstance.py:430} INFO - ::endgroup::
[2026-05-19T13:43:31.382+0000] {glue.py:173} INFO - Initializing AWS Glue Job: BigQ_to_S3_2. Wait for completion: True
[2026-05-19T13:43:31.465+0000] {glue.py:364} INFO - Checking if job already exists: BigQ_to_S3_2
[2026-05-19T13:43:31.514+0000] {base.py:84} INFO - Using connection ID 'aws_default' for task execution.
[2026-05-19T13:43:31.515+0000] {connection_wrapper.py:384} INFO - AWS Connection (conn_id='aws_default', conn_type='aws') credentials retrieved from login and password.
[2026-05-19T13:43:34.572+0000] {glue.py:194} INFO - You can monitor this Glue Job run at: https://console.aws.amazon.com/gluestudio/home?region=us-east-1#/job/BigQ_to_S3_2/run/jr_cc7322d5f658c881d7ae19f0cca343ae50d21df5a8d4eefca085ef53699120da
[2026-05-19T13:43:34.953+0000] {glue.py:347} INFO - Polling for AWS Glue Job BigQ_to_S3_2 current run state with status RUNNING
[2026-05-19T13:43:42.062+0000] {glue.py:347} INFO - Polling for AWS Glue Job BigQ_to_S3_2 current run state with status RUNNING
[2026-05-19T13:43:49.091+0000] {glue.py:347} INFO - Polling for AWS Glue Job BigQ_to_S3_2 current run state with status RUNNING
[2026-05-19T13:43:58.264+0000] {glue.py:347} INFO - Polling for AWS Glue Job BigQ_to_S3_2 current run state with status RUNNING
[2026-05-19T13:44:05.156+0000] {glue.py:347} INFO - Polling for AWS Glue Job BigQ_to_S3_2 current run state with status RUNNING
[2026-05-19T13:44:12.182+0000] {glue.py:347} INFO - Polling for AWS Glue Job BigQ_to_S3_2 current run state with status RUNNING
[2026-05-19T13:44:19.211+0000] {glue.py:347} INFO - Polling for AWS Glue Job BigQ_to_S3_2 current run state with status RUNNING
[2026-05-19T13:44:25.683+0000] {glue.py:347} INFO - Polling for AWS Glue Job BigQ_to_S3_2 current run state with status RUNNING
[2026-05-19T13:44:32.268+0000] {glue.py:347} INFO - Polling for AWS Glue Job BigQ_to_S3_2 current run state with status RUNNING
[2026-05-19T13:44:38.850+0000] {glue.py:347} INFO - Polling for AWS Glue Job BigQ_to_S3_2 current run state with status RUNNING
[2026-05-19T13:44:45.321+0000] {glue.py:347} INFO - Polling for AWS Glue Job BigQ_to_S3_2 current run state with status RUNNING
[2026-05-19T13:44:52.067+0000] {glue.py:347} INFO - Polling for AWS Glue Job BigQ_to_S3_2 current run state with status RUNNING
[2026-05-19T13:44:58.837+0000] {glue.py:347} INFO - Polling for AWS Glue Job BigQ_to_S3_2 current run state with status RUNNING
[2026-05-19T13:45:06.287+0000] {glue.py:347} INFO - Polling for AWS Glue Job BigQ_to_S3_2 current run state with status RUNNING
[2026-05-19T13:45:13.681+0000] {glue.py:347} INFO - Polling for AWS Glue Job BigQ_to_S3_2 current run state with status RUNNING
[2026-05-19T13:45:23.126+0000] {glue.py:347} INFO - Polling for AWS Glue Job BigQ_to_S3_2 current run state with status RUNNING
[2026-05-19T13:45:31.092+0000] {glue.py:347} INFO - Polling for AWS Glue Job BigQ_to_S3_2 current run state with status RUNNING
[2026-05-19T13:45:38.550+0000] {glue.py:340} INFO - Exiting Job jr_cc7322d5f658c881d7ae19f0cca343ae50d21df5a8d4eefca085ef53699120da Run State: SUCCEEDED
[2026-05-19T13:45:38.551+0000] {glue.py:209} INFO - AWS Glue Job: BigQ_to_S3_2 status: SUCCEEDED. Run Id: jr_cc7322d5f658c881d7ae19f0cca343ae50d21df5a8d4eefca085ef53699120da
[2026-05-19T13:45:38.551+0000] {taskinstance.py:441} INFO - ::group::Post task execution logs
[2026-05-19T13:45:38.657+0000] {taskinstance.py:1206} INFO - Marking task as SUCCESS. dag_id=stackoverflow_medallion_pipeline_v2, task_id=trigger_glue_migration, run_id=manual__2026-05-19T13:43:27.815230+00:00, execution_date=20260519T134327, start_date=20260519T134330, end_date=20260519T134538
[2026-05-19T13:45:38.708+0000] {local_task_job_runner.py:240} INFO - Task exited with return code 0
[2026-05-19T13:45:38.775+0000] {taskinstance.py:3498} INFO - 1 downstream tasks scheduled from follow-on schedule check
[2026-05-19T13:45:38.780+0000] {local_task_job_runner.py:222} INFO - ::endgroup::
