[2026-05-06T10:25:41.090+0000] {local_task_job_runner.py:120} INFO - ::group::Pre task execution logs
[2026-05-06T10:25:41.239+0000] {taskinstance.py:2076} INFO - Dependencies all met for dep_context=non-requeueable deps ti=<TaskInstance: stackoverflow_medallion_pipeline.trigger_glue_migration scheduled__2026-05-05T00:00:00+00:00 [queued]>
[2026-05-06T10:25:41.270+0000] {taskinstance.py:2076} INFO - Dependencies all met for dep_context=requeueable deps ti=<TaskInstance: stackoverflow_medallion_pipeline.trigger_glue_migration scheduled__2026-05-05T00:00:00+00:00 [queued]>
[2026-05-06T10:25:41.271+0000] {taskinstance.py:2306} INFO - Starting attempt 1 of 1
[2026-05-06T10:25:41.314+0000] {taskinstance.py:2330} INFO - Executing <Task(GlueJobOperator): trigger_glue_migration> on 2026-05-05 00:00:00+00:00
[2026-05-06T10:25:41.333+0000] {standard_task_runner.py:90} INFO - Running: ['***', 'tasks', 'run', 'stackoverflow_medallion_pipeline', 'trigger_glue_migration', 'scheduled__2026-05-05T00:00:00+00:00', '--job-id', '12', '--raw', '--subdir', 'DAGS_FOLDER/stackoverflow_migration_dag.py', '--cfg-path', '/tmp/tmpghubglq9']
[2026-05-06T10:25:41.343+0000] {standard_task_runner.py:91} INFO - Job 12: Subtask trigger_glue_migration
[2026-05-06T10:25:41.346+0000] {logging_mixin.py:188} WARNING - /home/***/.local/lib/python3.12/site-packages/***/task/task_runner/standard_task_runner.py:61 DeprecationWarning: This process (pid=169) is multi-threaded, use of fork() may lead to deadlocks in the child.
[2026-05-06T10:25:41.348+0000] {standard_task_runner.py:63} INFO - Started process 170 to run task
[2026-05-06T10:25:41.676+0000] {task_command.py:426} INFO - Running <TaskInstance: stackoverflow_medallion_pipeline.trigger_glue_migration scheduled__2026-05-05T00:00:00+00:00 [running]> on host a738a615ccf8
[2026-05-06T10:25:42.124+0000] {taskinstance.py:2648} INFO - Exporting env vars: AIRFLOW_CTX_DAG_OWNER='Aniket Shinde' AIRFLOW_CTX_DAG_ID='stackoverflow_medallion_pipeline' AIRFLOW_CTX_TASK_ID='trigger_glue_migration' AIRFLOW_CTX_EXECUTION_DATE='2026-05-05T00:00:00+00:00' AIRFLOW_CTX_TRY_NUMBER='1' AIRFLOW_CTX_DAG_RUN_ID='scheduled__2026-05-05T00:00:00+00:00'
[2026-05-06T10:25:42.126+0000] {taskinstance.py:430} INFO - ::endgroup::
[2026-05-06T10:25:42.179+0000] {glue.py:173} INFO - Initializing AWS Glue Job: BigQ_to_S3_2. Wait for completion: True
[2026-05-06T10:25:42.181+0000] {glue.py:364} INFO - Checking if job already exists: BigQ_to_S3_2
[2026-05-06T10:25:42.237+0000] {base.py:84} INFO - Using connection ID 'aws_default' for task execution.
[2026-05-06T10:25:42.239+0000] {connection_wrapper.py:384} INFO - AWS Connection (conn_id='aws_default', conn_type='aws') credentials retrieved from login and password.
[2026-05-06T10:25:45.458+0000] {glue.py:194} INFO - You can monitor this Glue Job run at: https://console.aws.amazon.com/gluestudio/home?region=us-east-1#/job/BigQ_to_S3_2/run/jr_3e62b028e6cb478906ac6bcffae24b444ac81d531e19a50782a5539f8766300a
[2026-05-06T10:25:45.822+0000] {glue.py:347} INFO - Polling for AWS Glue Job BigQ_to_S3_2 current run state with status RUNNING
[2026-05-06T10:25:52.199+0000] {glue.py:347} INFO - Polling for AWS Glue Job BigQ_to_S3_2 current run state with status RUNNING
[2026-05-06T10:25:58.572+0000] {glue.py:347} INFO - Polling for AWS Glue Job BigQ_to_S3_2 current run state with status RUNNING
[2026-05-06T10:26:04.960+0000] {glue.py:347} INFO - Polling for AWS Glue Job BigQ_to_S3_2 current run state with status RUNNING
[2026-05-06T10:26:11.356+0000] {glue.py:347} INFO - Polling for AWS Glue Job BigQ_to_S3_2 current run state with status RUNNING
[2026-05-06T10:26:17.761+0000] {glue.py:347} INFO - Polling for AWS Glue Job BigQ_to_S3_2 current run state with status RUNNING
[2026-05-06T10:26:24.128+0000] {glue.py:347} INFO - Polling for AWS Glue Job BigQ_to_S3_2 current run state with status RUNNING
[2026-05-06T10:26:30.503+0000] {glue.py:347} INFO - Polling for AWS Glue Job BigQ_to_S3_2 current run state with status RUNNING
[2026-05-06T10:26:36.885+0000] {glue.py:347} INFO - Polling for AWS Glue Job BigQ_to_S3_2 current run state with status RUNNING
[2026-05-06T10:26:43.792+0000] {glue.py:347} INFO - Polling for AWS Glue Job BigQ_to_S3_2 current run state with status RUNNING
[2026-05-06T10:26:50.195+0000] {glue.py:347} INFO - Polling for AWS Glue Job BigQ_to_S3_2 current run state with status RUNNING
[2026-05-06T10:26:56.563+0000] {glue.py:347} INFO - Polling for AWS Glue Job BigQ_to_S3_2 current run state with status RUNNING
[2026-05-06T10:27:02.937+0000] {glue.py:347} INFO - Polling for AWS Glue Job BigQ_to_S3_2 current run state with status RUNNING
[2026-05-06T10:27:09.306+0000] {glue.py:347} INFO - Polling for AWS Glue Job BigQ_to_S3_2 current run state with status RUNNING
[2026-05-06T10:27:15.673+0000] {glue.py:347} INFO - Polling for AWS Glue Job BigQ_to_S3_2 current run state with status RUNNING
[2026-05-06T10:27:22.042+0000] {glue.py:347} INFO - Polling for AWS Glue Job BigQ_to_S3_2 current run state with status RUNNING
[2026-05-06T10:27:28.430+0000] {glue.py:347} INFO - Polling for AWS Glue Job BigQ_to_S3_2 current run state with status RUNNING
[2026-05-06T10:27:34.806+0000] {glue.py:347} INFO - Polling for AWS Glue Job BigQ_to_S3_2 current run state with status RUNNING
[2026-05-06T10:27:41.180+0000] {glue.py:347} INFO - Polling for AWS Glue Job BigQ_to_S3_2 current run state with status RUNNING
[2026-05-06T10:27:47.530+0000] {glue.py:340} INFO - Exiting Job jr_3e62b028e6cb478906ac6bcffae24b444ac81d531e19a50782a5539f8766300a Run State: SUCCEEDED
[2026-05-06T10:27:47.531+0000] {glue.py:209} INFO - AWS Glue Job: BigQ_to_S3_2 status: SUCCEEDED. Run Id: jr_3e62b028e6cb478906ac6bcffae24b444ac81d531e19a50782a5539f8766300a
[2026-05-06T10:27:47.532+0000] {taskinstance.py:441} INFO - ::group::Post task execution logs
[2026-05-06T10:27:47.686+0000] {taskinstance.py:1206} INFO - Marking task as SUCCESS. dag_id=stackoverflow_medallion_pipeline, task_id=trigger_glue_migration, run_id=scheduled__2026-05-05T00:00:00+00:00, execution_date=20260505T000000, start_date=20260506T102541, end_date=20260506T102747
[2026-05-06T10:27:47.758+0000] {local_task_job_runner.py:240} INFO - Task exited with return code 0
[2026-05-06T10:27:47.855+0000] {taskinstance.py:3498} INFO - 1 downstream tasks scheduled from follow-on schedule check
[2026-05-06T10:27:47.861+0000] {local_task_job_runner.py:222} INFO - ::endgroup::
