[2026-05-06T10:36:40.799+0000] {local_task_job_runner.py:120} INFO - ::group::Pre task execution logs
[2026-05-06T10:36:40.906+0000] {taskinstance.py:2076} INFO - Dependencies all met for dep_context=non-requeueable deps ti=<TaskInstance: stackoverflow_medallion_pipeline.run_dbt_staging manual__2026-05-06T10:32:44.659868+00:00 [queued]>
[2026-05-06T10:36:40.931+0000] {taskinstance.py:2076} INFO - Dependencies all met for dep_context=requeueable deps ti=<TaskInstance: stackoverflow_medallion_pipeline.run_dbt_staging manual__2026-05-06T10:32:44.659868+00:00 [queued]>
[2026-05-06T10:36:40.934+0000] {taskinstance.py:2306} INFO - Starting attempt 1 of 1
[2026-05-06T10:36:40.972+0000] {taskinstance.py:2330} INFO - Executing <Task(BashOperator): run_dbt_staging> on 2026-05-06 10:32:44.659868+00:00
[2026-05-06T10:36:40.999+0000] {standard_task_runner.py:90} INFO - Running: ['***', 'tasks', 'run', 'stackoverflow_medallion_pipeline', 'run_dbt_staging', 'manual__2026-05-06T10:32:44.659868+00:00', '--job-id', '17', '--raw', '--subdir', 'DAGS_FOLDER/stackoverflow_migration_dag.py', '--cfg-path', '/tmp/tmp_tx8jgnl']
[2026-05-06T10:36:41.018+0000] {logging_mixin.py:188} WARNING - /home/***/.local/lib/python3.12/site-packages/***/task/task_runner/standard_task_runner.py:61 DeprecationWarning: This process (pid=284) is multi-threaded, use of fork() may lead to deadlocks in the child.
[2026-05-06T10:36:41.020+0000] {standard_task_runner.py:91} INFO - Job 17: Subtask run_dbt_staging
[2026-05-06T10:36:41.022+0000] {standard_task_runner.py:63} INFO - Started process 285 to run task
[2026-05-06T10:36:41.357+0000] {task_command.py:426} INFO - Running <TaskInstance: stackoverflow_medallion_pipeline.run_dbt_staging manual__2026-05-06T10:32:44.659868+00:00 [running]> on host a738a615ccf8
[2026-05-06T10:36:41.814+0000] {taskinstance.py:2648} INFO - Exporting env vars: AIRFLOW_CTX_DAG_OWNER='Aniket Shinde' AIRFLOW_CTX_DAG_ID='stackoverflow_medallion_pipeline' AIRFLOW_CTX_TASK_ID='run_dbt_staging' AIRFLOW_CTX_EXECUTION_DATE='2026-05-06T10:32:44.659868+00:00' AIRFLOW_CTX_TRY_NUMBER='1' AIRFLOW_CTX_DAG_RUN_ID='manual__2026-05-06T10:32:44.659868+00:00'
[2026-05-06T10:36:41.816+0000] {taskinstance.py:430} INFO - ::endgroup::
[2026-05-06T10:36:41.839+0000] {subprocess.py:63} INFO - Tmp dir root location: /tmp
[2026-05-06T10:36:41.841+0000] {subprocess.py:75} INFO - Running command: ['/usr/bin/bash', '-c', 'cd /opt/***/stackoverflow_analytics && dbt run --select staging']
[2026-05-06T10:36:41.858+0000] {subprocess.py:86} INFO - Output:
[2026-05-06T10:36:48.450+0000] {subprocess.py:93} INFO - [0m10:36:48  Running with dbt=1.8.3
[2026-05-06T10:36:49.060+0000] {subprocess.py:93} INFO - [0m10:36:49  Registered adapter: clickhouse=1.8.3
[2026-05-06T10:36:50.424+0000] {subprocess.py:93} INFO - [0m10:36:50  Found 2 models, 2 data tests, 1 source, 463 macros
[2026-05-06T10:36:50.432+0000] {subprocess.py:93} INFO - [0m10:36:50
[2026-05-06T10:36:55.018+0000] {subprocess.py:93} INFO - [0m10:36:55  Concurrency: 1 threads (target='dev')
[2026-05-06T10:36:55.039+0000] {subprocess.py:93} INFO - [0m10:36:55
[2026-05-06T10:36:55.154+0000] {subprocess.py:93} INFO - [0m10:36:55  1 of 1 START sql incremental model `big_query`.`stg_posts` ..................... [RUN]
[2026-05-06T10:37:08.241+0000] {subprocess.py:93} INFO - [0m10:37:08  1 of 1 OK created sql incremental model `big_query`.`stg_posts` ................ [[32mOK[0m in 13.06s]
[2026-05-06T10:37:08.257+0000] {subprocess.py:93} INFO - [0m10:37:08
[2026-05-06T10:37:08.259+0000] {subprocess.py:93} INFO - [0m10:37:08  Finished running 1 incremental model in 0 hours 0 minutes and 17.82 seconds (17.82s).
[2026-05-06T10:37:08.358+0000] {subprocess.py:93} INFO - [0m10:37:08
[2026-05-06T10:37:08.360+0000] {subprocess.py:93} INFO - [0m10:37:08  [32mCompleted successfully[0m
[2026-05-06T10:37:08.363+0000] {subprocess.py:93} INFO - [0m10:37:08
[2026-05-06T10:37:08.365+0000] {subprocess.py:93} INFO - [0m10:37:08  Done. PASS=1 WARN=0 ERROR=0 SKIP=0 TOTAL=1
[2026-05-06T10:37:10.061+0000] {subprocess.py:97} INFO - Command exited with return code 0
[2026-05-06T10:37:10.063+0000] {taskinstance.py:441} INFO - ::group::Post task execution logs
[2026-05-06T10:37:10.219+0000] {taskinstance.py:1206} INFO - Marking task as SUCCESS. dag_id=stackoverflow_medallion_pipeline, task_id=run_dbt_staging, run_id=manual__2026-05-06T10:32:44.659868+00:00, execution_date=20260506T103244, start_date=20260506T103640, end_date=20260506T103710
[2026-05-06T10:37:10.296+0000] {local_task_job_runner.py:240} INFO - Task exited with return code 0
[2026-05-06T10:37:10.390+0000] {taskinstance.py:3498} INFO - 1 downstream tasks scheduled from follow-on schedule check
[2026-05-06T10:37:10.394+0000] {local_task_job_runner.py:222} INFO - ::endgroup::
