[2026-05-19T13:34:52.277+0000] {local_task_job_runner.py:120} INFO - ::group::Pre task execution logs
[2026-05-19T13:34:52.378+0000] {taskinstance.py:2076} INFO - Dependencies all met for dep_context=non-requeueable deps ti=<TaskInstance: stackoverflow_medallion_pipeline_v2.run_dbt_staging manual__2026-05-19T13:32:08.286668+00:00 [queued]>
[2026-05-19T13:34:52.396+0000] {taskinstance.py:2076} INFO - Dependencies all met for dep_context=requeueable deps ti=<TaskInstance: stackoverflow_medallion_pipeline_v2.run_dbt_staging manual__2026-05-19T13:32:08.286668+00:00 [queued]>
[2026-05-19T13:34:52.397+0000] {taskinstance.py:2306} INFO - Starting attempt 1 of 5
[2026-05-19T13:34:52.425+0000] {taskinstance.py:2330} INFO - Executing <Task(BashOperator): run_dbt_staging> on 2026-05-19 13:32:08.286668+00:00
[2026-05-19T13:34:52.442+0000] {standard_task_runner.py:90} INFO - Running: ['***', 'tasks', 'run', 'stackoverflow_medallion_pipeline_v2', 'run_dbt_staging', 'manual__2026-05-19T13:32:08.286668+00:00', '--job-id', '200', '--raw', '--subdir', 'DAGS_FOLDER/stackoverflow_migration_dag.py', '--cfg-path', '/tmp/tmplfr52e55']
[2026-05-19T13:34:52.449+0000] {standard_task_runner.py:91} INFO - Job 200: Subtask run_dbt_staging
[2026-05-19T13:34:52.451+0000] {logging_mixin.py:188} WARNING - /home/***/.local/lib/python3.12/site-packages/***/task/task_runner/standard_task_runner.py:61 DeprecationWarning: This process (pid=781) is multi-threaded, use of fork() may lead to deadlocks in the child.
[2026-05-19T13:34:52.458+0000] {standard_task_runner.py:63} INFO - Started process 782 to run task
[2026-05-19T13:34:52.692+0000] {task_command.py:426} INFO - Running <TaskInstance: stackoverflow_medallion_pipeline_v2.run_dbt_staging manual__2026-05-19T13:32:08.286668+00:00 [running]> on host 7e778e631a73
[2026-05-19T13:34:53.042+0000] {taskinstance.py:2648} INFO - Exporting env vars: AIRFLOW_CTX_DAG_OWNER='Aniket Shinde' AIRFLOW_CTX_DAG_ID='stackoverflow_medallion_pipeline_v2' AIRFLOW_CTX_TASK_ID='run_dbt_staging' AIRFLOW_CTX_EXECUTION_DATE='2026-05-19T13:32:08.286668+00:00' AIRFLOW_CTX_TRY_NUMBER='1' AIRFLOW_CTX_DAG_RUN_ID='manual__2026-05-19T13:32:08.286668+00:00'
[2026-05-19T13:34:53.045+0000] {taskinstance.py:430} INFO - ::endgroup::
[2026-05-19T13:34:53.070+0000] {subprocess.py:63} INFO - Tmp dir root location: /tmp
[2026-05-19T13:34:53.072+0000] {subprocess.py:75} INFO - Running command: ['/usr/bin/bash', '-c', 'cd /opt/***/stackoverflow_analytics && dbt run --select staging']
[2026-05-19T13:34:53.091+0000] {subprocess.py:86} INFO - Output:
[2026-05-19T13:34:57.504+0000] {subprocess.py:93} INFO - [0m13:34:57  Running with dbt=1.8.3
[2026-05-19T13:34:58.183+0000] {subprocess.py:93} INFO - [0m13:34:58  Registered adapter: clickhouse=1.8.3
[2026-05-19T13:34:59.718+0000] {subprocess.py:93} INFO - [0m13:34:59  Found 2 models, 2 data tests, 1 source, 463 macros
[2026-05-19T13:34:59.725+0000] {subprocess.py:93} INFO - [0m13:34:59
[2026-05-19T13:35:03.449+0000] {subprocess.py:93} INFO - [0m13:35:03  Concurrency: 1 threads (target='dev')
[2026-05-19T13:35:03.451+0000] {subprocess.py:93} INFO - [0m13:35:03
[2026-05-19T13:35:03.472+0000] {subprocess.py:93} INFO - [0m13:35:03  1 of 1 START sql incremental model `big_query`.`stg_posts` ..................... [RUN]
[2026-05-19T13:35:10.905+0000] {subprocess.py:93} INFO - [0m13:35:10  1 of 1 OK created sql incremental model `big_query`.`stg_posts` ................ [[32mOK[0m in 7.43s]
[2026-05-19T13:35:10.918+0000] {subprocess.py:93} INFO - [0m13:35:10
[2026-05-19T13:35:10.920+0000] {subprocess.py:93} INFO - [0m13:35:10  Finished running 1 incremental model in 0 hours 0 minutes and 11.19 seconds (11.19s).
[2026-05-19T13:35:11.002+0000] {subprocess.py:93} INFO - [0m13:35:11
[2026-05-19T13:35:11.004+0000] {subprocess.py:93} INFO - [0m13:35:11  [32mCompleted successfully[0m
[2026-05-19T13:35:11.005+0000] {subprocess.py:93} INFO - [0m13:35:11
[2026-05-19T13:35:11.008+0000] {subprocess.py:93} INFO - [0m13:35:11  Done. PASS=1 WARN=0 ERROR=0 SKIP=0 TOTAL=1
[2026-05-19T13:35:12.634+0000] {subprocess.py:97} INFO - Command exited with return code 0
[2026-05-19T13:35:12.636+0000] {taskinstance.py:441} INFO - ::group::Post task execution logs
[2026-05-19T13:35:12.759+0000] {taskinstance.py:1206} INFO - Marking task as SUCCESS. dag_id=stackoverflow_medallion_pipeline_v2, task_id=run_dbt_staging, run_id=manual__2026-05-19T13:32:08.286668+00:00, execution_date=20260519T133208, start_date=20260519T133452, end_date=20260519T133512
[2026-05-19T13:35:12.815+0000] {local_task_job_runner.py:240} INFO - Task exited with return code 0
[2026-05-19T13:35:12.883+0000] {taskinstance.py:3498} INFO - 1 downstream tasks scheduled from follow-on schedule check
[2026-05-19T13:35:12.887+0000] {local_task_job_runner.py:222} INFO - ::endgroup::
