[2026-05-06T13:56:45.142+0000] {local_task_job_runner.py:120} INFO - ::group::Pre task execution logs
[2026-05-06T13:56:45.267+0000] {taskinstance.py:2076} INFO - Dependencies all met for dep_context=non-requeueable deps ti=<TaskInstance: stackoverflow_automated_mcp_pipeline.trigger_glue_migration manual__2026-05-06T13:56:39.148488+00:00 [queued]>
[2026-05-06T13:56:45.308+0000] {taskinstance.py:2076} INFO - Dependencies all met for dep_context=requeueable deps ti=<TaskInstance: stackoverflow_automated_mcp_pipeline.trigger_glue_migration manual__2026-05-06T13:56:39.148488+00:00 [queued]>
[2026-05-06T13:56:45.312+0000] {taskinstance.py:2306} INFO - Starting attempt 1 of 2
[2026-05-06T13:56:45.387+0000] {taskinstance.py:2330} INFO - Executing <Task(GlueJobOperator): trigger_glue_migration> on 2026-05-06 13:56:39.148488+00:00
[2026-05-06T13:56:45.429+0000] {logging_mixin.py:188} WARNING - /home/***/.local/lib/python3.12/site-packages/***/task/task_runner/standard_task_runner.py:61 DeprecationWarning: This process (pid=200) is multi-threaded, use of fork() may lead to deadlocks in the child.
[2026-05-06T13:56:45.416+0000] {standard_task_runner.py:90} INFO - Running: ['***', 'tasks', 'run', 'stackoverflow_automated_mcp_pipeline', 'trigger_glue_migration', 'manual__2026-05-06T13:56:39.148488+00:00', '--job-id', '29', '--raw', '--subdir', 'DAGS_FOLDER/stackoverflow_migration_dag.py', '--cfg-path', '/tmp/tmpazkfm06z']
[2026-05-06T13:56:45.432+0000] {standard_task_runner.py:63} INFO - Started process 201 to run task
[2026-05-06T13:56:45.433+0000] {standard_task_runner.py:91} INFO - Job 29: Subtask trigger_glue_migration
[2026-05-06T13:56:45.990+0000] {task_command.py:426} INFO - Running <TaskInstance: stackoverflow_automated_mcp_pipeline.trigger_glue_migration manual__2026-05-06T13:56:39.148488+00:00 [running]> on host c947d5ddabeb
[2026-05-06T13:56:46.996+0000] {taskinstance.py:2648} INFO - Exporting env vars: AIRFLOW_CTX_DAG_OWNER='Aniket Shinde' AIRFLOW_CTX_DAG_ID='stackoverflow_automated_mcp_pipeline' AIRFLOW_CTX_TASK_ID='trigger_glue_migration' AIRFLOW_CTX_EXECUTION_DATE='2026-05-06T13:56:39.148488+00:00' AIRFLOW_CTX_TRY_NUMBER='1' AIRFLOW_CTX_DAG_RUN_ID='manual__2026-05-06T13:56:39.148488+00:00'
[2026-05-06T13:56:46.998+0000] {taskinstance.py:430} INFO - ::endgroup::
[2026-05-06T13:56:47.066+0000] {glue.py:173} INFO - Initializing AWS Glue Job: BigQ_to_S3_2. Wait for completion: True
[2026-05-06T13:56:47.068+0000] {glue.py:364} INFO - Checking if job already exists: BigQ_to_S3_2
[2026-05-06T13:56:47.160+0000] {base.py:84} INFO - Using connection ID 'aws_default' for task execution.
[2026-05-06T13:56:47.162+0000] {connection_wrapper.py:384} INFO - AWS Connection (conn_id='aws_default', conn_type='aws') credentials retrieved from login and password.
[2026-05-06T13:56:50.319+0000] {glue.py:190} ERROR - Failed to run aws glue job, error: An error occurred (ConcurrentRunsExceededException) when calling the StartJobRun operation: Concurrent runs exceeded.
[2026-05-06T13:56:50.326+0000] {taskinstance.py:441} INFO - ::group::Post task execution logs
[2026-05-06T13:56:50.331+0000] {taskinstance.py:2905} ERROR - Task failed with exception
Traceback (most recent call last):
  File "/home/airflow/.local/lib/python3.12/site-packages/airflow/models/taskinstance.py", line 465, in _execute_task
    result = _execute_callable(context=context, **execute_callable_kwargs)
             ^^^^^^^^^^^^^^^^^^^^^^^^^^^^^^^^^^^^^^^^^^^^^^^^^^^^^^^^^^^^^
  File "/home/airflow/.local/lib/python3.12/site-packages/airflow/models/taskinstance.py", line 432, in _execute_callable
    return execute_callable(context=context, **execute_callable_kwargs)
           ^^^^^^^^^^^^^^^^^^^^^^^^^^^^^^^^^^^^^^^^^^^^^^^^^^^^^^^^^^^^
  File "/home/airflow/.local/lib/python3.12/site-packages/airflow/models/baseoperator.py", line 400, in wrapper
    return func(self, *args, **kwargs)
           ^^^^^^^^^^^^^^^^^^^^^^^^^^^
  File "/home/airflow/.local/lib/python3.12/site-packages/airflow/providers/amazon/aws/operators/glue.py", line 178, in execute
    glue_job_run = self.glue_job_hook.initialize_job(self.script_args, self.run_job_kwargs)
                   ^^^^^^^^^^^^^^^^^^^^^^^^^^^^^^^^^^^^^^^^^^^^^^^^^^^^^^^^^^^^^^^^^^^^^^^^
  File "/home/airflow/.local/lib/python3.12/site-packages/airflow/providers/amazon/aws/hooks/glue.py", line 188, in initialize_job
    return self.conn.start_job_run(JobName=job_name, Arguments=script_arguments, **run_kwargs)
           ^^^^^^^^^^^^^^^^^^^^^^^^^^^^^^^^^^^^^^^^^^^^^^^^^^^^^^^^^^^^^^^^^^^^^^^^^^^^^^^^^^^
  File "/home/airflow/.local/lib/python3.12/site-packages/botocore/client.py", line 553, in _api_call
    return self._make_api_call(operation_name, kwargs)
           ^^^^^^^^^^^^^^^^^^^^^^^^^^^^^^^^^^^^^^^^^^^
  File "/home/airflow/.local/lib/python3.12/site-packages/botocore/client.py", line 1009, in _make_api_call
    raise error_class(parsed_response, operation_name)
botocore.errorfactory.ConcurrentRunsExceededException: An error occurred (ConcurrentRunsExceededException) when calling the StartJobRun operation: Concurrent runs exceeded.
[2026-05-06T13:56:50.430+0000] {taskinstance.py:1206} INFO - Marking task as UP_FOR_RETRY. dag_id=stackoverflow_automated_mcp_pipeline, task_id=trigger_glue_migration, run_id=manual__2026-05-06T13:56:39.148488+00:00, execution_date=20260506T135639, start_date=20260506T135645, end_date=20260506T135650
[2026-05-06T13:56:50.518+0000] {standard_task_runner.py:110} ERROR - Failed to execute job 29 for task trigger_glue_migration (An error occurred (ConcurrentRunsExceededException) when calling the StartJobRun operation: Concurrent runs exceeded.; 201)
[2026-05-06T13:56:50.635+0000] {local_task_job_runner.py:240} INFO - Task exited with return code 1
[2026-05-06T13:56:50.754+0000] {taskinstance.py:3498} INFO - 0 downstream tasks scheduled from follow-on schedule check
[2026-05-06T13:56:50.761+0000] {local_task_job_runner.py:222} INFO - ::endgroup::
