[2026-05-19T10:19:38.512+0000] {local_task_job_runner.py:120} INFO - ::group::Pre task execution logs
[2026-05-19T10:19:38.589+0000] {taskinstance.py:2076} INFO - Dependencies all met for dep_context=non-requeueable deps ti=<TaskInstance: stackoverflow_medallion_pipeline_v2.run_dbt_staging manual__2026-05-19T10:17:03.020824+00:00 [queued]>
[2026-05-19T10:19:38.606+0000] {taskinstance.py:2076} INFO - Dependencies all met for dep_context=requeueable deps ti=<TaskInstance: stackoverflow_medallion_pipeline_v2.run_dbt_staging manual__2026-05-19T10:17:03.020824+00:00 [queued]>
[2026-05-19T10:19:38.607+0000] {taskinstance.py:2306} INFO - Starting attempt 1 of 5
[2026-05-19T10:19:38.633+0000] {taskinstance.py:2330} INFO - Executing <Task(BashOperator): run_dbt_staging> on 2026-05-19 10:17:03.020824+00:00
[2026-05-19T10:19:38.656+0000] {standard_task_runner.py:90} INFO - Running: ['***', 'tasks', 'run', 'stackoverflow_medallion_pipeline_v2', 'run_dbt_staging', 'manual__2026-05-19T10:17:03.020824+00:00', '--job-id', '179', '--raw', '--subdir', 'DAGS_FOLDER/stackoverflow_migration_dag.py', '--cfg-path', '/tmp/tmpp7wd0ai1']
[2026-05-19T10:19:38.663+0000] {standard_task_runner.py:91} INFO - Job 179: Subtask run_dbt_staging
[2026-05-19T10:19:38.664+0000] {logging_mixin.py:188} WARNING - /home/***/.local/lib/python3.12/site-packages/***/task/task_runner/standard_task_runner.py:61 DeprecationWarning: This process (pid=301) is multi-threaded, use of fork() may lead to deadlocks in the child.
[2026-05-19T10:19:38.665+0000] {standard_task_runner.py:63} INFO - Started process 302 to run task
[2026-05-19T10:19:38.873+0000] {task_command.py:426} INFO - Running <TaskInstance: stackoverflow_medallion_pipeline_v2.run_dbt_staging manual__2026-05-19T10:17:03.020824+00:00 [running]> on host cba14ea35e20
[2026-05-19T10:19:39.201+0000] {taskinstance.py:2648} INFO - Exporting env vars: AIRFLOW_CTX_DAG_OWNER='Aniket Shinde' AIRFLOW_CTX_DAG_ID='stackoverflow_medallion_pipeline_v2' AIRFLOW_CTX_TASK_ID='run_dbt_staging' AIRFLOW_CTX_EXECUTION_DATE='2026-05-19T10:17:03.020824+00:00' AIRFLOW_CTX_TRY_NUMBER='1' AIRFLOW_CTX_DAG_RUN_ID='manual__2026-05-19T10:17:03.020824+00:00'
[2026-05-19T10:19:39.202+0000] {taskinstance.py:430} INFO - ::endgroup::
[2026-05-19T10:19:39.221+0000] {subprocess.py:63} INFO - Tmp dir root location: /tmp
[2026-05-19T10:19:39.223+0000] {subprocess.py:75} INFO - Running command: ['/usr/bin/bash', '-c', 'cd /opt/***/stackoverflow_analytics && dbt run --select staging']
[2026-05-19T10:19:39.241+0000] {subprocess.py:86} INFO - Output:
[2026-05-19T10:19:43.005+0000] {subprocess.py:93} INFO - [0m10:19:43  Running with dbt=1.8.3
[2026-05-19T10:19:43.546+0000] {subprocess.py:93} INFO - [0m10:19:43  Registered adapter: clickhouse=1.8.3
[2026-05-19T10:19:44.990+0000] {subprocess.py:93} INFO - [0m10:19:44  Found 2 models, 2 data tests, 1 source, 463 macros
[2026-05-19T10:19:44.997+0000] {subprocess.py:93} INFO - [0m10:19:44
[2026-05-19T10:19:48.817+0000] {subprocess.py:93} INFO - [0m10:19:48  Concurrency: 1 threads (target='dev')
[2026-05-19T10:19:48.819+0000] {subprocess.py:93} INFO - [0m10:19:48
[2026-05-19T10:19:48.834+0000] {subprocess.py:93} INFO - [0m10:19:48  1 of 1 START sql incremental model `big_query`.`stg_posts` ..................... [RUN]
[2026-05-19T10:19:56.697+0000] {subprocess.py:93} INFO - [0m10:19:56  1 of 1 OK created sql incremental model `big_query`.`stg_posts` ................ [[32mOK[0m in 7.86s]
[2026-05-19T10:19:56.707+0000] {subprocess.py:93} INFO - [0m10:19:56
[2026-05-19T10:19:56.708+0000] {subprocess.py:93} INFO - [0m10:19:56  Finished running 1 incremental model in 0 hours 0 minutes and 11.71 seconds (11.71s).
[2026-05-19T10:19:56.795+0000] {subprocess.py:93} INFO - [0m10:19:56
[2026-05-19T10:19:56.797+0000] {subprocess.py:93} INFO - [0m10:19:56  [32mCompleted successfully[0m
[2026-05-19T10:19:56.798+0000] {subprocess.py:93} INFO - [0m10:19:56
[2026-05-19T10:19:56.800+0000] {subprocess.py:93} INFO - [0m10:19:56  Done. PASS=1 WARN=0 ERROR=0 SKIP=0 TOTAL=1
[2026-05-19T10:19:58.524+0000] {subprocess.py:97} INFO - Command exited with return code 0
[2026-05-19T10:19:58.525+0000] {taskinstance.py:441} INFO - ::group::Post task execution logs
[2026-05-19T10:19:58.659+0000] {taskinstance.py:1206} INFO - Marking task as SUCCESS. dag_id=stackoverflow_medallion_pipeline_v2, task_id=run_dbt_staging, run_id=manual__2026-05-19T10:17:03.020824+00:00, execution_date=20260519T101703, start_date=20260519T101938, end_date=20260519T101958
[2026-05-19T10:19:58.736+0000] {local_task_job_runner.py:240} INFO - Task exited with return code 0
[2026-05-19T10:19:58.808+0000] {taskinstance.py:3498} INFO - 1 downstream tasks scheduled from follow-on schedule check
[2026-05-19T10:19:58.814+0000] {local_task_job_runner.py:222} INFO - ::endgroup::
