[2026-05-05T15:48:52.230+0000] {local_task_job_runner.py:120} INFO - ::group::Pre task execution logs
[2026-05-05T15:48:52.297+0000] {taskinstance.py:2076} INFO - Dependencies all met for dep_context=non-requeueable deps ti=<TaskInstance: stackoverflow_medallion_pipeline.run_dbt_staging manual__2026-05-05T15:44:55.472467+00:00 [queued]>
[2026-05-05T15:48:52.311+0000] {taskinstance.py:2076} INFO - Dependencies all met for dep_context=requeueable deps ti=<TaskInstance: stackoverflow_medallion_pipeline.run_dbt_staging manual__2026-05-05T15:44:55.472467+00:00 [queued]>
[2026-05-05T15:48:52.312+0000] {taskinstance.py:2306} INFO - Starting attempt 1 of 1
[2026-05-05T15:48:52.334+0000] {taskinstance.py:2330} INFO - Executing <Task(BashOperator): run_dbt_staging> on 2026-05-05 15:44:55.472467+00:00
[2026-05-05T15:48:52.347+0000] {standard_task_runner.py:90} INFO - Running: ['***', 'tasks', 'run', 'stackoverflow_medallion_pipeline', 'run_dbt_staging', 'manual__2026-05-05T15:44:55.472467+00:00', '--job-id', '9', '--raw', '--subdir', 'DAGS_FOLDER/stackoverflow_migration_dag.py', '--cfg-path', '/tmp/tmpxfxxggae']
[2026-05-05T15:48:52.351+0000] {standard_task_runner.py:91} INFO - Job 9: Subtask run_dbt_staging
[2026-05-05T15:48:52.351+0000] {logging_mixin.py:188} WARNING - /home/***/.local/lib/python3.12/site-packages/***/task/task_runner/standard_task_runner.py:61 DeprecationWarning: This process (pid=526) is multi-threaded, use of fork() may lead to deadlocks in the child.
[2026-05-05T15:48:52.352+0000] {standard_task_runner.py:63} INFO - Started process 527 to run task
[2026-05-05T15:48:52.555+0000] {task_command.py:426} INFO - Running <TaskInstance: stackoverflow_medallion_pipeline.run_dbt_staging manual__2026-05-05T15:44:55.472467+00:00 [running]> on host c4d7843556b6
[2026-05-05T15:48:52.868+0000] {taskinstance.py:2648} INFO - Exporting env vars: AIRFLOW_CTX_DAG_OWNER='Aniket Shinde' AIRFLOW_CTX_DAG_ID='stackoverflow_medallion_pipeline' AIRFLOW_CTX_TASK_ID='run_dbt_staging' AIRFLOW_CTX_EXECUTION_DATE='2026-05-05T15:44:55.472467+00:00' AIRFLOW_CTX_TRY_NUMBER='1' AIRFLOW_CTX_DAG_RUN_ID='manual__2026-05-05T15:44:55.472467+00:00'
[2026-05-05T15:48:52.869+0000] {taskinstance.py:430} INFO - ::endgroup::
[2026-05-05T15:48:52.886+0000] {subprocess.py:63} INFO - Tmp dir root location: /tmp
[2026-05-05T15:48:52.888+0000] {subprocess.py:75} INFO - Running command: ['/usr/bin/bash', '-c', 'cd /opt/***/stackoverflow_analytics && dbt run --select staging']
[2026-05-05T15:48:52.900+0000] {subprocess.py:86} INFO - Output:
[2026-05-05T15:48:55.359+0000] {subprocess.py:93} INFO - [0m15:48:55  Running with dbt=1.8.3
[2026-05-05T15:48:55.638+0000] {subprocess.py:93} INFO - [0m15:48:55  Registered adapter: clickhouse=1.8.3
[2026-05-05T15:48:56.297+0000] {subprocess.py:93} INFO - [0m15:48:56  Found 2 models, 2 data tests, 1 source, 463 macros
[2026-05-05T15:48:56.302+0000] {subprocess.py:93} INFO - [0m15:48:56
[2026-05-05T15:48:59.275+0000] {subprocess.py:93} INFO - [0m15:48:59  Concurrency: 1 threads (target='dev')
[2026-05-05T15:48:59.277+0000] {subprocess.py:93} INFO - [0m15:48:59
[2026-05-05T15:48:59.291+0000] {subprocess.py:93} INFO - [0m15:48:59  1 of 1 START sql incremental model `big_query`.`stg_posts` ..................... [RUN]
[2026-05-05T15:49:28.313+0000] {subprocess.py:93} INFO - [0m15:49:28  1 of 1 OK created sql incremental model `big_query`.`stg_posts` ................ [[32mOK[0m in 29.02s]
[2026-05-05T15:49:28.324+0000] {subprocess.py:93} INFO - [0m15:49:28
[2026-05-05T15:49:28.326+0000] {subprocess.py:93} INFO - [0m15:49:28  Finished running 1 incremental model in 0 hours 0 minutes and 32.02 seconds (32.02s).
[2026-05-05T15:49:28.398+0000] {subprocess.py:93} INFO - [0m15:49:28
[2026-05-05T15:49:28.399+0000] {subprocess.py:93} INFO - [0m15:49:28  [32mCompleted successfully[0m
[2026-05-05T15:49:28.401+0000] {subprocess.py:93} INFO - [0m15:49:28
[2026-05-05T15:49:28.403+0000] {subprocess.py:93} INFO - [0m15:49:28  Done. PASS=1 WARN=0 ERROR=0 SKIP=0 TOTAL=1
[2026-05-05T15:49:30.163+0000] {subprocess.py:97} INFO - Command exited with return code 0
[2026-05-05T15:49:30.164+0000] {taskinstance.py:441} INFO - ::group::Post task execution logs
[2026-05-05T15:49:30.277+0000] {taskinstance.py:1206} INFO - Marking task as SUCCESS. dag_id=stackoverflow_medallion_pipeline, task_id=run_dbt_staging, run_id=manual__2026-05-05T15:44:55.472467+00:00, execution_date=20260505T154455, start_date=20260505T154852, end_date=20260505T154930
[2026-05-05T15:49:30.328+0000] {local_task_job_runner.py:240} INFO - Task exited with return code 0
[2026-05-05T15:49:30.392+0000] {taskinstance.py:3498} INFO - 1 downstream tasks scheduled from follow-on schedule check
[2026-05-05T15:49:30.397+0000] {local_task_job_runner.py:222} INFO - ::endgroup::
