[2026-05-19T10:10:30.775+0000] {local_task_job_runner.py:120} INFO - ::group::Pre task execution logs
[2026-05-19T10:10:30.905+0000] {taskinstance.py:2076} INFO - Dependencies all met for dep_context=non-requeueable deps ti=<TaskInstance: stackoverflow_medallion_pipeline_v2.trigger_glue_migration manual__2026-05-19T10:10:25.717767+00:00 [queued]>
[2026-05-19T10:10:30.934+0000] {taskinstance.py:2076} INFO - Dependencies all met for dep_context=requeueable deps ti=<TaskInstance: stackoverflow_medallion_pipeline_v2.trigger_glue_migration manual__2026-05-19T10:10:25.717767+00:00 [queued]>
[2026-05-19T10:10:30.936+0000] {taskinstance.py:2306} INFO - Starting attempt 1 of 5
[2026-05-19T10:10:30.988+0000] {taskinstance.py:2330} INFO - Executing <Task(GlueJobOperator): trigger_glue_migration> on 2026-05-19 10:10:25.717767+00:00
[2026-05-19T10:10:31.008+0000] {standard_task_runner.py:90} INFO - Running: ['***', 'tasks', 'run', 'stackoverflow_medallion_pipeline_v2', 'trigger_glue_migration', 'manual__2026-05-19T10:10:25.717767+00:00', '--job-id', '173', '--raw', '--subdir', 'DAGS_FOLDER/stackoverflow_migration_dag.py', '--cfg-path', '/tmp/tmpzad2hiez']
[2026-05-19T10:10:31.017+0000] {standard_task_runner.py:91} INFO - Job 173: Subtask trigger_glue_migration
[2026-05-19T10:10:31.022+0000] {logging_mixin.py:188} WARNING - /home/***/.local/lib/python3.12/site-packages/***/task/task_runner/standard_task_runner.py:61 DeprecationWarning: This process (pid=184) is multi-threaded, use of fork() may lead to deadlocks in the child.
[2026-05-19T10:10:31.024+0000] {standard_task_runner.py:63} INFO - Started process 185 to run task
[2026-05-19T10:10:31.385+0000] {task_command.py:426} INFO - Running <TaskInstance: stackoverflow_medallion_pipeline_v2.trigger_glue_migration manual__2026-05-19T10:10:25.717767+00:00 [running]> on host cba14ea35e20
[2026-05-19T10:10:32.346+0000] {taskinstance.py:2648} INFO - Exporting env vars: AIRFLOW_CTX_DAG_OWNER='Aniket Shinde' AIRFLOW_CTX_DAG_ID='stackoverflow_medallion_pipeline_v2' AIRFLOW_CTX_TASK_ID='trigger_glue_migration' AIRFLOW_CTX_EXECUTION_DATE='2026-05-19T10:10:25.717767+00:00' AIRFLOW_CTX_TRY_NUMBER='1' AIRFLOW_CTX_DAG_RUN_ID='manual__2026-05-19T10:10:25.717767+00:00'
[2026-05-19T10:10:32.350+0000] {taskinstance.py:430} INFO - ::endgroup::
[2026-05-19T10:10:32.429+0000] {glue.py:173} INFO - Initializing AWS Glue Job: BigQ_to_S3_2. Wait for completion: True
[2026-05-19T10:10:32.431+0000] {glue.py:364} INFO - Checking if job already exists: BigQ_to_S3_2
[2026-05-19T10:10:32.516+0000] {base.py:84} INFO - Using connection ID 'aws_default' for task execution.
[2026-05-19T10:10:32.518+0000] {connection_wrapper.py:384} INFO - AWS Connection (conn_id='aws_default', conn_type='aws') credentials retrieved from login and password.
[2026-05-19T10:10:37.238+0000] {glue.py:194} INFO - You can monitor this Glue Job run at: https://console.aws.amazon.com/gluestudio/home?region=us-east-1#/job/BigQ_to_S3_2/run/jr_e9fcd0bddfbef06300ac8c9a6a413935e17a046cf79737fd03d534f9bcf627ab
[2026-05-19T10:10:37.613+0000] {glue.py:347} INFO - Polling for AWS Glue Job BigQ_to_S3_2 current run state with status RUNNING
[2026-05-19T10:10:44.017+0000] {glue.py:347} INFO - Polling for AWS Glue Job BigQ_to_S3_2 current run state with status RUNNING
[2026-05-19T10:10:50.418+0000] {glue.py:347} INFO - Polling for AWS Glue Job BigQ_to_S3_2 current run state with status RUNNING
[2026-05-19T10:10:56.822+0000] {glue.py:347} INFO - Polling for AWS Glue Job BigQ_to_S3_2 current run state with status RUNNING
[2026-05-19T10:11:03.277+0000] {glue.py:347} INFO - Polling for AWS Glue Job BigQ_to_S3_2 current run state with status RUNNING
[2026-05-19T10:11:09.686+0000] {glue.py:347} INFO - Polling for AWS Glue Job BigQ_to_S3_2 current run state with status RUNNING
[2026-05-19T10:11:16.110+0000] {glue.py:347} INFO - Polling for AWS Glue Job BigQ_to_S3_2 current run state with status RUNNING
[2026-05-19T10:11:22.522+0000] {glue.py:347} INFO - Polling for AWS Glue Job BigQ_to_S3_2 current run state with status RUNNING
[2026-05-19T10:11:28.915+0000] {glue.py:347} INFO - Polling for AWS Glue Job BigQ_to_S3_2 current run state with status RUNNING
[2026-05-19T10:11:35.324+0000] {glue.py:347} INFO - Polling for AWS Glue Job BigQ_to_S3_2 current run state with status RUNNING
[2026-05-19T10:11:41.719+0000] {glue.py:347} INFO - Polling for AWS Glue Job BigQ_to_S3_2 current run state with status RUNNING
[2026-05-19T10:11:48.119+0000] {glue.py:347} INFO - Polling for AWS Glue Job BigQ_to_S3_2 current run state with status RUNNING
[2026-05-19T10:11:54.495+0000] {glue.py:347} INFO - Polling for AWS Glue Job BigQ_to_S3_2 current run state with status RUNNING
[2026-05-19T10:12:00.879+0000] {glue.py:347} INFO - Polling for AWS Glue Job BigQ_to_S3_2 current run state with status RUNNING
[2026-05-19T10:12:07.296+0000] {glue.py:347} INFO - Polling for AWS Glue Job BigQ_to_S3_2 current run state with status RUNNING
[2026-05-19T10:12:13.722+0000] {glue.py:347} INFO - Polling for AWS Glue Job BigQ_to_S3_2 current run state with status RUNNING
[2026-05-19T10:12:20.286+0000] {glue.py:347} INFO - Polling for AWS Glue Job BigQ_to_S3_2 current run state with status RUNNING
[2026-05-19T10:12:26.669+0000] {glue.py:347} INFO - Polling for AWS Glue Job BigQ_to_S3_2 current run state with status RUNNING
[2026-05-19T10:12:33.088+0000] {glue.py:347} INFO - Polling for AWS Glue Job BigQ_to_S3_2 current run state with status RUNNING
[2026-05-19T10:12:39.480+0000] {glue.py:347} INFO - Polling for AWS Glue Job BigQ_to_S3_2 current run state with status RUNNING
[2026-05-19T10:12:45.847+0000] {glue.py:340} INFO - Exiting Job jr_e9fcd0bddfbef06300ac8c9a6a413935e17a046cf79737fd03d534f9bcf627ab Run State: SUCCEEDED
[2026-05-19T10:12:45.852+0000] {glue.py:209} INFO - AWS Glue Job: BigQ_to_S3_2 status: SUCCEEDED. Run Id: jr_e9fcd0bddfbef06300ac8c9a6a413935e17a046cf79737fd03d534f9bcf627ab
[2026-05-19T10:12:45.856+0000] {taskinstance.py:441} INFO - ::group::Post task execution logs
[2026-05-19T10:12:47.088+0000] {taskinstance.py:1206} INFO - Marking task as SUCCESS. dag_id=stackoverflow_medallion_pipeline_v2, task_id=trigger_glue_migration, run_id=manual__2026-05-19T10:10:25.717767+00:00, execution_date=20260519T101025, start_date=20260519T101030, end_date=20260519T101247
[2026-05-19T10:12:47.172+0000] {local_task_job_runner.py:240} INFO - Task exited with return code 0
[2026-05-19T10:12:47.312+0000] {taskinstance.py:3498} INFO - 1 downstream tasks scheduled from follow-on schedule check
[2026-05-19T10:12:47.325+0000] {local_task_job_runner.py:222} INFO - ::endgroup::
