[2026-05-15T19:17:56.283+0000] {local_task_job_runner.py:120} INFO - ::group::Pre task execution logs
[2026-05-15T19:17:56.419+0000] {taskinstance.py:2076} INFO - Dependencies all met for dep_context=non-requeueable deps ti=<TaskInstance: stackoverflow_medallion_pipeline_v2.trigger_glue_migration manual__2026-05-15T19:17:52.527887+00:00 [queued]>
[2026-05-15T19:17:56.444+0000] {taskinstance.py:2076} INFO - Dependencies all met for dep_context=requeueable deps ti=<TaskInstance: stackoverflow_medallion_pipeline_v2.trigger_glue_migration manual__2026-05-15T19:17:52.527887+00:00 [queued]>
[2026-05-15T19:17:56.446+0000] {taskinstance.py:2306} INFO - Starting attempt 1 of 4
[2026-05-15T19:17:56.477+0000] {taskinstance.py:2330} INFO - Executing <Task(GlueJobOperator): trigger_glue_migration> on 2026-05-15 19:17:52.527887+00:00
[2026-05-15T19:17:56.500+0000] {standard_task_runner.py:90} INFO - Running: ['***', 'tasks', 'run', 'stackoverflow_medallion_pipeline_v2', 'trigger_glue_migration', 'manual__2026-05-15T19:17:52.527887+00:00', '--job-id', '101', '--raw', '--subdir', 'DAGS_FOLDER/stackoverflow_migration_dag.py', '--cfg-path', '/tmp/tmp3pqsu6qx']
[2026-05-15T19:17:56.508+0000] {standard_task_runner.py:91} INFO - Job 101: Subtask trigger_glue_migration
[2026-05-15T19:17:56.511+0000] {logging_mixin.py:188} WARNING - /home/***/.local/lib/python3.12/site-packages/***/task/task_runner/standard_task_runner.py:61 DeprecationWarning: This process (pid=184) is multi-threaded, use of fork() may lead to deadlocks in the child.
[2026-05-15T19:17:56.514+0000] {standard_task_runner.py:63} INFO - Started process 185 to run task
[2026-05-15T19:17:56.829+0000] {task_command.py:426} INFO - Running <TaskInstance: stackoverflow_medallion_pipeline_v2.trigger_glue_migration manual__2026-05-15T19:17:52.527887+00:00 [running]> on host 55d6bfa9f609
[2026-05-15T19:17:57.326+0000] {taskinstance.py:2648} INFO - Exporting env vars: AIRFLOW_CTX_DAG_OWNER='Aniket Shinde' AIRFLOW_CTX_DAG_ID='stackoverflow_medallion_pipeline_v2' AIRFLOW_CTX_TASK_ID='trigger_glue_migration' AIRFLOW_CTX_EXECUTION_DATE='2026-05-15T19:17:52.527887+00:00' AIRFLOW_CTX_TRY_NUMBER='1' AIRFLOW_CTX_DAG_RUN_ID='manual__2026-05-15T19:17:52.527887+00:00'
[2026-05-15T19:17:57.329+0000] {taskinstance.py:430} INFO - ::endgroup::
[2026-05-15T19:17:57.412+0000] {glue.py:173} INFO - Initializing AWS Glue Job: BigQ_to_S3_2. Wait for completion: True
[2026-05-15T19:17:57.414+0000] {glue.py:364} INFO - Checking if job already exists: BigQ_to_S3_2
[2026-05-15T19:17:57.501+0000] {base.py:84} INFO - Using connection ID 'aws_default' for task execution.
[2026-05-15T19:17:57.503+0000] {connection_wrapper.py:384} INFO - AWS Connection (conn_id='aws_default', conn_type='aws') credentials retrieved from login and password.
[2026-05-15T19:18:00.127+0000] {glue.py:194} INFO - You can monitor this Glue Job run at: https://console.aws.amazon.com/gluestudio/home?region=us-east-1#/job/BigQ_to_S3_2/run/jr_12edff5f39370b29ecd38ef09a629960d25d2a2a433a2719b9c71ac3a83a1e4a
[2026-05-15T19:18:00.460+0000] {glue.py:347} INFO - Polling for AWS Glue Job BigQ_to_S3_2 current run state with status RUNNING
[2026-05-15T19:18:06.789+0000] {glue.py:347} INFO - Polling for AWS Glue Job BigQ_to_S3_2 current run state with status RUNNING
[2026-05-15T19:18:13.121+0000] {glue.py:347} INFO - Polling for AWS Glue Job BigQ_to_S3_2 current run state with status RUNNING
[2026-05-15T19:18:19.454+0000] {glue.py:347} INFO - Polling for AWS Glue Job BigQ_to_S3_2 current run state with status RUNNING
[2026-05-15T19:18:25.781+0000] {glue.py:347} INFO - Polling for AWS Glue Job BigQ_to_S3_2 current run state with status RUNNING
[2026-05-15T19:18:32.089+0000] {glue.py:347} INFO - Polling for AWS Glue Job BigQ_to_S3_2 current run state with status RUNNING
[2026-05-15T19:18:38.408+0000] {glue.py:347} INFO - Polling for AWS Glue Job BigQ_to_S3_2 current run state with status RUNNING
[2026-05-15T19:18:44.739+0000] {glue.py:347} INFO - Polling for AWS Glue Job BigQ_to_S3_2 current run state with status RUNNING
[2026-05-15T19:18:51.070+0000] {glue.py:347} INFO - Polling for AWS Glue Job BigQ_to_S3_2 current run state with status RUNNING
[2026-05-15T19:18:57.398+0000] {glue.py:347} INFO - Polling for AWS Glue Job BigQ_to_S3_2 current run state with status RUNNING
[2026-05-15T19:19:03.706+0000] {glue.py:347} INFO - Polling for AWS Glue Job BigQ_to_S3_2 current run state with status RUNNING
[2026-05-15T19:19:10.041+0000] {glue.py:347} INFO - Polling for AWS Glue Job BigQ_to_S3_2 current run state with status RUNNING
[2026-05-15T19:19:16.372+0000] {glue.py:347} INFO - Polling for AWS Glue Job BigQ_to_S3_2 current run state with status RUNNING
[2026-05-15T19:19:22.700+0000] {glue.py:347} INFO - Polling for AWS Glue Job BigQ_to_S3_2 current run state with status RUNNING
[2026-05-15T19:19:29.033+0000] {glue.py:347} INFO - Polling for AWS Glue Job BigQ_to_S3_2 current run state with status RUNNING
[2026-05-15T19:19:35.330+0000] {glue.py:347} INFO - Polling for AWS Glue Job BigQ_to_S3_2 current run state with status RUNNING
[2026-05-15T19:19:41.655+0000] {glue.py:347} INFO - Polling for AWS Glue Job BigQ_to_S3_2 current run state with status RUNNING
[2026-05-15T19:19:47.974+0000] {glue.py:347} INFO - Polling for AWS Glue Job BigQ_to_S3_2 current run state with status RUNNING
[2026-05-15T19:19:54.290+0000] {glue.py:347} INFO - Polling for AWS Glue Job BigQ_to_S3_2 current run state with status RUNNING
[2026-05-15T19:20:00.586+0000] {glue.py:340} INFO - Exiting Job jr_12edff5f39370b29ecd38ef09a629960d25d2a2a433a2719b9c71ac3a83a1e4a Run State: SUCCEEDED
[2026-05-15T19:20:00.588+0000] {glue.py:209} INFO - AWS Glue Job: BigQ_to_S3_2 status: SUCCEEDED. Run Id: jr_12edff5f39370b29ecd38ef09a629960d25d2a2a433a2719b9c71ac3a83a1e4a
[2026-05-15T19:20:00.589+0000] {taskinstance.py:441} INFO - ::group::Post task execution logs
[2026-05-15T19:20:00.773+0000] {taskinstance.py:1206} INFO - Marking task as SUCCESS. dag_id=stackoverflow_medallion_pipeline_v2, task_id=trigger_glue_migration, run_id=manual__2026-05-15T19:17:52.527887+00:00, execution_date=20260515T191752, start_date=20260515T191756, end_date=20260515T192000
[2026-05-15T19:20:00.850+0000] {local_task_job_runner.py:240} INFO - Task exited with return code 0
[2026-05-15T19:20:00.985+0000] {taskinstance.py:3498} INFO - 1 downstream tasks scheduled from follow-on schedule check
[2026-05-15T19:20:00.991+0000] {local_task_job_runner.py:222} INFO - ::endgroup::
