[2026-05-19T05:37:22.182+0000] {local_task_job_runner.py:120} INFO - ::group::Pre task execution logs
[2026-05-19T05:37:22.266+0000] {taskinstance.py:2076} INFO - Dependencies all met for dep_context=non-requeueable deps ti=<TaskInstance: stackoverflow_medallion_pipeline_v2.run_dbt_marts scheduled__2026-05-18T00:00:00+00:00 [queued]>
[2026-05-19T05:37:22.282+0000] {taskinstance.py:2076} INFO - Dependencies all met for dep_context=requeueable deps ti=<TaskInstance: stackoverflow_medallion_pipeline_v2.run_dbt_marts scheduled__2026-05-18T00:00:00+00:00 [queued]>
[2026-05-19T05:37:22.283+0000] {taskinstance.py:2306} INFO - Starting attempt 1 of 5
[2026-05-19T05:37:22.307+0000] {taskinstance.py:2330} INFO - Executing <Task(BashOperator): run_dbt_marts> on 2026-05-18 00:00:00+00:00
[2026-05-19T05:37:22.323+0000] {standard_task_runner.py:90} INFO - Running: ['***', 'tasks', 'run', 'stackoverflow_medallion_pipeline_v2', 'run_dbt_marts', 'scheduled__2026-05-18T00:00:00+00:00', '--job-id', '171', '--raw', '--subdir', 'DAGS_FOLDER/stackoverflow_migration_dag.py', '--cfg-path', '/tmp/tmpsnbeqx3x']
[2026-05-19T05:37:22.329+0000] {standard_task_runner.py:91} INFO - Job 171: Subtask run_dbt_marts
[2026-05-19T05:37:22.330+0000] {logging_mixin.py:188} WARNING - /home/***/.local/lib/python3.12/site-packages/***/task/task_runner/standard_task_runner.py:61 DeprecationWarning: This process (pid=327) is multi-threaded, use of fork() may lead to deadlocks in the child.
[2026-05-19T05:37:22.332+0000] {standard_task_runner.py:63} INFO - Started process 328 to run task
[2026-05-19T05:37:22.571+0000] {task_command.py:426} INFO - Running <TaskInstance: stackoverflow_medallion_pipeline_v2.run_dbt_marts scheduled__2026-05-18T00:00:00+00:00 [running]> on host 4e139f5aaae3
[2026-05-19T05:37:22.966+0000] {taskinstance.py:2648} INFO - Exporting env vars: AIRFLOW_CTX_DAG_OWNER='Aniket Shinde' AIRFLOW_CTX_DAG_ID='stackoverflow_medallion_pipeline_v2' AIRFLOW_CTX_TASK_ID='run_dbt_marts' AIRFLOW_CTX_EXECUTION_DATE='2026-05-18T00:00:00+00:00' AIRFLOW_CTX_TRY_NUMBER='1' AIRFLOW_CTX_DAG_RUN_ID='scheduled__2026-05-18T00:00:00+00:00'
[2026-05-19T05:37:22.967+0000] {taskinstance.py:430} INFO - ::endgroup::
[2026-05-19T05:37:22.989+0000] {subprocess.py:63} INFO - Tmp dir root location: /tmp
[2026-05-19T05:37:22.991+0000] {subprocess.py:75} INFO - Running command: ['/usr/bin/bash', '-c', 'cd /opt/***/stackoverflow_analytics && dbt run --select marts']
[2026-05-19T05:37:23.005+0000] {subprocess.py:86} INFO - Output:
[2026-05-19T05:37:26.828+0000] {subprocess.py:93} INFO - [0m05:37:26  Running with dbt=1.8.3
[2026-05-19T05:37:27.220+0000] {subprocess.py:93} INFO - [0m05:37:27  Registered adapter: clickhouse=1.8.3
[2026-05-19T05:37:28.627+0000] {subprocess.py:93} INFO - [0m05:37:28  Found 2 models, 2 data tests, 1 source, 463 macros
[2026-05-19T05:37:28.633+0000] {subprocess.py:93} INFO - [0m05:37:28
[2026-05-19T05:37:32.555+0000] {subprocess.py:93} INFO - [0m05:37:32  Concurrency: 1 threads (target='dev')
[2026-05-19T05:37:32.559+0000] {subprocess.py:93} INFO - [0m05:37:32
[2026-05-19T05:37:32.584+0000] {subprocess.py:93} INFO - [0m05:37:32  1 of 1 START sql table model `big_query`.`fct_tag_analysis` .................... [RUN]
[2026-05-19T05:37:51.707+0000] {subprocess.py:93} INFO - [0m05:37:51  1 of 1 OK created sql table model `big_query`.`fct_tag_analysis` ............... [[32mOK[0m in 19.12s]
[2026-05-19T05:37:51.718+0000] {subprocess.py:93} INFO - [0m05:37:51
[2026-05-19T05:37:51.720+0000] {subprocess.py:93} INFO - [0m05:37:51  Finished running 1 table model in 0 hours 0 minutes and 23.08 seconds (23.08s).
[2026-05-19T05:37:51.865+0000] {subprocess.py:93} INFO - [0m05:37:51
[2026-05-19T05:37:51.869+0000] {subprocess.py:93} INFO - [0m05:37:51  [32mCompleted successfully[0m
[2026-05-19T05:37:51.873+0000] {subprocess.py:93} INFO - [0m05:37:51
[2026-05-19T05:37:51.876+0000] {subprocess.py:93} INFO - [0m05:37:51  Done. PASS=1 WARN=0 ERROR=0 SKIP=0 TOTAL=1
[2026-05-19T05:37:53.970+0000] {subprocess.py:97} INFO - Command exited with return code 0
[2026-05-19T05:37:53.972+0000] {taskinstance.py:441} INFO - ::group::Post task execution logs
[2026-05-19T05:37:54.136+0000] {taskinstance.py:1206} INFO - Marking task as SUCCESS. dag_id=stackoverflow_medallion_pipeline_v2, task_id=run_dbt_marts, run_id=scheduled__2026-05-18T00:00:00+00:00, execution_date=20260518T000000, start_date=20260519T053722, end_date=20260519T053754
[2026-05-19T05:37:54.209+0000] {local_task_job_runner.py:240} INFO - Task exited with return code 0
[2026-05-19T05:37:54.351+0000] {taskinstance.py:3498} INFO - 0 downstream tasks scheduled from follow-on schedule check
[2026-05-19T05:37:54.358+0000] {local_task_job_runner.py:222} INFO - ::endgroup::
