[2026-05-19T12:53:40.039+0000] {local_task_job_runner.py:120} INFO - ::group::Pre task execution logs
[2026-05-19T12:53:40.097+0000] {taskinstance.py:2076} INFO - Dependencies all met for dep_context=non-requeueable deps ti=<TaskInstance: stackoverflow_medallion_pipeline_v2.run_dbt_staging manual__2026-05-19T12:49:47.173859+00:00 [queued]>
[2026-05-19T12:53:40.114+0000] {taskinstance.py:2076} INFO - Dependencies all met for dep_context=requeueable deps ti=<TaskInstance: stackoverflow_medallion_pipeline_v2.run_dbt_staging manual__2026-05-19T12:49:47.173859+00:00 [queued]>
[2026-05-19T12:53:40.115+0000] {taskinstance.py:2306} INFO - Starting attempt 1 of 5
[2026-05-19T12:53:40.133+0000] {taskinstance.py:2330} INFO - Executing <Task(BashOperator): run_dbt_staging> on 2026-05-19 12:49:47.173859+00:00
[2026-05-19T12:53:40.146+0000] {standard_task_runner.py:90} INFO - Running: ['***', 'tasks', 'run', 'stackoverflow_medallion_pipeline_v2', 'run_dbt_staging', 'manual__2026-05-19T12:49:47.173859+00:00', '--job-id', '192', '--raw', '--subdir', 'DAGS_FOLDER/stackoverflow_migration_dag.py', '--cfg-path', '/tmp/tmpwcbdwvq7']
[2026-05-19T12:53:40.150+0000] {standard_task_runner.py:91} INFO - Job 192: Subtask run_dbt_staging
[2026-05-19T12:53:40.150+0000] {logging_mixin.py:188} WARNING - /home/***/.local/lib/python3.12/site-packages/***/task/task_runner/standard_task_runner.py:61 DeprecationWarning: This process (pid=332) is multi-threaded, use of fork() may lead to deadlocks in the child.
[2026-05-19T12:53:40.151+0000] {standard_task_runner.py:63} INFO - Started process 333 to run task
[2026-05-19T12:53:40.326+0000] {task_command.py:426} INFO - Running <TaskInstance: stackoverflow_medallion_pipeline_v2.run_dbt_staging manual__2026-05-19T12:49:47.173859+00:00 [running]> on host 7e778e631a73
[2026-05-19T12:53:40.598+0000] {taskinstance.py:2648} INFO - Exporting env vars: AIRFLOW_CTX_DAG_OWNER='Aniket Shinde' AIRFLOW_CTX_DAG_ID='stackoverflow_medallion_pipeline_v2' AIRFLOW_CTX_TASK_ID='run_dbt_staging' AIRFLOW_CTX_EXECUTION_DATE='2026-05-19T12:49:47.173859+00:00' AIRFLOW_CTX_TRY_NUMBER='1' AIRFLOW_CTX_DAG_RUN_ID='manual__2026-05-19T12:49:47.173859+00:00'
[2026-05-19T12:53:40.599+0000] {taskinstance.py:430} INFO - ::endgroup::
[2026-05-19T12:53:40.617+0000] {subprocess.py:63} INFO - Tmp dir root location: /tmp
[2026-05-19T12:53:40.618+0000] {subprocess.py:75} INFO - Running command: ['/usr/bin/bash', '-c', 'cd /opt/***/stackoverflow_analytics && dbt run --select staging']
[2026-05-19T12:53:40.633+0000] {subprocess.py:86} INFO - Output:
[2026-05-19T12:53:46.412+0000] {subprocess.py:93} INFO - [0m12:53:46  Running with dbt=1.8.3
[2026-05-19T12:53:46.936+0000] {subprocess.py:93} INFO - [0m12:53:46  Registered adapter: clickhouse=1.8.3
[2026-05-19T12:53:48.176+0000] {subprocess.py:93} INFO - [0m12:53:48  Found 2 models, 2 data tests, 1 source, 463 macros
[2026-05-19T12:53:48.183+0000] {subprocess.py:93} INFO - [0m12:53:48
[2026-05-19T12:53:51.521+0000] {subprocess.py:93} INFO - [0m12:53:51  Concurrency: 1 threads (target='dev')
[2026-05-19T12:53:51.523+0000] {subprocess.py:93} INFO - [0m12:53:51
[2026-05-19T12:53:51.540+0000] {subprocess.py:93} INFO - [0m12:53:51  1 of 1 START sql incremental model `big_query`.`stg_posts` ..................... [RUN]
[2026-05-19T12:53:59.464+0000] {subprocess.py:93} INFO - [0m12:53:59  1 of 1 OK created sql incremental model `big_query`.`stg_posts` ................ [[32mOK[0m in 7.92s]
[2026-05-19T12:53:59.476+0000] {subprocess.py:93} INFO - [0m12:53:59
[2026-05-19T12:53:59.478+0000] {subprocess.py:93} INFO - [0m12:53:59  Finished running 1 incremental model in 0 hours 0 minutes and 11.29 seconds (11.29s).
[2026-05-19T12:53:59.559+0000] {subprocess.py:93} INFO - [0m12:53:59
[2026-05-19T12:53:59.560+0000] {subprocess.py:93} INFO - [0m12:53:59  [32mCompleted successfully[0m
[2026-05-19T12:53:59.562+0000] {subprocess.py:93} INFO - [0m12:53:59
[2026-05-19T12:53:59.563+0000] {subprocess.py:93} INFO - [0m12:53:59  Done. PASS=1 WARN=0 ERROR=0 SKIP=0 TOTAL=1
[2026-05-19T12:54:01.323+0000] {subprocess.py:97} INFO - Command exited with return code 0
[2026-05-19T12:54:01.324+0000] {taskinstance.py:441} INFO - ::group::Post task execution logs
[2026-05-19T12:54:01.434+0000] {taskinstance.py:1206} INFO - Marking task as SUCCESS. dag_id=stackoverflow_medallion_pipeline_v2, task_id=run_dbt_staging, run_id=manual__2026-05-19T12:49:47.173859+00:00, execution_date=20260519T124947, start_date=20260519T125340, end_date=20260519T125401
[2026-05-19T12:54:01.486+0000] {local_task_job_runner.py:240} INFO - Task exited with return code 0
[2026-05-19T12:54:01.553+0000] {taskinstance.py:3498} INFO - 0 downstream tasks scheduled from follow-on schedule check
[2026-05-19T12:54:01.557+0000] {local_task_job_runner.py:222} INFO - ::endgroup::
