[2026-05-11T13:34:08.012+0000] {local_task_job_runner.py:120} INFO - ::group::Pre task execution logs
[2026-05-11T13:34:08.122+0000] {taskinstance.py:2076} INFO - Dependencies all met for dep_context=non-requeueable deps ti=<TaskInstance: stackoverflow_medallion_pipeline.run_dbt_marts manual__2026-05-11T13:22:53.631777+00:00 [queued]>
[2026-05-11T13:34:08.148+0000] {taskinstance.py:2076} INFO - Dependencies all met for dep_context=requeueable deps ti=<TaskInstance: stackoverflow_medallion_pipeline.run_dbt_marts manual__2026-05-11T13:22:53.631777+00:00 [queued]>
[2026-05-11T13:34:08.150+0000] {taskinstance.py:2306} INFO - Starting attempt 1 of 1
[2026-05-11T13:34:08.184+0000] {taskinstance.py:2330} INFO - Executing <Task(BashOperator): run_dbt_marts> on 2026-05-11 13:22:53.631777+00:00
[2026-05-11T13:34:08.203+0000] {standard_task_runner.py:90} INFO - Running: ['***', 'tasks', 'run', 'stackoverflow_medallion_pipeline', 'run_dbt_marts', 'manual__2026-05-11T13:22:53.631777+00:00', '--job-id', '72', '--raw', '--subdir', 'DAGS_FOLDER/stackoverflow_migration_dag.py', '--cfg-path', '/tmp/tmpdj1c7xkr']
[2026-05-11T13:34:08.211+0000] {standard_task_runner.py:91} INFO - Job 72: Subtask run_dbt_marts
[2026-05-11T13:34:08.212+0000] {logging_mixin.py:188} WARNING - /home/***/.local/lib/python3.12/site-packages/***/task/task_runner/standard_task_runner.py:61 DeprecationWarning: This process (pid=316) is multi-threaded, use of fork() may lead to deadlocks in the child.
[2026-05-11T13:34:08.214+0000] {standard_task_runner.py:63} INFO - Started process 317 to run task
[2026-05-11T13:34:08.523+0000] {task_command.py:426} INFO - Running <TaskInstance: stackoverflow_medallion_pipeline.run_dbt_marts manual__2026-05-11T13:22:53.631777+00:00 [running]> on host 2984cee08122
[2026-05-11T13:34:09.026+0000] {taskinstance.py:2648} INFO - Exporting env vars: AIRFLOW_CTX_DAG_OWNER='Aniket Shinde' AIRFLOW_CTX_DAG_ID='stackoverflow_medallion_pipeline' AIRFLOW_CTX_TASK_ID='run_dbt_marts' AIRFLOW_CTX_EXECUTION_DATE='2026-05-11T13:22:53.631777+00:00' AIRFLOW_CTX_TRY_NUMBER='1' AIRFLOW_CTX_DAG_RUN_ID='manual__2026-05-11T13:22:53.631777+00:00'
[2026-05-11T13:34:09.027+0000] {taskinstance.py:430} INFO - ::endgroup::
[2026-05-11T13:34:09.053+0000] {subprocess.py:63} INFO - Tmp dir root location: /tmp
[2026-05-11T13:34:09.055+0000] {subprocess.py:75} INFO - Running command: ['/usr/bin/bash', '-c', 'cd /opt/***/stackoverflow_analytics && dbt run --select marts']
[2026-05-11T13:34:09.072+0000] {subprocess.py:86} INFO - Output:
[2026-05-11T13:34:14.641+0000] {subprocess.py:93} INFO - [0m13:34:14  Running with dbt=1.8.3
[2026-05-11T13:34:15.188+0000] {subprocess.py:93} INFO - [0m13:34:15  Registered adapter: clickhouse=1.8.3
[2026-05-11T13:34:16.452+0000] {subprocess.py:93} INFO - [0m13:34:16  Found 2 models, 2 data tests, 1 source, 463 macros
[2026-05-11T13:34:16.459+0000] {subprocess.py:93} INFO - [0m13:34:16
[2026-05-11T13:34:20.390+0000] {subprocess.py:93} INFO - [0m13:34:20  Concurrency: 1 threads (target='dev')
[2026-05-11T13:34:20.392+0000] {subprocess.py:93} INFO - [0m13:34:20
[2026-05-11T13:34:20.414+0000] {subprocess.py:93} INFO - [0m13:34:20  1 of 1 START sql table model `big_query`.`fct_tag_analysis` .................... [RUN]
[2026-05-11T13:34:59.555+0000] {subprocess.py:93} INFO - [0m13:34:59  1 of 1 OK created sql table model `big_query`.`fct_tag_analysis` ............... [[32mOK[0m in 39.12s]
[2026-05-11T13:34:59.591+0000] {subprocess.py:93} INFO - [0m13:34:59
[2026-05-11T13:34:59.601+0000] {subprocess.py:93} INFO - [0m13:34:59  Finished running 1 table model in 0 hours 0 minutes and 43.12 seconds (43.12s).
[2026-05-11T13:34:59.879+0000] {subprocess.py:93} INFO - [0m13:34:59
[2026-05-11T13:34:59.883+0000] {subprocess.py:93} INFO - [0m13:34:59  [32mCompleted successfully[0m
[2026-05-11T13:34:59.886+0000] {subprocess.py:93} INFO - [0m13:34:59
[2026-05-11T13:34:59.889+0000] {subprocess.py:93} INFO - [0m13:34:59  Done. PASS=1 WARN=0 ERROR=0 SKIP=0 TOTAL=1
[2026-05-11T13:35:01.635+0000] {subprocess.py:97} INFO - Command exited with return code 0
[2026-05-11T13:35:01.636+0000] {taskinstance.py:441} INFO - ::group::Post task execution logs
[2026-05-11T13:35:01.799+0000] {taskinstance.py:1206} INFO - Marking task as SUCCESS. dag_id=stackoverflow_medallion_pipeline, task_id=run_dbt_marts, run_id=manual__2026-05-11T13:22:53.631777+00:00, execution_date=20260511T132253, start_date=20260511T133408, end_date=20260511T133501
[2026-05-11T13:35:01.897+0000] {local_task_job_runner.py:240} INFO - Task exited with return code 0
[2026-05-11T13:35:01.993+0000] {taskinstance.py:3498} INFO - 0 downstream tasks scheduled from follow-on schedule check
[2026-05-11T13:35:02.020+0000] {local_task_job_runner.py:222} INFO - ::endgroup::
