[2026-05-19T10:13:13.656+0000] {local_task_job_runner.py:120} INFO - ::group::Pre task execution logs
[2026-05-19T10:13:13.713+0000] {taskinstance.py:2076} INFO - Dependencies all met for dep_context=non-requeueable deps ti=<TaskInstance: stackoverflow_medallion_pipeline_v2.run_dbt_staging manual__2026-05-19T10:10:25.717767+00:00 [queued]>
[2026-05-19T10:13:13.728+0000] {taskinstance.py:2076} INFO - Dependencies all met for dep_context=requeueable deps ti=<TaskInstance: stackoverflow_medallion_pipeline_v2.run_dbt_staging manual__2026-05-19T10:10:25.717767+00:00 [queued]>
[2026-05-19T10:13:13.729+0000] {taskinstance.py:2306} INFO - Starting attempt 1 of 5
[2026-05-19T10:13:13.749+0000] {taskinstance.py:2330} INFO - Executing <Task(BashOperator): run_dbt_staging> on 2026-05-19 10:10:25.717767+00:00
[2026-05-19T10:13:13.763+0000] {standard_task_runner.py:90} INFO - Running: ['***', 'tasks', 'run', 'stackoverflow_medallion_pipeline_v2', 'run_dbt_staging', 'manual__2026-05-19T10:10:25.717767+00:00', '--job-id', '175', '--raw', '--subdir', 'DAGS_FOLDER/stackoverflow_migration_dag.py', '--cfg-path', '/tmp/tmpg2h_h0x3']
[2026-05-19T10:13:13.768+0000] {standard_task_runner.py:91} INFO - Job 175: Subtask run_dbt_staging
[2026-05-19T10:13:13.769+0000] {logging_mixin.py:188} WARNING - /home/***/.local/lib/python3.12/site-packages/***/task/task_runner/standard_task_runner.py:61 DeprecationWarning: This process (pid=214) is multi-threaded, use of fork() may lead to deadlocks in the child.
[2026-05-19T10:13:13.772+0000] {standard_task_runner.py:63} INFO - Started process 215 to run task
[2026-05-19T10:13:13.934+0000] {task_command.py:426} INFO - Running <TaskInstance: stackoverflow_medallion_pipeline_v2.run_dbt_staging manual__2026-05-19T10:10:25.717767+00:00 [running]> on host cba14ea35e20
[2026-05-19T10:13:14.212+0000] {taskinstance.py:2648} INFO - Exporting env vars: AIRFLOW_CTX_DAG_OWNER='Aniket Shinde' AIRFLOW_CTX_DAG_ID='stackoverflow_medallion_pipeline_v2' AIRFLOW_CTX_TASK_ID='run_dbt_staging' AIRFLOW_CTX_EXECUTION_DATE='2026-05-19T10:10:25.717767+00:00' AIRFLOW_CTX_TRY_NUMBER='1' AIRFLOW_CTX_DAG_RUN_ID='manual__2026-05-19T10:10:25.717767+00:00'
[2026-05-19T10:13:14.214+0000] {taskinstance.py:430} INFO - ::endgroup::
[2026-05-19T10:13:14.229+0000] {subprocess.py:63} INFO - Tmp dir root location: /tmp
[2026-05-19T10:13:14.231+0000] {subprocess.py:75} INFO - Running command: ['/usr/bin/bash', '-c', 'cd /opt/***/stackoverflow_analytics && dbt run --select staging']
[2026-05-19T10:13:14.244+0000] {subprocess.py:86} INFO - Output:
[2026-05-19T10:13:18.153+0000] {subprocess.py:93} INFO - [0m10:13:18  Running with dbt=1.8.3
[2026-05-19T10:13:18.553+0000] {subprocess.py:93} INFO - [0m10:13:18  Registered adapter: clickhouse=1.8.3
[2026-05-19T10:13:19.658+0000] {subprocess.py:93} INFO - [0m10:13:19  Found 2 models, 2 data tests, 1 source, 463 macros
[2026-05-19T10:13:19.662+0000] {subprocess.py:93} INFO - [0m10:13:19
[2026-05-19T10:13:23.600+0000] {subprocess.py:93} INFO - [0m10:13:23  Concurrency: 1 threads (target='dev')
[2026-05-19T10:13:23.602+0000] {subprocess.py:93} INFO - [0m10:13:23
[2026-05-19T10:13:23.617+0000] {subprocess.py:93} INFO - [0m10:13:23  1 of 1 START sql incremental model `big_query`.`stg_posts` ..................... [RUN]
[2026-05-19T10:13:29.681+0000] {subprocess.py:93} INFO - [0m10:13:29  1 of 1 OK created sql incremental model `big_query`.`stg_posts` ................ [[32mOK[0m in 6.06s]
[2026-05-19T10:13:29.693+0000] {subprocess.py:93} INFO - [0m10:13:29
[2026-05-19T10:13:29.695+0000] {subprocess.py:93} INFO - [0m10:13:29  Finished running 1 incremental model in 0 hours 0 minutes and 10.03 seconds (10.03s).
[2026-05-19T10:13:29.771+0000] {subprocess.py:93} INFO - [0m10:13:29
[2026-05-19T10:13:29.773+0000] {subprocess.py:93} INFO - [0m10:13:29  [32mCompleted successfully[0m
[2026-05-19T10:13:29.774+0000] {subprocess.py:93} INFO - [0m10:13:29
[2026-05-19T10:13:29.775+0000] {subprocess.py:93} INFO - [0m10:13:29  Done. PASS=1 WARN=0 ERROR=0 SKIP=0 TOTAL=1
[2026-05-19T10:13:32.763+0000] {subprocess.py:97} INFO - Command exited with return code 0
[2026-05-19T10:13:32.764+0000] {taskinstance.py:441} INFO - ::group::Post task execution logs
[2026-05-19T10:13:32.865+0000] {taskinstance.py:1206} INFO - Marking task as SUCCESS. dag_id=stackoverflow_medallion_pipeline_v2, task_id=run_dbt_staging, run_id=manual__2026-05-19T10:10:25.717767+00:00, execution_date=20260519T101025, start_date=20260519T101313, end_date=20260519T101332
[2026-05-19T10:13:32.908+0000] {local_task_job_runner.py:240} INFO - Task exited with return code 0
[2026-05-19T10:13:32.969+0000] {taskinstance.py:3498} INFO - 1 downstream tasks scheduled from follow-on schedule check
[2026-05-19T10:13:32.973+0000] {local_task_job_runner.py:222} INFO - ::endgroup::
