[2026-05-19T11:53:57.408+0000] {local_task_job_runner.py:120} INFO - ::group::Pre task execution logs
[2026-05-19T11:53:57.465+0000] {taskinstance.py:2076} INFO - Dependencies all met for dep_context=non-requeueable deps ti=<TaskInstance: stackoverflow_medallion_pipeline_v2.trigger_glue_migration manual__2026-05-19T11:53:54.282913+00:00 [queued]>
[2026-05-19T11:53:57.480+0000] {taskinstance.py:2076} INFO - Dependencies all met for dep_context=requeueable deps ti=<TaskInstance: stackoverflow_medallion_pipeline_v2.trigger_glue_migration manual__2026-05-19T11:53:54.282913+00:00 [queued]>
[2026-05-19T11:53:57.481+0000] {taskinstance.py:2306} INFO - Starting attempt 1 of 5
[2026-05-19T11:53:57.500+0000] {taskinstance.py:2330} INFO - Executing <Task(GlueJobOperator): trigger_glue_migration> on 2026-05-19 11:53:54.282913+00:00
[2026-05-19T11:53:57.516+0000] {standard_task_runner.py:90} INFO - Running: ['***', 'tasks', 'run', 'stackoverflow_medallion_pipeline_v2', 'trigger_glue_migration', 'manual__2026-05-19T11:53:54.282913+00:00', '--job-id', '186', '--raw', '--subdir', 'DAGS_FOLDER/stackoverflow_migration_dag.py', '--cfg-path', '/tmp/tmpvyvtd0eh']
[2026-05-19T11:53:57.520+0000] {logging_mixin.py:188} WARNING - /home/***/.local/lib/python3.12/site-packages/***/task/task_runner/standard_task_runner.py:61 DeprecationWarning: This process (pid=1229) is multi-threaded, use of fork() may lead to deadlocks in the child.
[2026-05-19T11:53:57.521+0000] {standard_task_runner.py:91} INFO - Job 186: Subtask trigger_glue_migration
[2026-05-19T11:53:57.523+0000] {standard_task_runner.py:63} INFO - Started process 1230 to run task
[2026-05-19T11:53:57.703+0000] {task_command.py:426} INFO - Running <TaskInstance: stackoverflow_medallion_pipeline_v2.trigger_glue_migration manual__2026-05-19T11:53:54.282913+00:00 [running]> on host cba14ea35e20
[2026-05-19T11:53:58.016+0000] {taskinstance.py:2648} INFO - Exporting env vars: AIRFLOW_CTX_DAG_OWNER='Aniket Shinde' AIRFLOW_CTX_DAG_ID='stackoverflow_medallion_pipeline_v2' AIRFLOW_CTX_TASK_ID='trigger_glue_migration' AIRFLOW_CTX_EXECUTION_DATE='2026-05-19T11:53:54.282913+00:00' AIRFLOW_CTX_TRY_NUMBER='1' AIRFLOW_CTX_DAG_RUN_ID='manual__2026-05-19T11:53:54.282913+00:00'
[2026-05-19T11:53:58.018+0000] {taskinstance.py:430} INFO - ::endgroup::
[2026-05-19T11:53:58.041+0000] {glue.py:173} INFO - Initializing AWS Glue Job: BigQ_to_S3_2. Wait for completion: True
[2026-05-19T11:53:58.043+0000] {glue.py:364} INFO - Checking if job already exists: BigQ_to_S3_2
[2026-05-19T11:53:58.086+0000] {base.py:84} INFO - Using connection ID 'aws_default' for task execution.
[2026-05-19T11:53:58.088+0000] {connection_wrapper.py:384} INFO - AWS Connection (conn_id='aws_default', conn_type='aws') credentials retrieved from login and password.
[2026-05-19T11:54:00.141+0000] {glue.py:194} INFO - You can monitor this Glue Job run at: https://console.aws.amazon.com/gluestudio/home?region=us-east-1#/job/BigQ_to_S3_2/run/jr_da0dcb93e88b6bf0b9831f46a0373df8d12634c6d0747b0fa6c64ba7c86da64d
[2026-05-19T11:54:00.447+0000] {glue.py:347} INFO - Polling for AWS Glue Job BigQ_to_S3_2 current run state with status RUNNING
[2026-05-19T11:54:06.763+0000] {glue.py:347} INFO - Polling for AWS Glue Job BigQ_to_S3_2 current run state with status RUNNING
[2026-05-19T11:54:13.075+0000] {glue.py:347} INFO - Polling for AWS Glue Job BigQ_to_S3_2 current run state with status RUNNING
[2026-05-19T11:54:19.389+0000] {glue.py:347} INFO - Polling for AWS Glue Job BigQ_to_S3_2 current run state with status RUNNING
[2026-05-19T11:54:25.707+0000] {glue.py:347} INFO - Polling for AWS Glue Job BigQ_to_S3_2 current run state with status RUNNING
[2026-05-19T11:54:32.040+0000] {glue.py:347} INFO - Polling for AWS Glue Job BigQ_to_S3_2 current run state with status RUNNING
[2026-05-19T11:54:38.393+0000] {glue.py:347} INFO - Polling for AWS Glue Job BigQ_to_S3_2 current run state with status RUNNING
[2026-05-19T11:54:44.720+0000] {glue.py:347} INFO - Polling for AWS Glue Job BigQ_to_S3_2 current run state with status RUNNING
[2026-05-19T11:54:51.040+0000] {glue.py:347} INFO - Polling for AWS Glue Job BigQ_to_S3_2 current run state with status RUNNING
[2026-05-19T11:54:57.363+0000] {glue.py:347} INFO - Polling for AWS Glue Job BigQ_to_S3_2 current run state with status RUNNING
[2026-05-19T11:55:03.700+0000] {glue.py:347} INFO - Polling for AWS Glue Job BigQ_to_S3_2 current run state with status RUNNING
[2026-05-19T11:55:10.065+0000] {glue.py:347} INFO - Polling for AWS Glue Job BigQ_to_S3_2 current run state with status RUNNING
[2026-05-19T11:55:14.324+0000] {local_task_job_runner.py:310} WARNING - State of this instance has been externally set to failed. Terminating instance.
[2026-05-19T11:55:14.329+0000] {local_task_job_runner.py:222} INFO - ::endgroup::
[2026-05-19T11:55:14.333+0000] {process_utils.py:132} INFO - Sending 15 to group 1230. PIDs of all processes in the group: [1230]
[2026-05-19T11:55:14.334+0000] {process_utils.py:87} INFO - Sending the signal 15 to group 1230
[2026-05-19T11:55:14.336+0000] {taskinstance.py:2611} ERROR - Received SIGTERM. Terminating subprocesses.
[2026-05-19T11:55:14.338+0000] {taskinstance.py:441} INFO - ::group::Post task execution logs
[2026-05-19T11:55:14.468+0000] {process_utils.py:80} INFO - Process psutil.Process(pid=1230, status='terminated', exitcode=0, started='11:53:57') (1230) terminated with exit code 0
