[0m18:34:47.100727 [debug] [MainThread]: Sending event: {'category': 'dbt', 'action': 'invocation', 'label': 'start', 'context': [<snowplow_tracker.self_describing_json.SelfDescribingJson object at 0x00000229D5372720>, <snowplow_tracker.self_describing_json.SelfDescribingJson object at 0x00000229D53729C0>, <snowplow_tracker.self_describing_json.SelfDescribingJson object at 0x00000229D5A63470>]}


============================== 18:34:47.235958 | 183b11a3-34ca-437f-866b-5796383c7c07 ==============================
[0m18:34:47.235958 [info ] [MainThread]: Running with dbt=1.11.8
[0m18:34:47.238190 [debug] [MainThread]: running dbt with arguments {'version_check': 'True', 'no_print': 'None', 'static_parser': 'True', 'target_path': 'None', 'warn_error_options': 'WarnErrorOptionsV2(error=[], warn=[], silence=[])', 'printer_width': '80', 'write_json': 'True', 'introspect': 'True', 'log_cache_events': 'False', 'empty': 'None', 'cache_selected_only': 'False', 'log_format': 'default', 'debug': 'False', 'fail_fast': 'False', 'partial_parse': 'True', 'send_anonymous_usage_stats': 'True', 'quiet': 'False', 'warn_error': 'None', 'profiles_dir': 'C:\\Users\\Aniket.Shinde\\.dbt', 'indirect_selection': 'eager', 'invocation_command': 'dbt init stackoverflow_analytics', 'use_colors': 'True', 'use_experimental_parser': 'False', 'log_path': 'logs'}
[0m18:34:48.069013 [info ] [MainThread]: Creating dbt configuration folder at C:\Users\Aniket.Shinde\.dbt
[0m18:34:48.096144 [debug] [MainThread]: Starter project path: C:\Users\Aniket.Shinde\stackoverflow-migration\.venv\Lib\site-packages\dbt\include\starter_project
[0m18:34:48.201419 [info ] [MainThread]: 
Your new dbt project "stackoverflow_analytics" was created!

For more information on how to configure the profiles.yml file,
please consult the dbt documentation here:

  https://docs.getdbt.com/docs/configure-your-profile

One more thing:

Need help? Don't hesitate to reach out to us via GitHub issues or on Slack:

  https://community.getdbt.com/

Happy modeling!

[0m18:34:48.201419 [info ] [MainThread]: Setting up your profile.
[0m18:37:59.963012 [info ] [MainThread]: No sample profile found for clickhouse.
[0m18:37:59.968511 [debug] [MainThread]: Command `dbt init` succeeded at 18:37:59.968511 after 193.26 seconds
[0m18:37:59.968511 [debug] [MainThread]: Sending event: {'category': 'dbt', 'action': 'invocation', 'label': 'end', 'context': [<snowplow_tracker.self_describing_json.SelfDescribingJson object at 0x00000229D70317C0>, <snowplow_tracker.self_describing_json.SelfDescribingJson object at 0x00000229D7358350>, <snowplow_tracker.self_describing_json.SelfDescribingJson object at 0x00000229D6EF8500>]}
[0m18:37:59.972826 [debug] [MainThread]: Flushing usage events
[0m18:38:02.478722 [debug] [MainThread]: An error was encountered while trying to flush usage events
[0m16:54:56.497875 [debug] [MainThread]: Sending event: {'category': 'dbt', 'action': 'invocation', 'label': 'start', 'context': [<snowplow_tracker.self_describing_json.SelfDescribingJson object at 0x0000021DEB929A00>, <snowplow_tracker.self_describing_json.SelfDescribingJson object at 0x0000021DEC43EF60>, <snowplow_tracker.self_describing_json.SelfDescribingJson object at 0x0000021DEC43E930>]}


============================== 16:54:56.513567 | 56b9b071-2806-4798-9403-d7d32e4bed13 ==============================
[0m16:54:56.513567 [info ] [MainThread]: Running with dbt=1.11.8
[0m16:54:56.513567 [debug] [MainThread]: running dbt with arguments {'static_parser': 'True', 'no_print': 'None', 'version_check': 'True', 'warn_error_options': 'WarnErrorOptionsV2(error=[], warn=[], silence=[])', 'target_path': 'None', 'printer_width': '80', 'write_json': 'True', 'empty': 'False', 'log_cache_events': 'False', 'introspect': 'True', 'cache_selected_only': 'False', 'log_format': 'default', 'debug': 'False', 'fail_fast': 'False', 'partial_parse': 'True', 'send_anonymous_usage_stats': 'True', 'quiet': 'False', 'warn_error': 'None', 'profiles_dir': 'C:\\Users\\Aniket.Shinde\\.dbt', 'invocation_command': 'dbt run', 'use_colors': 'True', 'indirect_selection': 'eager', 'use_experimental_parser': 'False', 'log_path': 'logs'}
[0m16:54:56.513567 [error] [MainThread]: Encountered an error:
Runtime Error
  No dbt_project.yml found at expected path C:\Users\Aniket.Shinde\stackoverflow-migration\dbt_project.yml
  Verify that each entry within packages.yml (and their transitive dependencies) contains a file named dbt_project.yml
  
[0m16:54:56.513567 [debug] [MainThread]: Command `dbt run` failed at 16:54:56.513567 after 0.16 seconds
[0m16:54:56.513567 [debug] [MainThread]: Sending event: {'category': 'dbt', 'action': 'invocation', 'label': 'end', 'context': [<snowplow_tracker.self_describing_json.SelfDescribingJson object at 0x0000021DED88B980>, <snowplow_tracker.self_describing_json.SelfDescribingJson object at 0x0000021DED837A10>, <snowplow_tracker.self_describing_json.SelfDescribingJson object at 0x0000021DEB929A00>]}
[0m16:54:56.513567 [debug] [MainThread]: Flushing usage events
[0m16:54:57.803520 [debug] [MainThread]: An error was encountered while trying to flush usage events
[0m22:30:57.760274 [debug] [MainThread]: Sending event: {'category': 'dbt', 'action': 'invocation', 'label': 'start', 'context': [<snowplow_tracker.self_describing_json.SelfDescribingJson object at 0x0000026DD8CD10A0>, <snowplow_tracker.self_describing_json.SelfDescribingJson object at 0x0000026DDC9CACC0>, <snowplow_tracker.self_describing_json.SelfDescribingJson object at 0x0000026DDC9CAAE0>]}


============================== 22:30:57.773655 | a2d96579-c863-48ea-905c-0d722a99659b ==============================
[0m22:30:57.773655 [info ] [MainThread]: Running with dbt=1.11.8
[0m22:30:57.776317 [debug] [MainThread]: running dbt with arguments {'version_check': 'True', 'no_print': 'None', 'static_parser': 'True', 'warn_error_options': 'WarnErrorOptionsV2(error=[], warn=[], silence=[])', 'target_path': 'None', 'printer_width': '80', 'write_json': 'True', 'empty': 'None', 'log_cache_events': 'False', 'introspect': 'True', 'cache_selected_only': 'False', 'log_format': 'default', 'debug': 'False', 'fail_fast': 'False', 'profiles_dir': 'C:\\Users\\Aniket.Shinde\\.dbt', 'send_anonymous_usage_stats': 'True', 'quiet': 'False', 'warn_error': 'None', 'partial_parse': 'True', 'indirect_selection': 'eager', 'use_colors': 'True', 'invocation_command': 'dbt deps', 'use_experimental_parser': 'False', 'log_path': 'logs'}
[0m22:30:57.776317 [error] [MainThread]: Encountered an error:
Runtime Error
  No dbt_project.yml found at expected path C:\Users\Aniket.Shinde\stackoverflow-migration\dbt_project.yml
  Verify that each entry within packages.yml (and their transitive dependencies) contains a file named dbt_project.yml
  
[0m22:30:57.780524 [debug] [MainThread]: Command `dbt deps` failed at 22:30:57.780524 after 0.32 seconds
[0m22:30:57.780524 [debug] [MainThread]: Sending event: {'category': 'dbt', 'action': 'invocation', 'label': 'end', 'context': [<snowplow_tracker.self_describing_json.SelfDescribingJson object at 0x0000026DDE8ABE30>, <snowplow_tracker.self_describing_json.SelfDescribingJson object at 0x0000026DDE864FE0>, <snowplow_tracker.self_describing_json.SelfDescribingJson object at 0x0000026DDD16EA80>]}
[0m22:30:57.780524 [debug] [MainThread]: Flushing usage events
[0m22:30:59.352195 [debug] [MainThread]: An error was encountered while trying to flush usage events
