[2026-05-15T20:01:25.613+0000] {local_task_job_runner.py:120} INFO - ::group::Pre task execution logs
[2026-05-15T20:01:25.688+0000] {taskinstance.py:2076} INFO - Dependencies all met for dep_context=non-requeueable deps ti=<TaskInstance: stackoverflow_medallion_pipeline_v2.run_dbt_marts manual__2026-05-15T19:57:12.897704+00:00 [queued]>
[2026-05-15T20:01:25.704+0000] {taskinstance.py:2076} INFO - Dependencies all met for dep_context=requeueable deps ti=<TaskInstance: stackoverflow_medallion_pipeline_v2.run_dbt_marts manual__2026-05-15T19:57:12.897704+00:00 [queued]>
[2026-05-15T20:01:25.705+0000] {taskinstance.py:2306} INFO - Starting attempt 1 of 4
[2026-05-15T20:01:25.727+0000] {taskinstance.py:2330} INFO - Executing <Task(BashOperator): run_dbt_marts> on 2026-05-15 19:57:12.897704+00:00
[2026-05-15T20:01:25.743+0000] {logging_mixin.py:188} WARNING - /home/***/.local/lib/python3.12/site-packages/***/task/task_runner/standard_task_runner.py:61 DeprecationWarning: This process (pid=237) is multi-threaded, use of fork() may lead to deadlocks in the child.
[2026-05-15T20:01:25.739+0000] {standard_task_runner.py:90} INFO - Running: ['***', 'tasks', 'run', 'stackoverflow_medallion_pipeline_v2', 'run_dbt_marts', 'manual__2026-05-15T19:57:12.897704+00:00', '--job-id', '120', '--raw', '--subdir', 'DAGS_FOLDER/stackoverflow_migration_dag.py', '--cfg-path', '/tmp/tmp0kudd01x']
[2026-05-15T20:01:25.745+0000] {standard_task_runner.py:63} INFO - Started process 240 to run task
[2026-05-15T20:01:25.745+0000] {standard_task_runner.py:91} INFO - Job 120: Subtask run_dbt_marts
[2026-05-15T20:01:25.946+0000] {task_command.py:426} INFO - Running <TaskInstance: stackoverflow_medallion_pipeline_v2.run_dbt_marts manual__2026-05-15T19:57:12.897704+00:00 [running]> on host db705e511191
[2026-05-15T20:01:26.312+0000] {taskinstance.py:2648} INFO - Exporting env vars: AIRFLOW_CTX_DAG_OWNER='Aniket Shinde' AIRFLOW_CTX_DAG_ID='stackoverflow_medallion_pipeline_v2' AIRFLOW_CTX_TASK_ID='run_dbt_marts' AIRFLOW_CTX_EXECUTION_DATE='2026-05-15T19:57:12.897704+00:00' AIRFLOW_CTX_TRY_NUMBER='1' AIRFLOW_CTX_DAG_RUN_ID='manual__2026-05-15T19:57:12.897704+00:00'
[2026-05-15T20:01:26.315+0000] {taskinstance.py:430} INFO - ::endgroup::
[2026-05-15T20:01:26.345+0000] {subprocess.py:63} INFO - Tmp dir root location: /tmp
[2026-05-15T20:01:26.347+0000] {subprocess.py:75} INFO - Running command: ['/usr/bin/bash', '-c', 'cd /opt/***/stackoverflow_analytics && dbt run --select marts']
[2026-05-15T20:01:26.366+0000] {subprocess.py:86} INFO - Output:
[2026-05-15T20:01:30.221+0000] {subprocess.py:93} INFO - [0m20:01:30  Running with dbt=1.8.3
[2026-05-15T20:01:30.599+0000] {subprocess.py:93} INFO - [0m20:01:30  Registered adapter: clickhouse=1.8.3
[2026-05-15T20:01:31.905+0000] {subprocess.py:93} INFO - [0m20:01:31  Found 2 models, 2 data tests, 1 source, 463 macros
[2026-05-15T20:01:31.913+0000] {subprocess.py:93} INFO - [0m20:01:31
[2026-05-15T20:01:35.767+0000] {subprocess.py:93} INFO - [0m20:01:35  Concurrency: 1 threads (target='dev')
[2026-05-15T20:01:35.768+0000] {subprocess.py:93} INFO - [0m20:01:35
[2026-05-15T20:01:35.785+0000] {subprocess.py:93} INFO - [0m20:01:35  1 of 1 START sql table model `big_query`.`fct_tag_analysis` .................... [RUN]
[2026-05-15T20:01:44.263+0000] {subprocess.py:93} INFO - [0m20:01:44  1 of 1 OK created sql table model `big_query`.`fct_tag_analysis` ............... [[32mOK[0m in 8.47s]
[2026-05-15T20:01:44.276+0000] {subprocess.py:93} INFO - [0m20:01:44
[2026-05-15T20:01:44.278+0000] {subprocess.py:93} INFO - [0m20:01:44  Finished running 1 table model in 0 hours 0 minutes and 12.36 seconds (12.36s).
[2026-05-15T20:01:44.370+0000] {subprocess.py:93} INFO - [0m20:01:44
[2026-05-15T20:01:44.372+0000] {subprocess.py:93} INFO - [0m20:01:44  [32mCompleted successfully[0m
[2026-05-15T20:01:44.374+0000] {subprocess.py:93} INFO - [0m20:01:44
[2026-05-15T20:01:44.376+0000] {subprocess.py:93} INFO - [0m20:01:44  Done. PASS=1 WARN=0 ERROR=0 SKIP=0 TOTAL=1
[2026-05-15T20:01:45.974+0000] {subprocess.py:97} INFO - Command exited with return code 0
[2026-05-15T20:01:45.976+0000] {taskinstance.py:441} INFO - ::group::Post task execution logs
[2026-05-15T20:01:46.123+0000] {taskinstance.py:1206} INFO - Marking task as SUCCESS. dag_id=stackoverflow_medallion_pipeline_v2, task_id=run_dbt_marts, run_id=manual__2026-05-15T19:57:12.897704+00:00, execution_date=20260515T195712, start_date=20260515T200125, end_date=20260515T200146
[2026-05-15T20:01:46.168+0000] {local_task_job_runner.py:240} INFO - Task exited with return code 0
[2026-05-15T20:01:46.232+0000] {taskinstance.py:3498} INFO - 0 downstream tasks scheduled from follow-on schedule check
[2026-05-15T20:01:46.237+0000] {local_task_job_runner.py:222} INFO - ::endgroup::
