[2026-05-06T13:56:45.150+0000] {local_task_job_runner.py:120} INFO - ::group::Pre task execution logs
[2026-05-06T13:56:45.276+0000] {taskinstance.py:2076} INFO - Dependencies all met for dep_context=non-requeueable deps ti=<TaskInstance: stackoverflow_automated_mcp_pipeline.trigger_glue_migration scheduled__2026-05-05T00:00:00+00:00 [queued]>
[2026-05-06T13:56:45.317+0000] {taskinstance.py:2076} INFO - Dependencies all met for dep_context=requeueable deps ti=<TaskInstance: stackoverflow_automated_mcp_pipeline.trigger_glue_migration scheduled__2026-05-05T00:00:00+00:00 [queued]>
[2026-05-06T13:56:45.320+0000] {taskinstance.py:2306} INFO - Starting attempt 1 of 2
[2026-05-06T13:56:45.392+0000] {taskinstance.py:2330} INFO - Executing <Task(GlueJobOperator): trigger_glue_migration> on 2026-05-05 00:00:00+00:00
[2026-05-06T13:56:45.429+0000] {standard_task_runner.py:90} INFO - Running: ['***', 'tasks', 'run', 'stackoverflow_automated_mcp_pipeline', 'trigger_glue_migration', 'scheduled__2026-05-05T00:00:00+00:00', '--job-id', '28', '--raw', '--subdir', 'DAGS_FOLDER/stackoverflow_migration_dag.py', '--cfg-path', '/tmp/tmpgtn8fls0']
[2026-05-06T13:56:45.438+0000] {standard_task_runner.py:91} INFO - Job 28: Subtask trigger_glue_migration
[2026-05-06T13:56:45.446+0000] {logging_mixin.py:188} WARNING - /home/***/.local/lib/python3.12/site-packages/***/task/task_runner/standard_task_runner.py:61 DeprecationWarning: This process (pid=199) is multi-threaded, use of fork() may lead to deadlocks in the child.
[2026-05-06T13:56:45.448+0000] {standard_task_runner.py:63} INFO - Started process 202 to run task
[2026-05-06T13:56:45.991+0000] {task_command.py:426} INFO - Running <TaskInstance: stackoverflow_automated_mcp_pipeline.trigger_glue_migration scheduled__2026-05-05T00:00:00+00:00 [running]> on host c947d5ddabeb
[2026-05-06T13:56:46.996+0000] {taskinstance.py:2648} INFO - Exporting env vars: AIRFLOW_CTX_DAG_OWNER='Aniket Shinde' AIRFLOW_CTX_DAG_ID='stackoverflow_automated_mcp_pipeline' AIRFLOW_CTX_TASK_ID='trigger_glue_migration' AIRFLOW_CTX_EXECUTION_DATE='2026-05-05T00:00:00+00:00' AIRFLOW_CTX_TRY_NUMBER='1' AIRFLOW_CTX_DAG_RUN_ID='scheduled__2026-05-05T00:00:00+00:00'
[2026-05-06T13:56:46.998+0000] {taskinstance.py:430} INFO - ::endgroup::
[2026-05-06T13:56:47.066+0000] {glue.py:173} INFO - Initializing AWS Glue Job: BigQ_to_S3_2. Wait for completion: True
[2026-05-06T13:56:47.067+0000] {glue.py:364} INFO - Checking if job already exists: BigQ_to_S3_2
[2026-05-06T13:56:47.160+0000] {base.py:84} INFO - Using connection ID 'aws_default' for task execution.
[2026-05-06T13:56:47.163+0000] {connection_wrapper.py:384} INFO - AWS Connection (conn_id='aws_default', conn_type='aws') credentials retrieved from login and password.
[2026-05-06T13:56:50.488+0000] {glue.py:194} INFO - You can monitor this Glue Job run at: https://console.aws.amazon.com/gluestudio/home?region=us-east-1#/job/BigQ_to_S3_2/run/jr_326b399c5a9b6fbddeadf4a751e68a8925d090b6312fa6c5b6440bb3faf6a89d
[2026-05-06T13:56:50.874+0000] {glue.py:347} INFO - Polling for AWS Glue Job BigQ_to_S3_2 current run state with status RUNNING
[2026-05-06T13:56:57.255+0000] {glue.py:347} INFO - Polling for AWS Glue Job BigQ_to_S3_2 current run state with status RUNNING
[2026-05-06T13:57:03.773+0000] {glue.py:347} INFO - Polling for AWS Glue Job BigQ_to_S3_2 current run state with status RUNNING
[2026-05-06T13:57:10.151+0000] {glue.py:347} INFO - Polling for AWS Glue Job BigQ_to_S3_2 current run state with status RUNNING
[2026-05-06T13:57:16.521+0000] {glue.py:347} INFO - Polling for AWS Glue Job BigQ_to_S3_2 current run state with status RUNNING
[2026-05-06T13:57:22.977+0000] {glue.py:347} INFO - Polling for AWS Glue Job BigQ_to_S3_2 current run state with status RUNNING
[2026-05-06T13:57:29.350+0000] {glue.py:347} INFO - Polling for AWS Glue Job BigQ_to_S3_2 current run state with status RUNNING
[2026-05-06T13:57:35.691+0000] {glue.py:347} INFO - Polling for AWS Glue Job BigQ_to_S3_2 current run state with status RUNNING
[2026-05-06T13:57:42.075+0000] {glue.py:347} INFO - Polling for AWS Glue Job BigQ_to_S3_2 current run state with status RUNNING
[2026-05-06T13:57:48.422+0000] {glue.py:347} INFO - Polling for AWS Glue Job BigQ_to_S3_2 current run state with status RUNNING
[2026-05-06T13:57:54.973+0000] {glue.py:347} INFO - Polling for AWS Glue Job BigQ_to_S3_2 current run state with status RUNNING
[2026-05-06T13:58:01.335+0000] {glue.py:347} INFO - Polling for AWS Glue Job BigQ_to_S3_2 current run state with status RUNNING
[2026-05-06T13:58:07.707+0000] {glue.py:347} INFO - Polling for AWS Glue Job BigQ_to_S3_2 current run state with status RUNNING
[2026-05-06T13:58:14.126+0000] {glue.py:347} INFO - Polling for AWS Glue Job BigQ_to_S3_2 current run state with status RUNNING
[2026-05-06T13:58:20.489+0000] {glue.py:347} INFO - Polling for AWS Glue Job BigQ_to_S3_2 current run state with status RUNNING
[2026-05-06T13:58:26.862+0000] {glue.py:347} INFO - Polling for AWS Glue Job BigQ_to_S3_2 current run state with status RUNNING
[2026-05-06T13:58:33.270+0000] {glue.py:347} INFO - Polling for AWS Glue Job BigQ_to_S3_2 current run state with status RUNNING
[2026-05-06T13:58:39.622+0000] {glue.py:340} INFO - Exiting Job jr_326b399c5a9b6fbddeadf4a751e68a8925d090b6312fa6c5b6440bb3faf6a89d Run State: SUCCEEDED
[2026-05-06T13:58:39.624+0000] {glue.py:209} INFO - AWS Glue Job: BigQ_to_S3_2 status: SUCCEEDED. Run Id: jr_326b399c5a9b6fbddeadf4a751e68a8925d090b6312fa6c5b6440bb3faf6a89d
[2026-05-06T13:58:39.626+0000] {taskinstance.py:441} INFO - ::group::Post task execution logs
[2026-05-06T13:58:39.922+0000] {taskinstance.py:1206} INFO - Marking task as SUCCESS. dag_id=stackoverflow_automated_mcp_pipeline, task_id=trigger_glue_migration, run_id=scheduled__2026-05-05T00:00:00+00:00, execution_date=20260505T000000, start_date=20260506T135645, end_date=20260506T135839
[2026-05-06T13:58:40.029+0000] {local_task_job_runner.py:240} INFO - Task exited with return code 0
[2026-05-06T13:58:40.196+0000] {local_task_job_runner.py:222} INFO - ::endgroup::
