[2026-05-19T05:36:46.898+0000] {local_task_job_runner.py:120} INFO - ::group::Pre task execution logs
[2026-05-19T05:36:47.049+0000] {taskinstance.py:2076} INFO - Dependencies all met for dep_context=non-requeueable deps ti=<TaskInstance: stackoverflow_medallion_pipeline_v2.run_dbt_staging scheduled__2026-05-18T00:00:00+00:00 [queued]>
[2026-05-19T05:36:47.077+0000] {taskinstance.py:2076} INFO - Dependencies all met for dep_context=requeueable deps ti=<TaskInstance: stackoverflow_medallion_pipeline_v2.run_dbt_staging scheduled__2026-05-18T00:00:00+00:00 [queued]>
[2026-05-19T05:36:47.080+0000] {taskinstance.py:2306} INFO - Starting attempt 1 of 5
[2026-05-19T05:36:47.123+0000] {taskinstance.py:2330} INFO - Executing <Task(BashOperator): run_dbt_staging> on 2026-05-18 00:00:00+00:00
[2026-05-19T05:36:47.149+0000] {standard_task_runner.py:90} INFO - Running: ['***', 'tasks', 'run', 'stackoverflow_medallion_pipeline_v2', 'run_dbt_staging', 'scheduled__2026-05-18T00:00:00+00:00', '--job-id', '170', '--raw', '--subdir', 'DAGS_FOLDER/stackoverflow_migration_dag.py', '--cfg-path', '/tmp/tmpmg_r1krm']
[2026-05-19T05:36:47.157+0000] {logging_mixin.py:188} WARNING - /home/***/.local/lib/python3.12/site-packages/***/task/task_runner/standard_task_runner.py:61 DeprecationWarning: This process (pid=311) is multi-threaded, use of fork() may lead to deadlocks in the child.
[2026-05-19T05:36:47.158+0000] {standard_task_runner.py:91} INFO - Job 170: Subtask run_dbt_staging
[2026-05-19T05:36:47.160+0000] {standard_task_runner.py:63} INFO - Started process 312 to run task
[2026-05-19T05:36:47.573+0000] {task_command.py:426} INFO - Running <TaskInstance: stackoverflow_medallion_pipeline_v2.run_dbt_staging scheduled__2026-05-18T00:00:00+00:00 [running]> on host 4e139f5aaae3
[2026-05-19T05:36:48.185+0000] {taskinstance.py:2648} INFO - Exporting env vars: AIRFLOW_CTX_DAG_OWNER='Aniket Shinde' AIRFLOW_CTX_DAG_ID='stackoverflow_medallion_pipeline_v2' AIRFLOW_CTX_TASK_ID='run_dbt_staging' AIRFLOW_CTX_EXECUTION_DATE='2026-05-18T00:00:00+00:00' AIRFLOW_CTX_TRY_NUMBER='1' AIRFLOW_CTX_DAG_RUN_ID='scheduled__2026-05-18T00:00:00+00:00'
[2026-05-19T05:36:48.191+0000] {taskinstance.py:430} INFO - ::endgroup::
[2026-05-19T05:36:48.243+0000] {subprocess.py:63} INFO - Tmp dir root location: /tmp
[2026-05-19T05:36:48.246+0000] {subprocess.py:75} INFO - Running command: ['/usr/bin/bash', '-c', 'cd /opt/***/stackoverflow_analytics && dbt run --select staging']
[2026-05-19T05:36:48.262+0000] {subprocess.py:86} INFO - Output:
[2026-05-19T05:36:54.530+0000] {subprocess.py:93} INFO - [0m05:36:54  Running with dbt=1.8.3
[2026-05-19T05:36:55.069+0000] {subprocess.py:93} INFO - [0m05:36:55  Registered adapter: clickhouse=1.8.3
[2026-05-19T05:36:56.580+0000] {subprocess.py:93} INFO - [0m05:36:56  Found 2 models, 2 data tests, 1 source, 463 macros
[2026-05-19T05:36:56.587+0000] {subprocess.py:93} INFO - [0m05:36:56
[2026-05-19T05:37:01.536+0000] {subprocess.py:93} INFO - [0m05:37:01  Concurrency: 1 threads (target='dev')
[2026-05-19T05:37:01.538+0000] {subprocess.py:93} INFO - [0m05:37:01
[2026-05-19T05:37:01.561+0000] {subprocess.py:93} INFO - [0m05:37:01  1 of 1 START sql incremental model `big_query`.`stg_posts` ..................... [RUN]
[2026-05-19T05:37:15.629+0000] {subprocess.py:93} INFO - [0m05:37:15  1 of 1 OK created sql incremental model `big_query`.`stg_posts` ................ [[32mOK[0m in 14.06s]
[2026-05-19T05:37:15.643+0000] {subprocess.py:93} INFO - [0m05:37:15
[2026-05-19T05:37:15.645+0000] {subprocess.py:93} INFO - [0m05:37:15  Finished running 1 incremental model in 0 hours 0 minutes and 19.05 seconds (19.05s).
[2026-05-19T05:37:15.786+0000] {subprocess.py:93} INFO - [0m05:37:15
[2026-05-19T05:37:15.788+0000] {subprocess.py:93} INFO - [0m05:37:15  [32mCompleted successfully[0m
[2026-05-19T05:37:15.791+0000] {subprocess.py:93} INFO - [0m05:37:15
[2026-05-19T05:37:15.793+0000] {subprocess.py:93} INFO - [0m05:37:15  Done. PASS=1 WARN=0 ERROR=0 SKIP=0 TOTAL=1
[2026-05-19T05:37:17.804+0000] {subprocess.py:97} INFO - Command exited with return code 0
[2026-05-19T05:37:17.806+0000] {taskinstance.py:441} INFO - ::group::Post task execution logs
[2026-05-19T05:37:18.030+0000] {taskinstance.py:1206} INFO - Marking task as SUCCESS. dag_id=stackoverflow_medallion_pipeline_v2, task_id=run_dbt_staging, run_id=scheduled__2026-05-18T00:00:00+00:00, execution_date=20260518T000000, start_date=20260519T053647, end_date=20260519T053718
[2026-05-19T05:37:18.182+0000] {local_task_job_runner.py:240} INFO - Task exited with return code 0
[2026-05-19T05:37:18.276+0000] {taskinstance.py:3498} INFO - 1 downstream tasks scheduled from follow-on schedule check
[2026-05-19T05:37:18.284+0000] {local_task_job_runner.py:222} INFO - ::endgroup::
