[2026-05-06T14:26:51.129+0000] {local_task_job_runner.py:120} INFO - ::group::Pre task execution logs
[2026-05-06T14:26:51.187+0000] {taskinstance.py:2076} INFO - Dependencies all met for dep_context=non-requeueable deps ti=<TaskInstance: stackoverflow_automated_mcp_pipeline.run_dbt_marts manual__2026-05-06T14:17:15.170042+00:00 [queued]>
[2026-05-06T14:26:51.200+0000] {taskinstance.py:2076} INFO - Dependencies all met for dep_context=requeueable deps ti=<TaskInstance: stackoverflow_automated_mcp_pipeline.run_dbt_marts manual__2026-05-06T14:17:15.170042+00:00 [queued]>
[2026-05-06T14:26:51.202+0000] {taskinstance.py:2306} INFO - Starting attempt 1 of 2
[2026-05-06T14:26:51.218+0000] {taskinstance.py:2330} INFO - Executing <Task(BashOperator): run_dbt_marts> on 2026-05-06 14:17:15.170042+00:00
[2026-05-06T14:26:51.227+0000] {standard_task_runner.py:90} INFO - Running: ['***', 'tasks', 'run', 'stackoverflow_automated_mcp_pipeline', 'run_dbt_marts', 'manual__2026-05-06T14:17:15.170042+00:00', '--job-id', '46', '--raw', '--subdir', 'DAGS_FOLDER/stackoverflow_migration_dag.py', '--cfg-path', '/tmp/tmp_q_wxocy']
[2026-05-06T14:26:51.231+0000] {standard_task_runner.py:91} INFO - Job 46: Subtask run_dbt_marts
[2026-05-06T14:26:51.231+0000] {logging_mixin.py:188} WARNING - /home/***/.local/lib/python3.12/site-packages/***/task/task_runner/standard_task_runner.py:61 DeprecationWarning: This process (pid=291) is multi-threaded, use of fork() may lead to deadlocks in the child.
[2026-05-06T14:26:51.232+0000] {standard_task_runner.py:63} INFO - Started process 292 to run task
[2026-05-06T14:26:51.394+0000] {task_command.py:426} INFO - Running <TaskInstance: stackoverflow_automated_mcp_pipeline.run_dbt_marts manual__2026-05-06T14:17:15.170042+00:00 [running]> on host be10bde04c2c
[2026-05-06T14:26:51.687+0000] {taskinstance.py:2648} INFO - Exporting env vars: AIRFLOW_CTX_DAG_OWNER='Aniket Shinde' AIRFLOW_CTX_DAG_ID='stackoverflow_automated_mcp_pipeline' AIRFLOW_CTX_TASK_ID='run_dbt_marts' AIRFLOW_CTX_EXECUTION_DATE='2026-05-06T14:17:15.170042+00:00' AIRFLOW_CTX_TRY_NUMBER='1' AIRFLOW_CTX_DAG_RUN_ID='manual__2026-05-06T14:17:15.170042+00:00'
[2026-05-06T14:26:51.688+0000] {taskinstance.py:430} INFO - ::endgroup::
[2026-05-06T14:26:51.702+0000] {subprocess.py:63} INFO - Tmp dir root location: /tmp
[2026-05-06T14:26:51.704+0000] {subprocess.py:75} INFO - Running command: ['/usr/bin/bash', '-c', 'cd /opt/***/stackoverflow_analytics && dbt run --select marts']
[2026-05-06T14:26:51.715+0000] {subprocess.py:86} INFO - Output:
[2026-05-06T14:26:54.044+0000] {subprocess.py:93} INFO - [0m14:26:54  Running with dbt=1.8.3
[2026-05-06T14:26:54.323+0000] {subprocess.py:93} INFO - [0m14:26:54  Registered adapter: clickhouse=1.8.3
[2026-05-06T14:26:55.138+0000] {subprocess.py:93} INFO - [0m14:26:55  Found 2 models, 2 data tests, 1 source, 463 macros
[2026-05-06T14:26:55.143+0000] {subprocess.py:93} INFO - [0m14:26:55
[2026-05-06T14:26:58.905+0000] {subprocess.py:93} INFO - [0m14:26:58  Concurrency: 1 threads (target='dev')
[2026-05-06T14:26:58.907+0000] {subprocess.py:93} INFO - [0m14:26:58
[2026-05-06T14:26:58.927+0000] {subprocess.py:93} INFO - [0m14:26:58  1 of 1 START sql table model `big_query`.`fct_tag_analysis` .................... [RUN]
[2026-05-06T14:27:22.037+0000] {subprocess.py:93} INFO - [0m14:27:22  1 of 1 OK created sql table model `big_query`.`fct_tag_analysis` ............... [[32mOK[0m in 23.10s]
[2026-05-06T14:27:22.048+0000] {subprocess.py:93} INFO - [0m14:27:22
[2026-05-06T14:27:22.050+0000] {subprocess.py:93} INFO - [0m14:27:22  Finished running 1 table model in 0 hours 0 minutes and 26.90 seconds (26.90s).
[2026-05-06T14:27:22.119+0000] {subprocess.py:93} INFO - [0m14:27:22
[2026-05-06T14:27:22.121+0000] {subprocess.py:93} INFO - [0m14:27:22  [32mCompleted successfully[0m
[2026-05-06T14:27:22.123+0000] {subprocess.py:93} INFO - [0m14:27:22
[2026-05-06T14:27:22.125+0000] {subprocess.py:93} INFO - [0m14:27:22  Done. PASS=1 WARN=0 ERROR=0 SKIP=0 TOTAL=1
[2026-05-06T14:27:23.742+0000] {subprocess.py:97} INFO - Command exited with return code 0
[2026-05-06T14:27:23.743+0000] {taskinstance.py:441} INFO - ::group::Post task execution logs
[2026-05-06T14:27:23.856+0000] {taskinstance.py:1206} INFO - Marking task as SUCCESS. dag_id=stackoverflow_automated_mcp_pipeline, task_id=run_dbt_marts, run_id=manual__2026-05-06T14:17:15.170042+00:00, execution_date=20260506T141715, start_date=20260506T142651, end_date=20260506T142723
[2026-05-06T14:27:23.891+0000] {local_task_job_runner.py:240} INFO - Task exited with return code 0
[2026-05-06T14:27:23.949+0000] {taskinstance.py:3498} INFO - 0 downstream tasks scheduled from follow-on schedule check
[2026-05-06T14:27:23.954+0000] {local_task_job_runner.py:222} INFO - ::endgroup::
