[2026-05-18T21:17:01.180+0000] {processor.py:161} INFO - Started process (PID=165) to work on /opt/airflow/dags/stackoverflow_migration_dag.py
[2026-05-18T21:17:01.183+0000] {processor.py:830} INFO - Processing file /opt/airflow/dags/stackoverflow_migration_dag.py for tasks to queue
[2026-05-18T21:17:01.188+0000] {logging_mixin.py:188} INFO - [2026-05-18T21:17:01.187+0000] {dagbag.py:545} INFO - Filling up the DagBag from /opt/airflow/dags/stackoverflow_migration_dag.py
[2026-05-18T21:17:04.134+0000] {processor.py:840} INFO - DAG(s) 'stackoverflow_medallion_pipeline_v2' retrieved from /opt/airflow/dags/stackoverflow_migration_dag.py
[2026-05-18T21:17:04.233+0000] {logging_mixin.py:188} INFO - [2026-05-18T21:17:04.232+0000] {dag.py:3096} INFO - Sync 1 DAGs
[2026-05-18T21:17:04.337+0000] {logging_mixin.py:188} INFO - [2026-05-18T21:17:04.336+0000] {dag.py:3954} INFO - Setting next_dagrun for stackoverflow_medallion_pipeline_v2 to 2026-05-18 00:00:00+00:00, run_after=2026-05-19 00:00:00+00:00
[2026-05-18T21:17:04.406+0000] {processor.py:183} INFO - Processing /opt/airflow/dags/stackoverflow_migration_dag.py took 3.250 seconds
[2026-05-18T21:17:34.725+0000] {processor.py:161} INFO - Started process (PID=171) to work on /opt/airflow/dags/stackoverflow_migration_dag.py
[2026-05-18T21:17:34.726+0000] {processor.py:830} INFO - Processing file /opt/airflow/dags/stackoverflow_migration_dag.py for tasks to queue
[2026-05-18T21:17:34.732+0000] {logging_mixin.py:188} INFO - [2026-05-18T21:17:34.731+0000] {dagbag.py:545} INFO - Filling up the DagBag from /opt/airflow/dags/stackoverflow_migration_dag.py
[2026-05-18T21:17:35.943+0000] {processor.py:840} INFO - DAG(s) 'stackoverflow_medallion_pipeline_v2' retrieved from /opt/airflow/dags/stackoverflow_migration_dag.py
[2026-05-18T21:17:37.131+0000] {logging_mixin.py:188} INFO - [2026-05-18T21:17:37.131+0000] {dag.py:3096} INFO - Sync 1 DAGs
[2026-05-18T21:17:37.340+0000] {logging_mixin.py:188} INFO - [2026-05-18T21:17:37.336+0000] {dag.py:3954} INFO - Setting next_dagrun for stackoverflow_medallion_pipeline_v2 to 2026-05-18 00:00:00+00:00, run_after=2026-05-19 00:00:00+00:00
[2026-05-18T21:17:37.497+0000] {processor.py:183} INFO - Processing /opt/airflow/dags/stackoverflow_migration_dag.py took 2.785 seconds
[2026-05-18T21:18:07.682+0000] {processor.py:161} INFO - Started process (PID=176) to work on /opt/airflow/dags/stackoverflow_migration_dag.py
[2026-05-18T21:18:07.684+0000] {processor.py:830} INFO - Processing file /opt/airflow/dags/stackoverflow_migration_dag.py for tasks to queue
[2026-05-18T21:18:07.688+0000] {logging_mixin.py:188} INFO - [2026-05-18T21:18:07.686+0000] {dagbag.py:545} INFO - Filling up the DagBag from /opt/airflow/dags/stackoverflow_migration_dag.py
[2026-05-18T21:18:08.620+0000] {processor.py:840} INFO - DAG(s) 'stackoverflow_medallion_pipeline_v2' retrieved from /opt/airflow/dags/stackoverflow_migration_dag.py
[2026-05-18T21:18:08.674+0000] {logging_mixin.py:188} INFO - [2026-05-18T21:18:08.673+0000] {dag.py:3096} INFO - Sync 1 DAGs
[2026-05-18T21:18:08.713+0000] {logging_mixin.py:188} INFO - [2026-05-18T21:18:08.713+0000] {dag.py:3954} INFO - Setting next_dagrun for stackoverflow_medallion_pipeline_v2 to 2026-05-18 00:00:00+00:00, run_after=2026-05-19 00:00:00+00:00
[2026-05-18T21:18:08.745+0000] {processor.py:183} INFO - Processing /opt/airflow/dags/stackoverflow_migration_dag.py took 1.071 seconds
[2026-05-18T21:18:39.108+0000] {processor.py:161} INFO - Started process (PID=181) to work on /opt/airflow/dags/stackoverflow_migration_dag.py
[2026-05-18T21:18:39.111+0000] {processor.py:830} INFO - Processing file /opt/airflow/dags/stackoverflow_migration_dag.py for tasks to queue
[2026-05-18T21:18:39.114+0000] {logging_mixin.py:188} INFO - [2026-05-18T21:18:39.113+0000] {dagbag.py:545} INFO - Filling up the DagBag from /opt/airflow/dags/stackoverflow_migration_dag.py
[2026-05-18T21:18:40.046+0000] {processor.py:840} INFO - DAG(s) 'stackoverflow_medallion_pipeline_v2' retrieved from /opt/airflow/dags/stackoverflow_migration_dag.py
[2026-05-18T21:18:40.105+0000] {logging_mixin.py:188} INFO - [2026-05-18T21:18:40.105+0000] {dag.py:3096} INFO - Sync 1 DAGs
[2026-05-18T21:18:40.145+0000] {logging_mixin.py:188} INFO - [2026-05-18T21:18:40.145+0000] {dag.py:3954} INFO - Setting next_dagrun for stackoverflow_medallion_pipeline_v2 to 2026-05-18 00:00:00+00:00, run_after=2026-05-19 00:00:00+00:00
[2026-05-18T21:18:40.180+0000] {processor.py:183} INFO - Processing /opt/airflow/dags/stackoverflow_migration_dag.py took 1.087 seconds
[2026-05-18T21:19:10.334+0000] {processor.py:161} INFO - Started process (PID=186) to work on /opt/airflow/dags/stackoverflow_migration_dag.py
[2026-05-18T21:19:10.336+0000] {processor.py:830} INFO - Processing file /opt/airflow/dags/stackoverflow_migration_dag.py for tasks to queue
[2026-05-18T21:19:10.340+0000] {logging_mixin.py:188} INFO - [2026-05-18T21:19:10.339+0000] {dagbag.py:545} INFO - Filling up the DagBag from /opt/airflow/dags/stackoverflow_migration_dag.py
[2026-05-18T21:19:11.215+0000] {processor.py:840} INFO - DAG(s) 'stackoverflow_medallion_pipeline_v2' retrieved from /opt/airflow/dags/stackoverflow_migration_dag.py
[2026-05-18T21:19:11.271+0000] {logging_mixin.py:188} INFO - [2026-05-18T21:19:11.271+0000] {dag.py:3096} INFO - Sync 1 DAGs
[2026-05-18T21:19:11.310+0000] {logging_mixin.py:188} INFO - [2026-05-18T21:19:11.309+0000] {dag.py:3954} INFO - Setting next_dagrun for stackoverflow_medallion_pipeline_v2 to 2026-05-18 00:00:00+00:00, run_after=2026-05-19 00:00:00+00:00
[2026-05-18T21:19:11.347+0000] {processor.py:183} INFO - Processing /opt/airflow/dags/stackoverflow_migration_dag.py took 1.021 seconds
[2026-05-18T21:19:41.628+0000] {processor.py:161} INFO - Started process (PID=194) to work on /opt/airflow/dags/stackoverflow_migration_dag.py
[2026-05-18T21:19:41.629+0000] {processor.py:830} INFO - Processing file /opt/airflow/dags/stackoverflow_migration_dag.py for tasks to queue
[2026-05-18T21:19:41.633+0000] {logging_mixin.py:188} INFO - [2026-05-18T21:19:41.632+0000] {dagbag.py:545} INFO - Filling up the DagBag from /opt/airflow/dags/stackoverflow_migration_dag.py
[2026-05-18T21:19:42.592+0000] {processor.py:840} INFO - DAG(s) 'stackoverflow_medallion_pipeline_v2' retrieved from /opt/airflow/dags/stackoverflow_migration_dag.py
[2026-05-18T21:19:42.649+0000] {logging_mixin.py:188} INFO - [2026-05-18T21:19:42.648+0000] {dag.py:3096} INFO - Sync 1 DAGs
[2026-05-18T21:19:42.701+0000] {logging_mixin.py:188} INFO - [2026-05-18T21:19:42.701+0000] {dag.py:3954} INFO - Setting next_dagrun for stackoverflow_medallion_pipeline_v2 to 2026-05-18 00:00:00+00:00, run_after=2026-05-19 00:00:00+00:00
[2026-05-18T21:19:42.746+0000] {processor.py:183} INFO - Processing /opt/airflow/dags/stackoverflow_migration_dag.py took 1.126 seconds
[2026-05-18T21:20:12.924+0000] {processor.py:161} INFO - Started process (PID=202) to work on /opt/airflow/dags/stackoverflow_migration_dag.py
[2026-05-18T21:20:12.926+0000] {processor.py:830} INFO - Processing file /opt/airflow/dags/stackoverflow_migration_dag.py for tasks to queue
[2026-05-18T21:20:12.930+0000] {logging_mixin.py:188} INFO - [2026-05-18T21:20:12.930+0000] {dagbag.py:545} INFO - Filling up the DagBag from /opt/airflow/dags/stackoverflow_migration_dag.py
[2026-05-18T21:20:13.951+0000] {processor.py:840} INFO - DAG(s) 'stackoverflow_medallion_pipeline_v2' retrieved from /opt/airflow/dags/stackoverflow_migration_dag.py
[2026-05-18T21:20:14.020+0000] {logging_mixin.py:188} INFO - [2026-05-18T21:20:14.019+0000] {dag.py:3096} INFO - Sync 1 DAGs
[2026-05-18T21:20:14.067+0000] {logging_mixin.py:188} INFO - [2026-05-18T21:20:14.067+0000] {dag.py:3954} INFO - Setting next_dagrun for stackoverflow_medallion_pipeline_v2 to 2026-05-18 00:00:00+00:00, run_after=2026-05-19 00:00:00+00:00
[2026-05-18T21:20:14.108+0000] {processor.py:183} INFO - Processing /opt/airflow/dags/stackoverflow_migration_dag.py took 1.192 seconds
[2026-05-18T21:20:44.208+0000] {processor.py:161} INFO - Started process (PID=211) to work on /opt/airflow/dags/stackoverflow_migration_dag.py
[2026-05-18T21:20:44.209+0000] {processor.py:830} INFO - Processing file /opt/airflow/dags/stackoverflow_migration_dag.py for tasks to queue
[2026-05-18T21:20:44.213+0000] {logging_mixin.py:188} INFO - [2026-05-18T21:20:44.212+0000] {dagbag.py:545} INFO - Filling up the DagBag from /opt/airflow/dags/stackoverflow_migration_dag.py
[2026-05-18T21:20:45.178+0000] {processor.py:840} INFO - DAG(s) 'stackoverflow_medallion_pipeline_v2' retrieved from /opt/airflow/dags/stackoverflow_migration_dag.py
[2026-05-18T21:20:45.250+0000] {logging_mixin.py:188} INFO - [2026-05-18T21:20:45.250+0000] {dag.py:3096} INFO - Sync 1 DAGs
[2026-05-18T21:20:45.297+0000] {logging_mixin.py:188} INFO - [2026-05-18T21:20:45.296+0000] {dag.py:3954} INFO - Setting next_dagrun for stackoverflow_medallion_pipeline_v2 to 2026-05-18 00:00:00+00:00, run_after=2026-05-19 00:00:00+00:00
[2026-05-18T21:20:45.338+0000] {processor.py:183} INFO - Processing /opt/airflow/dags/stackoverflow_migration_dag.py took 1.138 seconds
[2026-05-18T21:21:15.687+0000] {processor.py:161} INFO - Started process (PID=221) to work on /opt/airflow/dags/stackoverflow_migration_dag.py
[2026-05-18T21:21:15.689+0000] {processor.py:830} INFO - Processing file /opt/airflow/dags/stackoverflow_migration_dag.py for tasks to queue
[2026-05-18T21:21:15.694+0000] {logging_mixin.py:188} INFO - [2026-05-18T21:21:15.693+0000] {dagbag.py:545} INFO - Filling up the DagBag from /opt/airflow/dags/stackoverflow_migration_dag.py
[2026-05-18T21:21:16.554+0000] {processor.py:840} INFO - DAG(s) 'stackoverflow_medallion_pipeline_v2' retrieved from /opt/airflow/dags/stackoverflow_migration_dag.py
[2026-05-18T21:21:16.610+0000] {logging_mixin.py:188} INFO - [2026-05-18T21:21:16.610+0000] {dag.py:3096} INFO - Sync 1 DAGs
[2026-05-18T21:21:16.651+0000] {logging_mixin.py:188} INFO - [2026-05-18T21:21:16.651+0000] {dag.py:3954} INFO - Setting next_dagrun for stackoverflow_medallion_pipeline_v2 to 2026-05-18 00:00:00+00:00, run_after=2026-05-19 00:00:00+00:00
[2026-05-18T21:21:16.692+0000] {processor.py:183} INFO - Processing /opt/airflow/dags/stackoverflow_migration_dag.py took 1.015 seconds
[2026-05-18T21:21:47.013+0000] {processor.py:161} INFO - Started process (PID=226) to work on /opt/airflow/dags/stackoverflow_migration_dag.py
[2026-05-18T21:21:47.014+0000] {processor.py:830} INFO - Processing file /opt/airflow/dags/stackoverflow_migration_dag.py for tasks to queue
[2026-05-18T21:21:47.016+0000] {logging_mixin.py:188} INFO - [2026-05-18T21:21:47.016+0000] {dagbag.py:545} INFO - Filling up the DagBag from /opt/airflow/dags/stackoverflow_migration_dag.py
[2026-05-18T21:21:47.871+0000] {processor.py:840} INFO - DAG(s) 'stackoverflow_medallion_pipeline_v2' retrieved from /opt/airflow/dags/stackoverflow_migration_dag.py
[2026-05-18T21:21:47.923+0000] {logging_mixin.py:188} INFO - [2026-05-18T21:21:47.923+0000] {dag.py:3096} INFO - Sync 1 DAGs
[2026-05-18T21:21:47.963+0000] {logging_mixin.py:188} INFO - [2026-05-18T21:21:47.963+0000] {dag.py:3954} INFO - Setting next_dagrun for stackoverflow_medallion_pipeline_v2 to 2026-05-18 00:00:00+00:00, run_after=2026-05-19 00:00:00+00:00
[2026-05-18T21:21:47.998+0000] {processor.py:183} INFO - Processing /opt/airflow/dags/stackoverflow_migration_dag.py took 0.991 seconds
[2026-05-18T21:22:18.362+0000] {processor.py:161} INFO - Started process (PID=231) to work on /opt/airflow/dags/stackoverflow_migration_dag.py
[2026-05-18T21:22:18.364+0000] {processor.py:830} INFO - Processing file /opt/airflow/dags/stackoverflow_migration_dag.py for tasks to queue
[2026-05-18T21:22:18.367+0000] {logging_mixin.py:188} INFO - [2026-05-18T21:22:18.366+0000] {dagbag.py:545} INFO - Filling up the DagBag from /opt/airflow/dags/stackoverflow_migration_dag.py
[2026-05-18T21:22:19.292+0000] {processor.py:840} INFO - DAG(s) 'stackoverflow_medallion_pipeline_v2' retrieved from /opt/airflow/dags/stackoverflow_migration_dag.py
[2026-05-18T21:22:19.356+0000] {logging_mixin.py:188} INFO - [2026-05-18T21:22:19.356+0000] {dag.py:3096} INFO - Sync 1 DAGs
[2026-05-18T21:22:19.399+0000] {logging_mixin.py:188} INFO - [2026-05-18T21:22:19.399+0000] {dag.py:3954} INFO - Setting next_dagrun for stackoverflow_medallion_pipeline_v2 to 2026-05-18 00:00:00+00:00, run_after=2026-05-19 00:00:00+00:00
[2026-05-18T21:22:19.434+0000] {processor.py:183} INFO - Processing /opt/airflow/dags/stackoverflow_migration_dag.py took 1.078 seconds
[2026-05-18T21:22:49.764+0000] {processor.py:161} INFO - Started process (PID=236) to work on /opt/airflow/dags/stackoverflow_migration_dag.py
[2026-05-18T21:22:49.765+0000] {processor.py:830} INFO - Processing file /opt/airflow/dags/stackoverflow_migration_dag.py for tasks to queue
[2026-05-18T21:22:49.767+0000] {logging_mixin.py:188} INFO - [2026-05-18T21:22:49.767+0000] {dagbag.py:545} INFO - Filling up the DagBag from /opt/airflow/dags/stackoverflow_migration_dag.py
[2026-05-18T21:22:50.573+0000] {processor.py:840} INFO - DAG(s) 'stackoverflow_medallion_pipeline_v2' retrieved from /opt/airflow/dags/stackoverflow_migration_dag.py
[2026-05-18T21:22:50.632+0000] {logging_mixin.py:188} INFO - [2026-05-18T21:22:50.632+0000] {dag.py:3096} INFO - Sync 1 DAGs
[2026-05-18T21:22:50.675+0000] {logging_mixin.py:188} INFO - [2026-05-18T21:22:50.675+0000] {dag.py:3954} INFO - Setting next_dagrun for stackoverflow_medallion_pipeline_v2 to 2026-05-18 00:00:00+00:00, run_after=2026-05-19 00:00:00+00:00
[2026-05-18T21:22:50.781+0000] {processor.py:183} INFO - Processing /opt/airflow/dags/stackoverflow_migration_dag.py took 1.023 seconds
[2026-05-18T21:23:20.979+0000] {processor.py:161} INFO - Started process (PID=241) to work on /opt/airflow/dags/stackoverflow_migration_dag.py
[2026-05-18T21:23:20.981+0000] {processor.py:830} INFO - Processing file /opt/airflow/dags/stackoverflow_migration_dag.py for tasks to queue
[2026-05-18T21:23:20.984+0000] {logging_mixin.py:188} INFO - [2026-05-18T21:23:20.984+0000] {dagbag.py:545} INFO - Filling up the DagBag from /opt/airflow/dags/stackoverflow_migration_dag.py
[2026-05-18T21:23:21.977+0000] {processor.py:840} INFO - DAG(s) 'stackoverflow_medallion_pipeline_v2' retrieved from /opt/airflow/dags/stackoverflow_migration_dag.py
[2026-05-18T21:23:22.050+0000] {logging_mixin.py:188} INFO - [2026-05-18T21:23:22.050+0000] {dag.py:3096} INFO - Sync 1 DAGs
[2026-05-18T21:23:22.098+0000] {logging_mixin.py:188} INFO - [2026-05-18T21:23:22.098+0000] {dag.py:3954} INFO - Setting next_dagrun for stackoverflow_medallion_pipeline_v2 to 2026-05-18 00:00:00+00:00, run_after=2026-05-19 00:00:00+00:00
[2026-05-18T21:23:22.139+0000] {processor.py:183} INFO - Processing /opt/airflow/dags/stackoverflow_migration_dag.py took 1.169 seconds
[2026-05-18T21:23:52.321+0000] {processor.py:161} INFO - Started process (PID=246) to work on /opt/airflow/dags/stackoverflow_migration_dag.py
[2026-05-18T21:23:52.323+0000] {processor.py:830} INFO - Processing file /opt/airflow/dags/stackoverflow_migration_dag.py for tasks to queue
[2026-05-18T21:23:52.326+0000] {logging_mixin.py:188} INFO - [2026-05-18T21:23:52.325+0000] {dagbag.py:545} INFO - Filling up the DagBag from /opt/airflow/dags/stackoverflow_migration_dag.py
[2026-05-18T21:23:53.199+0000] {processor.py:840} INFO - DAG(s) 'stackoverflow_medallion_pipeline_v2' retrieved from /opt/airflow/dags/stackoverflow_migration_dag.py
[2026-05-18T21:23:53.256+0000] {logging_mixin.py:188} INFO - [2026-05-18T21:23:53.256+0000] {dag.py:3096} INFO - Sync 1 DAGs
[2026-05-18T21:23:53.299+0000] {logging_mixin.py:188} INFO - [2026-05-18T21:23:53.299+0000] {dag.py:3954} INFO - Setting next_dagrun for stackoverflow_medallion_pipeline_v2 to 2026-05-18 00:00:00+00:00, run_after=2026-05-19 00:00:00+00:00
[2026-05-18T21:23:53.339+0000] {processor.py:183} INFO - Processing /opt/airflow/dags/stackoverflow_migration_dag.py took 1.025 seconds
[2026-05-18T21:24:23.590+0000] {processor.py:161} INFO - Started process (PID=251) to work on /opt/airflow/dags/stackoverflow_migration_dag.py
[2026-05-18T21:24:23.592+0000] {processor.py:830} INFO - Processing file /opt/airflow/dags/stackoverflow_migration_dag.py for tasks to queue
[2026-05-18T21:24:23.595+0000] {logging_mixin.py:188} INFO - [2026-05-18T21:24:23.594+0000] {dagbag.py:545} INFO - Filling up the DagBag from /opt/airflow/dags/stackoverflow_migration_dag.py
[2026-05-18T21:24:24.573+0000] {processor.py:840} INFO - DAG(s) 'stackoverflow_medallion_pipeline_v2' retrieved from /opt/airflow/dags/stackoverflow_migration_dag.py
[2026-05-18T21:24:24.637+0000] {logging_mixin.py:188} INFO - [2026-05-18T21:24:24.636+0000] {dag.py:3096} INFO - Sync 1 DAGs
[2026-05-18T21:24:24.686+0000] {logging_mixin.py:188} INFO - [2026-05-18T21:24:24.686+0000] {dag.py:3954} INFO - Setting next_dagrun for stackoverflow_medallion_pipeline_v2 to 2026-05-18 00:00:00+00:00, run_after=2026-05-19 00:00:00+00:00
[2026-05-18T21:24:24.738+0000] {processor.py:183} INFO - Processing /opt/airflow/dags/stackoverflow_migration_dag.py took 1.155 seconds
[2026-05-18T21:24:54.928+0000] {processor.py:161} INFO - Started process (PID=256) to work on /opt/airflow/dags/stackoverflow_migration_dag.py
[2026-05-18T21:24:54.930+0000] {processor.py:830} INFO - Processing file /opt/airflow/dags/stackoverflow_migration_dag.py for tasks to queue
[2026-05-18T21:24:54.933+0000] {logging_mixin.py:188} INFO - [2026-05-18T21:24:54.933+0000] {dagbag.py:545} INFO - Filling up the DagBag from /opt/airflow/dags/stackoverflow_migration_dag.py
[2026-05-18T21:24:55.863+0000] {processor.py:840} INFO - DAG(s) 'stackoverflow_medallion_pipeline_v2' retrieved from /opt/airflow/dags/stackoverflow_migration_dag.py
[2026-05-18T21:24:55.924+0000] {logging_mixin.py:188} INFO - [2026-05-18T21:24:55.924+0000] {dag.py:3096} INFO - Sync 1 DAGs
[2026-05-18T21:24:55.970+0000] {logging_mixin.py:188} INFO - [2026-05-18T21:24:55.970+0000] {dag.py:3954} INFO - Setting next_dagrun for stackoverflow_medallion_pipeline_v2 to 2026-05-18 00:00:00+00:00, run_after=2026-05-19 00:00:00+00:00
[2026-05-18T21:24:56.003+0000] {processor.py:183} INFO - Processing /opt/airflow/dags/stackoverflow_migration_dag.py took 1.084 seconds
[2026-05-18T21:25:26.317+0000] {processor.py:161} INFO - Started process (PID=261) to work on /opt/airflow/dags/stackoverflow_migration_dag.py
[2026-05-18T21:25:26.319+0000] {processor.py:830} INFO - Processing file /opt/airflow/dags/stackoverflow_migration_dag.py for tasks to queue
[2026-05-18T21:25:26.323+0000] {logging_mixin.py:188} INFO - [2026-05-18T21:25:26.322+0000] {dagbag.py:545} INFO - Filling up the DagBag from /opt/airflow/dags/stackoverflow_migration_dag.py
[2026-05-18T21:25:27.127+0000] {processor.py:840} INFO - DAG(s) 'stackoverflow_medallion_pipeline_v2' retrieved from /opt/airflow/dags/stackoverflow_migration_dag.py
[2026-05-18T21:25:27.181+0000] {logging_mixin.py:188} INFO - [2026-05-18T21:25:27.181+0000] {dag.py:3096} INFO - Sync 1 DAGs
[2026-05-18T21:25:27.220+0000] {logging_mixin.py:188} INFO - [2026-05-18T21:25:27.220+0000] {dag.py:3954} INFO - Setting next_dagrun for stackoverflow_medallion_pipeline_v2 to 2026-05-18 00:00:00+00:00, run_after=2026-05-19 00:00:00+00:00
[2026-05-18T21:25:27.258+0000] {processor.py:183} INFO - Processing /opt/airflow/dags/stackoverflow_migration_dag.py took 0.948 seconds
[2026-05-18T21:25:57.585+0000] {processor.py:161} INFO - Started process (PID=266) to work on /opt/airflow/dags/stackoverflow_migration_dag.py
[2026-05-18T21:25:57.586+0000] {processor.py:830} INFO - Processing file /opt/airflow/dags/stackoverflow_migration_dag.py for tasks to queue
[2026-05-18T21:25:57.589+0000] {logging_mixin.py:188} INFO - [2026-05-18T21:25:57.588+0000] {dagbag.py:545} INFO - Filling up the DagBag from /opt/airflow/dags/stackoverflow_migration_dag.py
[2026-05-18T21:25:58.445+0000] {processor.py:840} INFO - DAG(s) 'stackoverflow_medallion_pipeline_v2' retrieved from /opt/airflow/dags/stackoverflow_migration_dag.py
[2026-05-18T21:25:58.498+0000] {logging_mixin.py:188} INFO - [2026-05-18T21:25:58.498+0000] {dag.py:3096} INFO - Sync 1 DAGs
[2026-05-18T21:25:58.536+0000] {logging_mixin.py:188} INFO - [2026-05-18T21:25:58.536+0000] {dag.py:3954} INFO - Setting next_dagrun for stackoverflow_medallion_pipeline_v2 to 2026-05-18 00:00:00+00:00, run_after=2026-05-19 00:00:00+00:00
[2026-05-18T21:25:58.570+0000] {processor.py:183} INFO - Processing /opt/airflow/dags/stackoverflow_migration_dag.py took 0.996 seconds
[2026-05-18T21:26:28.957+0000] {processor.py:161} INFO - Started process (PID=271) to work on /opt/airflow/dags/stackoverflow_migration_dag.py
[2026-05-18T21:26:28.958+0000] {processor.py:830} INFO - Processing file /opt/airflow/dags/stackoverflow_migration_dag.py for tasks to queue
[2026-05-18T21:26:28.961+0000] {logging_mixin.py:188} INFO - [2026-05-18T21:26:28.960+0000] {dagbag.py:545} INFO - Filling up the DagBag from /opt/airflow/dags/stackoverflow_migration_dag.py
[2026-05-18T21:26:29.832+0000] {processor.py:840} INFO - DAG(s) 'stackoverflow_medallion_pipeline_v2' retrieved from /opt/airflow/dags/stackoverflow_migration_dag.py
[2026-05-18T21:26:29.885+0000] {logging_mixin.py:188} INFO - [2026-05-18T21:26:29.885+0000] {dag.py:3096} INFO - Sync 1 DAGs
[2026-05-18T21:26:29.935+0000] {logging_mixin.py:188} INFO - [2026-05-18T21:26:29.935+0000] {dag.py:3954} INFO - Setting next_dagrun for stackoverflow_medallion_pipeline_v2 to 2026-05-18 00:00:00+00:00, run_after=2026-05-19 00:00:00+00:00
[2026-05-18T21:26:29.975+0000] {processor.py:183} INFO - Processing /opt/airflow/dags/stackoverflow_migration_dag.py took 1.025 seconds
[2026-05-18T21:26:47.137+0000] {processor.py:161} INFO - Started process (PID=276) to work on /opt/airflow/dags/stackoverflow_migration_dag.py
[2026-05-18T21:26:47.139+0000] {processor.py:830} INFO - Processing file /opt/airflow/dags/stackoverflow_migration_dag.py for tasks to queue
[2026-05-18T21:26:47.141+0000] {logging_mixin.py:188} INFO - [2026-05-18T21:26:47.141+0000] {dagbag.py:545} INFO - Filling up the DagBag from /opt/airflow/dags/stackoverflow_migration_dag.py
[2026-05-18T21:26:48.173+0000] {processor.py:840} INFO - DAG(s) 'stackoverflow_medallion_pipeline_v2' retrieved from /opt/airflow/dags/stackoverflow_migration_dag.py
[2026-05-18T21:26:48.234+0000] {logging_mixin.py:188} INFO - [2026-05-18T21:26:48.234+0000] {dag.py:3096} INFO - Sync 1 DAGs
[2026-05-18T21:26:48.276+0000] {logging_mixin.py:188} INFO - [2026-05-18T21:26:48.276+0000] {dag.py:3954} INFO - Setting next_dagrun for stackoverflow_medallion_pipeline_v2 to 2026-05-18 00:00:00+00:00, run_after=2026-05-19 00:00:00+00:00
[2026-05-18T21:26:48.331+0000] {processor.py:183} INFO - Processing /opt/airflow/dags/stackoverflow_migration_dag.py took 1.203 seconds
[2026-05-18T21:27:18.472+0000] {processor.py:161} INFO - Started process (PID=281) to work on /opt/airflow/dags/stackoverflow_migration_dag.py
[2026-05-18T21:27:18.474+0000] {processor.py:830} INFO - Processing file /opt/airflow/dags/stackoverflow_migration_dag.py for tasks to queue
[2026-05-18T21:27:18.476+0000] {logging_mixin.py:188} INFO - [2026-05-18T21:27:18.476+0000] {dagbag.py:545} INFO - Filling up the DagBag from /opt/airflow/dags/stackoverflow_migration_dag.py
[2026-05-18T21:27:19.319+0000] {processor.py:840} INFO - DAG(s) 'stackoverflow_medallion_pipeline_v2' retrieved from /opt/airflow/dags/stackoverflow_migration_dag.py
[2026-05-18T21:27:19.375+0000] {logging_mixin.py:188} INFO - [2026-05-18T21:27:19.374+0000] {dag.py:3096} INFO - Sync 1 DAGs
[2026-05-18T21:27:19.417+0000] {logging_mixin.py:188} INFO - [2026-05-18T21:27:19.417+0000] {dag.py:3954} INFO - Setting next_dagrun for stackoverflow_medallion_pipeline_v2 to 2026-05-18 00:00:00+00:00, run_after=2026-05-19 00:00:00+00:00
[2026-05-18T21:27:19.451+0000] {processor.py:183} INFO - Processing /opt/airflow/dags/stackoverflow_migration_dag.py took 0.987 seconds
[2026-05-18T21:27:49.766+0000] {processor.py:161} INFO - Started process (PID=286) to work on /opt/airflow/dags/stackoverflow_migration_dag.py
[2026-05-18T21:27:49.767+0000] {processor.py:830} INFO - Processing file /opt/airflow/dags/stackoverflow_migration_dag.py for tasks to queue
[2026-05-18T21:27:49.770+0000] {logging_mixin.py:188} INFO - [2026-05-18T21:27:49.769+0000] {dagbag.py:545} INFO - Filling up the DagBag from /opt/airflow/dags/stackoverflow_migration_dag.py
[2026-05-18T21:27:50.788+0000] {processor.py:840} INFO - DAG(s) 'stackoverflow_medallion_pipeline_v2' retrieved from /opt/airflow/dags/stackoverflow_migration_dag.py
[2026-05-18T21:27:50.856+0000] {logging_mixin.py:188} INFO - [2026-05-18T21:27:50.855+0000] {dag.py:3096} INFO - Sync 1 DAGs
[2026-05-18T21:27:50.901+0000] {logging_mixin.py:188} INFO - [2026-05-18T21:27:50.901+0000] {dag.py:3954} INFO - Setting next_dagrun for stackoverflow_medallion_pipeline_v2 to 2026-05-18 00:00:00+00:00, run_after=2026-05-19 00:00:00+00:00
[2026-05-18T21:27:50.945+0000] {processor.py:183} INFO - Processing /opt/airflow/dags/stackoverflow_migration_dag.py took 1.187 seconds
[2026-05-18T21:28:21.231+0000] {processor.py:161} INFO - Started process (PID=294) to work on /opt/airflow/dags/stackoverflow_migration_dag.py
[2026-05-18T21:28:21.233+0000] {processor.py:830} INFO - Processing file /opt/airflow/dags/stackoverflow_migration_dag.py for tasks to queue
[2026-05-18T21:28:21.236+0000] {logging_mixin.py:188} INFO - [2026-05-18T21:28:21.236+0000] {dagbag.py:545} INFO - Filling up the DagBag from /opt/airflow/dags/stackoverflow_migration_dag.py
[2026-05-18T21:28:22.215+0000] {processor.py:840} INFO - DAG(s) 'stackoverflow_medallion_pipeline_v2' retrieved from /opt/airflow/dags/stackoverflow_migration_dag.py
[2026-05-18T21:28:22.280+0000] {logging_mixin.py:188} INFO - [2026-05-18T21:28:22.280+0000] {dag.py:3096} INFO - Sync 1 DAGs
[2026-05-18T21:28:22.328+0000] {logging_mixin.py:188} INFO - [2026-05-18T21:28:22.328+0000] {dag.py:3954} INFO - Setting next_dagrun for stackoverflow_medallion_pipeline_v2 to 2026-05-18 00:00:00+00:00, run_after=2026-05-19 00:00:00+00:00
[2026-05-18T21:28:22.366+0000] {processor.py:183} INFO - Processing /opt/airflow/dags/stackoverflow_migration_dag.py took 1.148 seconds
[2026-05-18T21:28:52.514+0000] {processor.py:161} INFO - Started process (PID=303) to work on /opt/airflow/dags/stackoverflow_migration_dag.py
[2026-05-18T21:28:52.516+0000] {processor.py:830} INFO - Processing file /opt/airflow/dags/stackoverflow_migration_dag.py for tasks to queue
[2026-05-18T21:28:52.519+0000] {logging_mixin.py:188} INFO - [2026-05-18T21:28:52.518+0000] {dagbag.py:545} INFO - Filling up the DagBag from /opt/airflow/dags/stackoverflow_migration_dag.py
[2026-05-18T21:28:53.655+0000] {processor.py:840} INFO - DAG(s) 'stackoverflow_medallion_pipeline_v2' retrieved from /opt/airflow/dags/stackoverflow_migration_dag.py
[2026-05-18T21:28:53.723+0000] {logging_mixin.py:188} INFO - [2026-05-18T21:28:53.722+0000] {dag.py:3096} INFO - Sync 1 DAGs
[2026-05-18T21:28:53.774+0000] {logging_mixin.py:188} INFO - [2026-05-18T21:28:53.773+0000] {dag.py:3954} INFO - Setting next_dagrun for stackoverflow_medallion_pipeline_v2 to 2026-05-18 00:00:00+00:00, run_after=2026-05-19 00:00:00+00:00
[2026-05-18T21:28:53.820+0000] {processor.py:183} INFO - Processing /opt/airflow/dags/stackoverflow_migration_dag.py took 1.318 seconds
[2026-05-18T21:29:24.189+0000] {processor.py:161} INFO - Started process (PID=313) to work on /opt/airflow/dags/stackoverflow_migration_dag.py
[2026-05-18T21:29:24.194+0000] {processor.py:830} INFO - Processing file /opt/airflow/dags/stackoverflow_migration_dag.py for tasks to queue
[2026-05-18T21:29:24.202+0000] {logging_mixin.py:188} INFO - [2026-05-18T21:29:24.201+0000] {dagbag.py:545} INFO - Filling up the DagBag from /opt/airflow/dags/stackoverflow_migration_dag.py
[2026-05-18T21:29:25.154+0000] {processor.py:840} INFO - DAG(s) 'stackoverflow_medallion_pipeline_v2' retrieved from /opt/airflow/dags/stackoverflow_migration_dag.py
[2026-05-18T21:29:25.222+0000] {logging_mixin.py:188} INFO - [2026-05-18T21:29:25.222+0000] {dag.py:3096} INFO - Sync 1 DAGs
[2026-05-18T21:29:25.276+0000] {logging_mixin.py:188} INFO - [2026-05-18T21:29:25.276+0000] {dag.py:3954} INFO - Setting next_dagrun for stackoverflow_medallion_pipeline_v2 to 2026-05-18 00:00:00+00:00, run_after=2026-05-19 00:00:00+00:00
[2026-05-18T21:29:25.320+0000] {processor.py:183} INFO - Processing /opt/airflow/dags/stackoverflow_migration_dag.py took 1.145 seconds
[2026-05-18T21:29:55.618+0000] {processor.py:161} INFO - Started process (PID=321) to work on /opt/airflow/dags/stackoverflow_migration_dag.py
[2026-05-18T21:29:55.619+0000] {processor.py:830} INFO - Processing file /opt/airflow/dags/stackoverflow_migration_dag.py for tasks to queue
[2026-05-18T21:29:55.622+0000] {logging_mixin.py:188} INFO - [2026-05-18T21:29:55.621+0000] {dagbag.py:545} INFO - Filling up the DagBag from /opt/airflow/dags/stackoverflow_migration_dag.py
[2026-05-18T21:29:56.612+0000] {processor.py:840} INFO - DAG(s) 'stackoverflow_medallion_pipeline_v2' retrieved from /opt/airflow/dags/stackoverflow_migration_dag.py
[2026-05-18T21:29:56.699+0000] {logging_mixin.py:188} INFO - [2026-05-18T21:29:56.699+0000] {dag.py:3096} INFO - Sync 1 DAGs
[2026-05-18T21:29:56.759+0000] {logging_mixin.py:188} INFO - [2026-05-18T21:29:56.759+0000] {dag.py:3954} INFO - Setting next_dagrun for stackoverflow_medallion_pipeline_v2 to 2026-05-18 00:00:00+00:00, run_after=2026-05-19 00:00:00+00:00
[2026-05-18T21:29:56.800+0000] {processor.py:183} INFO - Processing /opt/airflow/dags/stackoverflow_migration_dag.py took 1.189 seconds
[2026-05-18T21:30:26.913+0000] {processor.py:161} INFO - Started process (PID=326) to work on /opt/airflow/dags/stackoverflow_migration_dag.py
[2026-05-18T21:30:26.914+0000] {processor.py:830} INFO - Processing file /opt/airflow/dags/stackoverflow_migration_dag.py for tasks to queue
[2026-05-18T21:30:26.917+0000] {logging_mixin.py:188} INFO - [2026-05-18T21:30:26.916+0000] {dagbag.py:545} INFO - Filling up the DagBag from /opt/airflow/dags/stackoverflow_migration_dag.py
[2026-05-18T21:30:27.738+0000] {processor.py:840} INFO - DAG(s) 'stackoverflow_medallion_pipeline_v2' retrieved from /opt/airflow/dags/stackoverflow_migration_dag.py
[2026-05-18T21:30:27.788+0000] {logging_mixin.py:188} INFO - [2026-05-18T21:30:27.788+0000] {dag.py:3096} INFO - Sync 1 DAGs
[2026-05-18T21:30:27.825+0000] {logging_mixin.py:188} INFO - [2026-05-18T21:30:27.825+0000] {dag.py:3954} INFO - Setting next_dagrun for stackoverflow_medallion_pipeline_v2 to 2026-05-18 00:00:00+00:00, run_after=2026-05-19 00:00:00+00:00
[2026-05-18T21:30:27.857+0000] {processor.py:183} INFO - Processing /opt/airflow/dags/stackoverflow_migration_dag.py took 0.952 seconds
[2026-05-18T21:30:58.177+0000] {processor.py:161} INFO - Started process (PID=331) to work on /opt/airflow/dags/stackoverflow_migration_dag.py
[2026-05-18T21:30:58.179+0000] {processor.py:830} INFO - Processing file /opt/airflow/dags/stackoverflow_migration_dag.py for tasks to queue
[2026-05-18T21:30:58.183+0000] {logging_mixin.py:188} INFO - [2026-05-18T21:30:58.182+0000] {dagbag.py:545} INFO - Filling up the DagBag from /opt/airflow/dags/stackoverflow_migration_dag.py
[2026-05-18T21:30:59.148+0000] {processor.py:840} INFO - DAG(s) 'stackoverflow_medallion_pipeline_v2' retrieved from /opt/airflow/dags/stackoverflow_migration_dag.py
[2026-05-18T21:30:59.219+0000] {logging_mixin.py:188} INFO - [2026-05-18T21:30:59.218+0000] {dag.py:3096} INFO - Sync 1 DAGs
[2026-05-18T21:30:59.269+0000] {logging_mixin.py:188} INFO - [2026-05-18T21:30:59.269+0000] {dag.py:3954} INFO - Setting next_dagrun for stackoverflow_medallion_pipeline_v2 to 2026-05-18 00:00:00+00:00, run_after=2026-05-19 00:00:00+00:00
[2026-05-18T21:30:59.313+0000] {processor.py:183} INFO - Processing /opt/airflow/dags/stackoverflow_migration_dag.py took 1.146 seconds
[2026-05-18T21:31:29.580+0000] {processor.py:161} INFO - Started process (PID=336) to work on /opt/airflow/dags/stackoverflow_migration_dag.py
[2026-05-18T21:31:29.582+0000] {processor.py:830} INFO - Processing file /opt/airflow/dags/stackoverflow_migration_dag.py for tasks to queue
[2026-05-18T21:31:29.585+0000] {logging_mixin.py:188} INFO - [2026-05-18T21:31:29.584+0000] {dagbag.py:545} INFO - Filling up the DagBag from /opt/airflow/dags/stackoverflow_migration_dag.py
[2026-05-18T21:31:30.475+0000] {processor.py:840} INFO - DAG(s) 'stackoverflow_medallion_pipeline_v2' retrieved from /opt/airflow/dags/stackoverflow_migration_dag.py
[2026-05-18T21:31:30.537+0000] {logging_mixin.py:188} INFO - [2026-05-18T21:31:30.537+0000] {dag.py:3096} INFO - Sync 1 DAGs
[2026-05-18T21:31:30.590+0000] {logging_mixin.py:188} INFO - [2026-05-18T21:31:30.590+0000] {dag.py:3954} INFO - Setting next_dagrun for stackoverflow_medallion_pipeline_v2 to 2026-05-18 00:00:00+00:00, run_after=2026-05-19 00:00:00+00:00
[2026-05-18T21:31:30.639+0000] {processor.py:183} INFO - Processing /opt/airflow/dags/stackoverflow_migration_dag.py took 1.069 seconds
[2026-05-18T21:32:00.866+0000] {processor.py:161} INFO - Started process (PID=341) to work on /opt/airflow/dags/stackoverflow_migration_dag.py
[2026-05-18T21:32:00.868+0000] {processor.py:830} INFO - Processing file /opt/airflow/dags/stackoverflow_migration_dag.py for tasks to queue
[2026-05-18T21:32:00.870+0000] {logging_mixin.py:188} INFO - [2026-05-18T21:32:00.870+0000] {dagbag.py:545} INFO - Filling up the DagBag from /opt/airflow/dags/stackoverflow_migration_dag.py
[2026-05-18T21:32:01.843+0000] {processor.py:840} INFO - DAG(s) 'stackoverflow_medallion_pipeline_v2' retrieved from /opt/airflow/dags/stackoverflow_migration_dag.py
[2026-05-18T21:32:01.922+0000] {logging_mixin.py:188} INFO - [2026-05-18T21:32:01.922+0000] {dag.py:3096} INFO - Sync 1 DAGs
[2026-05-18T21:32:01.976+0000] {logging_mixin.py:188} INFO - [2026-05-18T21:32:01.976+0000] {dag.py:3954} INFO - Setting next_dagrun for stackoverflow_medallion_pipeline_v2 to 2026-05-18 00:00:00+00:00, run_after=2026-05-19 00:00:00+00:00
[2026-05-18T21:32:02.020+0000] {processor.py:183} INFO - Processing /opt/airflow/dags/stackoverflow_migration_dag.py took 1.161 seconds
[2026-05-18T21:32:32.209+0000] {processor.py:161} INFO - Started process (PID=346) to work on /opt/airflow/dags/stackoverflow_migration_dag.py
[2026-05-18T21:32:32.211+0000] {processor.py:830} INFO - Processing file /opt/airflow/dags/stackoverflow_migration_dag.py for tasks to queue
[2026-05-18T21:32:32.214+0000] {logging_mixin.py:188} INFO - [2026-05-18T21:32:32.214+0000] {dagbag.py:545} INFO - Filling up the DagBag from /opt/airflow/dags/stackoverflow_migration_dag.py
[2026-05-18T21:32:33.190+0000] {processor.py:840} INFO - DAG(s) 'stackoverflow_medallion_pipeline_v2' retrieved from /opt/airflow/dags/stackoverflow_migration_dag.py
[2026-05-18T21:32:33.242+0000] {logging_mixin.py:188} INFO - [2026-05-18T21:32:33.242+0000] {dag.py:3096} INFO - Sync 1 DAGs
[2026-05-18T21:32:33.287+0000] {logging_mixin.py:188} INFO - [2026-05-18T21:32:33.287+0000] {dag.py:3954} INFO - Setting next_dagrun for stackoverflow_medallion_pipeline_v2 to 2026-05-18 00:00:00+00:00, run_after=2026-05-19 00:00:00+00:00
[2026-05-18T21:32:33.326+0000] {processor.py:183} INFO - Processing /opt/airflow/dags/stackoverflow_migration_dag.py took 1.127 seconds
[2026-05-18T21:33:03.551+0000] {processor.py:161} INFO - Started process (PID=351) to work on /opt/airflow/dags/stackoverflow_migration_dag.py
[2026-05-18T21:33:03.553+0000] {processor.py:830} INFO - Processing file /opt/airflow/dags/stackoverflow_migration_dag.py for tasks to queue
[2026-05-18T21:33:03.555+0000] {logging_mixin.py:188} INFO - [2026-05-18T21:33:03.555+0000] {dagbag.py:545} INFO - Filling up the DagBag from /opt/airflow/dags/stackoverflow_migration_dag.py
[2026-05-18T21:33:04.413+0000] {processor.py:840} INFO - DAG(s) 'stackoverflow_medallion_pipeline_v2' retrieved from /opt/airflow/dags/stackoverflow_migration_dag.py
[2026-05-18T21:33:04.482+0000] {logging_mixin.py:188} INFO - [2026-05-18T21:33:04.481+0000] {dag.py:3096} INFO - Sync 1 DAGs
[2026-05-18T21:33:04.534+0000] {logging_mixin.py:188} INFO - [2026-05-18T21:33:04.533+0000] {dag.py:3954} INFO - Setting next_dagrun for stackoverflow_medallion_pipeline_v2 to 2026-05-18 00:00:00+00:00, run_after=2026-05-19 00:00:00+00:00
[2026-05-18T21:33:04.581+0000] {processor.py:183} INFO - Processing /opt/airflow/dags/stackoverflow_migration_dag.py took 1.038 seconds
[2026-05-18T21:33:07.621+0000] {processor.py:161} INFO - Started process (PID=356) to work on /opt/airflow/dags/stackoverflow_migration_dag.py
[2026-05-18T21:33:07.623+0000] {processor.py:830} INFO - Processing file /opt/airflow/dags/stackoverflow_migration_dag.py for tasks to queue
[2026-05-18T21:33:07.626+0000] {logging_mixin.py:188} INFO - [2026-05-18T21:33:07.625+0000] {dagbag.py:545} INFO - Filling up the DagBag from /opt/airflow/dags/stackoverflow_migration_dag.py
[2026-05-18T21:33:08.878+0000] {processor.py:840} INFO - DAG(s) 'stackoverflow_medallion_pipeline_v2' retrieved from /opt/airflow/dags/stackoverflow_migration_dag.py
[2026-05-18T21:33:08.941+0000] {logging_mixin.py:188} INFO - [2026-05-18T21:33:08.941+0000] {dag.py:3096} INFO - Sync 1 DAGs
[2026-05-18T21:33:08.994+0000] {logging_mixin.py:188} INFO - [2026-05-18T21:33:08.993+0000] {dag.py:3954} INFO - Setting next_dagrun for stackoverflow_medallion_pipeline_v2 to 2026-05-18 00:00:00+00:00, run_after=2026-05-19 00:00:00+00:00
[2026-05-18T21:33:09.043+0000] {processor.py:183} INFO - Processing /opt/airflow/dags/stackoverflow_migration_dag.py took 1.433 seconds
[2026-05-18T21:33:39.349+0000] {processor.py:161} INFO - Started process (PID=364) to work on /opt/airflow/dags/stackoverflow_migration_dag.py
[2026-05-18T21:33:39.351+0000] {processor.py:830} INFO - Processing file /opt/airflow/dags/stackoverflow_migration_dag.py for tasks to queue
[2026-05-18T21:33:39.355+0000] {logging_mixin.py:188} INFO - [2026-05-18T21:33:39.354+0000] {dagbag.py:545} INFO - Filling up the DagBag from /opt/airflow/dags/stackoverflow_migration_dag.py
[2026-05-18T21:33:40.308+0000] {processor.py:840} INFO - DAG(s) 'stackoverflow_medallion_pipeline_v2' retrieved from /opt/airflow/dags/stackoverflow_migration_dag.py
[2026-05-18T21:33:40.366+0000] {logging_mixin.py:188} INFO - [2026-05-18T21:33:40.365+0000] {dag.py:3096} INFO - Sync 1 DAGs
[2026-05-18T21:33:40.406+0000] {logging_mixin.py:188} INFO - [2026-05-18T21:33:40.406+0000] {dag.py:3954} INFO - Setting next_dagrun for stackoverflow_medallion_pipeline_v2 to 2026-05-18 00:00:00+00:00, run_after=2026-05-19 00:00:00+00:00
[2026-05-18T21:33:40.442+0000] {processor.py:183} INFO - Processing /opt/airflow/dags/stackoverflow_migration_dag.py took 1.104 seconds
[2026-05-18T21:34:10.596+0000] {processor.py:161} INFO - Started process (PID=372) to work on /opt/airflow/dags/stackoverflow_migration_dag.py
[2026-05-18T21:34:10.598+0000] {processor.py:830} INFO - Processing file /opt/airflow/dags/stackoverflow_migration_dag.py for tasks to queue
[2026-05-18T21:34:10.600+0000] {logging_mixin.py:188} INFO - [2026-05-18T21:34:10.600+0000] {dagbag.py:545} INFO - Filling up the DagBag from /opt/airflow/dags/stackoverflow_migration_dag.py
[2026-05-18T21:34:12.000+0000] {processor.py:840} INFO - DAG(s) 'stackoverflow_medallion_pipeline_v2' retrieved from /opt/airflow/dags/stackoverflow_migration_dag.py
[2026-05-18T21:34:12.062+0000] {logging_mixin.py:188} INFO - [2026-05-18T21:34:12.062+0000] {dag.py:3096} INFO - Sync 1 DAGs
[2026-05-18T21:34:12.120+0000] {logging_mixin.py:188} INFO - [2026-05-18T21:34:12.119+0000] {dag.py:3954} INFO - Setting next_dagrun for stackoverflow_medallion_pipeline_v2 to 2026-05-18 00:00:00+00:00, run_after=2026-05-19 00:00:00+00:00
[2026-05-18T21:34:12.171+0000] {processor.py:183} INFO - Processing /opt/airflow/dags/stackoverflow_migration_dag.py took 1.583 seconds
[2026-05-18T21:34:42.513+0000] {processor.py:161} INFO - Started process (PID=383) to work on /opt/airflow/dags/stackoverflow_migration_dag.py
[2026-05-18T21:34:42.516+0000] {processor.py:830} INFO - Processing file /opt/airflow/dags/stackoverflow_migration_dag.py for tasks to queue
[2026-05-18T21:34:42.520+0000] {logging_mixin.py:188} INFO - [2026-05-18T21:34:42.519+0000] {dagbag.py:545} INFO - Filling up the DagBag from /opt/airflow/dags/stackoverflow_migration_dag.py
[2026-05-18T21:34:43.527+0000] {processor.py:840} INFO - DAG(s) 'stackoverflow_medallion_pipeline_v2' retrieved from /opt/airflow/dags/stackoverflow_migration_dag.py
[2026-05-18T21:34:43.597+0000] {logging_mixin.py:188} INFO - [2026-05-18T21:34:43.597+0000] {dag.py:3096} INFO - Sync 1 DAGs
[2026-05-18T21:34:43.645+0000] {logging_mixin.py:188} INFO - [2026-05-18T21:34:43.644+0000] {dag.py:3954} INFO - Setting next_dagrun for stackoverflow_medallion_pipeline_v2 to 2026-05-18 00:00:00+00:00, run_after=2026-05-19 00:00:00+00:00
[2026-05-18T21:34:43.679+0000] {processor.py:183} INFO - Processing /opt/airflow/dags/stackoverflow_migration_dag.py took 1.176 seconds
[2026-05-18T21:35:13.959+0000] {processor.py:161} INFO - Started process (PID=391) to work on /opt/airflow/dags/stackoverflow_migration_dag.py
[2026-05-18T21:35:13.961+0000] {processor.py:830} INFO - Processing file /opt/airflow/dags/stackoverflow_migration_dag.py for tasks to queue
[2026-05-18T21:35:13.963+0000] {logging_mixin.py:188} INFO - [2026-05-18T21:35:13.963+0000] {dagbag.py:545} INFO - Filling up the DagBag from /opt/airflow/dags/stackoverflow_migration_dag.py
[2026-05-18T21:35:15.027+0000] {processor.py:840} INFO - DAG(s) 'stackoverflow_medallion_pipeline_v2' retrieved from /opt/airflow/dags/stackoverflow_migration_dag.py
[2026-05-18T21:35:15.102+0000] {logging_mixin.py:188} INFO - [2026-05-18T21:35:15.101+0000] {dag.py:3096} INFO - Sync 1 DAGs
[2026-05-18T21:35:15.172+0000] {logging_mixin.py:188} INFO - [2026-05-18T21:35:15.171+0000] {dag.py:3954} INFO - Setting next_dagrun for stackoverflow_medallion_pipeline_v2 to 2026-05-18 00:00:00+00:00, run_after=2026-05-19 00:00:00+00:00
[2026-05-18T21:35:15.219+0000] {processor.py:183} INFO - Processing /opt/airflow/dags/stackoverflow_migration_dag.py took 1.267 seconds
[2026-05-18T21:35:45.521+0000] {processor.py:161} INFO - Started process (PID=396) to work on /opt/airflow/dags/stackoverflow_migration_dag.py
[2026-05-18T21:35:45.523+0000] {processor.py:830} INFO - Processing file /opt/airflow/dags/stackoverflow_migration_dag.py for tasks to queue
[2026-05-18T21:35:45.527+0000] {logging_mixin.py:188} INFO - [2026-05-18T21:35:45.526+0000] {dagbag.py:545} INFO - Filling up the DagBag from /opt/airflow/dags/stackoverflow_migration_dag.py
[2026-05-18T21:35:46.366+0000] {processor.py:840} INFO - DAG(s) 'stackoverflow_medallion_pipeline_v2' retrieved from /opt/airflow/dags/stackoverflow_migration_dag.py
[2026-05-18T21:35:46.418+0000] {logging_mixin.py:188} INFO - [2026-05-18T21:35:46.417+0000] {dag.py:3096} INFO - Sync 1 DAGs
[2026-05-18T21:35:46.457+0000] {logging_mixin.py:188} INFO - [2026-05-18T21:35:46.456+0000] {dag.py:3954} INFO - Setting next_dagrun for stackoverflow_medallion_pipeline_v2 to 2026-05-18 00:00:00+00:00, run_after=2026-05-19 00:00:00+00:00
[2026-05-18T21:35:46.493+0000] {processor.py:183} INFO - Processing /opt/airflow/dags/stackoverflow_migration_dag.py took 0.983 seconds
[2026-05-18T21:36:16.826+0000] {processor.py:161} INFO - Started process (PID=401) to work on /opt/airflow/dags/stackoverflow_migration_dag.py
[2026-05-18T21:36:16.827+0000] {processor.py:830} INFO - Processing file /opt/airflow/dags/stackoverflow_migration_dag.py for tasks to queue
[2026-05-18T21:36:16.830+0000] {logging_mixin.py:188} INFO - [2026-05-18T21:36:16.829+0000] {dagbag.py:545} INFO - Filling up the DagBag from /opt/airflow/dags/stackoverflow_migration_dag.py
[2026-05-18T21:36:17.757+0000] {processor.py:840} INFO - DAG(s) 'stackoverflow_medallion_pipeline_v2' retrieved from /opt/airflow/dags/stackoverflow_migration_dag.py
[2026-05-18T21:36:17.814+0000] {logging_mixin.py:188} INFO - [2026-05-18T21:36:17.814+0000] {dag.py:3096} INFO - Sync 1 DAGs
[2026-05-18T21:36:17.860+0000] {logging_mixin.py:188} INFO - [2026-05-18T21:36:17.860+0000] {dag.py:3954} INFO - Setting next_dagrun for stackoverflow_medallion_pipeline_v2 to 2026-05-18 00:00:00+00:00, run_after=2026-05-19 00:00:00+00:00
[2026-05-18T21:36:17.901+0000] {processor.py:183} INFO - Processing /opt/airflow/dags/stackoverflow_migration_dag.py took 1.084 seconds
[2026-05-18T21:36:38.016+0000] {processor.py:161} INFO - Started process (PID=406) to work on /opt/airflow/dags/stackoverflow_migration_dag.py
[2026-05-18T21:36:38.018+0000] {processor.py:830} INFO - Processing file /opt/airflow/dags/stackoverflow_migration_dag.py for tasks to queue
[2026-05-18T21:36:38.025+0000] {logging_mixin.py:188} INFO - [2026-05-18T21:36:38.023+0000] {dagbag.py:545} INFO - Filling up the DagBag from /opt/airflow/dags/stackoverflow_migration_dag.py
[2026-05-18T21:36:39.169+0000] {processor.py:840} INFO - DAG(s) 'stackoverflow_medallion_pipeline_v2' retrieved from /opt/airflow/dags/stackoverflow_migration_dag.py
[2026-05-18T21:36:39.224+0000] {logging_mixin.py:188} INFO - [2026-05-18T21:36:39.224+0000] {dag.py:3096} INFO - Sync 1 DAGs
[2026-05-18T21:36:39.285+0000] {logging_mixin.py:188} INFO - [2026-05-18T21:36:39.285+0000] {dag.py:3954} INFO - Setting next_dagrun for stackoverflow_medallion_pipeline_v2 to 2026-05-18 00:00:00+00:00, run_after=2026-05-19 00:00:00+00:00
[2026-05-18T21:36:39.331+0000] {processor.py:183} INFO - Processing /opt/airflow/dags/stackoverflow_migration_dag.py took 1.326 seconds
[2026-05-18T21:37:09.627+0000] {processor.py:161} INFO - Started process (PID=414) to work on /opt/airflow/dags/stackoverflow_migration_dag.py
[2026-05-18T21:37:09.629+0000] {processor.py:830} INFO - Processing file /opt/airflow/dags/stackoverflow_migration_dag.py for tasks to queue
[2026-05-18T21:37:09.631+0000] {logging_mixin.py:188} INFO - [2026-05-18T21:37:09.631+0000] {dagbag.py:545} INFO - Filling up the DagBag from /opt/airflow/dags/stackoverflow_migration_dag.py
[2026-05-18T21:37:10.475+0000] {processor.py:840} INFO - DAG(s) 'stackoverflow_medallion_pipeline_v2' retrieved from /opt/airflow/dags/stackoverflow_migration_dag.py
[2026-05-18T21:37:10.529+0000] {logging_mixin.py:188} INFO - [2026-05-18T21:37:10.529+0000] {dag.py:3096} INFO - Sync 1 DAGs
[2026-05-18T21:37:10.573+0000] {logging_mixin.py:188} INFO - [2026-05-18T21:37:10.572+0000] {dag.py:3954} INFO - Setting next_dagrun for stackoverflow_medallion_pipeline_v2 to 2026-05-18 00:00:00+00:00, run_after=2026-05-19 00:00:00+00:00
[2026-05-18T21:37:10.609+0000] {processor.py:183} INFO - Processing /opt/airflow/dags/stackoverflow_migration_dag.py took 0.999 seconds
[2026-05-18T21:37:40.884+0000] {processor.py:161} INFO - Started process (PID=425) to work on /opt/airflow/dags/stackoverflow_migration_dag.py
[2026-05-18T21:37:40.886+0000] {processor.py:830} INFO - Processing file /opt/airflow/dags/stackoverflow_migration_dag.py for tasks to queue
[2026-05-18T21:37:40.890+0000] {logging_mixin.py:188} INFO - [2026-05-18T21:37:40.889+0000] {dagbag.py:545} INFO - Filling up the DagBag from /opt/airflow/dags/stackoverflow_migration_dag.py
[2026-05-18T21:37:41.810+0000] {processor.py:840} INFO - DAG(s) 'stackoverflow_medallion_pipeline_v2' retrieved from /opt/airflow/dags/stackoverflow_migration_dag.py
[2026-05-18T21:37:41.880+0000] {logging_mixin.py:188} INFO - [2026-05-18T21:37:41.879+0000] {dag.py:3096} INFO - Sync 1 DAGs
[2026-05-18T21:37:41.939+0000] {logging_mixin.py:188} INFO - [2026-05-18T21:37:41.939+0000] {dag.py:3954} INFO - Setting next_dagrun for stackoverflow_medallion_pipeline_v2 to 2026-05-18 00:00:00+00:00, run_after=2026-05-19 00:00:00+00:00
[2026-05-18T21:37:41.980+0000] {processor.py:183} INFO - Processing /opt/airflow/dags/stackoverflow_migration_dag.py took 1.105 seconds
[2026-05-18T21:38:12.217+0000] {processor.py:161} INFO - Started process (PID=433) to work on /opt/airflow/dags/stackoverflow_migration_dag.py
[2026-05-18T21:38:12.218+0000] {processor.py:830} INFO - Processing file /opt/airflow/dags/stackoverflow_migration_dag.py for tasks to queue
[2026-05-18T21:38:12.221+0000] {logging_mixin.py:188} INFO - [2026-05-18T21:38:12.221+0000] {dagbag.py:545} INFO - Filling up the DagBag from /opt/airflow/dags/stackoverflow_migration_dag.py
[2026-05-18T21:38:13.157+0000] {processor.py:840} INFO - DAG(s) 'stackoverflow_medallion_pipeline_v2' retrieved from /opt/airflow/dags/stackoverflow_migration_dag.py
[2026-05-18T21:38:13.216+0000] {logging_mixin.py:188} INFO - [2026-05-18T21:38:13.216+0000] {dag.py:3096} INFO - Sync 1 DAGs
[2026-05-18T21:38:13.260+0000] {logging_mixin.py:188} INFO - [2026-05-18T21:38:13.260+0000] {dag.py:3954} INFO - Setting next_dagrun for stackoverflow_medallion_pipeline_v2 to 2026-05-18 00:00:00+00:00, run_after=2026-05-19 00:00:00+00:00
[2026-05-18T21:38:13.298+0000] {processor.py:183} INFO - Processing /opt/airflow/dags/stackoverflow_migration_dag.py took 1.092 seconds
[2026-05-18T21:38:43.567+0000] {processor.py:161} INFO - Started process (PID=441) to work on /opt/airflow/dags/stackoverflow_migration_dag.py
[2026-05-18T21:38:43.569+0000] {processor.py:830} INFO - Processing file /opt/airflow/dags/stackoverflow_migration_dag.py for tasks to queue
[2026-05-18T21:38:43.572+0000] {logging_mixin.py:188} INFO - [2026-05-18T21:38:43.572+0000] {dagbag.py:545} INFO - Filling up the DagBag from /opt/airflow/dags/stackoverflow_migration_dag.py
[2026-05-18T21:38:44.523+0000] {processor.py:840} INFO - DAG(s) 'stackoverflow_medallion_pipeline_v2' retrieved from /opt/airflow/dags/stackoverflow_migration_dag.py
[2026-05-18T21:38:44.586+0000] {logging_mixin.py:188} INFO - [2026-05-18T21:38:44.586+0000] {dag.py:3096} INFO - Sync 1 DAGs
[2026-05-18T21:38:44.631+0000] {logging_mixin.py:188} INFO - [2026-05-18T21:38:44.631+0000] {dag.py:3954} INFO - Setting next_dagrun for stackoverflow_medallion_pipeline_v2 to 2026-05-18 00:00:00+00:00, run_after=2026-05-19 00:00:00+00:00
[2026-05-18T21:38:44.673+0000] {processor.py:183} INFO - Processing /opt/airflow/dags/stackoverflow_migration_dag.py took 1.115 seconds
[2026-05-18T21:38:59.693+0000] {processor.py:161} INFO - Started process (PID=446) to work on /opt/airflow/dags/stackoverflow_migration_dag.py
[2026-05-18T21:38:59.695+0000] {processor.py:830} INFO - Processing file /opt/airflow/dags/stackoverflow_migration_dag.py for tasks to queue
[2026-05-18T21:38:59.698+0000] {logging_mixin.py:188} INFO - [2026-05-18T21:38:59.698+0000] {dagbag.py:545} INFO - Filling up the DagBag from /opt/airflow/dags/stackoverflow_migration_dag.py
[2026-05-18T21:39:00.606+0000] {processor.py:840} INFO - DAG(s) 'stackoverflow_medallion_pipeline_v2' retrieved from /opt/airflow/dags/stackoverflow_migration_dag.py
[2026-05-18T21:39:00.654+0000] {logging_mixin.py:188} INFO - [2026-05-18T21:39:00.654+0000] {dag.py:3096} INFO - Sync 1 DAGs
[2026-05-18T21:39:00.691+0000] {logging_mixin.py:188} INFO - [2026-05-18T21:39:00.691+0000] {dag.py:3954} INFO - Setting next_dagrun for stackoverflow_medallion_pipeline_v2 to 2026-05-18 00:00:00+00:00, run_after=2026-05-19 00:00:00+00:00
[2026-05-18T21:39:00.732+0000] {processor.py:183} INFO - Processing /opt/airflow/dags/stackoverflow_migration_dag.py took 1.046 seconds
[2026-05-18T21:39:30.989+0000] {processor.py:161} INFO - Started process (PID=454) to work on /opt/airflow/dags/stackoverflow_migration_dag.py
[2026-05-18T21:39:30.991+0000] {processor.py:830} INFO - Processing file /opt/airflow/dags/stackoverflow_migration_dag.py for tasks to queue
[2026-05-18T21:39:30.994+0000] {logging_mixin.py:188} INFO - [2026-05-18T21:39:30.994+0000] {dagbag.py:545} INFO - Filling up the DagBag from /opt/airflow/dags/stackoverflow_migration_dag.py
[2026-05-18T21:39:32.093+0000] {processor.py:840} INFO - DAG(s) 'stackoverflow_medallion_pipeline_v2' retrieved from /opt/airflow/dags/stackoverflow_migration_dag.py
[2026-05-18T21:39:32.157+0000] {logging_mixin.py:188} INFO - [2026-05-18T21:39:32.157+0000] {dag.py:3096} INFO - Sync 1 DAGs
[2026-05-18T21:39:32.206+0000] {logging_mixin.py:188} INFO - [2026-05-18T21:39:32.206+0000] {dag.py:3954} INFO - Setting next_dagrun for stackoverflow_medallion_pipeline_v2 to 2026-05-18 00:00:00+00:00, run_after=2026-05-19 00:00:00+00:00
[2026-05-18T21:39:32.245+0000] {processor.py:183} INFO - Processing /opt/airflow/dags/stackoverflow_migration_dag.py took 1.266 seconds
[2026-05-18T21:40:02.501+0000] {processor.py:161} INFO - Started process (PID=465) to work on /opt/airflow/dags/stackoverflow_migration_dag.py
[2026-05-18T21:40:02.503+0000] {processor.py:830} INFO - Processing file /opt/airflow/dags/stackoverflow_migration_dag.py for tasks to queue
[2026-05-18T21:40:02.505+0000] {logging_mixin.py:188} INFO - [2026-05-18T21:40:02.505+0000] {dagbag.py:545} INFO - Filling up the DagBag from /opt/airflow/dags/stackoverflow_migration_dag.py
[2026-05-18T21:40:03.408+0000] {processor.py:840} INFO - DAG(s) 'stackoverflow_medallion_pipeline_v2' retrieved from /opt/airflow/dags/stackoverflow_migration_dag.py
[2026-05-18T21:40:03.472+0000] {logging_mixin.py:188} INFO - [2026-05-18T21:40:03.472+0000] {dag.py:3096} INFO - Sync 1 DAGs
[2026-05-18T21:40:03.519+0000] {logging_mixin.py:188} INFO - [2026-05-18T21:40:03.518+0000] {dag.py:3954} INFO - Setting next_dagrun for stackoverflow_medallion_pipeline_v2 to 2026-05-18 00:00:00+00:00, run_after=2026-05-19 00:00:00+00:00
[2026-05-18T21:40:03.555+0000] {processor.py:183} INFO - Processing /opt/airflow/dags/stackoverflow_migration_dag.py took 1.063 seconds
[2026-05-18T21:40:33.726+0000] {processor.py:161} INFO - Started process (PID=473) to work on /opt/airflow/dags/stackoverflow_migration_dag.py
[2026-05-18T21:40:33.727+0000] {processor.py:830} INFO - Processing file /opt/airflow/dags/stackoverflow_migration_dag.py for tasks to queue
[2026-05-18T21:40:33.730+0000] {logging_mixin.py:188} INFO - [2026-05-18T21:40:33.729+0000] {dagbag.py:545} INFO - Filling up the DagBag from /opt/airflow/dags/stackoverflow_migration_dag.py
[2026-05-18T21:40:34.541+0000] {processor.py:840} INFO - DAG(s) 'stackoverflow_medallion_pipeline_v2' retrieved from /opt/airflow/dags/stackoverflow_migration_dag.py
[2026-05-18T21:40:34.594+0000] {logging_mixin.py:188} INFO - [2026-05-18T21:40:34.594+0000] {dag.py:3096} INFO - Sync 1 DAGs
[2026-05-18T21:40:34.636+0000] {logging_mixin.py:188} INFO - [2026-05-18T21:40:34.636+0000] {dag.py:3954} INFO - Setting next_dagrun for stackoverflow_medallion_pipeline_v2 to 2026-05-18 00:00:00+00:00, run_after=2026-05-19 00:00:00+00:00
[2026-05-18T21:40:34.672+0000] {processor.py:183} INFO - Processing /opt/airflow/dags/stackoverflow_migration_dag.py took 0.954 seconds
[2026-05-18T21:41:05.003+0000] {processor.py:161} INFO - Started process (PID=481) to work on /opt/airflow/dags/stackoverflow_migration_dag.py
[2026-05-18T21:41:05.005+0000] {processor.py:830} INFO - Processing file /opt/airflow/dags/stackoverflow_migration_dag.py for tasks to queue
[2026-05-18T21:41:05.007+0000] {logging_mixin.py:188} INFO - [2026-05-18T21:41:05.006+0000] {dagbag.py:545} INFO - Filling up the DagBag from /opt/airflow/dags/stackoverflow_migration_dag.py
[2026-05-18T21:41:05.995+0000] {processor.py:840} INFO - DAG(s) 'stackoverflow_medallion_pipeline_v2' retrieved from /opt/airflow/dags/stackoverflow_migration_dag.py
[2026-05-18T21:41:06.055+0000] {logging_mixin.py:188} INFO - [2026-05-18T21:41:06.055+0000] {dag.py:3096} INFO - Sync 1 DAGs
[2026-05-18T21:41:06.098+0000] {logging_mixin.py:188} INFO - [2026-05-18T21:41:06.098+0000] {dag.py:3954} INFO - Setting next_dagrun for stackoverflow_medallion_pipeline_v2 to 2026-05-18 00:00:00+00:00, run_after=2026-05-19 00:00:00+00:00
[2026-05-18T21:41:06.135+0000] {processor.py:183} INFO - Processing /opt/airflow/dags/stackoverflow_migration_dag.py took 1.138 seconds
[2026-05-18T21:41:36.321+0000] {processor.py:161} INFO - Started process (PID=486) to work on /opt/airflow/dags/stackoverflow_migration_dag.py
[2026-05-18T21:41:36.323+0000] {processor.py:830} INFO - Processing file /opt/airflow/dags/stackoverflow_migration_dag.py for tasks to queue
[2026-05-18T21:41:36.327+0000] {logging_mixin.py:188} INFO - [2026-05-18T21:41:36.326+0000] {dagbag.py:545} INFO - Filling up the DagBag from /opt/airflow/dags/stackoverflow_migration_dag.py
[2026-05-18T21:41:37.433+0000] {processor.py:840} INFO - DAG(s) 'stackoverflow_medallion_pipeline_v2' retrieved from /opt/airflow/dags/stackoverflow_migration_dag.py
[2026-05-18T21:41:37.510+0000] {logging_mixin.py:188} INFO - [2026-05-18T21:41:37.509+0000] {dag.py:3096} INFO - Sync 1 DAGs
[2026-05-18T21:41:37.567+0000] {logging_mixin.py:188} INFO - [2026-05-18T21:41:37.567+0000] {dag.py:3954} INFO - Setting next_dagrun for stackoverflow_medallion_pipeline_v2 to 2026-05-18 00:00:00+00:00, run_after=2026-05-19 00:00:00+00:00
[2026-05-18T21:41:37.613+0000] {processor.py:183} INFO - Processing /opt/airflow/dags/stackoverflow_migration_dag.py took 1.301 seconds
[2026-05-18T21:42:07.711+0000] {processor.py:161} INFO - Started process (PID=491) to work on /opt/airflow/dags/stackoverflow_migration_dag.py
[2026-05-18T21:42:07.713+0000] {processor.py:830} INFO - Processing file /opt/airflow/dags/stackoverflow_migration_dag.py for tasks to queue
[2026-05-18T21:42:07.718+0000] {logging_mixin.py:188} INFO - [2026-05-18T21:42:07.717+0000] {dagbag.py:545} INFO - Filling up the DagBag from /opt/airflow/dags/stackoverflow_migration_dag.py
[2026-05-18T21:42:09.181+0000] {processor.py:840} INFO - DAG(s) 'stackoverflow_medallion_pipeline_v2' retrieved from /opt/airflow/dags/stackoverflow_migration_dag.py
[2026-05-18T21:42:09.258+0000] {logging_mixin.py:188} INFO - [2026-05-18T21:42:09.257+0000] {dag.py:3096} INFO - Sync 1 DAGs
[2026-05-18T21:42:09.332+0000] {logging_mixin.py:188} INFO - [2026-05-18T21:42:09.332+0000] {dag.py:3954} INFO - Setting next_dagrun for stackoverflow_medallion_pipeline_v2 to 2026-05-18 00:00:00+00:00, run_after=2026-05-19 00:00:00+00:00
[2026-05-18T21:42:09.390+0000] {processor.py:183} INFO - Processing /opt/airflow/dags/stackoverflow_migration_dag.py took 1.693 seconds
[2026-05-18T21:42:39.769+0000] {processor.py:161} INFO - Started process (PID=496) to work on /opt/airflow/dags/stackoverflow_migration_dag.py
[2026-05-18T21:42:39.771+0000] {processor.py:830} INFO - Processing file /opt/airflow/dags/stackoverflow_migration_dag.py for tasks to queue
[2026-05-18T21:42:39.777+0000] {logging_mixin.py:188} INFO - [2026-05-18T21:42:39.776+0000] {dagbag.py:545} INFO - Filling up the DagBag from /opt/airflow/dags/stackoverflow_migration_dag.py
[2026-05-18T21:42:41.135+0000] {processor.py:840} INFO - DAG(s) 'stackoverflow_medallion_pipeline_v2' retrieved from /opt/airflow/dags/stackoverflow_migration_dag.py
[2026-05-18T21:42:41.201+0000] {logging_mixin.py:188} INFO - [2026-05-18T21:42:41.201+0000] {dag.py:3096} INFO - Sync 1 DAGs
[2026-05-18T21:42:41.253+0000] {logging_mixin.py:188} INFO - [2026-05-18T21:42:41.253+0000] {dag.py:3954} INFO - Setting next_dagrun for stackoverflow_medallion_pipeline_v2 to 2026-05-18 00:00:00+00:00, run_after=2026-05-19 00:00:00+00:00
[2026-05-18T21:42:41.295+0000] {processor.py:183} INFO - Processing /opt/airflow/dags/stackoverflow_migration_dag.py took 1.547 seconds
[2026-05-18T21:43:11.415+0000] {processor.py:161} INFO - Started process (PID=501) to work on /opt/airflow/dags/stackoverflow_migration_dag.py
[2026-05-18T21:43:11.417+0000] {processor.py:830} INFO - Processing file /opt/airflow/dags/stackoverflow_migration_dag.py for tasks to queue
[2026-05-18T21:43:11.422+0000] {logging_mixin.py:188} INFO - [2026-05-18T21:43:11.421+0000] {dagbag.py:545} INFO - Filling up the DagBag from /opt/airflow/dags/stackoverflow_migration_dag.py
[2026-05-18T21:43:12.549+0000] {processor.py:840} INFO - DAG(s) 'stackoverflow_medallion_pipeline_v2' retrieved from /opt/airflow/dags/stackoverflow_migration_dag.py
[2026-05-18T21:43:12.610+0000] {logging_mixin.py:188} INFO - [2026-05-18T21:43:12.610+0000] {dag.py:3096} INFO - Sync 1 DAGs
[2026-05-18T21:43:12.659+0000] {logging_mixin.py:188} INFO - [2026-05-18T21:43:12.658+0000] {dag.py:3954} INFO - Setting next_dagrun for stackoverflow_medallion_pipeline_v2 to 2026-05-18 00:00:00+00:00, run_after=2026-05-19 00:00:00+00:00
[2026-05-18T21:43:12.708+0000] {processor.py:183} INFO - Processing /opt/airflow/dags/stackoverflow_migration_dag.py took 1.304 seconds
[2026-05-18T21:43:42.857+0000] {processor.py:161} INFO - Started process (PID=506) to work on /opt/airflow/dags/stackoverflow_migration_dag.py
[2026-05-18T21:43:42.858+0000] {processor.py:830} INFO - Processing file /opt/airflow/dags/stackoverflow_migration_dag.py for tasks to queue
[2026-05-18T21:43:42.862+0000] {logging_mixin.py:188} INFO - [2026-05-18T21:43:42.861+0000] {dagbag.py:545} INFO - Filling up the DagBag from /opt/airflow/dags/stackoverflow_migration_dag.py
[2026-05-18T21:43:43.874+0000] {processor.py:840} INFO - DAG(s) 'stackoverflow_medallion_pipeline_v2' retrieved from /opt/airflow/dags/stackoverflow_migration_dag.py
[2026-05-18T21:43:43.950+0000] {logging_mixin.py:188} INFO - [2026-05-18T21:43:43.950+0000] {dag.py:3096} INFO - Sync 1 DAGs
[2026-05-18T21:43:44.006+0000] {logging_mixin.py:188} INFO - [2026-05-18T21:43:44.006+0000] {dag.py:3954} INFO - Setting next_dagrun for stackoverflow_medallion_pipeline_v2 to 2026-05-18 00:00:00+00:00, run_after=2026-05-19 00:00:00+00:00
[2026-05-18T21:43:44.048+0000] {processor.py:183} INFO - Processing /opt/airflow/dags/stackoverflow_migration_dag.py took 1.200 seconds
[2026-05-18T21:44:14.208+0000] {processor.py:161} INFO - Started process (PID=511) to work on /opt/airflow/dags/stackoverflow_migration_dag.py
[2026-05-18T21:44:14.209+0000] {processor.py:830} INFO - Processing file /opt/airflow/dags/stackoverflow_migration_dag.py for tasks to queue
[2026-05-18T21:44:14.213+0000] {logging_mixin.py:188} INFO - [2026-05-18T21:44:14.212+0000] {dagbag.py:545} INFO - Filling up the DagBag from /opt/airflow/dags/stackoverflow_migration_dag.py
[2026-05-18T21:44:15.570+0000] {processor.py:840} INFO - DAG(s) 'stackoverflow_medallion_pipeline_v2' retrieved from /opt/airflow/dags/stackoverflow_migration_dag.py
[2026-05-18T21:44:15.643+0000] {logging_mixin.py:188} INFO - [2026-05-18T21:44:15.643+0000] {dag.py:3096} INFO - Sync 1 DAGs
[2026-05-18T21:44:15.711+0000] {logging_mixin.py:188} INFO - [2026-05-18T21:44:15.710+0000] {dag.py:3954} INFO - Setting next_dagrun for stackoverflow_medallion_pipeline_v2 to 2026-05-18 00:00:00+00:00, run_after=2026-05-19 00:00:00+00:00
[2026-05-18T21:44:15.775+0000] {processor.py:183} INFO - Processing /opt/airflow/dags/stackoverflow_migration_dag.py took 1.578 seconds
[2026-05-18T21:44:45.774+0000] {processor.py:161} INFO - Started process (PID=516) to work on /opt/airflow/dags/stackoverflow_migration_dag.py
[2026-05-18T21:44:45.804+0000] {processor.py:830} INFO - Processing file /opt/airflow/dags/stackoverflow_migration_dag.py for tasks to queue
[2026-05-18T21:44:45.818+0000] {logging_mixin.py:188} INFO - [2026-05-18T21:44:45.817+0000] {dagbag.py:545} INFO - Filling up the DagBag from /opt/airflow/dags/stackoverflow_migration_dag.py
[2026-05-18T21:44:48.124+0000] {processor.py:840} INFO - DAG(s) 'stackoverflow_medallion_pipeline_v2' retrieved from /opt/airflow/dags/stackoverflow_migration_dag.py
[2026-05-18T21:44:48.194+0000] {logging_mixin.py:188} INFO - [2026-05-18T21:44:48.194+0000] {dag.py:3096} INFO - Sync 1 DAGs
[2026-05-18T21:44:48.247+0000] {logging_mixin.py:188} INFO - [2026-05-18T21:44:48.246+0000] {dag.py:3954} INFO - Setting next_dagrun for stackoverflow_medallion_pipeline_v2 to 2026-05-18 00:00:00+00:00, run_after=2026-05-19 00:00:00+00:00
[2026-05-18T21:44:48.305+0000] {processor.py:183} INFO - Processing /opt/airflow/dags/stackoverflow_migration_dag.py took 2.565 seconds
[2026-05-18T21:44:51.197+0000] {processor.py:161} INFO - Started process (PID=521) to work on /opt/airflow/dags/stackoverflow_migration_dag.py
[2026-05-18T21:44:51.198+0000] {processor.py:830} INFO - Processing file /opt/airflow/dags/stackoverflow_migration_dag.py for tasks to queue
[2026-05-18T21:44:51.201+0000] {logging_mixin.py:188} INFO - [2026-05-18T21:44:51.200+0000] {dagbag.py:545} INFO - Filling up the DagBag from /opt/airflow/dags/stackoverflow_migration_dag.py
[2026-05-18T21:44:52.393+0000] {processor.py:840} INFO - DAG(s) 'stackoverflow_medallion_pipeline_v2' retrieved from /opt/airflow/dags/stackoverflow_migration_dag.py
[2026-05-18T21:44:52.468+0000] {logging_mixin.py:188} INFO - [2026-05-18T21:44:52.468+0000] {dag.py:3096} INFO - Sync 1 DAGs
[2026-05-18T21:44:52.521+0000] {logging_mixin.py:188} INFO - [2026-05-18T21:44:52.521+0000] {dag.py:3954} INFO - Setting next_dagrun for stackoverflow_medallion_pipeline_v2 to 2026-05-18 00:00:00+00:00, run_after=2026-05-19 00:00:00+00:00
[2026-05-18T21:44:52.577+0000] {processor.py:183} INFO - Processing /opt/airflow/dags/stackoverflow_migration_dag.py took 1.389 seconds
[2026-05-18T21:45:22.863+0000] {processor.py:161} INFO - Started process (PID=530) to work on /opt/airflow/dags/stackoverflow_migration_dag.py
[2026-05-18T21:45:22.864+0000] {processor.py:830} INFO - Processing file /opt/airflow/dags/stackoverflow_migration_dag.py for tasks to queue
[2026-05-18T21:45:22.867+0000] {logging_mixin.py:188} INFO - [2026-05-18T21:45:22.867+0000] {dagbag.py:545} INFO - Filling up the DagBag from /opt/airflow/dags/stackoverflow_migration_dag.py
[2026-05-18T21:45:23.810+0000] {processor.py:840} INFO - DAG(s) 'stackoverflow_medallion_pipeline_v2' retrieved from /opt/airflow/dags/stackoverflow_migration_dag.py
[2026-05-18T21:45:23.873+0000] {logging_mixin.py:188} INFO - [2026-05-18T21:45:23.873+0000] {dag.py:3096} INFO - Sync 1 DAGs
[2026-05-18T21:45:23.922+0000] {logging_mixin.py:188} INFO - [2026-05-18T21:45:23.921+0000] {dag.py:3954} INFO - Setting next_dagrun for stackoverflow_medallion_pipeline_v2 to 2026-05-18 00:00:00+00:00, run_after=2026-05-19 00:00:00+00:00
[2026-05-18T21:45:23.963+0000] {processor.py:183} INFO - Processing /opt/airflow/dags/stackoverflow_migration_dag.py took 1.109 seconds
[2026-05-18T21:45:54.189+0000] {processor.py:161} INFO - Started process (PID=540) to work on /opt/airflow/dags/stackoverflow_migration_dag.py
[2026-05-18T21:45:54.190+0000] {processor.py:830} INFO - Processing file /opt/airflow/dags/stackoverflow_migration_dag.py for tasks to queue
[2026-05-18T21:45:54.193+0000] {logging_mixin.py:188} INFO - [2026-05-18T21:45:54.193+0000] {dagbag.py:545} INFO - Filling up the DagBag from /opt/airflow/dags/stackoverflow_migration_dag.py
[2026-05-18T21:45:55.026+0000] {processor.py:840} INFO - DAG(s) 'stackoverflow_medallion_pipeline_v2' retrieved from /opt/airflow/dags/stackoverflow_migration_dag.py
[2026-05-18T21:45:55.089+0000] {logging_mixin.py:188} INFO - [2026-05-18T21:45:55.089+0000] {dag.py:3096} INFO - Sync 1 DAGs
[2026-05-18T21:45:55.135+0000] {logging_mixin.py:188} INFO - [2026-05-18T21:45:55.135+0000] {dag.py:3954} INFO - Setting next_dagrun for stackoverflow_medallion_pipeline_v2 to 2026-05-18 00:00:00+00:00, run_after=2026-05-19 00:00:00+00:00
[2026-05-18T21:45:55.171+0000] {processor.py:183} INFO - Processing /opt/airflow/dags/stackoverflow_migration_dag.py took 0.992 seconds
[2026-05-18T21:46:25.462+0000] {processor.py:161} INFO - Started process (PID=548) to work on /opt/airflow/dags/stackoverflow_migration_dag.py
[2026-05-18T21:46:25.464+0000] {processor.py:830} INFO - Processing file /opt/airflow/dags/stackoverflow_migration_dag.py for tasks to queue
[2026-05-18T21:46:25.468+0000] {logging_mixin.py:188} INFO - [2026-05-18T21:46:25.467+0000] {dagbag.py:545} INFO - Filling up the DagBag from /opt/airflow/dags/stackoverflow_migration_dag.py
[2026-05-18T21:46:26.413+0000] {processor.py:840} INFO - DAG(s) 'stackoverflow_medallion_pipeline_v2' retrieved from /opt/airflow/dags/stackoverflow_migration_dag.py
[2026-05-18T21:46:26.471+0000] {logging_mixin.py:188} INFO - [2026-05-18T21:46:26.471+0000] {dag.py:3096} INFO - Sync 1 DAGs
[2026-05-18T21:46:26.510+0000] {logging_mixin.py:188} INFO - [2026-05-18T21:46:26.509+0000] {dag.py:3954} INFO - Setting next_dagrun for stackoverflow_medallion_pipeline_v2 to 2026-05-18 00:00:00+00:00, run_after=2026-05-19 00:00:00+00:00
[2026-05-18T21:46:26.543+0000] {processor.py:183} INFO - Processing /opt/airflow/dags/stackoverflow_migration_dag.py took 1.091 seconds
[2026-05-18T21:46:56.688+0000] {processor.py:161} INFO - Started process (PID=556) to work on /opt/airflow/dags/stackoverflow_migration_dag.py
[2026-05-18T21:46:56.689+0000] {processor.py:830} INFO - Processing file /opt/airflow/dags/stackoverflow_migration_dag.py for tasks to queue
[2026-05-18T21:46:56.692+0000] {logging_mixin.py:188} INFO - [2026-05-18T21:46:56.692+0000] {dagbag.py:545} INFO - Filling up the DagBag from /opt/airflow/dags/stackoverflow_migration_dag.py
[2026-05-18T21:46:57.612+0000] {processor.py:840} INFO - DAG(s) 'stackoverflow_medallion_pipeline_v2' retrieved from /opt/airflow/dags/stackoverflow_migration_dag.py
[2026-05-18T21:46:57.674+0000] {logging_mixin.py:188} INFO - [2026-05-18T21:46:57.674+0000] {dag.py:3096} INFO - Sync 1 DAGs
[2026-05-18T21:46:57.721+0000] {logging_mixin.py:188} INFO - [2026-05-18T21:46:57.721+0000] {dag.py:3954} INFO - Setting next_dagrun for stackoverflow_medallion_pipeline_v2 to 2026-05-18 00:00:00+00:00, run_after=2026-05-19 00:00:00+00:00
[2026-05-18T21:46:57.759+0000] {processor.py:183} INFO - Processing /opt/airflow/dags/stackoverflow_migration_dag.py took 1.081 seconds
[2026-05-18T21:47:28.154+0000] {processor.py:161} INFO - Started process (PID=561) to work on /opt/airflow/dags/stackoverflow_migration_dag.py
[2026-05-18T21:47:28.156+0000] {processor.py:830} INFO - Processing file /opt/airflow/dags/stackoverflow_migration_dag.py for tasks to queue
[2026-05-18T21:47:28.159+0000] {logging_mixin.py:188} INFO - [2026-05-18T21:47:28.158+0000] {dagbag.py:545} INFO - Filling up the DagBag from /opt/airflow/dags/stackoverflow_migration_dag.py
[2026-05-18T21:47:29.233+0000] {processor.py:840} INFO - DAG(s) 'stackoverflow_medallion_pipeline_v2' retrieved from /opt/airflow/dags/stackoverflow_migration_dag.py
[2026-05-18T21:47:29.296+0000] {logging_mixin.py:188} INFO - [2026-05-18T21:47:29.295+0000] {dag.py:3096} INFO - Sync 1 DAGs
[2026-05-18T21:47:29.346+0000] {logging_mixin.py:188} INFO - [2026-05-18T21:47:29.345+0000] {dag.py:3954} INFO - Setting next_dagrun for stackoverflow_medallion_pipeline_v2 to 2026-05-18 00:00:00+00:00, run_after=2026-05-19 00:00:00+00:00
[2026-05-18T21:47:29.390+0000] {processor.py:183} INFO - Processing /opt/airflow/dags/stackoverflow_migration_dag.py took 1.242 seconds
[2026-05-18T21:47:59.701+0000] {processor.py:161} INFO - Started process (PID=566) to work on /opt/airflow/dags/stackoverflow_migration_dag.py
[2026-05-18T21:47:59.703+0000] {processor.py:830} INFO - Processing file /opt/airflow/dags/stackoverflow_migration_dag.py for tasks to queue
[2026-05-18T21:47:59.706+0000] {logging_mixin.py:188} INFO - [2026-05-18T21:47:59.705+0000] {dagbag.py:545} INFO - Filling up the DagBag from /opt/airflow/dags/stackoverflow_migration_dag.py
[2026-05-18T21:48:00.611+0000] {processor.py:840} INFO - DAG(s) 'stackoverflow_medallion_pipeline_v2' retrieved from /opt/airflow/dags/stackoverflow_migration_dag.py
[2026-05-18T21:48:00.693+0000] {logging_mixin.py:188} INFO - [2026-05-18T21:48:00.692+0000] {dag.py:3096} INFO - Sync 1 DAGs
[2026-05-18T21:48:00.750+0000] {logging_mixin.py:188} INFO - [2026-05-18T21:48:00.750+0000] {dag.py:3954} INFO - Setting next_dagrun for stackoverflow_medallion_pipeline_v2 to 2026-05-18 00:00:00+00:00, run_after=2026-05-19 00:00:00+00:00
[2026-05-18T21:48:00.798+0000] {processor.py:183} INFO - Processing /opt/airflow/dags/stackoverflow_migration_dag.py took 1.108 seconds
[2026-05-18T21:48:30.955+0000] {processor.py:161} INFO - Started process (PID=571) to work on /opt/airflow/dags/stackoverflow_migration_dag.py
[2026-05-18T21:48:30.957+0000] {processor.py:830} INFO - Processing file /opt/airflow/dags/stackoverflow_migration_dag.py for tasks to queue
[2026-05-18T21:48:30.960+0000] {logging_mixin.py:188} INFO - [2026-05-18T21:48:30.959+0000] {dagbag.py:545} INFO - Filling up the DagBag from /opt/airflow/dags/stackoverflow_migration_dag.py
[2026-05-18T21:48:31.956+0000] {processor.py:840} INFO - DAG(s) 'stackoverflow_medallion_pipeline_v2' retrieved from /opt/airflow/dags/stackoverflow_migration_dag.py
[2026-05-18T21:48:32.016+0000] {logging_mixin.py:188} INFO - [2026-05-18T21:48:32.015+0000] {dag.py:3096} INFO - Sync 1 DAGs
[2026-05-18T21:48:32.061+0000] {logging_mixin.py:188} INFO - [2026-05-18T21:48:32.061+0000] {dag.py:3954} INFO - Setting next_dagrun for stackoverflow_medallion_pipeline_v2 to 2026-05-18 00:00:00+00:00, run_after=2026-05-19 00:00:00+00:00
[2026-05-18T21:48:32.099+0000] {processor.py:183} INFO - Processing /opt/airflow/dags/stackoverflow_migration_dag.py took 1.152 seconds
[2026-05-18T21:48:58.331+0000] {processor.py:161} INFO - Started process (PID=576) to work on /opt/airflow/dags/stackoverflow_migration_dag.py
[2026-05-18T21:48:58.334+0000] {processor.py:830} INFO - Processing file /opt/airflow/dags/stackoverflow_migration_dag.py for tasks to queue
[2026-05-18T21:48:58.339+0000] {logging_mixin.py:188} INFO - [2026-05-18T21:48:58.338+0000] {dagbag.py:545} INFO - Filling up the DagBag from /opt/airflow/dags/stackoverflow_migration_dag.py
[2026-05-18T21:48:59.646+0000] {processor.py:840} INFO - DAG(s) 'stackoverflow_medallion_pipeline_v2' retrieved from /opt/airflow/dags/stackoverflow_migration_dag.py
[2026-05-18T21:48:59.709+0000] {logging_mixin.py:188} INFO - [2026-05-18T21:48:59.709+0000] {dag.py:3096} INFO - Sync 1 DAGs
[2026-05-18T21:48:59.758+0000] {logging_mixin.py:188} INFO - [2026-05-18T21:48:59.758+0000] {dag.py:3954} INFO - Setting next_dagrun for stackoverflow_medallion_pipeline_v2 to 2026-05-18 00:00:00+00:00, run_after=2026-05-19 00:00:00+00:00
[2026-05-18T21:48:59.807+0000] {processor.py:183} INFO - Processing /opt/airflow/dags/stackoverflow_migration_dag.py took 1.489 seconds
[2026-05-18T21:49:30.132+0000] {processor.py:161} INFO - Started process (PID=581) to work on /opt/airflow/dags/stackoverflow_migration_dag.py
[2026-05-18T21:49:30.134+0000] {processor.py:830} INFO - Processing file /opt/airflow/dags/stackoverflow_migration_dag.py for tasks to queue
[2026-05-18T21:49:30.137+0000] {logging_mixin.py:188} INFO - [2026-05-18T21:49:30.137+0000] {dagbag.py:545} INFO - Filling up the DagBag from /opt/airflow/dags/stackoverflow_migration_dag.py
[2026-05-18T21:49:31.057+0000] {processor.py:840} INFO - DAG(s) 'stackoverflow_medallion_pipeline_v2' retrieved from /opt/airflow/dags/stackoverflow_migration_dag.py
[2026-05-18T21:49:31.121+0000] {logging_mixin.py:188} INFO - [2026-05-18T21:49:31.121+0000] {dag.py:3096} INFO - Sync 1 DAGs
[2026-05-18T21:49:31.169+0000] {logging_mixin.py:188} INFO - [2026-05-18T21:49:31.169+0000] {dag.py:3954} INFO - Setting next_dagrun for stackoverflow_medallion_pipeline_v2 to 2026-05-18 00:00:00+00:00, run_after=2026-05-19 00:00:00+00:00
[2026-05-18T21:49:31.208+0000] {processor.py:183} INFO - Processing /opt/airflow/dags/stackoverflow_migration_dag.py took 1.083 seconds
[2026-05-18T21:50:01.415+0000] {processor.py:161} INFO - Started process (PID=589) to work on /opt/airflow/dags/stackoverflow_migration_dag.py
[2026-05-18T21:50:01.417+0000] {processor.py:830} INFO - Processing file /opt/airflow/dags/stackoverflow_migration_dag.py for tasks to queue
[2026-05-18T21:50:01.422+0000] {logging_mixin.py:188} INFO - [2026-05-18T21:50:01.421+0000] {dagbag.py:545} INFO - Filling up the DagBag from /opt/airflow/dags/stackoverflow_migration_dag.py
[2026-05-18T21:50:02.367+0000] {processor.py:840} INFO - DAG(s) 'stackoverflow_medallion_pipeline_v2' retrieved from /opt/airflow/dags/stackoverflow_migration_dag.py
[2026-05-18T21:50:02.444+0000] {logging_mixin.py:188} INFO - [2026-05-18T21:50:02.444+0000] {dag.py:3096} INFO - Sync 1 DAGs
[2026-05-18T21:50:02.501+0000] {logging_mixin.py:188} INFO - [2026-05-18T21:50:02.500+0000] {dag.py:3954} INFO - Setting next_dagrun for stackoverflow_medallion_pipeline_v2 to 2026-05-18 00:00:00+00:00, run_after=2026-05-19 00:00:00+00:00
[2026-05-18T21:50:02.541+0000] {processor.py:183} INFO - Processing /opt/airflow/dags/stackoverflow_migration_dag.py took 1.135 seconds
[2026-05-18T21:50:32.811+0000] {processor.py:161} INFO - Started process (PID=597) to work on /opt/airflow/dags/stackoverflow_migration_dag.py
[2026-05-18T21:50:32.813+0000] {processor.py:830} INFO - Processing file /opt/airflow/dags/stackoverflow_migration_dag.py for tasks to queue
[2026-05-18T21:50:32.817+0000] {logging_mixin.py:188} INFO - [2026-05-18T21:50:32.816+0000] {dagbag.py:545} INFO - Filling up the DagBag from /opt/airflow/dags/stackoverflow_migration_dag.py
[2026-05-18T21:50:33.800+0000] {processor.py:840} INFO - DAG(s) 'stackoverflow_medallion_pipeline_v2' retrieved from /opt/airflow/dags/stackoverflow_migration_dag.py
[2026-05-18T21:50:33.857+0000] {logging_mixin.py:188} INFO - [2026-05-18T21:50:33.857+0000] {dag.py:3096} INFO - Sync 1 DAGs
[2026-05-18T21:50:33.900+0000] {logging_mixin.py:188} INFO - [2026-05-18T21:50:33.899+0000] {dag.py:3954} INFO - Setting next_dagrun for stackoverflow_medallion_pipeline_v2 to 2026-05-18 00:00:00+00:00, run_after=2026-05-19 00:00:00+00:00
[2026-05-18T21:50:33.944+0000] {processor.py:183} INFO - Processing /opt/airflow/dags/stackoverflow_migration_dag.py took 1.142 seconds
[2026-05-18T21:51:04.166+0000] {processor.py:161} INFO - Started process (PID=608) to work on /opt/airflow/dags/stackoverflow_migration_dag.py
[2026-05-18T21:51:04.167+0000] {processor.py:830} INFO - Processing file /opt/airflow/dags/stackoverflow_migration_dag.py for tasks to queue
[2026-05-18T21:51:04.171+0000] {logging_mixin.py:188} INFO - [2026-05-18T21:51:04.170+0000] {dagbag.py:545} INFO - Filling up the DagBag from /opt/airflow/dags/stackoverflow_migration_dag.py
[2026-05-18T21:51:05.208+0000] {processor.py:840} INFO - DAG(s) 'stackoverflow_medallion_pipeline_v2' retrieved from /opt/airflow/dags/stackoverflow_migration_dag.py
[2026-05-18T21:51:05.279+0000] {logging_mixin.py:188} INFO - [2026-05-18T21:51:05.279+0000] {dag.py:3096} INFO - Sync 1 DAGs
[2026-05-18T21:51:05.321+0000] {logging_mixin.py:188} INFO - [2026-05-18T21:51:05.321+0000] {dag.py:3954} INFO - Setting next_dagrun for stackoverflow_medallion_pipeline_v2 to 2026-05-18 00:00:00+00:00, run_after=2026-05-19 00:00:00+00:00
[2026-05-18T21:51:05.358+0000] {processor.py:183} INFO - Processing /opt/airflow/dags/stackoverflow_migration_dag.py took 1.204 seconds
[2026-05-18T21:51:35.492+0000] {processor.py:161} INFO - Started process (PID=616) to work on /opt/airflow/dags/stackoverflow_migration_dag.py
[2026-05-18T21:51:35.493+0000] {processor.py:830} INFO - Processing file /opt/airflow/dags/stackoverflow_migration_dag.py for tasks to queue
[2026-05-18T21:51:35.496+0000] {logging_mixin.py:188} INFO - [2026-05-18T21:51:35.495+0000] {dagbag.py:545} INFO - Filling up the DagBag from /opt/airflow/dags/stackoverflow_migration_dag.py
[2026-05-18T21:51:36.395+0000] {processor.py:840} INFO - DAG(s) 'stackoverflow_medallion_pipeline_v2' retrieved from /opt/airflow/dags/stackoverflow_migration_dag.py
[2026-05-18T21:51:36.447+0000] {logging_mixin.py:188} INFO - [2026-05-18T21:51:36.447+0000] {dag.py:3096} INFO - Sync 1 DAGs
[2026-05-18T21:51:36.488+0000] {logging_mixin.py:188} INFO - [2026-05-18T21:51:36.488+0000] {dag.py:3954} INFO - Setting next_dagrun for stackoverflow_medallion_pipeline_v2 to 2026-05-18 00:00:00+00:00, run_after=2026-05-19 00:00:00+00:00
[2026-05-18T21:51:36.528+0000] {processor.py:183} INFO - Processing /opt/airflow/dags/stackoverflow_migration_dag.py took 1.044 seconds
[2026-05-18T21:52:06.804+0000] {processor.py:161} INFO - Started process (PID=621) to work on /opt/airflow/dags/stackoverflow_migration_dag.py
[2026-05-18T21:52:06.806+0000] {processor.py:830} INFO - Processing file /opt/airflow/dags/stackoverflow_migration_dag.py for tasks to queue
[2026-05-18T21:52:06.808+0000] {logging_mixin.py:188} INFO - [2026-05-18T21:52:06.808+0000] {dagbag.py:545} INFO - Filling up the DagBag from /opt/airflow/dags/stackoverflow_migration_dag.py
[2026-05-18T21:52:07.684+0000] {processor.py:840} INFO - DAG(s) 'stackoverflow_medallion_pipeline_v2' retrieved from /opt/airflow/dags/stackoverflow_migration_dag.py
[2026-05-18T21:52:07.736+0000] {logging_mixin.py:188} INFO - [2026-05-18T21:52:07.735+0000] {dag.py:3096} INFO - Sync 1 DAGs
[2026-05-18T21:52:07.774+0000] {logging_mixin.py:188} INFO - [2026-05-18T21:52:07.774+0000] {dag.py:3954} INFO - Setting next_dagrun for stackoverflow_medallion_pipeline_v2 to 2026-05-18 00:00:00+00:00, run_after=2026-05-19 00:00:00+00:00
[2026-05-18T21:52:07.809+0000] {processor.py:183} INFO - Processing /opt/airflow/dags/stackoverflow_migration_dag.py took 1.012 seconds
[2026-05-18T21:52:38.151+0000] {processor.py:161} INFO - Started process (PID=626) to work on /opt/airflow/dags/stackoverflow_migration_dag.py
[2026-05-18T21:52:38.153+0000] {processor.py:830} INFO - Processing file /opt/airflow/dags/stackoverflow_migration_dag.py for tasks to queue
[2026-05-18T21:52:38.156+0000] {logging_mixin.py:188} INFO - [2026-05-18T21:52:38.155+0000] {dagbag.py:545} INFO - Filling up the DagBag from /opt/airflow/dags/stackoverflow_migration_dag.py
[2026-05-18T21:52:39.247+0000] {processor.py:840} INFO - DAG(s) 'stackoverflow_medallion_pipeline_v2' retrieved from /opt/airflow/dags/stackoverflow_migration_dag.py
[2026-05-18T21:52:39.305+0000] {logging_mixin.py:188} INFO - [2026-05-18T21:52:39.305+0000] {dag.py:3096} INFO - Sync 1 DAGs
[2026-05-18T21:52:39.347+0000] {logging_mixin.py:188} INFO - [2026-05-18T21:52:39.346+0000] {dag.py:3954} INFO - Setting next_dagrun for stackoverflow_medallion_pipeline_v2 to 2026-05-18 00:00:00+00:00, run_after=2026-05-19 00:00:00+00:00
[2026-05-18T21:52:39.382+0000] {processor.py:183} INFO - Processing /opt/airflow/dags/stackoverflow_migration_dag.py took 1.242 seconds
[2026-05-18T21:52:54.541+0000] {processor.py:161} INFO - Started process (PID=631) to work on /opt/airflow/dags/stackoverflow_migration_dag.py
[2026-05-18T21:52:54.543+0000] {processor.py:830} INFO - Processing file /opt/airflow/dags/stackoverflow_migration_dag.py for tasks to queue
[2026-05-18T21:52:54.547+0000] {logging_mixin.py:188} INFO - [2026-05-18T21:52:54.546+0000] {dagbag.py:545} INFO - Filling up the DagBag from /opt/airflow/dags/stackoverflow_migration_dag.py
[2026-05-18T21:52:55.635+0000] {processor.py:840} INFO - DAG(s) 'stackoverflow_medallion_pipeline_v2' retrieved from /opt/airflow/dags/stackoverflow_migration_dag.py
[2026-05-18T21:52:55.700+0000] {logging_mixin.py:188} INFO - [2026-05-18T21:52:55.700+0000] {dag.py:3096} INFO - Sync 1 DAGs
[2026-05-18T21:52:55.767+0000] {logging_mixin.py:188} INFO - [2026-05-18T21:52:55.766+0000] {dag.py:3954} INFO - Setting next_dagrun for stackoverflow_medallion_pipeline_v2 to 2026-05-18 00:00:00+00:00, run_after=2026-05-19 00:00:00+00:00
[2026-05-18T21:52:55.837+0000] {processor.py:183} INFO - Processing /opt/airflow/dags/stackoverflow_migration_dag.py took 1.305 seconds
[2026-05-18T21:53:26.133+0000] {processor.py:161} INFO - Started process (PID=639) to work on /opt/airflow/dags/stackoverflow_migration_dag.py
[2026-05-18T21:53:26.136+0000] {processor.py:830} INFO - Processing file /opt/airflow/dags/stackoverflow_migration_dag.py for tasks to queue
[2026-05-18T21:53:26.139+0000] {logging_mixin.py:188} INFO - [2026-05-18T21:53:26.138+0000] {dagbag.py:545} INFO - Filling up the DagBag from /opt/airflow/dags/stackoverflow_migration_dag.py
[2026-05-18T21:53:27.017+0000] {processor.py:840} INFO - DAG(s) 'stackoverflow_medallion_pipeline_v2' retrieved from /opt/airflow/dags/stackoverflow_migration_dag.py
[2026-05-18T21:53:27.076+0000] {logging_mixin.py:188} INFO - [2026-05-18T21:53:27.076+0000] {dag.py:3096} INFO - Sync 1 DAGs
[2026-05-18T21:53:27.116+0000] {logging_mixin.py:188} INFO - [2026-05-18T21:53:27.116+0000] {dag.py:3954} INFO - Setting next_dagrun for stackoverflow_medallion_pipeline_v2 to 2026-05-18 00:00:00+00:00, run_after=2026-05-19 00:00:00+00:00
[2026-05-18T21:53:27.150+0000] {processor.py:183} INFO - Processing /opt/airflow/dags/stackoverflow_migration_dag.py took 1.027 seconds
[2026-05-18T21:53:51.309+0000] {processor.py:161} INFO - Started process (PID=647) to work on /opt/airflow/dags/stackoverflow_migration_dag.py
[2026-05-18T21:53:51.311+0000] {processor.py:830} INFO - Processing file /opt/airflow/dags/stackoverflow_migration_dag.py for tasks to queue
[2026-05-18T21:53:51.314+0000] {logging_mixin.py:188} INFO - [2026-05-18T21:53:51.314+0000] {dagbag.py:545} INFO - Filling up the DagBag from /opt/airflow/dags/stackoverflow_migration_dag.py
[2026-05-18T21:53:52.229+0000] {processor.py:840} INFO - DAG(s) 'stackoverflow_medallion_pipeline_v2' retrieved from /opt/airflow/dags/stackoverflow_migration_dag.py
[2026-05-18T21:53:52.311+0000] {logging_mixin.py:188} INFO - [2026-05-18T21:53:52.310+0000] {dag.py:3096} INFO - Sync 1 DAGs
[2026-05-18T21:53:52.392+0000] {logging_mixin.py:188} INFO - [2026-05-18T21:53:52.392+0000] {dag.py:3954} INFO - Setting next_dagrun for stackoverflow_medallion_pipeline_v2 to 2026-05-18 00:00:00+00:00, run_after=2026-05-19 00:00:00+00:00
[2026-05-18T21:53:52.458+0000] {processor.py:183} INFO - Processing /opt/airflow/dags/stackoverflow_migration_dag.py took 1.158 seconds
[2026-05-18T21:54:22.664+0000] {processor.py:161} INFO - Started process (PID=655) to work on /opt/airflow/dags/stackoverflow_migration_dag.py
[2026-05-18T21:54:22.665+0000] {processor.py:830} INFO - Processing file /opt/airflow/dags/stackoverflow_migration_dag.py for tasks to queue
[2026-05-18T21:54:22.669+0000] {logging_mixin.py:188} INFO - [2026-05-18T21:54:22.668+0000] {dagbag.py:545} INFO - Filling up the DagBag from /opt/airflow/dags/stackoverflow_migration_dag.py
[2026-05-18T21:54:23.517+0000] {processor.py:840} INFO - DAG(s) 'stackoverflow_medallion_pipeline_v2' retrieved from /opt/airflow/dags/stackoverflow_migration_dag.py
[2026-05-18T21:54:23.570+0000] {logging_mixin.py:188} INFO - [2026-05-18T21:54:23.570+0000] {dag.py:3096} INFO - Sync 1 DAGs
[2026-05-18T21:54:23.611+0000] {logging_mixin.py:188} INFO - [2026-05-18T21:54:23.610+0000] {dag.py:3954} INFO - Setting next_dagrun for stackoverflow_medallion_pipeline_v2 to 2026-05-18 00:00:00+00:00, run_after=2026-05-19 00:00:00+00:00
[2026-05-18T21:54:23.646+0000] {processor.py:183} INFO - Processing /opt/airflow/dags/stackoverflow_migration_dag.py took 0.990 seconds
[2026-05-18T21:54:54.039+0000] {processor.py:161} INFO - Started process (PID=663) to work on /opt/airflow/dags/stackoverflow_migration_dag.py
[2026-05-18T21:54:54.048+0000] {processor.py:830} INFO - Processing file /opt/airflow/dags/stackoverflow_migration_dag.py for tasks to queue
[2026-05-18T21:54:54.056+0000] {logging_mixin.py:188} INFO - [2026-05-18T21:54:54.055+0000] {dagbag.py:545} INFO - Filling up the DagBag from /opt/airflow/dags/stackoverflow_migration_dag.py
[2026-05-18T21:54:54.955+0000] {processor.py:840} INFO - DAG(s) 'stackoverflow_medallion_pipeline_v2' retrieved from /opt/airflow/dags/stackoverflow_migration_dag.py
[2026-05-18T21:54:55.023+0000] {logging_mixin.py:188} INFO - [2026-05-18T21:54:55.023+0000] {dag.py:3096} INFO - Sync 1 DAGs
[2026-05-18T21:54:55.091+0000] {logging_mixin.py:188} INFO - [2026-05-18T21:54:55.091+0000] {dag.py:3954} INFO - Setting next_dagrun for stackoverflow_medallion_pipeline_v2 to 2026-05-18 00:00:00+00:00, run_after=2026-05-19 00:00:00+00:00
[2026-05-18T21:54:55.132+0000] {processor.py:183} INFO - Processing /opt/airflow/dags/stackoverflow_migration_dag.py took 1.113 seconds
[2026-05-18T21:55:25.302+0000] {processor.py:161} INFO - Started process (PID=671) to work on /opt/airflow/dags/stackoverflow_migration_dag.py
[2026-05-18T21:55:25.304+0000] {processor.py:830} INFO - Processing file /opt/airflow/dags/stackoverflow_migration_dag.py for tasks to queue
[2026-05-18T21:55:25.307+0000] {logging_mixin.py:188} INFO - [2026-05-18T21:55:25.306+0000] {dagbag.py:545} INFO - Filling up the DagBag from /opt/airflow/dags/stackoverflow_migration_dag.py
[2026-05-18T21:55:26.321+0000] {processor.py:840} INFO - DAG(s) 'stackoverflow_medallion_pipeline_v2' retrieved from /opt/airflow/dags/stackoverflow_migration_dag.py
[2026-05-18T21:55:26.379+0000] {logging_mixin.py:188} INFO - [2026-05-18T21:55:26.378+0000] {dag.py:3096} INFO - Sync 1 DAGs
[2026-05-18T21:55:26.431+0000] {logging_mixin.py:188} INFO - [2026-05-18T21:55:26.431+0000] {dag.py:3954} INFO - Setting next_dagrun for stackoverflow_medallion_pipeline_v2 to 2026-05-18 00:00:00+00:00, run_after=2026-05-19 00:00:00+00:00
[2026-05-18T21:55:26.481+0000] {processor.py:183} INFO - Processing /opt/airflow/dags/stackoverflow_migration_dag.py took 1.189 seconds
[2026-05-18T21:55:56.764+0000] {processor.py:161} INFO - Started process (PID=676) to work on /opt/airflow/dags/stackoverflow_migration_dag.py
[2026-05-18T21:55:56.766+0000] {processor.py:830} INFO - Processing file /opt/airflow/dags/stackoverflow_migration_dag.py for tasks to queue
[2026-05-18T21:55:56.769+0000] {logging_mixin.py:188} INFO - [2026-05-18T21:55:56.768+0000] {dagbag.py:545} INFO - Filling up the DagBag from /opt/airflow/dags/stackoverflow_migration_dag.py
[2026-05-18T21:55:57.574+0000] {processor.py:840} INFO - DAG(s) 'stackoverflow_medallion_pipeline_v2' retrieved from /opt/airflow/dags/stackoverflow_migration_dag.py
[2026-05-18T21:55:57.631+0000] {logging_mixin.py:188} INFO - [2026-05-18T21:55:57.631+0000] {dag.py:3096} INFO - Sync 1 DAGs
[2026-05-18T21:55:57.671+0000] {logging_mixin.py:188} INFO - [2026-05-18T21:55:57.671+0000] {dag.py:3954} INFO - Setting next_dagrun for stackoverflow_medallion_pipeline_v2 to 2026-05-18 00:00:00+00:00, run_after=2026-05-19 00:00:00+00:00
[2026-05-18T21:55:57.709+0000] {processor.py:183} INFO - Processing /opt/airflow/dags/stackoverflow_migration_dag.py took 0.954 seconds
[2026-05-18T21:56:28.071+0000] {processor.py:161} INFO - Started process (PID=681) to work on /opt/airflow/dags/stackoverflow_migration_dag.py
[2026-05-18T21:56:28.072+0000] {processor.py:830} INFO - Processing file /opt/airflow/dags/stackoverflow_migration_dag.py for tasks to queue
[2026-05-18T21:56:28.074+0000] {logging_mixin.py:188} INFO - [2026-05-18T21:56:28.074+0000] {dagbag.py:545} INFO - Filling up the DagBag from /opt/airflow/dags/stackoverflow_migration_dag.py
[2026-05-18T21:56:28.955+0000] {processor.py:840} INFO - DAG(s) 'stackoverflow_medallion_pipeline_v2' retrieved from /opt/airflow/dags/stackoverflow_migration_dag.py
[2026-05-18T21:56:29.017+0000] {logging_mixin.py:188} INFO - [2026-05-18T21:56:29.017+0000] {dag.py:3096} INFO - Sync 1 DAGs
[2026-05-18T21:56:29.077+0000] {logging_mixin.py:188} INFO - [2026-05-18T21:56:29.077+0000] {dag.py:3954} INFO - Setting next_dagrun for stackoverflow_medallion_pipeline_v2 to 2026-05-18 00:00:00+00:00, run_after=2026-05-19 00:00:00+00:00
[2026-05-18T21:56:29.122+0000] {processor.py:183} INFO - Processing /opt/airflow/dags/stackoverflow_migration_dag.py took 1.058 seconds
[2026-05-18T21:56:59.397+0000] {processor.py:161} INFO - Started process (PID=686) to work on /opt/airflow/dags/stackoverflow_migration_dag.py
[2026-05-18T21:56:59.398+0000] {processor.py:830} INFO - Processing file /opt/airflow/dags/stackoverflow_migration_dag.py for tasks to queue
[2026-05-18T21:56:59.401+0000] {logging_mixin.py:188} INFO - [2026-05-18T21:56:59.400+0000] {dagbag.py:545} INFO - Filling up the DagBag from /opt/airflow/dags/stackoverflow_migration_dag.py
[2026-05-18T21:57:00.183+0000] {processor.py:840} INFO - DAG(s) 'stackoverflow_medallion_pipeline_v2' retrieved from /opt/airflow/dags/stackoverflow_migration_dag.py
[2026-05-18T21:57:00.235+0000] {logging_mixin.py:188} INFO - [2026-05-18T21:57:00.235+0000] {dag.py:3096} INFO - Sync 1 DAGs
[2026-05-18T21:57:00.276+0000] {logging_mixin.py:188} INFO - [2026-05-18T21:57:00.276+0000] {dag.py:3954} INFO - Setting next_dagrun for stackoverflow_medallion_pipeline_v2 to 2026-05-18 00:00:00+00:00, run_after=2026-05-19 00:00:00+00:00
[2026-05-18T21:57:00.314+0000] {processor.py:183} INFO - Processing /opt/airflow/dags/stackoverflow_migration_dag.py took 0.924 seconds
[2026-05-18T21:57:30.694+0000] {processor.py:161} INFO - Started process (PID=691) to work on /opt/airflow/dags/stackoverflow_migration_dag.py
[2026-05-18T21:57:30.696+0000] {processor.py:830} INFO - Processing file /opt/airflow/dags/stackoverflow_migration_dag.py for tasks to queue
[2026-05-18T21:57:30.699+0000] {logging_mixin.py:188} INFO - [2026-05-18T21:57:30.698+0000] {dagbag.py:545} INFO - Filling up the DagBag from /opt/airflow/dags/stackoverflow_migration_dag.py
[2026-05-18T21:57:31.531+0000] {processor.py:840} INFO - DAG(s) 'stackoverflow_medallion_pipeline_v2' retrieved from /opt/airflow/dags/stackoverflow_migration_dag.py
[2026-05-18T21:57:31.580+0000] {logging_mixin.py:188} INFO - [2026-05-18T21:57:31.580+0000] {dag.py:3096} INFO - Sync 1 DAGs
[2026-05-18T21:57:31.620+0000] {logging_mixin.py:188} INFO - [2026-05-18T21:57:31.620+0000] {dag.py:3954} INFO - Setting next_dagrun for stackoverflow_medallion_pipeline_v2 to 2026-05-18 00:00:00+00:00, run_after=2026-05-19 00:00:00+00:00
[2026-05-18T21:57:31.655+0000] {processor.py:183} INFO - Processing /opt/airflow/dags/stackoverflow_migration_dag.py took 0.970 seconds
[2026-05-18T21:58:02.050+0000] {processor.py:161} INFO - Started process (PID=696) to work on /opt/airflow/dags/stackoverflow_migration_dag.py
[2026-05-18T21:58:02.052+0000] {processor.py:830} INFO - Processing file /opt/airflow/dags/stackoverflow_migration_dag.py for tasks to queue
[2026-05-18T21:58:02.055+0000] {logging_mixin.py:188} INFO - [2026-05-18T21:58:02.054+0000] {dagbag.py:545} INFO - Filling up the DagBag from /opt/airflow/dags/stackoverflow_migration_dag.py
[2026-05-18T21:58:02.908+0000] {processor.py:840} INFO - DAG(s) 'stackoverflow_medallion_pipeline_v2' retrieved from /opt/airflow/dags/stackoverflow_migration_dag.py
[2026-05-18T21:58:02.957+0000] {logging_mixin.py:188} INFO - [2026-05-18T21:58:02.957+0000] {dag.py:3096} INFO - Sync 1 DAGs
[2026-05-18T21:58:02.995+0000] {logging_mixin.py:188} INFO - [2026-05-18T21:58:02.995+0000] {dag.py:3954} INFO - Setting next_dagrun for stackoverflow_medallion_pipeline_v2 to 2026-05-18 00:00:00+00:00, run_after=2026-05-19 00:00:00+00:00
[2026-05-18T21:58:03.028+0000] {processor.py:183} INFO - Processing /opt/airflow/dags/stackoverflow_migration_dag.py took 0.986 seconds
[2026-05-18T21:58:33.377+0000] {processor.py:161} INFO - Started process (PID=701) to work on /opt/airflow/dags/stackoverflow_migration_dag.py
[2026-05-18T21:58:33.378+0000] {processor.py:830} INFO - Processing file /opt/airflow/dags/stackoverflow_migration_dag.py for tasks to queue
[2026-05-18T21:58:33.382+0000] {logging_mixin.py:188} INFO - [2026-05-18T21:58:33.381+0000] {dagbag.py:545} INFO - Filling up the DagBag from /opt/airflow/dags/stackoverflow_migration_dag.py
[2026-05-18T21:58:34.258+0000] {processor.py:840} INFO - DAG(s) 'stackoverflow_medallion_pipeline_v2' retrieved from /opt/airflow/dags/stackoverflow_migration_dag.py
[2026-05-18T21:58:34.317+0000] {logging_mixin.py:188} INFO - [2026-05-18T21:58:34.316+0000] {dag.py:3096} INFO - Sync 1 DAGs
[2026-05-18T21:58:34.360+0000] {logging_mixin.py:188} INFO - [2026-05-18T21:58:34.359+0000] {dag.py:3954} INFO - Setting next_dagrun for stackoverflow_medallion_pipeline_v2 to 2026-05-18 00:00:00+00:00, run_after=2026-05-19 00:00:00+00:00
[2026-05-18T21:58:34.400+0000] {processor.py:183} INFO - Processing /opt/airflow/dags/stackoverflow_migration_dag.py took 1.029 seconds
