[2026-05-19T13:10:54.093+0000] {local_task_job_runner.py:120} INFO - ::group::Pre task execution logs
[2026-05-19T13:10:54.152+0000] {taskinstance.py:2076} INFO - Dependencies all met for dep_context=non-requeueable deps ti=<TaskInstance: stackoverflow_medallion_pipeline_v2.run_dbt_staging manual__2026-05-19T13:07:49.442203+00:00 [queued]>
[2026-05-19T13:10:54.167+0000] {taskinstance.py:2076} INFO - Dependencies all met for dep_context=requeueable deps ti=<TaskInstance: stackoverflow_medallion_pipeline_v2.run_dbt_staging manual__2026-05-19T13:07:49.442203+00:00 [queued]>
[2026-05-19T13:10:54.168+0000] {taskinstance.py:2306} INFO - Starting attempt 1 of 5
[2026-05-19T13:10:54.186+0000] {taskinstance.py:2330} INFO - Executing <Task(BashOperator): run_dbt_staging> on 2026-05-19 13:07:49.442203+00:00
[2026-05-19T13:10:54.202+0000] {logging_mixin.py:188} WARNING - /home/***/.local/lib/python3.12/site-packages/***/task/task_runner/standard_task_runner.py:61 DeprecationWarning: This process (pid=524) is multi-threaded, use of fork() may lead to deadlocks in the child.
[2026-05-19T13:10:54.199+0000] {standard_task_runner.py:90} INFO - Running: ['***', 'tasks', 'run', 'stackoverflow_medallion_pipeline_v2', 'run_dbt_staging', 'manual__2026-05-19T13:07:49.442203+00:00', '--job-id', '196', '--raw', '--subdir', 'DAGS_FOLDER/stackoverflow_migration_dag.py', '--cfg-path', '/tmp/tmp_5kfwlye']
[2026-05-19T13:10:54.204+0000] {standard_task_runner.py:63} INFO - Started process 525 to run task
[2026-05-19T13:10:54.204+0000] {standard_task_runner.py:91} INFO - Job 196: Subtask run_dbt_staging
[2026-05-19T13:10:54.399+0000] {task_command.py:426} INFO - Running <TaskInstance: stackoverflow_medallion_pipeline_v2.run_dbt_staging manual__2026-05-19T13:07:49.442203+00:00 [running]> on host 7e778e631a73
[2026-05-19T13:10:54.721+0000] {taskinstance.py:2648} INFO - Exporting env vars: AIRFLOW_CTX_DAG_OWNER='Aniket Shinde' AIRFLOW_CTX_DAG_ID='stackoverflow_medallion_pipeline_v2' AIRFLOW_CTX_TASK_ID='run_dbt_staging' AIRFLOW_CTX_EXECUTION_DATE='2026-05-19T13:07:49.442203+00:00' AIRFLOW_CTX_TRY_NUMBER='1' AIRFLOW_CTX_DAG_RUN_ID='manual__2026-05-19T13:07:49.442203+00:00'
[2026-05-19T13:10:54.723+0000] {taskinstance.py:430} INFO - ::endgroup::
[2026-05-19T13:10:54.740+0000] {subprocess.py:63} INFO - Tmp dir root location: /tmp
[2026-05-19T13:10:54.743+0000] {subprocess.py:75} INFO - Running command: ['/usr/bin/bash', '-c', 'cd /opt/***/stackoverflow_analytics && dbt run --select staging']
[2026-05-19T13:10:54.756+0000] {subprocess.py:86} INFO - Output:
[2026-05-19T13:11:00.139+0000] {subprocess.py:93} INFO - [0m13:11:00  Running with dbt=1.8.3
[2026-05-19T13:11:00.603+0000] {subprocess.py:93} INFO - [0m13:11:00  Registered adapter: clickhouse=1.8.3
[2026-05-19T13:11:02.066+0000] {subprocess.py:93} INFO - [0m13:11:02  Found 2 models, 2 data tests, 1 source, 463 macros
[2026-05-19T13:11:02.070+0000] {subprocess.py:93} INFO - [0m13:11:02
[2026-05-19T13:11:05.438+0000] {subprocess.py:93} INFO - [0m13:11:05  Concurrency: 1 threads (target='dev')
[2026-05-19T13:11:05.440+0000] {subprocess.py:93} INFO - [0m13:11:05
[2026-05-19T13:11:05.464+0000] {subprocess.py:93} INFO - [0m13:11:05  1 of 1 START sql incremental model `big_query`.`stg_posts` ..................... [RUN]
[2026-05-19T13:11:11.711+0000] {subprocess.py:93} INFO - [0m13:11:11  1 of 1 OK created sql incremental model `big_query`.`stg_posts` ................ [[32mOK[0m in 6.24s]
[2026-05-19T13:11:11.733+0000] {subprocess.py:93} INFO - [0m13:11:11
[2026-05-19T13:11:11.736+0000] {subprocess.py:93} INFO - [0m13:11:11  Finished running 1 incremental model in 0 hours 0 minutes and 9.66 seconds (9.66s).
[2026-05-19T13:11:11.865+0000] {subprocess.py:93} INFO - [0m13:11:11
[2026-05-19T13:11:11.867+0000] {subprocess.py:93} INFO - [0m13:11:11  [32mCompleted successfully[0m
[2026-05-19T13:11:11.870+0000] {subprocess.py:93} INFO - [0m13:11:11
[2026-05-19T13:11:11.874+0000] {subprocess.py:93} INFO - [0m13:11:11  Done. PASS=1 WARN=0 ERROR=0 SKIP=0 TOTAL=1
[2026-05-19T13:11:14.078+0000] {subprocess.py:97} INFO - Command exited with return code 0
[2026-05-19T13:11:14.083+0000] {taskinstance.py:441} INFO - ::group::Post task execution logs
[2026-05-19T13:11:14.305+0000] {taskinstance.py:1206} INFO - Marking task as SUCCESS. dag_id=stackoverflow_medallion_pipeline_v2, task_id=run_dbt_staging, run_id=manual__2026-05-19T13:07:49.442203+00:00, execution_date=20260519T130749, start_date=20260519T131054, end_date=20260519T131114
[2026-05-19T13:11:14.392+0000] {local_task_job_runner.py:240} INFO - Task exited with return code 0
[2026-05-19T13:11:14.499+0000] {taskinstance.py:3498} INFO - 1 downstream tasks scheduled from follow-on schedule check
[2026-05-19T13:11:14.505+0000] {local_task_job_runner.py:222} INFO - ::endgroup::
