[2026-05-06T14:08:01.047+0000] {local_task_job_runner.py:120} INFO - ::group::Pre task execution logs
[2026-05-06T14:08:01.132+0000] {taskinstance.py:2076} INFO - Dependencies all met for dep_context=non-requeueable deps ti=<TaskInstance: stackoverflow_automated_mcp_pipeline.trigger_glue_migration manual__2026-05-06T14:05:47.574446+00:00 [queued]>
[2026-05-06T14:08:01.147+0000] {taskinstance.py:2076} INFO - Dependencies all met for dep_context=requeueable deps ti=<TaskInstance: stackoverflow_automated_mcp_pipeline.trigger_glue_migration manual__2026-05-06T14:05:47.574446+00:00 [queued]>
[2026-05-06T14:08:01.149+0000] {taskinstance.py:2306} INFO - Starting attempt 2 of 3
[2026-05-06T14:08:01.171+0000] {taskinstance.py:2330} INFO - Executing <Task(GlueJobOperator): trigger_glue_migration> on 2026-05-06 14:05:47.574446+00:00
[2026-05-06T14:08:01.184+0000] {standard_task_runner.py:90} INFO - Running: ['***', 'tasks', 'run', 'stackoverflow_automated_mcp_pipeline', 'trigger_glue_migration', 'manual__2026-05-06T14:05:47.574446+00:00', '--job-id', '40', '--raw', '--subdir', 'DAGS_FOLDER/stackoverflow_migration_dag.py', '--cfg-path', '/tmp/tmpwiqkn4hv']
[2026-05-06T14:08:01.189+0000] {standard_task_runner.py:91} INFO - Job 40: Subtask trigger_glue_migration
[2026-05-06T14:08:01.192+0000] {logging_mixin.py:188} WARNING - /home/***/.local/lib/python3.12/site-packages/***/task/task_runner/standard_task_runner.py:61 DeprecationWarning: This process (pid=334) is multi-threaded, use of fork() may lead to deadlocks in the child.
[2026-05-06T14:08:01.195+0000] {standard_task_runner.py:63} INFO - Started process 335 to run task
[2026-05-06T14:08:01.428+0000] {task_command.py:426} INFO - Running <TaskInstance: stackoverflow_automated_mcp_pipeline.trigger_glue_migration manual__2026-05-06T14:05:47.574446+00:00 [running]> on host c947d5ddabeb
[2026-05-06T14:08:01.851+0000] {taskinstance.py:2648} INFO - Exporting env vars: AIRFLOW_CTX_DAG_OWNER='Aniket Shinde' AIRFLOW_CTX_DAG_ID='stackoverflow_automated_mcp_pipeline' AIRFLOW_CTX_TASK_ID='trigger_glue_migration' AIRFLOW_CTX_EXECUTION_DATE='2026-05-06T14:05:47.574446+00:00' AIRFLOW_CTX_TRY_NUMBER='2' AIRFLOW_CTX_DAG_RUN_ID='manual__2026-05-06T14:05:47.574446+00:00'
[2026-05-06T14:08:01.852+0000] {taskinstance.py:430} INFO - ::endgroup::
[2026-05-06T14:08:01.868+0000] {glue.py:173} INFO - Initializing AWS Glue Job: BigQ_to_S3_2. Wait for completion: True
[2026-05-06T14:08:01.869+0000] {glue.py:364} INFO - Checking if job already exists: BigQ_to_S3_2
[2026-05-06T14:08:01.925+0000] {base.py:84} INFO - Using connection ID 'aws_default' for task execution.
[2026-05-06T14:08:01.926+0000] {connection_wrapper.py:384} INFO - AWS Connection (conn_id='aws_default', conn_type='aws') credentials retrieved from login and password.
[2026-05-06T14:08:03.788+0000] {glue.py:190} ERROR - Failed to run aws glue job, error: An error occurred (ConcurrentRunsExceededException) when calling the StartJobRun operation: Concurrent runs exceeded.
[2026-05-06T14:08:03.789+0000] {taskinstance.py:441} INFO - ::group::Post task execution logs
[2026-05-06T14:08:03.790+0000] {taskinstance.py:2905} ERROR - Task failed with exception
Traceback (most recent call last):
  File "/home/airflow/.local/lib/python3.12/site-packages/airflow/models/taskinstance.py", line 465, in _execute_task
    result = _execute_callable(context=context, **execute_callable_kwargs)
             ^^^^^^^^^^^^^^^^^^^^^^^^^^^^^^^^^^^^^^^^^^^^^^^^^^^^^^^^^^^^^
  File "/home/airflow/.local/lib/python3.12/site-packages/airflow/models/taskinstance.py", line 432, in _execute_callable
    return execute_callable(context=context, **execute_callable_kwargs)
           ^^^^^^^^^^^^^^^^^^^^^^^^^^^^^^^^^^^^^^^^^^^^^^^^^^^^^^^^^^^^
  File "/home/airflow/.local/lib/python3.12/site-packages/airflow/models/baseoperator.py", line 400, in wrapper
    return func(self, *args, **kwargs)
           ^^^^^^^^^^^^^^^^^^^^^^^^^^^
  File "/home/airflow/.local/lib/python3.12/site-packages/airflow/providers/amazon/aws/operators/glue.py", line 178, in execute
    glue_job_run = self.glue_job_hook.initialize_job(self.script_args, self.run_job_kwargs)
                   ^^^^^^^^^^^^^^^^^^^^^^^^^^^^^^^^^^^^^^^^^^^^^^^^^^^^^^^^^^^^^^^^^^^^^^^^
  File "/home/airflow/.local/lib/python3.12/site-packages/airflow/providers/amazon/aws/hooks/glue.py", line 188, in initialize_job
    return self.conn.start_job_run(JobName=job_name, Arguments=script_arguments, **run_kwargs)
           ^^^^^^^^^^^^^^^^^^^^^^^^^^^^^^^^^^^^^^^^^^^^^^^^^^^^^^^^^^^^^^^^^^^^^^^^^^^^^^^^^^^
  File "/home/airflow/.local/lib/python3.12/site-packages/botocore/client.py", line 553, in _api_call
    return self._make_api_call(operation_name, kwargs)
           ^^^^^^^^^^^^^^^^^^^^^^^^^^^^^^^^^^^^^^^^^^^
  File "/home/airflow/.local/lib/python3.12/site-packages/botocore/client.py", line 1009, in _make_api_call
    raise error_class(parsed_response, operation_name)
botocore.errorfactory.ConcurrentRunsExceededException: An error occurred (ConcurrentRunsExceededException) when calling the StartJobRun operation: Concurrent runs exceeded.
[2026-05-06T14:08:03.850+0000] {taskinstance.py:1206} INFO - Marking task as UP_FOR_RETRY. dag_id=stackoverflow_automated_mcp_pipeline, task_id=trigger_glue_migration, run_id=manual__2026-05-06T14:05:47.574446+00:00, execution_date=20260506T140547, start_date=20260506T140801, end_date=20260506T140803
[2026-05-06T14:08:03.880+0000] {standard_task_runner.py:110} ERROR - Failed to execute job 40 for task trigger_glue_migration (An error occurred (ConcurrentRunsExceededException) when calling the StartJobRun operation: Concurrent runs exceeded.; 335)
[2026-05-06T14:08:03.908+0000] {local_task_job_runner.py:240} INFO - Task exited with return code 1
[2026-05-06T14:08:03.986+0000] {taskinstance.py:3498} INFO - 0 downstream tasks scheduled from follow-on schedule check
[2026-05-06T14:08:03.991+0000] {local_task_job_runner.py:222} INFO - ::endgroup::
