[2026-05-04T22:21:36.924+0000] {processor.py:161} INFO - Started process (PID=165) to work on /opt/airflow/dags/stackoverflow_migration_dag.py
[2026-05-04T22:21:36.925+0000] {processor.py:830} INFO - Processing file /opt/airflow/dags/stackoverflow_migration_dag.py for tasks to queue
[2026-05-04T22:21:36.929+0000] {logging_mixin.py:188} INFO - [2026-05-04T22:21:36.929+0000] {dagbag.py:545} INFO - Filling up the DagBag from /opt/airflow/dags/stackoverflow_migration_dag.py
[2026-05-04T22:21:37.032+0000] {processor.py:840} INFO - DAG(s) 'stackoverflow_medallion_pipeline' retrieved from /opt/airflow/dags/stackoverflow_migration_dag.py
[2026-05-04T22:21:37.813+0000] {logging_mixin.py:188} INFO - [2026-05-04T22:21:37.812+0000] {override.py:1829} INFO - Created Permission View: can edit on DAG:stackoverflow_medallion_pipeline
[2026-05-04T22:21:37.860+0000] {logging_mixin.py:188} INFO - [2026-05-04T22:21:37.860+0000] {override.py:1829} INFO - Created Permission View: can delete on DAG:stackoverflow_medallion_pipeline
[2026-05-04T22:21:37.875+0000] {logging_mixin.py:188} INFO - [2026-05-04T22:21:37.874+0000] {override.py:1829} INFO - Created Permission View: can read on DAG:stackoverflow_medallion_pipeline
[2026-05-04T22:21:37.876+0000] {logging_mixin.py:188} INFO - [2026-05-04T22:21:37.876+0000] {dag.py:3096} INFO - Sync 1 DAGs
[2026-05-04T22:21:37.917+0000] {logging_mixin.py:188} INFO - [2026-05-04T22:21:37.917+0000] {dag.py:3118} INFO - Creating ORM DAG for stackoverflow_medallion_pipeline
[2026-05-04T22:21:37.955+0000] {logging_mixin.py:188} INFO - [2026-05-04T22:21:37.955+0000] {dag.py:3954} INFO - Setting next_dagrun for stackoverflow_medallion_pipeline to 2026-05-03 00:00:00+00:00, run_after=2026-05-04 00:00:00+00:00
[2026-05-04T22:21:38.010+0000] {processor.py:183} INFO - Processing /opt/airflow/dags/stackoverflow_migration_dag.py took 1.098 seconds
[2026-05-04T22:22:08.215+0000] {processor.py:161} INFO - Started process (PID=170) to work on /opt/airflow/dags/stackoverflow_migration_dag.py
[2026-05-04T22:22:08.217+0000] {processor.py:830} INFO - Processing file /opt/airflow/dags/stackoverflow_migration_dag.py for tasks to queue
[2026-05-04T22:22:08.220+0000] {logging_mixin.py:188} INFO - [2026-05-04T22:22:08.219+0000] {dagbag.py:545} INFO - Filling up the DagBag from /opt/airflow/dags/stackoverflow_migration_dag.py
[2026-05-04T22:22:08.258+0000] {processor.py:840} INFO - DAG(s) 'stackoverflow_medallion_pipeline' retrieved from /opt/airflow/dags/stackoverflow_migration_dag.py
[2026-05-04T22:22:08.350+0000] {logging_mixin.py:188} INFO - [2026-05-04T22:22:08.349+0000] {dag.py:3096} INFO - Sync 1 DAGs
[2026-05-04T22:22:08.402+0000] {logging_mixin.py:188} INFO - [2026-05-04T22:22:08.402+0000] {dag.py:3954} INFO - Setting next_dagrun for stackoverflow_medallion_pipeline to 2026-05-03 00:00:00+00:00, run_after=2026-05-04 00:00:00+00:00
[2026-05-04T22:22:08.442+0000] {processor.py:183} INFO - Processing /opt/airflow/dags/stackoverflow_migration_dag.py took 0.236 seconds
[2026-05-04T22:22:38.700+0000] {processor.py:161} INFO - Started process (PID=175) to work on /opt/airflow/dags/stackoverflow_migration_dag.py
[2026-05-04T22:22:38.702+0000] {processor.py:830} INFO - Processing file /opt/airflow/dags/stackoverflow_migration_dag.py for tasks to queue
[2026-05-04T22:22:38.705+0000] {logging_mixin.py:188} INFO - [2026-05-04T22:22:38.704+0000] {dagbag.py:545} INFO - Filling up the DagBag from /opt/airflow/dags/stackoverflow_migration_dag.py
[2026-05-04T22:22:38.743+0000] {processor.py:840} INFO - DAG(s) 'stackoverflow_medallion_pipeline' retrieved from /opt/airflow/dags/stackoverflow_migration_dag.py
[2026-05-04T22:22:38.820+0000] {logging_mixin.py:188} INFO - [2026-05-04T22:22:38.819+0000] {dag.py:3096} INFO - Sync 1 DAGs
[2026-05-04T22:22:38.867+0000] {logging_mixin.py:188} INFO - [2026-05-04T22:22:38.867+0000] {dag.py:3954} INFO - Setting next_dagrun for stackoverflow_medallion_pipeline to 2026-05-03 00:00:00+00:00, run_after=2026-05-04 00:00:00+00:00
[2026-05-04T22:22:38.906+0000] {processor.py:183} INFO - Processing /opt/airflow/dags/stackoverflow_migration_dag.py took 0.214 seconds
[2026-05-04T22:23:09.088+0000] {processor.py:161} INFO - Started process (PID=180) to work on /opt/airflow/dags/stackoverflow_migration_dag.py
[2026-05-04T22:23:09.090+0000] {processor.py:830} INFO - Processing file /opt/airflow/dags/stackoverflow_migration_dag.py for tasks to queue
[2026-05-04T22:23:09.093+0000] {logging_mixin.py:188} INFO - [2026-05-04T22:23:09.092+0000] {dagbag.py:545} INFO - Filling up the DagBag from /opt/airflow/dags/stackoverflow_migration_dag.py
[2026-05-04T22:23:09.136+0000] {processor.py:840} INFO - DAG(s) 'stackoverflow_medallion_pipeline' retrieved from /opt/airflow/dags/stackoverflow_migration_dag.py
[2026-05-04T22:23:09.253+0000] {logging_mixin.py:188} INFO - [2026-05-04T22:23:09.252+0000] {dag.py:3096} INFO - Sync 1 DAGs
[2026-05-04T22:23:09.311+0000] {logging_mixin.py:188} INFO - [2026-05-04T22:23:09.311+0000] {dag.py:3954} INFO - Setting next_dagrun for stackoverflow_medallion_pipeline to 2026-05-03 00:00:00+00:00, run_after=2026-05-04 00:00:00+00:00
[2026-05-04T22:23:09.362+0000] {processor.py:183} INFO - Processing /opt/airflow/dags/stackoverflow_migration_dag.py took 0.286 seconds
[2026-05-04T22:23:39.647+0000] {processor.py:161} INFO - Started process (PID=185) to work on /opt/airflow/dags/stackoverflow_migration_dag.py
[2026-05-04T22:23:39.649+0000] {processor.py:830} INFO - Processing file /opt/airflow/dags/stackoverflow_migration_dag.py for tasks to queue
[2026-05-04T22:23:39.651+0000] {logging_mixin.py:188} INFO - [2026-05-04T22:23:39.651+0000] {dagbag.py:545} INFO - Filling up the DagBag from /opt/airflow/dags/stackoverflow_migration_dag.py
[2026-05-04T22:23:39.695+0000] {processor.py:840} INFO - DAG(s) 'stackoverflow_medallion_pipeline' retrieved from /opt/airflow/dags/stackoverflow_migration_dag.py
[2026-05-04T22:23:39.767+0000] {logging_mixin.py:188} INFO - [2026-05-04T22:23:39.766+0000] {dag.py:3096} INFO - Sync 1 DAGs
[2026-05-04T22:23:39.818+0000] {logging_mixin.py:188} INFO - [2026-05-04T22:23:39.817+0000] {dag.py:3954} INFO - Setting next_dagrun for stackoverflow_medallion_pipeline to 2026-05-03 00:00:00+00:00, run_after=2026-05-04 00:00:00+00:00
[2026-05-04T22:23:39.862+0000] {processor.py:183} INFO - Processing /opt/airflow/dags/stackoverflow_migration_dag.py took 0.225 seconds
[2026-05-04T22:24:09.997+0000] {processor.py:161} INFO - Started process (PID=190) to work on /opt/airflow/dags/stackoverflow_migration_dag.py
[2026-05-04T22:24:09.999+0000] {processor.py:830} INFO - Processing file /opt/airflow/dags/stackoverflow_migration_dag.py for tasks to queue
[2026-05-04T22:24:10.004+0000] {logging_mixin.py:188} INFO - [2026-05-04T22:24:10.003+0000] {dagbag.py:545} INFO - Filling up the DagBag from /opt/airflow/dags/stackoverflow_migration_dag.py
[2026-05-04T22:24:10.045+0000] {processor.py:840} INFO - DAG(s) 'stackoverflow_medallion_pipeline' retrieved from /opt/airflow/dags/stackoverflow_migration_dag.py
[2026-05-04T22:24:10.121+0000] {logging_mixin.py:188} INFO - [2026-05-04T22:24:10.121+0000] {dag.py:3096} INFO - Sync 1 DAGs
[2026-05-04T22:24:10.189+0000] {logging_mixin.py:188} INFO - [2026-05-04T22:24:10.188+0000] {dag.py:3954} INFO - Setting next_dagrun for stackoverflow_medallion_pipeline to 2026-05-03 00:00:00+00:00, run_after=2026-05-04 00:00:00+00:00
[2026-05-04T22:24:10.242+0000] {processor.py:183} INFO - Processing /opt/airflow/dags/stackoverflow_migration_dag.py took 0.259 seconds
[2026-05-04T22:24:40.439+0000] {processor.py:161} INFO - Started process (PID=195) to work on /opt/airflow/dags/stackoverflow_migration_dag.py
[2026-05-04T22:24:40.440+0000] {processor.py:830} INFO - Processing file /opt/airflow/dags/stackoverflow_migration_dag.py for tasks to queue
[2026-05-04T22:24:40.444+0000] {logging_mixin.py:188} INFO - [2026-05-04T22:24:40.444+0000] {dagbag.py:545} INFO - Filling up the DagBag from /opt/airflow/dags/stackoverflow_migration_dag.py
[2026-05-04T22:24:40.493+0000] {processor.py:840} INFO - DAG(s) 'stackoverflow_medallion_pipeline' retrieved from /opt/airflow/dags/stackoverflow_migration_dag.py
[2026-05-04T22:24:40.745+0000] {logging_mixin.py:188} INFO - [2026-05-04T22:24:40.745+0000] {dag.py:3096} INFO - Sync 1 DAGs
[2026-05-04T22:24:40.801+0000] {logging_mixin.py:188} INFO - [2026-05-04T22:24:40.801+0000] {dag.py:3954} INFO - Setting next_dagrun for stackoverflow_medallion_pipeline to 2026-05-03 00:00:00+00:00, run_after=2026-05-04 00:00:00+00:00
[2026-05-04T22:24:40.851+0000] {processor.py:183} INFO - Processing /opt/airflow/dags/stackoverflow_migration_dag.py took 0.424 seconds
[2026-05-04T22:25:11.232+0000] {processor.py:161} INFO - Started process (PID=200) to work on /opt/airflow/dags/stackoverflow_migration_dag.py
[2026-05-04T22:25:11.234+0000] {processor.py:830} INFO - Processing file /opt/airflow/dags/stackoverflow_migration_dag.py for tasks to queue
[2026-05-04T22:25:11.239+0000] {logging_mixin.py:188} INFO - [2026-05-04T22:25:11.238+0000] {dagbag.py:545} INFO - Filling up the DagBag from /opt/airflow/dags/stackoverflow_migration_dag.py
[2026-05-04T22:25:11.291+0000] {processor.py:840} INFO - DAG(s) 'stackoverflow_medallion_pipeline' retrieved from /opt/airflow/dags/stackoverflow_migration_dag.py
[2026-05-04T22:25:11.368+0000] {logging_mixin.py:188} INFO - [2026-05-04T22:25:11.368+0000] {dag.py:3096} INFO - Sync 1 DAGs
[2026-05-04T22:25:11.426+0000] {logging_mixin.py:188} INFO - [2026-05-04T22:25:11.426+0000] {dag.py:3954} INFO - Setting next_dagrun for stackoverflow_medallion_pipeline to 2026-05-03 00:00:00+00:00, run_after=2026-05-04 00:00:00+00:00
[2026-05-04T22:25:11.466+0000] {processor.py:183} INFO - Processing /opt/airflow/dags/stackoverflow_migration_dag.py took 0.248 seconds
[2026-05-04T22:25:41.778+0000] {processor.py:161} INFO - Started process (PID=205) to work on /opt/airflow/dags/stackoverflow_migration_dag.py
[2026-05-04T22:25:41.779+0000] {processor.py:830} INFO - Processing file /opt/airflow/dags/stackoverflow_migration_dag.py for tasks to queue
[2026-05-04T22:25:41.783+0000] {logging_mixin.py:188} INFO - [2026-05-04T22:25:41.782+0000] {dagbag.py:545} INFO - Filling up the DagBag from /opt/airflow/dags/stackoverflow_migration_dag.py
[2026-05-04T22:25:41.818+0000] {processor.py:840} INFO - DAG(s) 'stackoverflow_medallion_pipeline' retrieved from /opt/airflow/dags/stackoverflow_migration_dag.py
[2026-05-04T22:25:41.887+0000] {logging_mixin.py:188} INFO - [2026-05-04T22:25:41.886+0000] {dag.py:3096} INFO - Sync 1 DAGs
[2026-05-04T22:25:41.933+0000] {logging_mixin.py:188} INFO - [2026-05-04T22:25:41.933+0000] {dag.py:3954} INFO - Setting next_dagrun for stackoverflow_medallion_pipeline to 2026-05-03 00:00:00+00:00, run_after=2026-05-04 00:00:00+00:00
[2026-05-04T22:25:41.972+0000] {processor.py:183} INFO - Processing /opt/airflow/dags/stackoverflow_migration_dag.py took 0.204 seconds
[2026-05-04T22:26:12.094+0000] {processor.py:161} INFO - Started process (PID=210) to work on /opt/airflow/dags/stackoverflow_migration_dag.py
[2026-05-04T22:26:12.096+0000] {processor.py:830} INFO - Processing file /opt/airflow/dags/stackoverflow_migration_dag.py for tasks to queue
[2026-05-04T22:26:12.099+0000] {logging_mixin.py:188} INFO - [2026-05-04T22:26:12.098+0000] {dagbag.py:545} INFO - Filling up the DagBag from /opt/airflow/dags/stackoverflow_migration_dag.py
[2026-05-04T22:26:12.148+0000] {processor.py:840} INFO - DAG(s) 'stackoverflow_medallion_pipeline' retrieved from /opt/airflow/dags/stackoverflow_migration_dag.py
[2026-05-04T22:26:12.233+0000] {logging_mixin.py:188} INFO - [2026-05-04T22:26:12.232+0000] {dag.py:3096} INFO - Sync 1 DAGs
[2026-05-04T22:26:12.279+0000] {logging_mixin.py:188} INFO - [2026-05-04T22:26:12.279+0000] {dag.py:3954} INFO - Setting next_dagrun for stackoverflow_medallion_pipeline to 2026-05-03 00:00:00+00:00, run_after=2026-05-04 00:00:00+00:00
[2026-05-04T22:26:12.316+0000] {processor.py:183} INFO - Processing /opt/airflow/dags/stackoverflow_migration_dag.py took 0.233 seconds
[2026-05-04T22:26:42.596+0000] {processor.py:161} INFO - Started process (PID=215) to work on /opt/airflow/dags/stackoverflow_migration_dag.py
[2026-05-04T22:26:42.598+0000] {processor.py:830} INFO - Processing file /opt/airflow/dags/stackoverflow_migration_dag.py for tasks to queue
[2026-05-04T22:26:42.601+0000] {logging_mixin.py:188} INFO - [2026-05-04T22:26:42.600+0000] {dagbag.py:545} INFO - Filling up the DagBag from /opt/airflow/dags/stackoverflow_migration_dag.py
[2026-05-04T22:26:42.641+0000] {processor.py:840} INFO - DAG(s) 'stackoverflow_medallion_pipeline' retrieved from /opt/airflow/dags/stackoverflow_migration_dag.py
[2026-05-04T22:26:42.704+0000] {logging_mixin.py:188} INFO - [2026-05-04T22:26:42.704+0000] {dag.py:3096} INFO - Sync 1 DAGs
[2026-05-04T22:26:42.752+0000] {logging_mixin.py:188} INFO - [2026-05-04T22:26:42.752+0000] {dag.py:3954} INFO - Setting next_dagrun for stackoverflow_medallion_pipeline to 2026-05-03 00:00:00+00:00, run_after=2026-05-04 00:00:00+00:00
[2026-05-04T22:26:42.792+0000] {processor.py:183} INFO - Processing /opt/airflow/dags/stackoverflow_migration_dag.py took 0.205 seconds
[2026-05-04T22:27:12.891+0000] {processor.py:161} INFO - Started process (PID=220) to work on /opt/airflow/dags/stackoverflow_migration_dag.py
[2026-05-04T22:27:12.893+0000] {processor.py:830} INFO - Processing file /opt/airflow/dags/stackoverflow_migration_dag.py for tasks to queue
[2026-05-04T22:27:12.898+0000] {logging_mixin.py:188} INFO - [2026-05-04T22:27:12.897+0000] {dagbag.py:545} INFO - Filling up the DagBag from /opt/airflow/dags/stackoverflow_migration_dag.py
[2026-05-04T22:27:12.946+0000] {processor.py:840} INFO - DAG(s) 'stackoverflow_medallion_pipeline' retrieved from /opt/airflow/dags/stackoverflow_migration_dag.py
[2026-05-04T22:27:13.028+0000] {logging_mixin.py:188} INFO - [2026-05-04T22:27:13.028+0000] {dag.py:3096} INFO - Sync 1 DAGs
[2026-05-04T22:27:13.080+0000] {logging_mixin.py:188} INFO - [2026-05-04T22:27:13.079+0000] {dag.py:3954} INFO - Setting next_dagrun for stackoverflow_medallion_pipeline to 2026-05-03 00:00:00+00:00, run_after=2026-05-04 00:00:00+00:00
[2026-05-04T22:27:13.120+0000] {processor.py:183} INFO - Processing /opt/airflow/dags/stackoverflow_migration_dag.py took 0.243 seconds
[2026-05-04T22:27:43.413+0000] {processor.py:161} INFO - Started process (PID=225) to work on /opt/airflow/dags/stackoverflow_migration_dag.py
[2026-05-04T22:27:43.415+0000] {processor.py:830} INFO - Processing file /opt/airflow/dags/stackoverflow_migration_dag.py for tasks to queue
[2026-05-04T22:27:43.418+0000] {logging_mixin.py:188} INFO - [2026-05-04T22:27:43.417+0000] {dagbag.py:545} INFO - Filling up the DagBag from /opt/airflow/dags/stackoverflow_migration_dag.py
[2026-05-04T22:27:43.452+0000] {processor.py:840} INFO - DAG(s) 'stackoverflow_medallion_pipeline' retrieved from /opt/airflow/dags/stackoverflow_migration_dag.py
[2026-05-04T22:27:43.512+0000] {logging_mixin.py:188} INFO - [2026-05-04T22:27:43.512+0000] {dag.py:3096} INFO - Sync 1 DAGs
[2026-05-04T22:27:43.558+0000] {logging_mixin.py:188} INFO - [2026-05-04T22:27:43.557+0000] {dag.py:3954} INFO - Setting next_dagrun for stackoverflow_medallion_pipeline to 2026-05-03 00:00:00+00:00, run_after=2026-05-04 00:00:00+00:00
[2026-05-04T22:27:43.598+0000] {processor.py:183} INFO - Processing /opt/airflow/dags/stackoverflow_migration_dag.py took 0.193 seconds
[2026-05-04T22:28:13.743+0000] {processor.py:161} INFO - Started process (PID=230) to work on /opt/airflow/dags/stackoverflow_migration_dag.py
[2026-05-04T22:28:13.746+0000] {processor.py:830} INFO - Processing file /opt/airflow/dags/stackoverflow_migration_dag.py for tasks to queue
[2026-05-04T22:28:13.749+0000] {logging_mixin.py:188} INFO - [2026-05-04T22:28:13.749+0000] {dagbag.py:545} INFO - Filling up the DagBag from /opt/airflow/dags/stackoverflow_migration_dag.py
[2026-05-04T22:28:13.796+0000] {processor.py:840} INFO - DAG(s) 'stackoverflow_medallion_pipeline' retrieved from /opt/airflow/dags/stackoverflow_migration_dag.py
[2026-05-04T22:28:13.882+0000] {logging_mixin.py:188} INFO - [2026-05-04T22:28:13.881+0000] {dag.py:3096} INFO - Sync 1 DAGs
[2026-05-04T22:28:13.948+0000] {logging_mixin.py:188} INFO - [2026-05-04T22:28:13.948+0000] {dag.py:3954} INFO - Setting next_dagrun for stackoverflow_medallion_pipeline to 2026-05-03 00:00:00+00:00, run_after=2026-05-04 00:00:00+00:00
[2026-05-04T22:28:13.991+0000] {processor.py:183} INFO - Processing /opt/airflow/dags/stackoverflow_migration_dag.py took 0.264 seconds
[2026-05-04T22:28:44.189+0000] {processor.py:161} INFO - Started process (PID=235) to work on /opt/airflow/dags/stackoverflow_migration_dag.py
[2026-05-04T22:28:44.191+0000] {processor.py:830} INFO - Processing file /opt/airflow/dags/stackoverflow_migration_dag.py for tasks to queue
[2026-05-04T22:28:44.195+0000] {logging_mixin.py:188} INFO - [2026-05-04T22:28:44.194+0000] {dagbag.py:545} INFO - Filling up the DagBag from /opt/airflow/dags/stackoverflow_migration_dag.py
[2026-05-04T22:28:44.239+0000] {processor.py:840} INFO - DAG(s) 'stackoverflow_medallion_pipeline' retrieved from /opt/airflow/dags/stackoverflow_migration_dag.py
[2026-05-04T22:28:44.315+0000] {logging_mixin.py:188} INFO - [2026-05-04T22:28:44.315+0000] {dag.py:3096} INFO - Sync 1 DAGs
[2026-05-04T22:28:44.370+0000] {logging_mixin.py:188} INFO - [2026-05-04T22:28:44.370+0000] {dag.py:3954} INFO - Setting next_dagrun for stackoverflow_medallion_pipeline to 2026-05-03 00:00:00+00:00, run_after=2026-05-04 00:00:00+00:00
[2026-05-04T22:28:44.412+0000] {processor.py:183} INFO - Processing /opt/airflow/dags/stackoverflow_migration_dag.py took 0.232 seconds
[2026-05-04T22:29:14.580+0000] {processor.py:161} INFO - Started process (PID=240) to work on /opt/airflow/dags/stackoverflow_migration_dag.py
[2026-05-04T22:29:14.581+0000] {processor.py:830} INFO - Processing file /opt/airflow/dags/stackoverflow_migration_dag.py for tasks to queue
[2026-05-04T22:29:14.584+0000] {logging_mixin.py:188} INFO - [2026-05-04T22:29:14.584+0000] {dagbag.py:545} INFO - Filling up the DagBag from /opt/airflow/dags/stackoverflow_migration_dag.py
[2026-05-04T22:29:14.622+0000] {processor.py:840} INFO - DAG(s) 'stackoverflow_medallion_pipeline' retrieved from /opt/airflow/dags/stackoverflow_migration_dag.py
[2026-05-04T22:29:14.687+0000] {logging_mixin.py:188} INFO - [2026-05-04T22:29:14.687+0000] {dag.py:3096} INFO - Sync 1 DAGs
[2026-05-04T22:29:14.734+0000] {logging_mixin.py:188} INFO - [2026-05-04T22:29:14.733+0000] {dag.py:3954} INFO - Setting next_dagrun for stackoverflow_medallion_pipeline to 2026-05-03 00:00:00+00:00, run_after=2026-05-04 00:00:00+00:00
[2026-05-04T22:29:14.773+0000] {processor.py:183} INFO - Processing /opt/airflow/dags/stackoverflow_migration_dag.py took 0.201 seconds
[2026-05-04T22:29:44.985+0000] {processor.py:161} INFO - Started process (PID=245) to work on /opt/airflow/dags/stackoverflow_migration_dag.py
[2026-05-04T22:29:44.987+0000] {processor.py:830} INFO - Processing file /opt/airflow/dags/stackoverflow_migration_dag.py for tasks to queue
[2026-05-04T22:29:44.990+0000] {logging_mixin.py:188} INFO - [2026-05-04T22:29:44.990+0000] {dagbag.py:545} INFO - Filling up the DagBag from /opt/airflow/dags/stackoverflow_migration_dag.py
[2026-05-04T22:29:45.025+0000] {processor.py:840} INFO - DAG(s) 'stackoverflow_medallion_pipeline' retrieved from /opt/airflow/dags/stackoverflow_migration_dag.py
[2026-05-04T22:29:45.090+0000] {logging_mixin.py:188} INFO - [2026-05-04T22:29:45.090+0000] {dag.py:3096} INFO - Sync 1 DAGs
[2026-05-04T22:29:45.138+0000] {logging_mixin.py:188} INFO - [2026-05-04T22:29:45.137+0000] {dag.py:3954} INFO - Setting next_dagrun for stackoverflow_medallion_pipeline to 2026-05-03 00:00:00+00:00, run_after=2026-05-04 00:00:00+00:00
[2026-05-04T22:29:45.176+0000] {processor.py:183} INFO - Processing /opt/airflow/dags/stackoverflow_migration_dag.py took 0.200 seconds
[2026-05-04T22:30:15.388+0000] {processor.py:161} INFO - Started process (PID=250) to work on /opt/airflow/dags/stackoverflow_migration_dag.py
[2026-05-04T22:30:15.389+0000] {processor.py:830} INFO - Processing file /opt/airflow/dags/stackoverflow_migration_dag.py for tasks to queue
[2026-05-04T22:30:15.392+0000] {logging_mixin.py:188} INFO - [2026-05-04T22:30:15.392+0000] {dagbag.py:545} INFO - Filling up the DagBag from /opt/airflow/dags/stackoverflow_migration_dag.py
[2026-05-04T22:30:15.430+0000] {processor.py:840} INFO - DAG(s) 'stackoverflow_medallion_pipeline' retrieved from /opt/airflow/dags/stackoverflow_migration_dag.py
[2026-05-04T22:30:15.557+0000] {logging_mixin.py:188} INFO - [2026-05-04T22:30:15.557+0000] {dag.py:3096} INFO - Sync 1 DAGs
[2026-05-04T22:30:15.604+0000] {logging_mixin.py:188} INFO - [2026-05-04T22:30:15.604+0000] {dag.py:3954} INFO - Setting next_dagrun for stackoverflow_medallion_pipeline to 2026-05-03 00:00:00+00:00, run_after=2026-05-04 00:00:00+00:00
[2026-05-04T22:30:15.641+0000] {processor.py:183} INFO - Processing /opt/airflow/dags/stackoverflow_migration_dag.py took 0.263 seconds
