[2026-05-15T19:43:25.621+0000] {local_task_job_runner.py:120} INFO - ::group::Pre task execution logs
[2026-05-15T19:43:25.712+0000] {taskinstance.py:2076} INFO - Dependencies all met for dep_context=non-requeueable deps ti=<TaskInstance: stackoverflow_medallion_pipeline_v2.trigger_glue_migration manual__2026-05-15T19:43:21.778054+00:00 [queued]>
[2026-05-15T19:43:25.733+0000] {taskinstance.py:2076} INFO - Dependencies all met for dep_context=requeueable deps ti=<TaskInstance: stackoverflow_medallion_pipeline_v2.trigger_glue_migration manual__2026-05-15T19:43:21.778054+00:00 [queued]>
[2026-05-15T19:43:25.734+0000] {taskinstance.py:2306} INFO - Starting attempt 1 of 4
[2026-05-15T19:43:25.766+0000] {taskinstance.py:2330} INFO - Executing <Task(GlueJobOperator): trigger_glue_migration> on 2026-05-15 19:43:21.778054+00:00
[2026-05-15T19:43:25.783+0000] {standard_task_runner.py:90} INFO - Running: ['***', 'tasks', 'run', 'stackoverflow_medallion_pipeline_v2', 'trigger_glue_migration', 'manual__2026-05-15T19:43:21.778054+00:00', '--job-id', '108', '--raw', '--subdir', 'DAGS_FOLDER/stackoverflow_migration_dag.py', '--cfg-path', '/tmp/tmpzgymdg6n']
[2026-05-15T19:43:25.793+0000] {standard_task_runner.py:91} INFO - Job 108: Subtask trigger_glue_migration
[2026-05-15T19:43:25.793+0000] {logging_mixin.py:188} WARNING - /home/***/.local/lib/python3.12/site-packages/***/task/task_runner/standard_task_runner.py:61 DeprecationWarning: This process (pid=174) is multi-threaded, use of fork() may lead to deadlocks in the child.
[2026-05-15T19:43:25.794+0000] {standard_task_runner.py:63} INFO - Started process 175 to run task
[2026-05-15T19:43:26.037+0000] {task_command.py:426} INFO - Running <TaskInstance: stackoverflow_medallion_pipeline_v2.trigger_glue_migration manual__2026-05-15T19:43:21.778054+00:00 [running]> on host 4c07c43731e7
[2026-05-15T19:43:26.442+0000] {taskinstance.py:2648} INFO - Exporting env vars: AIRFLOW_CTX_DAG_OWNER='Aniket Shinde' AIRFLOW_CTX_DAG_ID='stackoverflow_medallion_pipeline_v2' AIRFLOW_CTX_TASK_ID='trigger_glue_migration' AIRFLOW_CTX_EXECUTION_DATE='2026-05-15T19:43:21.778054+00:00' AIRFLOW_CTX_TRY_NUMBER='1' AIRFLOW_CTX_DAG_RUN_ID='manual__2026-05-15T19:43:21.778054+00:00'
[2026-05-15T19:43:26.444+0000] {taskinstance.py:430} INFO - ::endgroup::
[2026-05-15T19:43:26.501+0000] {glue.py:173} INFO - Initializing AWS Glue Job: BigQ_to_S3_2. Wait for completion: True
[2026-05-15T19:43:26.503+0000] {glue.py:364} INFO - Checking if job already exists: BigQ_to_S3_2
[2026-05-15T19:43:26.571+0000] {base.py:84} INFO - Using connection ID 'aws_default' for task execution.
[2026-05-15T19:43:26.574+0000] {connection_wrapper.py:384} INFO - AWS Connection (conn_id='aws_default', conn_type='aws') credentials retrieved from login and password.
[2026-05-15T19:43:28.904+0000] {glue.py:194} INFO - You can monitor this Glue Job run at: https://console.aws.amazon.com/gluestudio/home?region=us-east-1#/job/BigQ_to_S3_2/run/jr_9567fd2f664b8e529bc36e568a3c690af1abb8f15d671a548289e96ae10a29ba
[2026-05-15T19:43:29.213+0000] {glue.py:347} INFO - Polling for AWS Glue Job BigQ_to_S3_2 current run state with status RUNNING
[2026-05-15T19:43:35.564+0000] {glue.py:347} INFO - Polling for AWS Glue Job BigQ_to_S3_2 current run state with status RUNNING
[2026-05-15T19:43:41.862+0000] {glue.py:347} INFO - Polling for AWS Glue Job BigQ_to_S3_2 current run state with status RUNNING
[2026-05-15T19:43:48.184+0000] {glue.py:347} INFO - Polling for AWS Glue Job BigQ_to_S3_2 current run state with status RUNNING
[2026-05-15T19:43:54.574+0000] {glue.py:347} INFO - Polling for AWS Glue Job BigQ_to_S3_2 current run state with status RUNNING
[2026-05-15T19:44:00.919+0000] {glue.py:347} INFO - Polling for AWS Glue Job BigQ_to_S3_2 current run state with status RUNNING
[2026-05-15T19:44:07.299+0000] {glue.py:347} INFO - Polling for AWS Glue Job BigQ_to_S3_2 current run state with status RUNNING
[2026-05-15T19:44:13.634+0000] {glue.py:347} INFO - Polling for AWS Glue Job BigQ_to_S3_2 current run state with status RUNNING
[2026-05-15T19:44:19.968+0000] {glue.py:347} INFO - Polling for AWS Glue Job BigQ_to_S3_2 current run state with status RUNNING
[2026-05-15T19:44:26.419+0000] {glue.py:347} INFO - Polling for AWS Glue Job BigQ_to_S3_2 current run state with status RUNNING
[2026-05-15T19:44:32.705+0000] {glue.py:347} INFO - Polling for AWS Glue Job BigQ_to_S3_2 current run state with status RUNNING
[2026-05-15T19:44:39.028+0000] {glue.py:347} INFO - Polling for AWS Glue Job BigQ_to_S3_2 current run state with status RUNNING
[2026-05-15T19:44:45.417+0000] {glue.py:347} INFO - Polling for AWS Glue Job BigQ_to_S3_2 current run state with status RUNNING
[2026-05-15T19:44:51.747+0000] {glue.py:347} INFO - Polling for AWS Glue Job BigQ_to_S3_2 current run state with status RUNNING
[2026-05-15T19:44:58.094+0000] {glue.py:347} INFO - Polling for AWS Glue Job BigQ_to_S3_2 current run state with status RUNNING
[2026-05-15T19:45:04.415+0000] {glue.py:347} INFO - Polling for AWS Glue Job BigQ_to_S3_2 current run state with status RUNNING
[2026-05-15T19:45:10.733+0000] {glue.py:347} INFO - Polling for AWS Glue Job BigQ_to_S3_2 current run state with status RUNNING
[2026-05-15T19:45:17.086+0000] {glue.py:347} INFO - Polling for AWS Glue Job BigQ_to_S3_2 current run state with status RUNNING
[2026-05-15T19:45:23.416+0000] {glue.py:340} INFO - Exiting Job jr_9567fd2f664b8e529bc36e568a3c690af1abb8f15d671a548289e96ae10a29ba Run State: SUCCEEDED
[2026-05-15T19:45:23.418+0000] {glue.py:209} INFO - AWS Glue Job: BigQ_to_S3_2 status: SUCCEEDED. Run Id: jr_9567fd2f664b8e529bc36e568a3c690af1abb8f15d671a548289e96ae10a29ba
[2026-05-15T19:45:23.419+0000] {taskinstance.py:441} INFO - ::group::Post task execution logs
[2026-05-15T19:45:23.576+0000] {taskinstance.py:1206} INFO - Marking task as SUCCESS. dag_id=stackoverflow_medallion_pipeline_v2, task_id=trigger_glue_migration, run_id=manual__2026-05-15T19:43:21.778054+00:00, execution_date=20260515T194321, start_date=20260515T194325, end_date=20260515T194523
[2026-05-15T19:45:23.647+0000] {local_task_job_runner.py:240} INFO - Task exited with return code 0
[2026-05-15T19:45:23.796+0000] {taskinstance.py:3498} INFO - 1 downstream tasks scheduled from follow-on schedule check
[2026-05-15T19:45:23.802+0000] {local_task_job_runner.py:222} INFO - ::endgroup::
