[2026-05-19T05:23:17.346+0000] {local_task_job_runner.py:120} INFO - ::group::Pre task execution logs
[2026-05-19T05:23:17.411+0000] {taskinstance.py:2076} INFO - Dependencies all met for dep_context=non-requeueable deps ti=<TaskInstance: stackoverflow_medallion_pipeline_v2.trigger_glue_migration scheduled__2026-05-18T00:00:00+00:00 [queued]>
[2026-05-19T05:23:17.424+0000] {taskinstance.py:2076} INFO - Dependencies all met for dep_context=requeueable deps ti=<TaskInstance: stackoverflow_medallion_pipeline_v2.trigger_glue_migration scheduled__2026-05-18T00:00:00+00:00 [queued]>
[2026-05-19T05:23:17.426+0000] {taskinstance.py:2306} INFO - Starting attempt 1 of 5
[2026-05-19T05:23:17.445+0000] {taskinstance.py:2330} INFO - Executing <Task(GlueJobOperator): trigger_glue_migration> on 2026-05-18 00:00:00+00:00
[2026-05-19T05:23:17.458+0000] {standard_task_runner.py:90} INFO - Running: ['***', 'tasks', 'run', 'stackoverflow_medallion_pipeline_v2', 'trigger_glue_migration', 'scheduled__2026-05-18T00:00:00+00:00', '--job-id', '164', '--raw', '--subdir', 'DAGS_FOLDER/stackoverflow_migration_dag.py', '--cfg-path', '/tmp/tmp75lalo39']
[2026-05-19T05:23:17.463+0000] {standard_task_runner.py:91} INFO - Job 164: Subtask trigger_glue_migration
[2026-05-19T05:23:17.463+0000] {logging_mixin.py:188} WARNING - /home/***/.local/lib/python3.12/site-packages/***/task/task_runner/standard_task_runner.py:61 DeprecationWarning: This process (pid=164) is multi-threaded, use of fork() may lead to deadlocks in the child.
[2026-05-19T05:23:17.464+0000] {standard_task_runner.py:63} INFO - Started process 170 to run task
[2026-05-19T05:23:17.630+0000] {task_command.py:426} INFO - Running <TaskInstance: stackoverflow_medallion_pipeline_v2.trigger_glue_migration scheduled__2026-05-18T00:00:00+00:00 [running]> on host 4e139f5aaae3
[2026-05-19T05:23:17.998+0000] {taskinstance.py:2648} INFO - Exporting env vars: AIRFLOW_CTX_DAG_OWNER='Aniket Shinde' AIRFLOW_CTX_DAG_ID='stackoverflow_medallion_pipeline_v2' AIRFLOW_CTX_TASK_ID='trigger_glue_migration' AIRFLOW_CTX_EXECUTION_DATE='2026-05-18T00:00:00+00:00' AIRFLOW_CTX_TRY_NUMBER='1' AIRFLOW_CTX_DAG_RUN_ID='scheduled__2026-05-18T00:00:00+00:00'
[2026-05-19T05:23:18.000+0000] {taskinstance.py:430} INFO - ::endgroup::
[2026-05-19T05:23:18.041+0000] {glue.py:173} INFO - Initializing AWS Glue Job: BigQ_to_S3_2. Wait for completion: True
[2026-05-19T05:23:18.042+0000] {glue.py:364} INFO - Checking if job already exists: BigQ_to_S3_2
[2026-05-19T05:23:18.105+0000] {base.py:84} INFO - Using connection ID 'aws_default' for task execution.
[2026-05-19T05:23:18.107+0000] {connection_wrapper.py:384} INFO - AWS Connection (conn_id='aws_default', conn_type='aws') credentials retrieved from login and password.
[2026-05-19T05:23:21.109+0000] {glue.py:194} INFO - You can monitor this Glue Job run at: https://console.aws.amazon.com/gluestudio/home?region=us-east-1#/job/BigQ_to_S3_2/run/jr_bb6836e2e75b0037014369a5c84c98e40c031d1f9486115cd725b5fa4f772f7b
[2026-05-19T05:23:21.471+0000] {glue.py:347} INFO - Polling for AWS Glue Job BigQ_to_S3_2 current run state with status RUNNING
[2026-05-19T05:23:27.835+0000] {glue.py:347} INFO - Polling for AWS Glue Job BigQ_to_S3_2 current run state with status RUNNING
[2026-05-19T05:23:34.270+0000] {glue.py:347} INFO - Polling for AWS Glue Job BigQ_to_S3_2 current run state with status RUNNING
[2026-05-19T05:23:41.269+0000] {glue.py:347} INFO - Polling for AWS Glue Job BigQ_to_S3_2 current run state with status RUNNING
[2026-05-19T05:23:51.150+0000] {glue.py:347} INFO - Polling for AWS Glue Job BigQ_to_S3_2 current run state with status RUNNING
[2026-05-19T05:24:00.523+0000] {glue.py:347} INFO - Polling for AWS Glue Job BigQ_to_S3_2 current run state with status RUNNING
[2026-05-19T05:24:10.445+0000] {glue.py:347} INFO - Polling for AWS Glue Job BigQ_to_S3_2 current run state with status RUNNING
[2026-05-19T05:24:23.837+0000] {glue.py:347} INFO - Polling for AWS Glue Job BigQ_to_S3_2 current run state with status RUNNING
[2026-05-19T05:24:31.952+0000] {glue.py:347} INFO - Polling for AWS Glue Job BigQ_to_S3_2 current run state with status RUNNING
[2026-05-19T05:24:40.592+0000] {glue.py:347} INFO - Polling for AWS Glue Job BigQ_to_S3_2 current run state with status RUNNING
[2026-05-19T05:24:47.086+0000] {glue.py:347} INFO - Polling for AWS Glue Job BigQ_to_S3_2 current run state with status RUNNING
[2026-05-19T05:25:00.040+0000] {glue.py:347} INFO - Polling for AWS Glue Job BigQ_to_S3_2 current run state with status RUNNING
[2026-05-19T05:25:06.778+0000] {glue.py:347} INFO - Polling for AWS Glue Job BigQ_to_S3_2 current run state with status RUNNING
[2026-05-19T05:25:13.762+0000] {glue.py:347} INFO - Polling for AWS Glue Job BigQ_to_S3_2 current run state with status RUNNING
[2026-05-19T05:25:20.318+0000] {glue.py:340} INFO - Exiting Job jr_bb6836e2e75b0037014369a5c84c98e40c031d1f9486115cd725b5fa4f772f7b Run State: SUCCEEDED
[2026-05-19T05:25:20.321+0000] {glue.py:209} INFO - AWS Glue Job: BigQ_to_S3_2 status: SUCCEEDED. Run Id: jr_bb6836e2e75b0037014369a5c84c98e40c031d1f9486115cd725b5fa4f772f7b
[2026-05-19T05:25:20.324+0000] {taskinstance.py:441} INFO - ::group::Post task execution logs
[2026-05-19T05:25:20.661+0000] {taskinstance.py:1206} INFO - Marking task as SUCCESS. dag_id=stackoverflow_medallion_pipeline_v2, task_id=trigger_glue_migration, run_id=scheduled__2026-05-18T00:00:00+00:00, execution_date=20260518T000000, start_date=20260519T052317, end_date=20260519T052520
[2026-05-19T05:25:20.786+0000] {local_task_job_runner.py:240} INFO - Task exited with return code 0
[2026-05-19T05:25:20.885+0000] {taskinstance.py:3498} INFO - 1 downstream tasks scheduled from follow-on schedule check
[2026-05-19T05:25:20.890+0000] {local_task_job_runner.py:222} INFO - ::endgroup::
