[2026-05-05T15:21:04.036+0000] {local_task_job_runner.py:120} INFO - ::group::Pre task execution logs
[2026-05-05T15:21:04.102+0000] {taskinstance.py:2076} INFO - Dependencies all met for dep_context=non-requeueable deps ti=<TaskInstance: stackoverflow_medallion_pipeline.run_dbt_staging scheduled__2026-05-04T00:00:00+00:00 [queued]>
[2026-05-05T15:21:04.116+0000] {taskinstance.py:2076} INFO - Dependencies all met for dep_context=requeueable deps ti=<TaskInstance: stackoverflow_medallion_pipeline.run_dbt_staging scheduled__2026-05-04T00:00:00+00:00 [queued]>
[2026-05-05T15:21:04.117+0000] {taskinstance.py:2306} INFO - Starting attempt 1 of 2
[2026-05-05T15:21:04.137+0000] {taskinstance.py:2330} INFO - Executing <Task(BashOperator): run_dbt_staging> on 2026-05-04 00:00:00+00:00
[2026-05-05T15:21:04.146+0000] {standard_task_runner.py:90} INFO - Running: ['***', 'tasks', 'run', 'stackoverflow_medallion_pipeline', 'run_dbt_staging', 'scheduled__2026-05-04T00:00:00+00:00', '--job-id', '4', '--raw', '--subdir', 'DAGS_FOLDER/stackoverflow_migration_dag.py', '--cfg-path', '/tmp/tmpemayjq6i']
[2026-05-05T15:21:04.150+0000] {logging_mixin.py:188} WARNING - /home/***/.local/lib/python3.12/site-packages/***/task/task_runner/standard_task_runner.py:61 DeprecationWarning: This process (pid=201) is multi-threaded, use of fork() may lead to deadlocks in the child.
[2026-05-05T15:21:04.151+0000] {standard_task_runner.py:91} INFO - Job 4: Subtask run_dbt_staging
[2026-05-05T15:21:04.151+0000] {standard_task_runner.py:63} INFO - Started process 202 to run task
[2026-05-05T15:21:04.324+0000] {task_command.py:426} INFO - Running <TaskInstance: stackoverflow_medallion_pipeline.run_dbt_staging scheduled__2026-05-04T00:00:00+00:00 [running]> on host c4d7843556b6
[2026-05-05T15:21:04.618+0000] {taskinstance.py:2648} INFO - Exporting env vars: AIRFLOW_CTX_DAG_OWNER='Aniket Shinde' AIRFLOW_CTX_DAG_ID='stackoverflow_medallion_pipeline' AIRFLOW_CTX_TASK_ID='run_dbt_staging' AIRFLOW_CTX_EXECUTION_DATE='2026-05-04T00:00:00+00:00' AIRFLOW_CTX_TRY_NUMBER='1' AIRFLOW_CTX_DAG_RUN_ID='scheduled__2026-05-04T00:00:00+00:00'
[2026-05-05T15:21:04.619+0000] {taskinstance.py:430} INFO - ::endgroup::
[2026-05-05T15:21:04.638+0000] {subprocess.py:63} INFO - Tmp dir root location: /tmp
[2026-05-05T15:21:04.640+0000] {subprocess.py:75} INFO - Running command: ['/usr/bin/bash', '-c', 'cd /opt/***/stackoverflow_analytics && dbt run --select staging']
[2026-05-05T15:21:04.649+0000] {subprocess.py:86} INFO - Output:
[2026-05-05T15:21:07.827+0000] {subprocess.py:93} INFO - [0m15:21:07  Running with dbt=1.8.3
[2026-05-05T15:21:08.155+0000] {subprocess.py:93} INFO - [0m15:21:08  Registered adapter: clickhouse=1.8.3
[2026-05-05T15:21:08.428+0000] {subprocess.py:93} INFO - [0m15:21:08  Unable to do partial parsing because of a version mismatch
[2026-05-05T15:21:10.117+0000] {subprocess.py:93} INFO - [0m15:21:10  [[33mWARNING[0m]: Deprecated functionality
[2026-05-05T15:21:10.118+0000] {subprocess.py:93} INFO - The `tests` config has been renamed to `data_tests`. Please see
[2026-05-05T15:21:10.119+0000] {subprocess.py:93} INFO - https://docs.getdbt.com/docs/build/data-tests#new-data_tests-syntax for more
[2026-05-05T15:21:10.120+0000] {subprocess.py:93} INFO - information.
[2026-05-05T15:21:10.672+0000] {subprocess.py:93} INFO - [0m15:21:10  Found 2 models, 2 data tests, 1 source, 463 macros
[2026-05-05T15:21:10.677+0000] {subprocess.py:93} INFO - [0m15:21:10
[2026-05-05T15:21:31.373+0000] {subprocess.py:93} INFO - [0m15:21:31  Concurrency: 1 threads (target='dev')
[2026-05-05T15:21:31.377+0000] {subprocess.py:93} INFO - [0m15:21:31
[2026-05-05T15:21:31.391+0000] {subprocess.py:93} INFO - [0m15:21:31  1 of 1 START sql incremental model `big_query`.`stg_posts` ..................... [RUN]
[2026-05-05T15:21:31.860+0000] {subprocess.py:93} INFO - [0m15:21:31  1 of 1 ERROR creating sql incremental model `big_query`.`stg_posts` ............ [[31mERROR[0m in 0.46s]
[2026-05-05T15:21:31.872+0000] {subprocess.py:93} INFO - [0m15:21:31
[2026-05-05T15:21:31.874+0000] {subprocess.py:93} INFO - [0m15:21:31  Finished running 1 incremental model in 0 hours 0 minutes and 21.19 seconds (21.19s).
[2026-05-05T15:21:31.956+0000] {subprocess.py:93} INFO - [0m15:21:31
[2026-05-05T15:21:31.958+0000] {subprocess.py:93} INFO - [0m15:21:31  [31mCompleted with 1 error and 0 warnings:[0m
[2026-05-05T15:21:31.959+0000] {subprocess.py:93} INFO - [0m15:21:31
[2026-05-05T15:21:31.961+0000] {subprocess.py:93} INFO - [0m15:21:31    Database Error in model stg_posts (models/staging/stg_posts.sql)
[2026-05-05T15:21:31.962+0000] {subprocess.py:93} INFO -   Received ClickHouse exception, code: 60, server response: Code: 60. DB::Exception: Unknown table expression identifier 'big_query.stackoverflow_final' in scope SELECT id AS post_id, title, toDateTime64(creation_date, 3) AS created_at, score, view_count, comment_count, assumeNotNull(splitByChar(',', replaceRegexpAll(ifNull(tags, ''), '[\\[\\]\\s\']', ''))) AS tags FROM big_query.stackoverflow_final. (UNKNOWN_TABLE) (for url https://d6u4rl4smv.us-east-1.aws.clickhouse.cloud:8443)
[2026-05-05T15:21:31.963+0000] {subprocess.py:93} INFO - [0m15:21:31
[2026-05-05T15:21:31.965+0000] {subprocess.py:93} INFO - [0m15:21:31  Done. PASS=0 WARN=0 ERROR=1 SKIP=0 TOTAL=1
[2026-05-05T15:21:33.697+0000] {subprocess.py:97} INFO - Command exited with return code 1
[2026-05-05T15:21:33.699+0000] {taskinstance.py:441} INFO - ::group::Post task execution logs
[2026-05-05T15:21:33.743+0000] {taskinstance.py:2905} ERROR - Task failed with exception
Traceback (most recent call last):
  File "/home/airflow/.local/lib/python3.12/site-packages/airflow/models/taskinstance.py", line 465, in _execute_task
    result = _execute_callable(context=context, **execute_callable_kwargs)
             ^^^^^^^^^^^^^^^^^^^^^^^^^^^^^^^^^^^^^^^^^^^^^^^^^^^^^^^^^^^^^
  File "/home/airflow/.local/lib/python3.12/site-packages/airflow/models/taskinstance.py", line 432, in _execute_callable
    return execute_callable(context=context, **execute_callable_kwargs)
           ^^^^^^^^^^^^^^^^^^^^^^^^^^^^^^^^^^^^^^^^^^^^^^^^^^^^^^^^^^^^
  File "/home/airflow/.local/lib/python3.12/site-packages/airflow/models/baseoperator.py", line 400, in wrapper
    return func(self, *args, **kwargs)
           ^^^^^^^^^^^^^^^^^^^^^^^^^^^
  File "/home/airflow/.local/lib/python3.12/site-packages/airflow/operators/bash.py", line 243, in execute
    raise AirflowException(
airflow.exceptions.AirflowException: Bash command failed. The command returned a non-zero exit code 1.
[2026-05-05T15:21:33.748+0000] {taskinstance.py:1206} INFO - Marking task as UP_FOR_RETRY. dag_id=stackoverflow_medallion_pipeline, task_id=run_dbt_staging, run_id=scheduled__2026-05-04T00:00:00+00:00, execution_date=20260504T000000, start_date=20260505T152104, end_date=20260505T152133
[2026-05-05T15:21:33.789+0000] {standard_task_runner.py:110} ERROR - Failed to execute job 4 for task run_dbt_staging (Bash command failed. The command returned a non-zero exit code 1.; 202)
[2026-05-05T15:21:33.832+0000] {local_task_job_runner.py:240} INFO - Task exited with return code 1
[2026-05-05T15:21:33.927+0000] {taskinstance.py:3498} INFO - 0 downstream tasks scheduled from follow-on schedule check
[2026-05-05T15:21:33.933+0000] {local_task_job_runner.py:222} INFO - ::endgroup::
