[2026-05-05T15:25:54.582+0000] {local_task_job_runner.py:120} INFO - ::group::Pre task execution logs
[2026-05-05T15:25:54.648+0000] {taskinstance.py:2076} INFO - Dependencies all met for dep_context=non-requeueable deps ti=<TaskInstance: stackoverflow_medallion_pipeline.run_dbt_staging scheduled__2026-05-04T00:00:00+00:00 [queued]>
[2026-05-05T15:25:54.662+0000] {taskinstance.py:2076} INFO - Dependencies all met for dep_context=requeueable deps ti=<TaskInstance: stackoverflow_medallion_pipeline.run_dbt_staging scheduled__2026-05-04T00:00:00+00:00 [queued]>
[2026-05-05T15:25:54.663+0000] {taskinstance.py:2306} INFO - Starting attempt 2 of 3
[2026-05-05T15:25:54.681+0000] {taskinstance.py:2330} INFO - Executing <Task(BashOperator): run_dbt_staging> on 2026-05-04 00:00:00+00:00
[2026-05-05T15:25:54.692+0000] {standard_task_runner.py:90} INFO - Running: ['***', 'tasks', 'run', 'stackoverflow_medallion_pipeline', 'run_dbt_staging', 'scheduled__2026-05-04T00:00:00+00:00', '--job-id', '5', '--raw', '--subdir', 'DAGS_FOLDER/stackoverflow_migration_dag.py', '--cfg-path', '/tmp/tmp6ocgv8ox']
[2026-05-05T15:25:54.695+0000] {logging_mixin.py:188} WARNING - /home/***/.local/lib/python3.12/site-packages/***/task/task_runner/standard_task_runner.py:61 DeprecationWarning: This process (pid=270) is multi-threaded, use of fork() may lead to deadlocks in the child.
[2026-05-05T15:25:54.696+0000] {standard_task_runner.py:91} INFO - Job 5: Subtask run_dbt_staging
[2026-05-05T15:25:54.696+0000] {standard_task_runner.py:63} INFO - Started process 271 to run task
[2026-05-05T15:25:54.884+0000] {task_command.py:426} INFO - Running <TaskInstance: stackoverflow_medallion_pipeline.run_dbt_staging scheduled__2026-05-04T00:00:00+00:00 [running]> on host c4d7843556b6
[2026-05-05T15:25:55.183+0000] {taskinstance.py:2648} INFO - Exporting env vars: AIRFLOW_CTX_DAG_OWNER='Aniket Shinde' AIRFLOW_CTX_DAG_ID='stackoverflow_medallion_pipeline' AIRFLOW_CTX_TASK_ID='run_dbt_staging' AIRFLOW_CTX_EXECUTION_DATE='2026-05-04T00:00:00+00:00' AIRFLOW_CTX_TRY_NUMBER='2' AIRFLOW_CTX_DAG_RUN_ID='scheduled__2026-05-04T00:00:00+00:00'
[2026-05-05T15:25:55.184+0000] {taskinstance.py:430} INFO - ::endgroup::
[2026-05-05T15:25:55.204+0000] {subprocess.py:63} INFO - Tmp dir root location: /tmp
[2026-05-05T15:25:55.205+0000] {subprocess.py:75} INFO - Running command: ['/usr/bin/bash', '-c', 'cd /opt/***/stackoverflow_analytics && dbt run --select staging']
[2026-05-05T15:25:55.216+0000] {subprocess.py:86} INFO - Output:
[2026-05-05T15:25:57.702+0000] {subprocess.py:93} INFO - [0m15:25:57  Running with dbt=1.8.3
[2026-05-05T15:25:57.988+0000] {subprocess.py:93} INFO - [0m15:25:57  Registered adapter: clickhouse=1.8.3
[2026-05-05T15:25:58.719+0000] {subprocess.py:93} INFO - [0m15:25:58  Found 2 models, 2 data tests, 1 source, 463 macros
[2026-05-05T15:25:58.724+0000] {subprocess.py:93} INFO - [0m15:25:58
[2026-05-05T15:26:02.589+0000] {subprocess.py:93} INFO - [0m15:26:02  Concurrency: 1 threads (target='dev')
[2026-05-05T15:26:02.594+0000] {subprocess.py:93} INFO - [0m15:26:02
[2026-05-05T15:26:02.614+0000] {subprocess.py:93} INFO - [0m15:26:02  1 of 1 START sql incremental model `big_query`.`stg_posts` ..................... [RUN]
[2026-05-05T15:26:18.000+0000] {subprocess.py:93} INFO - [0m15:26:17  1 of 1 OK created sql incremental model `big_query`.`stg_posts` ................ [[32mOK[0m in 15.38s]
[2026-05-05T15:26:18.011+0000] {subprocess.py:93} INFO - [0m15:26:18
[2026-05-05T15:26:18.013+0000] {subprocess.py:93} INFO - [0m15:26:18  Finished running 1 incremental model in 0 hours 0 minutes and 19.29 seconds (19.29s).
[2026-05-05T15:26:18.097+0000] {subprocess.py:93} INFO - [0m15:26:18
[2026-05-05T15:26:18.101+0000] {subprocess.py:93} INFO - [0m15:26:18  [32mCompleted successfully[0m
[2026-05-05T15:26:18.106+0000] {subprocess.py:93} INFO - [0m15:26:18
[2026-05-05T15:26:18.108+0000] {subprocess.py:93} INFO - [0m15:26:18  Done. PASS=1 WARN=0 ERROR=0 SKIP=0 TOTAL=1
[2026-05-05T15:26:19.680+0000] {subprocess.py:97} INFO - Command exited with return code 0
[2026-05-05T15:26:19.681+0000] {taskinstance.py:441} INFO - ::group::Post task execution logs
[2026-05-05T15:26:19.795+0000] {taskinstance.py:1206} INFO - Marking task as SUCCESS. dag_id=stackoverflow_medallion_pipeline, task_id=run_dbt_staging, run_id=scheduled__2026-05-04T00:00:00+00:00, execution_date=20260504T000000, start_date=20260505T152554, end_date=20260505T152619
[2026-05-05T15:26:19.852+0000] {local_task_job_runner.py:240} INFO - Task exited with return code 0
[2026-05-05T15:26:19.916+0000] {taskinstance.py:3498} INFO - 1 downstream tasks scheduled from follow-on schedule check
[2026-05-05T15:26:19.920+0000] {local_task_job_runner.py:222} INFO - ::endgroup::
