[2026-05-05T15:49:31.302+0000] {local_task_job_runner.py:120} INFO - ::group::Pre task execution logs
[2026-05-05T15:49:31.363+0000] {taskinstance.py:2076} INFO - Dependencies all met for dep_context=non-requeueable deps ti=<TaskInstance: stackoverflow_medallion_pipeline.run_dbt_marts manual__2026-05-05T15:44:55.472467+00:00 [queued]>
[2026-05-05T15:49:31.376+0000] {taskinstance.py:2076} INFO - Dependencies all met for dep_context=requeueable deps ti=<TaskInstance: stackoverflow_medallion_pipeline.run_dbt_marts manual__2026-05-05T15:44:55.472467+00:00 [queued]>
[2026-05-05T15:49:31.378+0000] {taskinstance.py:2306} INFO - Starting attempt 1 of 1
[2026-05-05T15:49:31.396+0000] {taskinstance.py:2330} INFO - Executing <Task(BashOperator): run_dbt_marts> on 2026-05-05 15:44:55.472467+00:00
[2026-05-05T15:49:31.405+0000] {standard_task_runner.py:90} INFO - Running: ['***', 'tasks', 'run', 'stackoverflow_medallion_pipeline', 'run_dbt_marts', 'manual__2026-05-05T15:44:55.472467+00:00', '--job-id', '10', '--raw', '--subdir', 'DAGS_FOLDER/stackoverflow_migration_dag.py', '--cfg-path', '/tmp/tmpaklbleii']
[2026-05-05T15:49:31.408+0000] {standard_task_runner.py:91} INFO - Job 10: Subtask run_dbt_marts
[2026-05-05T15:49:31.408+0000] {logging_mixin.py:188} WARNING - /home/***/.local/lib/python3.12/site-packages/***/task/task_runner/standard_task_runner.py:61 DeprecationWarning: This process (pid=542) is multi-threaded, use of fork() may lead to deadlocks in the child.
[2026-05-05T15:49:31.409+0000] {standard_task_runner.py:63} INFO - Started process 543 to run task
[2026-05-05T15:49:31.574+0000] {task_command.py:426} INFO - Running <TaskInstance: stackoverflow_medallion_pipeline.run_dbt_marts manual__2026-05-05T15:44:55.472467+00:00 [running]> on host c4d7843556b6
[2026-05-05T15:49:31.837+0000] {taskinstance.py:2648} INFO - Exporting env vars: AIRFLOW_CTX_DAG_OWNER='Aniket Shinde' AIRFLOW_CTX_DAG_ID='stackoverflow_medallion_pipeline' AIRFLOW_CTX_TASK_ID='run_dbt_marts' AIRFLOW_CTX_EXECUTION_DATE='2026-05-05T15:44:55.472467+00:00' AIRFLOW_CTX_TRY_NUMBER='1' AIRFLOW_CTX_DAG_RUN_ID='manual__2026-05-05T15:44:55.472467+00:00'
[2026-05-05T15:49:31.838+0000] {taskinstance.py:430} INFO - ::endgroup::
[2026-05-05T15:49:31.851+0000] {subprocess.py:63} INFO - Tmp dir root location: /tmp
[2026-05-05T15:49:31.853+0000] {subprocess.py:75} INFO - Running command: ['/usr/bin/bash', '-c', 'cd /opt/***/stackoverflow_analytics && dbt run --select marts']
[2026-05-05T15:49:31.863+0000] {subprocess.py:86} INFO - Output:
[2026-05-05T15:49:34.128+0000] {subprocess.py:93} INFO - [0m15:49:34  Running with dbt=1.8.3
[2026-05-05T15:49:34.394+0000] {subprocess.py:93} INFO - [0m15:49:34  Registered adapter: clickhouse=1.8.3
[2026-05-05T15:49:35.068+0000] {subprocess.py:93} INFO - [0m15:49:35  Found 2 models, 2 data tests, 1 source, 463 macros
[2026-05-05T15:49:35.072+0000] {subprocess.py:93} INFO - [0m15:49:35
[2026-05-05T15:49:38.379+0000] {subprocess.py:93} INFO - [0m15:49:38  Concurrency: 1 threads (target='dev')
[2026-05-05T15:49:38.381+0000] {subprocess.py:93} INFO - [0m15:49:38
[2026-05-05T15:49:38.395+0000] {subprocess.py:93} INFO - [0m15:49:38  1 of 1 START sql table model `big_query`.`fct_tag_analysis` .................... [RUN]
[2026-05-05T15:49:51.974+0000] {subprocess.py:93} INFO - [0m15:49:51  1 of 1 OK created sql table model `big_query`.`fct_tag_analysis` ............... [[32mOK[0m in 13.57s]
[2026-05-05T15:49:51.984+0000] {subprocess.py:93} INFO - [0m15:49:51
[2026-05-05T15:49:51.986+0000] {subprocess.py:93} INFO - [0m15:49:51  Finished running 1 table model in 0 hours 0 minutes and 16.91 seconds (16.91s).
[2026-05-05T15:49:52.063+0000] {subprocess.py:93} INFO - [0m15:49:52
[2026-05-05T15:49:52.065+0000] {subprocess.py:93} INFO - [0m15:49:52  [32mCompleted successfully[0m
[2026-05-05T15:49:52.067+0000] {subprocess.py:93} INFO - [0m15:49:52
[2026-05-05T15:49:52.068+0000] {subprocess.py:93} INFO - [0m15:49:52  Done. PASS=1 WARN=0 ERROR=0 SKIP=0 TOTAL=1
[2026-05-05T15:49:53.572+0000] {subprocess.py:97} INFO - Command exited with return code 0
[2026-05-05T15:49:53.573+0000] {taskinstance.py:441} INFO - ::group::Post task execution logs
[2026-05-05T15:49:53.683+0000] {taskinstance.py:1206} INFO - Marking task as SUCCESS. dag_id=stackoverflow_medallion_pipeline, task_id=run_dbt_marts, run_id=manual__2026-05-05T15:44:55.472467+00:00, execution_date=20260505T154455, start_date=20260505T154931, end_date=20260505T154953
[2026-05-05T15:49:53.751+0000] {local_task_job_runner.py:240} INFO - Task exited with return code 0
[2026-05-05T15:49:53.842+0000] {taskinstance.py:3498} INFO - 0 downstream tasks scheduled from follow-on schedule check
[2026-05-05T15:49:53.847+0000] {local_task_job_runner.py:222} INFO - ::endgroup::
