[2026-05-19T13:32:12.251+0000] {local_task_job_runner.py:120} INFO - ::group::Pre task execution logs
[2026-05-19T13:32:12.349+0000] {taskinstance.py:2076} INFO - Dependencies all met for dep_context=non-requeueable deps ti=<TaskInstance: stackoverflow_medallion_pipeline_v2.trigger_glue_migration manual__2026-05-19T13:32:08.286668+00:00 [queued]>
[2026-05-19T13:32:12.369+0000] {taskinstance.py:2076} INFO - Dependencies all met for dep_context=requeueable deps ti=<TaskInstance: stackoverflow_medallion_pipeline_v2.trigger_glue_migration manual__2026-05-19T13:32:08.286668+00:00 [queued]>
[2026-05-19T13:32:12.370+0000] {taskinstance.py:2306} INFO - Starting attempt 1 of 5
[2026-05-19T13:32:12.393+0000] {taskinstance.py:2330} INFO - Executing <Task(GlueJobOperator): trigger_glue_migration> on 2026-05-19 13:32:08.286668+00:00
[2026-05-19T13:32:12.408+0000] {standard_task_runner.py:90} INFO - Running: ['***', 'tasks', 'run', 'stackoverflow_medallion_pipeline_v2', 'trigger_glue_migration', 'manual__2026-05-19T13:32:08.286668+00:00', '--job-id', '198', '--raw', '--subdir', 'DAGS_FOLDER/stackoverflow_migration_dag.py', '--cfg-path', '/tmp/tmpux9d1khj']
[2026-05-19T13:32:12.417+0000] {standard_task_runner.py:91} INFO - Job 198: Subtask trigger_glue_migration
[2026-05-19T13:32:12.419+0000] {logging_mixin.py:188} WARNING - /home/***/.local/lib/python3.12/site-packages/***/task/task_runner/standard_task_runner.py:61 DeprecationWarning: This process (pid=751) is multi-threaded, use of fork() may lead to deadlocks in the child.
[2026-05-19T13:32:12.420+0000] {standard_task_runner.py:63} INFO - Started process 752 to run task
[2026-05-19T13:32:12.638+0000] {task_command.py:426} INFO - Running <TaskInstance: stackoverflow_medallion_pipeline_v2.trigger_glue_migration manual__2026-05-19T13:32:08.286668+00:00 [running]> on host 7e778e631a73
[2026-05-19T13:32:13.142+0000] {taskinstance.py:2648} INFO - Exporting env vars: AIRFLOW_CTX_DAG_OWNER='Aniket Shinde' AIRFLOW_CTX_DAG_ID='stackoverflow_medallion_pipeline_v2' AIRFLOW_CTX_TASK_ID='trigger_glue_migration' AIRFLOW_CTX_EXECUTION_DATE='2026-05-19T13:32:08.286668+00:00' AIRFLOW_CTX_TRY_NUMBER='1' AIRFLOW_CTX_DAG_RUN_ID='manual__2026-05-19T13:32:08.286668+00:00'
[2026-05-19T13:32:13.148+0000] {taskinstance.py:430} INFO - ::endgroup::
[2026-05-19T13:32:13.198+0000] {glue.py:173} INFO - Initializing AWS Glue Job: BigQ_to_S3_2. Wait for completion: True
[2026-05-19T13:32:13.200+0000] {glue.py:364} INFO - Checking if job already exists: BigQ_to_S3_2
[2026-05-19T13:32:13.284+0000] {base.py:84} INFO - Using connection ID 'aws_default' for task execution.
[2026-05-19T13:32:13.287+0000] {connection_wrapper.py:384} INFO - AWS Connection (conn_id='aws_default', conn_type='aws') credentials retrieved from login and password.
[2026-05-19T13:32:16.447+0000] {glue.py:194} INFO - You can monitor this Glue Job run at: https://console.aws.amazon.com/gluestudio/home?region=us-east-1#/job/BigQ_to_S3_2/run/jr_f907de51d9a54c892f282718f61c0c97e322129dcf7dd01e2e25d6e3e7a81468
[2026-05-19T13:32:16.792+0000] {glue.py:347} INFO - Polling for AWS Glue Job BigQ_to_S3_2 current run state with status RUNNING
[2026-05-19T13:32:23.154+0000] {glue.py:347} INFO - Polling for AWS Glue Job BigQ_to_S3_2 current run state with status RUNNING
[2026-05-19T13:32:29.516+0000] {glue.py:347} INFO - Polling for AWS Glue Job BigQ_to_S3_2 current run state with status RUNNING
[2026-05-19T13:32:35.899+0000] {glue.py:347} INFO - Polling for AWS Glue Job BigQ_to_S3_2 current run state with status RUNNING
[2026-05-19T13:32:42.273+0000] {glue.py:347} INFO - Polling for AWS Glue Job BigQ_to_S3_2 current run state with status RUNNING
[2026-05-19T13:32:48.664+0000] {glue.py:347} INFO - Polling for AWS Glue Job BigQ_to_S3_2 current run state with status RUNNING
[2026-05-19T13:32:55.013+0000] {glue.py:347} INFO - Polling for AWS Glue Job BigQ_to_S3_2 current run state with status RUNNING
[2026-05-19T13:33:01.381+0000] {glue.py:347} INFO - Polling for AWS Glue Job BigQ_to_S3_2 current run state with status RUNNING
[2026-05-19T13:33:07.755+0000] {glue.py:347} INFO - Polling for AWS Glue Job BigQ_to_S3_2 current run state with status RUNNING
[2026-05-19T13:33:14.148+0000] {glue.py:347} INFO - Polling for AWS Glue Job BigQ_to_S3_2 current run state with status RUNNING
[2026-05-19T13:33:20.514+0000] {glue.py:347} INFO - Polling for AWS Glue Job BigQ_to_S3_2 current run state with status RUNNING
[2026-05-19T13:33:26.899+0000] {glue.py:347} INFO - Polling for AWS Glue Job BigQ_to_S3_2 current run state with status RUNNING
[2026-05-19T13:33:33.266+0000] {glue.py:347} INFO - Polling for AWS Glue Job BigQ_to_S3_2 current run state with status RUNNING
[2026-05-19T13:33:39.655+0000] {glue.py:347} INFO - Polling for AWS Glue Job BigQ_to_S3_2 current run state with status RUNNING
[2026-05-19T13:33:46.146+0000] {glue.py:347} INFO - Polling for AWS Glue Job BigQ_to_S3_2 current run state with status RUNNING
[2026-05-19T13:33:52.770+0000] {glue.py:347} INFO - Polling for AWS Glue Job BigQ_to_S3_2 current run state with status RUNNING
[2026-05-19T13:33:59.138+0000] {glue.py:347} INFO - Polling for AWS Glue Job BigQ_to_S3_2 current run state with status RUNNING
[2026-05-19T13:34:05.511+0000] {glue.py:347} INFO - Polling for AWS Glue Job BigQ_to_S3_2 current run state with status RUNNING
[2026-05-19T13:34:11.862+0000] {glue.py:347} INFO - Polling for AWS Glue Job BigQ_to_S3_2 current run state with status RUNNING
[2026-05-19T13:34:18.235+0000] {glue.py:347} INFO - Polling for AWS Glue Job BigQ_to_S3_2 current run state with status RUNNING
[2026-05-19T13:34:24.600+0000] {glue.py:347} INFO - Polling for AWS Glue Job BigQ_to_S3_2 current run state with status RUNNING
[2026-05-19T13:34:30.938+0000] {glue.py:340} INFO - Exiting Job jr_f907de51d9a54c892f282718f61c0c97e322129dcf7dd01e2e25d6e3e7a81468 Run State: SUCCEEDED
[2026-05-19T13:34:30.939+0000] {glue.py:209} INFO - AWS Glue Job: BigQ_to_S3_2 status: SUCCEEDED. Run Id: jr_f907de51d9a54c892f282718f61c0c97e322129dcf7dd01e2e25d6e3e7a81468
[2026-05-19T13:34:30.940+0000] {taskinstance.py:441} INFO - ::group::Post task execution logs
[2026-05-19T13:34:31.053+0000] {taskinstance.py:1206} INFO - Marking task as SUCCESS. dag_id=stackoverflow_medallion_pipeline_v2, task_id=trigger_glue_migration, run_id=manual__2026-05-19T13:32:08.286668+00:00, execution_date=20260519T133208, start_date=20260519T133212, end_date=20260519T133431
[2026-05-19T13:34:31.120+0000] {local_task_job_runner.py:240} INFO - Task exited with return code 0
[2026-05-19T13:34:31.195+0000] {taskinstance.py:3498} INFO - 1 downstream tasks scheduled from follow-on schedule check
[2026-05-19T13:34:31.199+0000] {local_task_job_runner.py:222} INFO - ::endgroup::
