[2026-05-05T15:17:33.203+0000] {processor.py:161} INFO - Started process (PID=164) to work on /opt/airflow/dags/stackoverflow_migration_dag.py
[2026-05-05T15:17:33.205+0000] {processor.py:830} INFO - Processing file /opt/airflow/dags/stackoverflow_migration_dag.py for tasks to queue
[2026-05-05T15:17:33.210+0000] {logging_mixin.py:188} INFO - [2026-05-05T15:17:33.209+0000] {dagbag.py:545} INFO - Filling up the DagBag from /opt/airflow/dags/stackoverflow_migration_dag.py
[2026-05-05T15:17:33.315+0000] {processor.py:840} INFO - DAG(s) 'stackoverflow_medallion_pipeline' retrieved from /opt/airflow/dags/stackoverflow_migration_dag.py
[2026-05-05T15:17:33.904+0000] {logging_mixin.py:188} INFO - [2026-05-05T15:17:33.904+0000] {dag.py:3096} INFO - Sync 1 DAGs
[2026-05-05T15:17:34.000+0000] {logging_mixin.py:188} INFO - [2026-05-05T15:17:33.999+0000] {dag.py:3954} INFO - Setting next_dagrun for stackoverflow_medallion_pipeline to 2026-05-04 00:00:00+00:00, run_after=2026-05-05 00:00:00+00:00
[2026-05-05T15:17:34.066+0000] {processor.py:183} INFO - Processing /opt/airflow/dags/stackoverflow_migration_dag.py took 0.885 seconds
[2026-05-05T15:18:04.348+0000] {processor.py:161} INFO - Started process (PID=169) to work on /opt/airflow/dags/stackoverflow_migration_dag.py
[2026-05-05T15:18:04.350+0000] {processor.py:830} INFO - Processing file /opt/airflow/dags/stackoverflow_migration_dag.py for tasks to queue
[2026-05-05T15:18:04.354+0000] {logging_mixin.py:188} INFO - [2026-05-05T15:18:04.353+0000] {dagbag.py:545} INFO - Filling up the DagBag from /opt/airflow/dags/stackoverflow_migration_dag.py
[2026-05-05T15:18:04.395+0000] {processor.py:840} INFO - DAG(s) 'stackoverflow_medallion_pipeline' retrieved from /opt/airflow/dags/stackoverflow_migration_dag.py
[2026-05-05T15:18:04.469+0000] {logging_mixin.py:188} INFO - [2026-05-05T15:18:04.469+0000] {dag.py:3096} INFO - Sync 1 DAGs
[2026-05-05T15:18:04.528+0000] {logging_mixin.py:188} INFO - [2026-05-05T15:18:04.528+0000] {dag.py:3954} INFO - Setting next_dagrun for stackoverflow_medallion_pipeline to 2026-05-04 00:00:00+00:00, run_after=2026-05-05 00:00:00+00:00
[2026-05-05T15:18:04.571+0000] {processor.py:183} INFO - Processing /opt/airflow/dags/stackoverflow_migration_dag.py took 0.234 seconds
[2026-05-05T15:18:34.689+0000] {processor.py:161} INFO - Started process (PID=174) to work on /opt/airflow/dags/stackoverflow_migration_dag.py
[2026-05-05T15:18:34.691+0000] {processor.py:830} INFO - Processing file /opt/airflow/dags/stackoverflow_migration_dag.py for tasks to queue
[2026-05-05T15:18:34.694+0000] {logging_mixin.py:188} INFO - [2026-05-05T15:18:34.693+0000] {dagbag.py:545} INFO - Filling up the DagBag from /opt/airflow/dags/stackoverflow_migration_dag.py
[2026-05-05T15:18:34.734+0000] {processor.py:840} INFO - DAG(s) 'stackoverflow_medallion_pipeline' retrieved from /opt/airflow/dags/stackoverflow_migration_dag.py
[2026-05-05T15:18:34.804+0000] {logging_mixin.py:188} INFO - [2026-05-05T15:18:34.804+0000] {dag.py:3096} INFO - Sync 1 DAGs
[2026-05-05T15:18:34.853+0000] {logging_mixin.py:188} INFO - [2026-05-05T15:18:34.852+0000] {dag.py:3954} INFO - Setting next_dagrun for stackoverflow_medallion_pipeline to 2026-05-04 00:00:00+00:00, run_after=2026-05-05 00:00:00+00:00
[2026-05-05T15:18:34.894+0000] {processor.py:183} INFO - Processing /opt/airflow/dags/stackoverflow_migration_dag.py took 0.216 seconds
[2026-05-05T15:19:05.160+0000] {processor.py:161} INFO - Started process (PID=181) to work on /opt/airflow/dags/stackoverflow_migration_dag.py
[2026-05-05T15:19:05.162+0000] {processor.py:830} INFO - Processing file /opt/airflow/dags/stackoverflow_migration_dag.py for tasks to queue
[2026-05-05T15:19:05.165+0000] {logging_mixin.py:188} INFO - [2026-05-05T15:19:05.164+0000] {dagbag.py:545} INFO - Filling up the DagBag from /opt/airflow/dags/stackoverflow_migration_dag.py
[2026-05-05T15:19:05.204+0000] {processor.py:840} INFO - DAG(s) 'stackoverflow_medallion_pipeline' retrieved from /opt/airflow/dags/stackoverflow_migration_dag.py
[2026-05-05T15:19:05.274+0000] {logging_mixin.py:188} INFO - [2026-05-05T15:19:05.273+0000] {dag.py:3096} INFO - Sync 1 DAGs
[2026-05-05T15:19:05.324+0000] {logging_mixin.py:188} INFO - [2026-05-05T15:19:05.324+0000] {dag.py:3954} INFO - Setting next_dagrun for stackoverflow_medallion_pipeline to 2026-05-05 00:00:00+00:00, run_after=2026-05-06 00:00:00+00:00
[2026-05-05T15:19:05.364+0000] {processor.py:183} INFO - Processing /opt/airflow/dags/stackoverflow_migration_dag.py took 0.214 seconds
[2026-05-05T15:19:35.491+0000] {processor.py:161} INFO - Started process (PID=186) to work on /opt/airflow/dags/stackoverflow_migration_dag.py
[2026-05-05T15:19:35.493+0000] {processor.py:830} INFO - Processing file /opt/airflow/dags/stackoverflow_migration_dag.py for tasks to queue
[2026-05-05T15:19:35.496+0000] {logging_mixin.py:188} INFO - [2026-05-05T15:19:35.495+0000] {dagbag.py:545} INFO - Filling up the DagBag from /opt/airflow/dags/stackoverflow_migration_dag.py
[2026-05-05T15:19:35.534+0000] {processor.py:840} INFO - DAG(s) 'stackoverflow_medallion_pipeline' retrieved from /opt/airflow/dags/stackoverflow_migration_dag.py
[2026-05-05T15:19:35.600+0000] {logging_mixin.py:188} INFO - [2026-05-05T15:19:35.600+0000] {dag.py:3096} INFO - Sync 1 DAGs
[2026-05-05T15:19:35.650+0000] {logging_mixin.py:188} INFO - [2026-05-05T15:19:35.650+0000] {dag.py:3954} INFO - Setting next_dagrun for stackoverflow_medallion_pipeline to 2026-05-05 00:00:00+00:00, run_after=2026-05-06 00:00:00+00:00
[2026-05-05T15:19:35.692+0000] {processor.py:183} INFO - Processing /opt/airflow/dags/stackoverflow_migration_dag.py took 0.210 seconds
[2026-05-05T15:20:05.941+0000] {processor.py:161} INFO - Started process (PID=191) to work on /opt/airflow/dags/stackoverflow_migration_dag.py
[2026-05-05T15:20:05.942+0000] {processor.py:830} INFO - Processing file /opt/airflow/dags/stackoverflow_migration_dag.py for tasks to queue
[2026-05-05T15:20:05.946+0000] {logging_mixin.py:188} INFO - [2026-05-05T15:20:05.945+0000] {dagbag.py:545} INFO - Filling up the DagBag from /opt/airflow/dags/stackoverflow_migration_dag.py
[2026-05-05T15:20:05.981+0000] {processor.py:840} INFO - DAG(s) 'stackoverflow_medallion_pipeline' retrieved from /opt/airflow/dags/stackoverflow_migration_dag.py
[2026-05-05T15:20:06.045+0000] {logging_mixin.py:188} INFO - [2026-05-05T15:20:06.044+0000] {dag.py:3096} INFO - Sync 1 DAGs
[2026-05-05T15:20:06.096+0000] {logging_mixin.py:188} INFO - [2026-05-05T15:20:06.094+0000] {dag.py:3954} INFO - Setting next_dagrun for stackoverflow_medallion_pipeline to 2026-05-05 00:00:00+00:00, run_after=2026-05-06 00:00:00+00:00
[2026-05-05T15:20:06.138+0000] {processor.py:183} INFO - Processing /opt/airflow/dags/stackoverflow_migration_dag.py took 0.207 seconds
[2026-05-05T15:20:36.284+0000] {processor.py:161} INFO - Started process (PID=196) to work on /opt/airflow/dags/stackoverflow_migration_dag.py
[2026-05-05T15:20:36.286+0000] {processor.py:830} INFO - Processing file /opt/airflow/dags/stackoverflow_migration_dag.py for tasks to queue
[2026-05-05T15:20:36.289+0000] {logging_mixin.py:188} INFO - [2026-05-05T15:20:36.289+0000] {dagbag.py:545} INFO - Filling up the DagBag from /opt/airflow/dags/stackoverflow_migration_dag.py
[2026-05-05T15:20:36.327+0000] {processor.py:840} INFO - DAG(s) 'stackoverflow_medallion_pipeline' retrieved from /opt/airflow/dags/stackoverflow_migration_dag.py
[2026-05-05T15:20:36.397+0000] {logging_mixin.py:188} INFO - [2026-05-05T15:20:36.397+0000] {dag.py:3096} INFO - Sync 1 DAGs
[2026-05-05T15:20:36.444+0000] {logging_mixin.py:188} INFO - [2026-05-05T15:20:36.444+0000] {dag.py:3954} INFO - Setting next_dagrun for stackoverflow_medallion_pipeline to 2026-05-05 00:00:00+00:00, run_after=2026-05-06 00:00:00+00:00
[2026-05-05T15:20:36.483+0000] {processor.py:183} INFO - Processing /opt/airflow/dags/stackoverflow_migration_dag.py took 0.207 seconds
[2026-05-05T15:21:06.683+0000] {processor.py:161} INFO - Started process (PID=204) to work on /opt/airflow/dags/stackoverflow_migration_dag.py
[2026-05-05T15:21:06.685+0000] {processor.py:830} INFO - Processing file /opt/airflow/dags/stackoverflow_migration_dag.py for tasks to queue
[2026-05-05T15:21:06.689+0000] {logging_mixin.py:188} INFO - [2026-05-05T15:21:06.688+0000] {dagbag.py:545} INFO - Filling up the DagBag from /opt/airflow/dags/stackoverflow_migration_dag.py
[2026-05-05T15:21:06.728+0000] {processor.py:840} INFO - DAG(s) 'stackoverflow_medallion_pipeline' retrieved from /opt/airflow/dags/stackoverflow_migration_dag.py
[2026-05-05T15:21:06.797+0000] {logging_mixin.py:188} INFO - [2026-05-05T15:21:06.797+0000] {dag.py:3096} INFO - Sync 1 DAGs
[2026-05-05T15:21:06.848+0000] {logging_mixin.py:188} INFO - [2026-05-05T15:21:06.848+0000] {dag.py:3954} INFO - Setting next_dagrun for stackoverflow_medallion_pipeline to 2026-05-05 00:00:00+00:00, run_after=2026-05-06 00:00:00+00:00
[2026-05-05T15:21:06.888+0000] {processor.py:183} INFO - Processing /opt/airflow/dags/stackoverflow_migration_dag.py took 0.214 seconds
[2026-05-05T15:21:37.004+0000] {processor.py:161} INFO - Started process (PID=225) to work on /opt/airflow/dags/stackoverflow_migration_dag.py
[2026-05-05T15:21:37.005+0000] {processor.py:830} INFO - Processing file /opt/airflow/dags/stackoverflow_migration_dag.py for tasks to queue
[2026-05-05T15:21:37.008+0000] {logging_mixin.py:188} INFO - [2026-05-05T15:21:37.007+0000] {dagbag.py:545} INFO - Filling up the DagBag from /opt/airflow/dags/stackoverflow_migration_dag.py
[2026-05-05T15:21:37.045+0000] {processor.py:840} INFO - DAG(s) 'stackoverflow_medallion_pipeline' retrieved from /opt/airflow/dags/stackoverflow_migration_dag.py
[2026-05-05T15:21:37.126+0000] {logging_mixin.py:188} INFO - [2026-05-05T15:21:37.126+0000] {dag.py:3096} INFO - Sync 1 DAGs
[2026-05-05T15:21:37.175+0000] {logging_mixin.py:188} INFO - [2026-05-05T15:21:37.175+0000] {dag.py:3954} INFO - Setting next_dagrun for stackoverflow_medallion_pipeline to 2026-05-05 00:00:00+00:00, run_after=2026-05-06 00:00:00+00:00
[2026-05-05T15:21:37.215+0000] {processor.py:183} INFO - Processing /opt/airflow/dags/stackoverflow_migration_dag.py took 0.219 seconds
[2026-05-05T15:22:07.478+0000] {processor.py:161} INFO - Started process (PID=230) to work on /opt/airflow/dags/stackoverflow_migration_dag.py
[2026-05-05T15:22:07.480+0000] {processor.py:830} INFO - Processing file /opt/airflow/dags/stackoverflow_migration_dag.py for tasks to queue
[2026-05-05T15:22:07.484+0000] {logging_mixin.py:188} INFO - [2026-05-05T15:22:07.483+0000] {dagbag.py:545} INFO - Filling up the DagBag from /opt/airflow/dags/stackoverflow_migration_dag.py
[2026-05-05T15:22:07.530+0000] {processor.py:840} INFO - DAG(s) 'stackoverflow_medallion_pipeline' retrieved from /opt/airflow/dags/stackoverflow_migration_dag.py
[2026-05-05T15:22:07.609+0000] {logging_mixin.py:188} INFO - [2026-05-05T15:22:07.609+0000] {dag.py:3096} INFO - Sync 1 DAGs
[2026-05-05T15:22:07.666+0000] {logging_mixin.py:188} INFO - [2026-05-05T15:22:07.666+0000] {dag.py:3954} INFO - Setting next_dagrun for stackoverflow_medallion_pipeline to 2026-05-05 00:00:00+00:00, run_after=2026-05-06 00:00:00+00:00
[2026-05-05T15:22:07.711+0000] {processor.py:183} INFO - Processing /opt/airflow/dags/stackoverflow_migration_dag.py took 0.240 seconds
[2026-05-05T15:22:37.866+0000] {processor.py:161} INFO - Started process (PID=235) to work on /opt/airflow/dags/stackoverflow_migration_dag.py
[2026-05-05T15:22:37.868+0000] {processor.py:830} INFO - Processing file /opt/airflow/dags/stackoverflow_migration_dag.py for tasks to queue
[2026-05-05T15:22:37.871+0000] {logging_mixin.py:188} INFO - [2026-05-05T15:22:37.871+0000] {dagbag.py:545} INFO - Filling up the DagBag from /opt/airflow/dags/stackoverflow_migration_dag.py
[2026-05-05T15:22:37.913+0000] {processor.py:840} INFO - DAG(s) 'stackoverflow_medallion_pipeline' retrieved from /opt/airflow/dags/stackoverflow_migration_dag.py
[2026-05-05T15:22:38.003+0000] {logging_mixin.py:188} INFO - [2026-05-05T15:22:38.003+0000] {dag.py:3096} INFO - Sync 1 DAGs
[2026-05-05T15:22:38.063+0000] {logging_mixin.py:188} INFO - [2026-05-05T15:22:38.063+0000] {dag.py:3954} INFO - Setting next_dagrun for stackoverflow_medallion_pipeline to 2026-05-05 00:00:00+00:00, run_after=2026-05-06 00:00:00+00:00
[2026-05-05T15:22:38.112+0000] {processor.py:183} INFO - Processing /opt/airflow/dags/stackoverflow_migration_dag.py took 0.254 seconds
[2026-05-05T15:23:08.252+0000] {processor.py:161} INFO - Started process (PID=240) to work on /opt/airflow/dags/stackoverflow_migration_dag.py
[2026-05-05T15:23:08.254+0000] {processor.py:830} INFO - Processing file /opt/airflow/dags/stackoverflow_migration_dag.py for tasks to queue
[2026-05-05T15:23:08.256+0000] {logging_mixin.py:188} INFO - [2026-05-05T15:23:08.256+0000] {dagbag.py:545} INFO - Filling up the DagBag from /opt/airflow/dags/stackoverflow_migration_dag.py
[2026-05-05T15:23:08.295+0000] {processor.py:840} INFO - DAG(s) 'stackoverflow_medallion_pipeline' retrieved from /opt/airflow/dags/stackoverflow_migration_dag.py
[2026-05-05T15:23:08.374+0000] {logging_mixin.py:188} INFO - [2026-05-05T15:23:08.374+0000] {dag.py:3096} INFO - Sync 1 DAGs
[2026-05-05T15:23:08.424+0000] {logging_mixin.py:188} INFO - [2026-05-05T15:23:08.424+0000] {dag.py:3954} INFO - Setting next_dagrun for stackoverflow_medallion_pipeline to 2026-05-05 00:00:00+00:00, run_after=2026-05-06 00:00:00+00:00
[2026-05-05T15:23:08.467+0000] {processor.py:183} INFO - Processing /opt/airflow/dags/stackoverflow_migration_dag.py took 0.224 seconds
[2026-05-05T15:23:38.710+0000] {processor.py:161} INFO - Started process (PID=245) to work on /opt/airflow/dags/stackoverflow_migration_dag.py
[2026-05-05T15:23:38.712+0000] {processor.py:830} INFO - Processing file /opt/airflow/dags/stackoverflow_migration_dag.py for tasks to queue
[2026-05-05T15:23:38.715+0000] {logging_mixin.py:188} INFO - [2026-05-05T15:23:38.714+0000] {dagbag.py:545} INFO - Filling up the DagBag from /opt/airflow/dags/stackoverflow_migration_dag.py
[2026-05-05T15:23:38.755+0000] {processor.py:840} INFO - DAG(s) 'stackoverflow_medallion_pipeline' retrieved from /opt/airflow/dags/stackoverflow_migration_dag.py
[2026-05-05T15:23:38.824+0000] {logging_mixin.py:188} INFO - [2026-05-05T15:23:38.824+0000] {dag.py:3096} INFO - Sync 1 DAGs
[2026-05-05T15:23:38.878+0000] {logging_mixin.py:188} INFO - [2026-05-05T15:23:38.878+0000] {dag.py:3954} INFO - Setting next_dagrun for stackoverflow_medallion_pipeline to 2026-05-05 00:00:00+00:00, run_after=2026-05-06 00:00:00+00:00
[2026-05-05T15:23:38.920+0000] {processor.py:183} INFO - Processing /opt/airflow/dags/stackoverflow_migration_dag.py took 0.218 seconds
[2026-05-05T15:24:09.043+0000] {processor.py:161} INFO - Started process (PID=250) to work on /opt/airflow/dags/stackoverflow_migration_dag.py
[2026-05-05T15:24:09.045+0000] {processor.py:830} INFO - Processing file /opt/airflow/dags/stackoverflow_migration_dag.py for tasks to queue
[2026-05-05T15:24:09.048+0000] {logging_mixin.py:188} INFO - [2026-05-05T15:24:09.048+0000] {dagbag.py:545} INFO - Filling up the DagBag from /opt/airflow/dags/stackoverflow_migration_dag.py
[2026-05-05T15:24:09.088+0000] {processor.py:840} INFO - DAG(s) 'stackoverflow_medallion_pipeline' retrieved from /opt/airflow/dags/stackoverflow_migration_dag.py
[2026-05-05T15:24:09.156+0000] {logging_mixin.py:188} INFO - [2026-05-05T15:24:09.156+0000] {dag.py:3096} INFO - Sync 1 DAGs
[2026-05-05T15:24:09.202+0000] {logging_mixin.py:188} INFO - [2026-05-05T15:24:09.202+0000] {dag.py:3954} INFO - Setting next_dagrun for stackoverflow_medallion_pipeline to 2026-05-05 00:00:00+00:00, run_after=2026-05-06 00:00:00+00:00
[2026-05-05T15:24:09.244+0000] {processor.py:183} INFO - Processing /opt/airflow/dags/stackoverflow_migration_dag.py took 0.209 seconds
[2026-05-05T15:24:39.556+0000] {processor.py:161} INFO - Started process (PID=255) to work on /opt/airflow/dags/stackoverflow_migration_dag.py
[2026-05-05T15:24:39.558+0000] {processor.py:830} INFO - Processing file /opt/airflow/dags/stackoverflow_migration_dag.py for tasks to queue
[2026-05-05T15:24:39.561+0000] {logging_mixin.py:188} INFO - [2026-05-05T15:24:39.561+0000] {dagbag.py:545} INFO - Filling up the DagBag from /opt/airflow/dags/stackoverflow_migration_dag.py
[2026-05-05T15:24:39.602+0000] {processor.py:840} INFO - DAG(s) 'stackoverflow_medallion_pipeline' retrieved from /opt/airflow/dags/stackoverflow_migration_dag.py
[2026-05-05T15:24:39.676+0000] {logging_mixin.py:188} INFO - [2026-05-05T15:24:39.676+0000] {dag.py:3096} INFO - Sync 1 DAGs
[2026-05-05T15:24:39.727+0000] {logging_mixin.py:188} INFO - [2026-05-05T15:24:39.727+0000] {dag.py:3954} INFO - Setting next_dagrun for stackoverflow_medallion_pipeline to 2026-05-05 00:00:00+00:00, run_after=2026-05-06 00:00:00+00:00
[2026-05-05T15:24:39.772+0000] {processor.py:183} INFO - Processing /opt/airflow/dags/stackoverflow_migration_dag.py took 0.225 seconds
[2026-05-05T15:25:09.886+0000] {processor.py:161} INFO - Started process (PID=260) to work on /opt/airflow/dags/stackoverflow_migration_dag.py
[2026-05-05T15:25:09.888+0000] {processor.py:830} INFO - Processing file /opt/airflow/dags/stackoverflow_migration_dag.py for tasks to queue
[2026-05-05T15:25:09.890+0000] {logging_mixin.py:188} INFO - [2026-05-05T15:25:09.890+0000] {dagbag.py:545} INFO - Filling up the DagBag from /opt/airflow/dags/stackoverflow_migration_dag.py
[2026-05-05T15:25:09.928+0000] {processor.py:840} INFO - DAG(s) 'stackoverflow_medallion_pipeline' retrieved from /opt/airflow/dags/stackoverflow_migration_dag.py
[2026-05-05T15:25:09.994+0000] {logging_mixin.py:188} INFO - [2026-05-05T15:25:09.994+0000] {dag.py:3096} INFO - Sync 1 DAGs
[2026-05-05T15:25:10.045+0000] {logging_mixin.py:188} INFO - [2026-05-05T15:25:10.045+0000] {dag.py:3954} INFO - Setting next_dagrun for stackoverflow_medallion_pipeline to 2026-05-05 00:00:00+00:00, run_after=2026-05-06 00:00:00+00:00
[2026-05-05T15:25:10.088+0000] {processor.py:183} INFO - Processing /opt/airflow/dags/stackoverflow_migration_dag.py took 0.210 seconds
[2026-05-05T15:25:40.368+0000] {processor.py:161} INFO - Started process (PID=265) to work on /opt/airflow/dags/stackoverflow_migration_dag.py
[2026-05-05T15:25:40.370+0000] {processor.py:830} INFO - Processing file /opt/airflow/dags/stackoverflow_migration_dag.py for tasks to queue
[2026-05-05T15:25:40.373+0000] {logging_mixin.py:188} INFO - [2026-05-05T15:25:40.372+0000] {dagbag.py:545} INFO - Filling up the DagBag from /opt/airflow/dags/stackoverflow_migration_dag.py
[2026-05-05T15:25:40.413+0000] {processor.py:840} INFO - DAG(s) 'stackoverflow_medallion_pipeline' retrieved from /opt/airflow/dags/stackoverflow_migration_dag.py
[2026-05-05T15:25:40.482+0000] {logging_mixin.py:188} INFO - [2026-05-05T15:25:40.482+0000] {dag.py:3096} INFO - Sync 1 DAGs
[2026-05-05T15:25:40.536+0000] {logging_mixin.py:188} INFO - [2026-05-05T15:25:40.536+0000] {dag.py:3954} INFO - Setting next_dagrun for stackoverflow_medallion_pipeline to 2026-05-05 00:00:00+00:00, run_after=2026-05-06 00:00:00+00:00
[2026-05-05T15:25:40.576+0000] {processor.py:183} INFO - Processing /opt/airflow/dags/stackoverflow_migration_dag.py took 0.217 seconds
[2026-05-05T15:26:10.668+0000] {processor.py:161} INFO - Started process (PID=281) to work on /opt/airflow/dags/stackoverflow_migration_dag.py
[2026-05-05T15:26:10.670+0000] {processor.py:830} INFO - Processing file /opt/airflow/dags/stackoverflow_migration_dag.py for tasks to queue
[2026-05-05T15:26:10.673+0000] {logging_mixin.py:188} INFO - [2026-05-05T15:26:10.672+0000] {dagbag.py:545} INFO - Filling up the DagBag from /opt/airflow/dags/stackoverflow_migration_dag.py
[2026-05-05T15:26:10.713+0000] {processor.py:840} INFO - DAG(s) 'stackoverflow_medallion_pipeline' retrieved from /opt/airflow/dags/stackoverflow_migration_dag.py
[2026-05-05T15:26:10.783+0000] {logging_mixin.py:188} INFO - [2026-05-05T15:26:10.783+0000] {dag.py:3096} INFO - Sync 1 DAGs
[2026-05-05T15:26:10.832+0000] {logging_mixin.py:188} INFO - [2026-05-05T15:26:10.832+0000] {dag.py:3954} INFO - Setting next_dagrun for stackoverflow_medallion_pipeline to 2026-05-05 00:00:00+00:00, run_after=2026-05-06 00:00:00+00:00
[2026-05-05T15:26:10.872+0000] {processor.py:183} INFO - Processing /opt/airflow/dags/stackoverflow_migration_dag.py took 0.213 seconds
[2026-05-05T15:26:41.090+0000] {processor.py:161} INFO - Started process (PID=297) to work on /opt/airflow/dags/stackoverflow_migration_dag.py
[2026-05-05T15:26:41.091+0000] {processor.py:830} INFO - Processing file /opt/airflow/dags/stackoverflow_migration_dag.py for tasks to queue
[2026-05-05T15:26:41.094+0000] {logging_mixin.py:188} INFO - [2026-05-05T15:26:41.094+0000] {dagbag.py:545} INFO - Filling up the DagBag from /opt/airflow/dags/stackoverflow_migration_dag.py
[2026-05-05T15:26:41.132+0000] {processor.py:840} INFO - DAG(s) 'stackoverflow_medallion_pipeline' retrieved from /opt/airflow/dags/stackoverflow_migration_dag.py
[2026-05-05T15:26:41.201+0000] {logging_mixin.py:188} INFO - [2026-05-05T15:26:41.201+0000] {dag.py:3096} INFO - Sync 1 DAGs
[2026-05-05T15:26:41.254+0000] {logging_mixin.py:188} INFO - [2026-05-05T15:26:41.254+0000] {dag.py:3954} INFO - Setting next_dagrun for stackoverflow_medallion_pipeline to 2026-05-05 00:00:00+00:00, run_after=2026-05-06 00:00:00+00:00
[2026-05-05T15:26:41.298+0000] {processor.py:183} INFO - Processing /opt/airflow/dags/stackoverflow_migration_dag.py took 0.218 seconds
[2026-05-05T15:27:11.463+0000] {processor.py:161} INFO - Started process (PID=302) to work on /opt/airflow/dags/stackoverflow_migration_dag.py
[2026-05-05T15:27:11.464+0000] {processor.py:830} INFO - Processing file /opt/airflow/dags/stackoverflow_migration_dag.py for tasks to queue
[2026-05-05T15:27:11.466+0000] {logging_mixin.py:188} INFO - [2026-05-05T15:27:11.466+0000] {dagbag.py:545} INFO - Filling up the DagBag from /opt/airflow/dags/stackoverflow_migration_dag.py
[2026-05-05T15:27:11.496+0000] {processor.py:840} INFO - DAG(s) 'stackoverflow_medallion_pipeline' retrieved from /opt/airflow/dags/stackoverflow_migration_dag.py
[2026-05-05T15:27:11.555+0000] {logging_mixin.py:188} INFO - [2026-05-05T15:27:11.554+0000] {dag.py:3096} INFO - Sync 1 DAGs
[2026-05-05T15:27:11.599+0000] {logging_mixin.py:188} INFO - [2026-05-05T15:27:11.599+0000] {dag.py:3954} INFO - Setting next_dagrun for stackoverflow_medallion_pipeline to 2026-05-05 00:00:00+00:00, run_after=2026-05-06 00:00:00+00:00
[2026-05-05T15:27:11.635+0000] {processor.py:183} INFO - Processing /opt/airflow/dags/stackoverflow_migration_dag.py took 0.180 seconds
[2026-05-05T15:27:41.922+0000] {processor.py:161} INFO - Started process (PID=307) to work on /opt/airflow/dags/stackoverflow_migration_dag.py
[2026-05-05T15:27:41.923+0000] {processor.py:830} INFO - Processing file /opt/airflow/dags/stackoverflow_migration_dag.py for tasks to queue
[2026-05-05T15:27:41.926+0000] {logging_mixin.py:188} INFO - [2026-05-05T15:27:41.925+0000] {dagbag.py:545} INFO - Filling up the DagBag from /opt/airflow/dags/stackoverflow_migration_dag.py
[2026-05-05T15:27:41.959+0000] {processor.py:840} INFO - DAG(s) 'stackoverflow_medallion_pipeline' retrieved from /opt/airflow/dags/stackoverflow_migration_dag.py
[2026-05-05T15:27:42.034+0000] {logging_mixin.py:188} INFO - [2026-05-05T15:27:42.033+0000] {dag.py:3096} INFO - Sync 1 DAGs
[2026-05-05T15:27:42.086+0000] {logging_mixin.py:188} INFO - [2026-05-05T15:27:42.086+0000] {dag.py:3954} INFO - Setting next_dagrun for stackoverflow_medallion_pipeline to 2026-05-05 00:00:00+00:00, run_after=2026-05-06 00:00:00+00:00
[2026-05-05T15:27:42.126+0000] {processor.py:183} INFO - Processing /opt/airflow/dags/stackoverflow_migration_dag.py took 0.212 seconds
[2026-05-05T15:28:12.304+0000] {processor.py:161} INFO - Started process (PID=312) to work on /opt/airflow/dags/stackoverflow_migration_dag.py
[2026-05-05T15:28:12.305+0000] {processor.py:830} INFO - Processing file /opt/airflow/dags/stackoverflow_migration_dag.py for tasks to queue
[2026-05-05T15:28:12.308+0000] {logging_mixin.py:188} INFO - [2026-05-05T15:28:12.307+0000] {dagbag.py:545} INFO - Filling up the DagBag from /opt/airflow/dags/stackoverflow_migration_dag.py
[2026-05-05T15:28:12.343+0000] {processor.py:840} INFO - DAG(s) 'stackoverflow_medallion_pipeline' retrieved from /opt/airflow/dags/stackoverflow_migration_dag.py
[2026-05-05T15:28:12.406+0000] {logging_mixin.py:188} INFO - [2026-05-05T15:28:12.406+0000] {dag.py:3096} INFO - Sync 1 DAGs
[2026-05-05T15:28:12.453+0000] {logging_mixin.py:188} INFO - [2026-05-05T15:28:12.453+0000] {dag.py:3954} INFO - Setting next_dagrun for stackoverflow_medallion_pipeline to 2026-05-05 00:00:00+00:00, run_after=2026-05-06 00:00:00+00:00
[2026-05-05T15:28:12.492+0000] {processor.py:183} INFO - Processing /opt/airflow/dags/stackoverflow_migration_dag.py took 0.195 seconds
[2026-05-05T15:28:42.877+0000] {processor.py:161} INFO - Started process (PID=317) to work on /opt/airflow/dags/stackoverflow_migration_dag.py
[2026-05-05T15:28:42.879+0000] {processor.py:830} INFO - Processing file /opt/airflow/dags/stackoverflow_migration_dag.py for tasks to queue
[2026-05-05T15:28:42.881+0000] {logging_mixin.py:188} INFO - [2026-05-05T15:28:42.881+0000] {dagbag.py:545} INFO - Filling up the DagBag from /opt/airflow/dags/stackoverflow_migration_dag.py
[2026-05-05T15:28:42.916+0000] {processor.py:840} INFO - DAG(s) 'stackoverflow_medallion_pipeline' retrieved from /opt/airflow/dags/stackoverflow_migration_dag.py
[2026-05-05T15:28:42.977+0000] {logging_mixin.py:188} INFO - [2026-05-05T15:28:42.977+0000] {dag.py:3096} INFO - Sync 1 DAGs
[2026-05-05T15:28:43.025+0000] {logging_mixin.py:188} INFO - [2026-05-05T15:28:43.024+0000] {dag.py:3954} INFO - Setting next_dagrun for stackoverflow_medallion_pipeline to 2026-05-05 00:00:00+00:00, run_after=2026-05-06 00:00:00+00:00
[2026-05-05T15:28:43.064+0000] {processor.py:183} INFO - Processing /opt/airflow/dags/stackoverflow_migration_dag.py took 0.193 seconds
[2026-05-05T15:29:13.216+0000] {processor.py:161} INFO - Started process (PID=322) to work on /opt/airflow/dags/stackoverflow_migration_dag.py
[2026-05-05T15:29:13.218+0000] {processor.py:830} INFO - Processing file /opt/airflow/dags/stackoverflow_migration_dag.py for tasks to queue
[2026-05-05T15:29:13.220+0000] {logging_mixin.py:188} INFO - [2026-05-05T15:29:13.220+0000] {dagbag.py:545} INFO - Filling up the DagBag from /opt/airflow/dags/stackoverflow_migration_dag.py
[2026-05-05T15:29:13.252+0000] {processor.py:840} INFO - DAG(s) 'stackoverflow_medallion_pipeline' retrieved from /opt/airflow/dags/stackoverflow_migration_dag.py
[2026-05-05T15:29:13.312+0000] {logging_mixin.py:188} INFO - [2026-05-05T15:29:13.312+0000] {dag.py:3096} INFO - Sync 1 DAGs
[2026-05-05T15:29:13.357+0000] {logging_mixin.py:188} INFO - [2026-05-05T15:29:13.357+0000] {dag.py:3954} INFO - Setting next_dagrun for stackoverflow_medallion_pipeline to 2026-05-05 00:00:00+00:00, run_after=2026-05-06 00:00:00+00:00
[2026-05-05T15:29:13.396+0000] {processor.py:183} INFO - Processing /opt/airflow/dags/stackoverflow_migration_dag.py took 0.187 seconds
[2026-05-05T15:29:43.770+0000] {processor.py:161} INFO - Started process (PID=327) to work on /opt/airflow/dags/stackoverflow_migration_dag.py
[2026-05-05T15:29:43.772+0000] {processor.py:830} INFO - Processing file /opt/airflow/dags/stackoverflow_migration_dag.py for tasks to queue
[2026-05-05T15:29:43.774+0000] {logging_mixin.py:188} INFO - [2026-05-05T15:29:43.774+0000] {dagbag.py:545} INFO - Filling up the DagBag from /opt/airflow/dags/stackoverflow_migration_dag.py
[2026-05-05T15:29:43.808+0000] {processor.py:840} INFO - DAG(s) 'stackoverflow_medallion_pipeline' retrieved from /opt/airflow/dags/stackoverflow_migration_dag.py
[2026-05-05T15:29:43.870+0000] {logging_mixin.py:188} INFO - [2026-05-05T15:29:43.870+0000] {dag.py:3096} INFO - Sync 1 DAGs
[2026-05-05T15:29:43.918+0000] {logging_mixin.py:188} INFO - [2026-05-05T15:29:43.917+0000] {dag.py:3954} INFO - Setting next_dagrun for stackoverflow_medallion_pipeline to 2026-05-05 00:00:00+00:00, run_after=2026-05-06 00:00:00+00:00
[2026-05-05T15:29:43.957+0000] {processor.py:183} INFO - Processing /opt/airflow/dags/stackoverflow_migration_dag.py took 0.193 seconds
[2026-05-05T15:30:14.164+0000] {processor.py:161} INFO - Started process (PID=332) to work on /opt/airflow/dags/stackoverflow_migration_dag.py
[2026-05-05T15:30:14.165+0000] {processor.py:830} INFO - Processing file /opt/airflow/dags/stackoverflow_migration_dag.py for tasks to queue
[2026-05-05T15:30:14.168+0000] {logging_mixin.py:188} INFO - [2026-05-05T15:30:14.167+0000] {dagbag.py:545} INFO - Filling up the DagBag from /opt/airflow/dags/stackoverflow_migration_dag.py
[2026-05-05T15:30:14.206+0000] {processor.py:840} INFO - DAG(s) 'stackoverflow_medallion_pipeline' retrieved from /opt/airflow/dags/stackoverflow_migration_dag.py
[2026-05-05T15:30:14.269+0000] {logging_mixin.py:188} INFO - [2026-05-05T15:30:14.268+0000] {dag.py:3096} INFO - Sync 1 DAGs
[2026-05-05T15:30:14.316+0000] {logging_mixin.py:188} INFO - [2026-05-05T15:30:14.315+0000] {dag.py:3954} INFO - Setting next_dagrun for stackoverflow_medallion_pipeline to 2026-05-05 00:00:00+00:00, run_after=2026-05-06 00:00:00+00:00
[2026-05-05T15:30:14.355+0000] {processor.py:183} INFO - Processing /opt/airflow/dags/stackoverflow_migration_dag.py took 0.198 seconds
[2026-05-05T15:30:44.591+0000] {processor.py:161} INFO - Started process (PID=337) to work on /opt/airflow/dags/stackoverflow_migration_dag.py
[2026-05-05T15:30:44.592+0000] {processor.py:830} INFO - Processing file /opt/airflow/dags/stackoverflow_migration_dag.py for tasks to queue
[2026-05-05T15:30:44.595+0000] {logging_mixin.py:188} INFO - [2026-05-05T15:30:44.594+0000] {dagbag.py:545} INFO - Filling up the DagBag from /opt/airflow/dags/stackoverflow_migration_dag.py
[2026-05-05T15:30:44.629+0000] {processor.py:840} INFO - DAG(s) 'stackoverflow_medallion_pipeline' retrieved from /opt/airflow/dags/stackoverflow_migration_dag.py
[2026-05-05T15:30:44.695+0000] {logging_mixin.py:188} INFO - [2026-05-05T15:30:44.695+0000] {dag.py:3096} INFO - Sync 1 DAGs
[2026-05-05T15:30:44.742+0000] {logging_mixin.py:188} INFO - [2026-05-05T15:30:44.741+0000] {dag.py:3954} INFO - Setting next_dagrun for stackoverflow_medallion_pipeline to 2026-05-05 00:00:00+00:00, run_after=2026-05-06 00:00:00+00:00
[2026-05-05T15:30:44.781+0000] {processor.py:183} INFO - Processing /opt/airflow/dags/stackoverflow_migration_dag.py took 0.197 seconds
[2026-05-05T15:31:15.047+0000] {processor.py:161} INFO - Started process (PID=342) to work on /opt/airflow/dags/stackoverflow_migration_dag.py
[2026-05-05T15:31:15.049+0000] {processor.py:830} INFO - Processing file /opt/airflow/dags/stackoverflow_migration_dag.py for tasks to queue
[2026-05-05T15:31:15.052+0000] {logging_mixin.py:188} INFO - [2026-05-05T15:31:15.051+0000] {dagbag.py:545} INFO - Filling up the DagBag from /opt/airflow/dags/stackoverflow_migration_dag.py
[2026-05-05T15:31:15.090+0000] {processor.py:840} INFO - DAG(s) 'stackoverflow_medallion_pipeline' retrieved from /opt/airflow/dags/stackoverflow_migration_dag.py
[2026-05-05T15:31:15.161+0000] {logging_mixin.py:188} INFO - [2026-05-05T15:31:15.161+0000] {dag.py:3096} INFO - Sync 1 DAGs
[2026-05-05T15:31:15.207+0000] {logging_mixin.py:188} INFO - [2026-05-05T15:31:15.207+0000] {dag.py:3954} INFO - Setting next_dagrun for stackoverflow_medallion_pipeline to 2026-05-05 00:00:00+00:00, run_after=2026-05-06 00:00:00+00:00
[2026-05-05T15:31:15.246+0000] {processor.py:183} INFO - Processing /opt/airflow/dags/stackoverflow_migration_dag.py took 0.209 seconds
[2026-05-05T15:31:45.428+0000] {processor.py:161} INFO - Started process (PID=347) to work on /opt/airflow/dags/stackoverflow_migration_dag.py
[2026-05-05T15:31:45.429+0000] {processor.py:830} INFO - Processing file /opt/airflow/dags/stackoverflow_migration_dag.py for tasks to queue
[2026-05-05T15:31:45.432+0000] {logging_mixin.py:188} INFO - [2026-05-05T15:31:45.431+0000] {dagbag.py:545} INFO - Filling up the DagBag from /opt/airflow/dags/stackoverflow_migration_dag.py
[2026-05-05T15:31:45.466+0000] {processor.py:840} INFO - DAG(s) 'stackoverflow_medallion_pipeline' retrieved from /opt/airflow/dags/stackoverflow_migration_dag.py
[2026-05-05T15:31:45.531+0000] {logging_mixin.py:188} INFO - [2026-05-05T15:31:45.531+0000] {dag.py:3096} INFO - Sync 1 DAGs
[2026-05-05T15:31:45.592+0000] {logging_mixin.py:188} INFO - [2026-05-05T15:31:45.592+0000] {dag.py:3954} INFO - Setting next_dagrun for stackoverflow_medallion_pipeline to 2026-05-05 00:00:00+00:00, run_after=2026-05-06 00:00:00+00:00
[2026-05-05T15:31:45.762+0000] {processor.py:183} INFO - Processing /opt/airflow/dags/stackoverflow_migration_dag.py took 0.342 seconds
[2026-05-05T15:32:15.951+0000] {processor.py:161} INFO - Started process (PID=352) to work on /opt/airflow/dags/stackoverflow_migration_dag.py
[2026-05-05T15:32:15.952+0000] {processor.py:830} INFO - Processing file /opt/airflow/dags/stackoverflow_migration_dag.py for tasks to queue
[2026-05-05T15:32:15.955+0000] {logging_mixin.py:188} INFO - [2026-05-05T15:32:15.955+0000] {dagbag.py:545} INFO - Filling up the DagBag from /opt/airflow/dags/stackoverflow_migration_dag.py
[2026-05-05T15:32:15.990+0000] {processor.py:840} INFO - DAG(s) 'stackoverflow_medallion_pipeline' retrieved from /opt/airflow/dags/stackoverflow_migration_dag.py
[2026-05-05T15:32:16.051+0000] {logging_mixin.py:188} INFO - [2026-05-05T15:32:16.051+0000] {dag.py:3096} INFO - Sync 1 DAGs
[2026-05-05T15:32:16.097+0000] {logging_mixin.py:188} INFO - [2026-05-05T15:32:16.097+0000] {dag.py:3954} INFO - Setting next_dagrun for stackoverflow_medallion_pipeline to 2026-05-05 00:00:00+00:00, run_after=2026-05-06 00:00:00+00:00
[2026-05-05T15:32:16.134+0000] {processor.py:183} INFO - Processing /opt/airflow/dags/stackoverflow_migration_dag.py took 0.193 seconds
[2026-05-05T15:32:46.452+0000] {processor.py:161} INFO - Started process (PID=357) to work on /opt/airflow/dags/stackoverflow_migration_dag.py
[2026-05-05T15:32:46.454+0000] {processor.py:830} INFO - Processing file /opt/airflow/dags/stackoverflow_migration_dag.py for tasks to queue
[2026-05-05T15:32:46.456+0000] {logging_mixin.py:188} INFO - [2026-05-05T15:32:46.456+0000] {dagbag.py:545} INFO - Filling up the DagBag from /opt/airflow/dags/stackoverflow_migration_dag.py
[2026-05-05T15:32:46.495+0000] {processor.py:840} INFO - DAG(s) 'stackoverflow_medallion_pipeline' retrieved from /opt/airflow/dags/stackoverflow_migration_dag.py
[2026-05-05T15:32:46.560+0000] {logging_mixin.py:188} INFO - [2026-05-05T15:32:46.560+0000] {dag.py:3096} INFO - Sync 1 DAGs
[2026-05-05T15:32:46.609+0000] {logging_mixin.py:188} INFO - [2026-05-05T15:32:46.609+0000] {dag.py:3954} INFO - Setting next_dagrun for stackoverflow_medallion_pipeline to 2026-05-05 00:00:00+00:00, run_after=2026-05-06 00:00:00+00:00
[2026-05-05T15:32:46.652+0000] {processor.py:183} INFO - Processing /opt/airflow/dags/stackoverflow_migration_dag.py took 0.207 seconds
[2026-05-05T15:33:16.786+0000] {processor.py:161} INFO - Started process (PID=362) to work on /opt/airflow/dags/stackoverflow_migration_dag.py
[2026-05-05T15:33:16.788+0000] {processor.py:830} INFO - Processing file /opt/airflow/dags/stackoverflow_migration_dag.py for tasks to queue
[2026-05-05T15:33:16.791+0000] {logging_mixin.py:188} INFO - [2026-05-05T15:33:16.790+0000] {dagbag.py:545} INFO - Filling up the DagBag from /opt/airflow/dags/stackoverflow_migration_dag.py
[2026-05-05T15:33:16.823+0000] {processor.py:840} INFO - DAG(s) 'stackoverflow_medallion_pipeline' retrieved from /opt/airflow/dags/stackoverflow_migration_dag.py
[2026-05-05T15:33:16.889+0000] {logging_mixin.py:188} INFO - [2026-05-05T15:33:16.889+0000] {dag.py:3096} INFO - Sync 1 DAGs
[2026-05-05T15:33:16.936+0000] {logging_mixin.py:188} INFO - [2026-05-05T15:33:16.936+0000] {dag.py:3954} INFO - Setting next_dagrun for stackoverflow_medallion_pipeline to 2026-05-05 00:00:00+00:00, run_after=2026-05-06 00:00:00+00:00
[2026-05-05T15:33:16.975+0000] {processor.py:183} INFO - Processing /opt/airflow/dags/stackoverflow_migration_dag.py took 0.196 seconds
[2026-05-05T15:33:47.220+0000] {processor.py:161} INFO - Started process (PID=367) to work on /opt/airflow/dags/stackoverflow_migration_dag.py
[2026-05-05T15:33:47.221+0000] {processor.py:830} INFO - Processing file /opt/airflow/dags/stackoverflow_migration_dag.py for tasks to queue
[2026-05-05T15:33:47.224+0000] {logging_mixin.py:188} INFO - [2026-05-05T15:33:47.224+0000] {dagbag.py:545} INFO - Filling up the DagBag from /opt/airflow/dags/stackoverflow_migration_dag.py
[2026-05-05T15:33:47.269+0000] {processor.py:840} INFO - DAG(s) 'stackoverflow_medallion_pipeline' retrieved from /opt/airflow/dags/stackoverflow_migration_dag.py
[2026-05-05T15:33:47.345+0000] {logging_mixin.py:188} INFO - [2026-05-05T15:33:47.345+0000] {dag.py:3096} INFO - Sync 1 DAGs
[2026-05-05T15:33:47.404+0000] {logging_mixin.py:188} INFO - [2026-05-05T15:33:47.403+0000] {dag.py:3954} INFO - Setting next_dagrun for stackoverflow_medallion_pipeline to 2026-05-05 00:00:00+00:00, run_after=2026-05-06 00:00:00+00:00
[2026-05-05T15:33:47.444+0000] {processor.py:183} INFO - Processing /opt/airflow/dags/stackoverflow_migration_dag.py took 0.234 seconds
[2026-05-05T15:34:17.597+0000] {processor.py:161} INFO - Started process (PID=372) to work on /opt/airflow/dags/stackoverflow_migration_dag.py
[2026-05-05T15:34:17.599+0000] {processor.py:830} INFO - Processing file /opt/airflow/dags/stackoverflow_migration_dag.py for tasks to queue
[2026-05-05T15:34:17.603+0000] {logging_mixin.py:188} INFO - [2026-05-05T15:34:17.602+0000] {dagbag.py:545} INFO - Filling up the DagBag from /opt/airflow/dags/stackoverflow_migration_dag.py
[2026-05-05T15:34:17.642+0000] {processor.py:840} INFO - DAG(s) 'stackoverflow_medallion_pipeline' retrieved from /opt/airflow/dags/stackoverflow_migration_dag.py
[2026-05-05T15:34:17.713+0000] {logging_mixin.py:188} INFO - [2026-05-05T15:34:17.713+0000] {dag.py:3096} INFO - Sync 1 DAGs
[2026-05-05T15:34:17.764+0000] {logging_mixin.py:188} INFO - [2026-05-05T15:34:17.764+0000] {dag.py:3954} INFO - Setting next_dagrun for stackoverflow_medallion_pipeline to 2026-05-05 00:00:00+00:00, run_after=2026-05-06 00:00:00+00:00
[2026-05-05T15:34:17.804+0000] {processor.py:183} INFO - Processing /opt/airflow/dags/stackoverflow_migration_dag.py took 0.217 seconds
[2026-05-05T15:34:48.145+0000] {processor.py:161} INFO - Started process (PID=377) to work on /opt/airflow/dags/stackoverflow_migration_dag.py
[2026-05-05T15:34:48.147+0000] {processor.py:830} INFO - Processing file /opt/airflow/dags/stackoverflow_migration_dag.py for tasks to queue
[2026-05-05T15:34:48.151+0000] {logging_mixin.py:188} INFO - [2026-05-05T15:34:48.150+0000] {dagbag.py:545} INFO - Filling up the DagBag from /opt/airflow/dags/stackoverflow_migration_dag.py
[2026-05-05T15:34:48.193+0000] {processor.py:840} INFO - DAG(s) 'stackoverflow_medallion_pipeline' retrieved from /opt/airflow/dags/stackoverflow_migration_dag.py
[2026-05-05T15:34:48.274+0000] {logging_mixin.py:188} INFO - [2026-05-05T15:34:48.273+0000] {dag.py:3096} INFO - Sync 1 DAGs
[2026-05-05T15:34:48.334+0000] {logging_mixin.py:188} INFO - [2026-05-05T15:34:48.334+0000] {dag.py:3954} INFO - Setting next_dagrun for stackoverflow_medallion_pipeline to 2026-05-05 00:00:00+00:00, run_after=2026-05-06 00:00:00+00:00
[2026-05-05T15:34:48.378+0000] {processor.py:183} INFO - Processing /opt/airflow/dags/stackoverflow_migration_dag.py took 0.244 seconds
[2026-05-05T15:35:18.468+0000] {processor.py:161} INFO - Started process (PID=382) to work on /opt/airflow/dags/stackoverflow_migration_dag.py
[2026-05-05T15:35:18.470+0000] {processor.py:830} INFO - Processing file /opt/airflow/dags/stackoverflow_migration_dag.py for tasks to queue
[2026-05-05T15:35:18.473+0000] {logging_mixin.py:188} INFO - [2026-05-05T15:35:18.472+0000] {dagbag.py:545} INFO - Filling up the DagBag from /opt/airflow/dags/stackoverflow_migration_dag.py
[2026-05-05T15:35:18.507+0000] {processor.py:840} INFO - DAG(s) 'stackoverflow_medallion_pipeline' retrieved from /opt/airflow/dags/stackoverflow_migration_dag.py
[2026-05-05T15:35:18.576+0000] {logging_mixin.py:188} INFO - [2026-05-05T15:35:18.576+0000] {dag.py:3096} INFO - Sync 1 DAGs
[2026-05-05T15:35:18.625+0000] {logging_mixin.py:188} INFO - [2026-05-05T15:35:18.625+0000] {dag.py:3954} INFO - Setting next_dagrun for stackoverflow_medallion_pipeline to 2026-05-05 00:00:00+00:00, run_after=2026-05-06 00:00:00+00:00
[2026-05-05T15:35:18.664+0000] {processor.py:183} INFO - Processing /opt/airflow/dags/stackoverflow_migration_dag.py took 0.204 seconds
[2026-05-05T15:35:49.065+0000] {processor.py:161} INFO - Started process (PID=387) to work on /opt/airflow/dags/stackoverflow_migration_dag.py
[2026-05-05T15:35:49.068+0000] {processor.py:830} INFO - Processing file /opt/airflow/dags/stackoverflow_migration_dag.py for tasks to queue
[2026-05-05T15:35:49.076+0000] {logging_mixin.py:188} INFO - [2026-05-05T15:35:49.074+0000] {dagbag.py:545} INFO - Filling up the DagBag from /opt/airflow/dags/stackoverflow_migration_dag.py
[2026-05-05T15:35:49.139+0000] {processor.py:840} INFO - DAG(s) 'stackoverflow_medallion_pipeline' retrieved from /opt/airflow/dags/stackoverflow_migration_dag.py
[2026-05-05T15:35:49.272+0000] {logging_mixin.py:188} INFO - [2026-05-05T15:35:49.272+0000] {dag.py:3096} INFO - Sync 1 DAGs
[2026-05-05T15:35:49.395+0000] {logging_mixin.py:188} INFO - [2026-05-05T15:35:49.395+0000] {dag.py:3954} INFO - Setting next_dagrun for stackoverflow_medallion_pipeline to 2026-05-05 00:00:00+00:00, run_after=2026-05-06 00:00:00+00:00
[2026-05-05T15:35:49.479+0000] {processor.py:183} INFO - Processing /opt/airflow/dags/stackoverflow_migration_dag.py took 0.435 seconds
[2026-05-05T15:36:19.880+0000] {processor.py:161} INFO - Started process (PID=392) to work on /opt/airflow/dags/stackoverflow_migration_dag.py
[2026-05-05T15:36:19.882+0000] {processor.py:830} INFO - Processing file /opt/airflow/dags/stackoverflow_migration_dag.py for tasks to queue
[2026-05-05T15:36:19.884+0000] {logging_mixin.py:188} INFO - [2026-05-05T15:36:19.884+0000] {dagbag.py:545} INFO - Filling up the DagBag from /opt/airflow/dags/stackoverflow_migration_dag.py
[2026-05-05T15:36:19.924+0000] {processor.py:840} INFO - DAG(s) 'stackoverflow_medallion_pipeline' retrieved from /opt/airflow/dags/stackoverflow_migration_dag.py
[2026-05-05T15:36:20.000+0000] {logging_mixin.py:188} INFO - [2026-05-05T15:36:20.000+0000] {dag.py:3096} INFO - Sync 1 DAGs
[2026-05-05T15:36:20.060+0000] {logging_mixin.py:188} INFO - [2026-05-05T15:36:20.060+0000] {dag.py:3954} INFO - Setting next_dagrun for stackoverflow_medallion_pipeline to 2026-05-05 00:00:00+00:00, run_after=2026-05-06 00:00:00+00:00
[2026-05-05T15:36:20.102+0000] {processor.py:183} INFO - Processing /opt/airflow/dags/stackoverflow_migration_dag.py took 0.230 seconds
[2026-05-05T15:36:50.211+0000] {processor.py:161} INFO - Started process (PID=397) to work on /opt/airflow/dags/stackoverflow_migration_dag.py
[2026-05-05T15:36:50.213+0000] {processor.py:830} INFO - Processing file /opt/airflow/dags/stackoverflow_migration_dag.py for tasks to queue
[2026-05-05T15:36:50.216+0000] {logging_mixin.py:188} INFO - [2026-05-05T15:36:50.216+0000] {dagbag.py:545} INFO - Filling up the DagBag from /opt/airflow/dags/stackoverflow_migration_dag.py
[2026-05-05T15:36:50.259+0000] {processor.py:840} INFO - DAG(s) 'stackoverflow_medallion_pipeline' retrieved from /opt/airflow/dags/stackoverflow_migration_dag.py
[2026-05-05T15:36:50.336+0000] {logging_mixin.py:188} INFO - [2026-05-05T15:36:50.335+0000] {dag.py:3096} INFO - Sync 1 DAGs
[2026-05-05T15:36:50.390+0000] {logging_mixin.py:188} INFO - [2026-05-05T15:36:50.389+0000] {dag.py:3954} INFO - Setting next_dagrun for stackoverflow_medallion_pipeline to 2026-05-05 00:00:00+00:00, run_after=2026-05-06 00:00:00+00:00
[2026-05-05T15:36:50.431+0000] {processor.py:183} INFO - Processing /opt/airflow/dags/stackoverflow_migration_dag.py took 0.228 seconds
[2026-05-05T15:37:20.644+0000] {processor.py:161} INFO - Started process (PID=402) to work on /opt/airflow/dags/stackoverflow_migration_dag.py
[2026-05-05T15:37:20.646+0000] {processor.py:830} INFO - Processing file /opt/airflow/dags/stackoverflow_migration_dag.py for tasks to queue
[2026-05-05T15:37:20.648+0000] {logging_mixin.py:188} INFO - [2026-05-05T15:37:20.648+0000] {dagbag.py:545} INFO - Filling up the DagBag from /opt/airflow/dags/stackoverflow_migration_dag.py
[2026-05-05T15:37:20.685+0000] {processor.py:840} INFO - DAG(s) 'stackoverflow_medallion_pipeline' retrieved from /opt/airflow/dags/stackoverflow_migration_dag.py
[2026-05-05T15:37:20.755+0000] {logging_mixin.py:188} INFO - [2026-05-05T15:37:20.755+0000] {dag.py:3096} INFO - Sync 1 DAGs
[2026-05-05T15:37:20.803+0000] {logging_mixin.py:188} INFO - [2026-05-05T15:37:20.803+0000] {dag.py:3954} INFO - Setting next_dagrun for stackoverflow_medallion_pipeline to 2026-05-05 00:00:00+00:00, run_after=2026-05-06 00:00:00+00:00
[2026-05-05T15:37:20.844+0000] {processor.py:183} INFO - Processing /opt/airflow/dags/stackoverflow_migration_dag.py took 0.207 seconds
[2026-05-05T15:37:51.125+0000] {processor.py:161} INFO - Started process (PID=407) to work on /opt/airflow/dags/stackoverflow_migration_dag.py
[2026-05-05T15:37:51.126+0000] {processor.py:830} INFO - Processing file /opt/airflow/dags/stackoverflow_migration_dag.py for tasks to queue
[2026-05-05T15:37:51.129+0000] {logging_mixin.py:188} INFO - [2026-05-05T15:37:51.128+0000] {dagbag.py:545} INFO - Filling up the DagBag from /opt/airflow/dags/stackoverflow_migration_dag.py
[2026-05-05T15:37:51.164+0000] {processor.py:840} INFO - DAG(s) 'stackoverflow_medallion_pipeline' retrieved from /opt/airflow/dags/stackoverflow_migration_dag.py
[2026-05-05T15:37:51.227+0000] {logging_mixin.py:188} INFO - [2026-05-05T15:37:51.227+0000] {dag.py:3096} INFO - Sync 1 DAGs
[2026-05-05T15:37:51.273+0000] {logging_mixin.py:188} INFO - [2026-05-05T15:37:51.273+0000] {dag.py:3954} INFO - Setting next_dagrun for stackoverflow_medallion_pipeline to 2026-05-05 00:00:00+00:00, run_after=2026-05-06 00:00:00+00:00
[2026-05-05T15:37:51.313+0000] {processor.py:183} INFO - Processing /opt/airflow/dags/stackoverflow_migration_dag.py took 0.195 seconds
[2026-05-05T15:38:21.493+0000] {processor.py:161} INFO - Started process (PID=412) to work on /opt/airflow/dags/stackoverflow_migration_dag.py
[2026-05-05T15:38:21.495+0000] {processor.py:830} INFO - Processing file /opt/airflow/dags/stackoverflow_migration_dag.py for tasks to queue
[2026-05-05T15:38:21.498+0000] {logging_mixin.py:188} INFO - [2026-05-05T15:38:21.497+0000] {dagbag.py:545} INFO - Filling up the DagBag from /opt/airflow/dags/stackoverflow_migration_dag.py
[2026-05-05T15:38:21.533+0000] {processor.py:840} INFO - DAG(s) 'stackoverflow_medallion_pipeline' retrieved from /opt/airflow/dags/stackoverflow_migration_dag.py
[2026-05-05T15:38:21.607+0000] {logging_mixin.py:188} INFO - [2026-05-05T15:38:21.607+0000] {dag.py:3096} INFO - Sync 1 DAGs
[2026-05-05T15:38:21.654+0000] {logging_mixin.py:188} INFO - [2026-05-05T15:38:21.654+0000] {dag.py:3954} INFO - Setting next_dagrun for stackoverflow_medallion_pipeline to 2026-05-05 00:00:00+00:00, run_after=2026-05-06 00:00:00+00:00
[2026-05-05T15:38:21.697+0000] {processor.py:183} INFO - Processing /opt/airflow/dags/stackoverflow_migration_dag.py took 0.213 seconds
[2026-05-05T15:38:51.935+0000] {processor.py:161} INFO - Started process (PID=417) to work on /opt/airflow/dags/stackoverflow_migration_dag.py
[2026-05-05T15:38:51.937+0000] {processor.py:830} INFO - Processing file /opt/airflow/dags/stackoverflow_migration_dag.py for tasks to queue
[2026-05-05T15:38:51.940+0000] {logging_mixin.py:188} INFO - [2026-05-05T15:38:51.939+0000] {dagbag.py:545} INFO - Filling up the DagBag from /opt/airflow/dags/stackoverflow_migration_dag.py
[2026-05-05T15:38:51.975+0000] {processor.py:840} INFO - DAG(s) 'stackoverflow_medallion_pipeline' retrieved from /opt/airflow/dags/stackoverflow_migration_dag.py
[2026-05-05T15:38:52.037+0000] {logging_mixin.py:188} INFO - [2026-05-05T15:38:52.036+0000] {dag.py:3096} INFO - Sync 1 DAGs
[2026-05-05T15:38:52.081+0000] {logging_mixin.py:188} INFO - [2026-05-05T15:38:52.081+0000] {dag.py:3954} INFO - Setting next_dagrun for stackoverflow_medallion_pipeline to 2026-05-05 00:00:00+00:00, run_after=2026-05-06 00:00:00+00:00
[2026-05-05T15:38:52.119+0000] {processor.py:183} INFO - Processing /opt/airflow/dags/stackoverflow_migration_dag.py took 0.194 seconds
[2026-05-05T15:39:22.411+0000] {processor.py:161} INFO - Started process (PID=422) to work on /opt/airflow/dags/stackoverflow_migration_dag.py
[2026-05-05T15:39:22.413+0000] {processor.py:830} INFO - Processing file /opt/airflow/dags/stackoverflow_migration_dag.py for tasks to queue
[2026-05-05T15:39:22.415+0000] {logging_mixin.py:188} INFO - [2026-05-05T15:39:22.415+0000] {dagbag.py:545} INFO - Filling up the DagBag from /opt/airflow/dags/stackoverflow_migration_dag.py
[2026-05-05T15:39:22.453+0000] {processor.py:840} INFO - DAG(s) 'stackoverflow_medallion_pipeline' retrieved from /opt/airflow/dags/stackoverflow_migration_dag.py
[2026-05-05T15:39:22.516+0000] {logging_mixin.py:188} INFO - [2026-05-05T15:39:22.516+0000] {dag.py:3096} INFO - Sync 1 DAGs
[2026-05-05T15:39:22.564+0000] {logging_mixin.py:188} INFO - [2026-05-05T15:39:22.564+0000] {dag.py:3954} INFO - Setting next_dagrun for stackoverflow_medallion_pipeline to 2026-05-05 00:00:00+00:00, run_after=2026-05-06 00:00:00+00:00
[2026-05-05T15:39:22.602+0000] {processor.py:183} INFO - Processing /opt/airflow/dags/stackoverflow_migration_dag.py took 0.197 seconds
[2026-05-05T15:39:52.832+0000] {processor.py:161} INFO - Started process (PID=427) to work on /opt/airflow/dags/stackoverflow_migration_dag.py
[2026-05-05T15:39:52.833+0000] {processor.py:830} INFO - Processing file /opt/airflow/dags/stackoverflow_migration_dag.py for tasks to queue
[2026-05-05T15:39:52.836+0000] {logging_mixin.py:188} INFO - [2026-05-05T15:39:52.836+0000] {dagbag.py:545} INFO - Filling up the DagBag from /opt/airflow/dags/stackoverflow_migration_dag.py
[2026-05-05T15:39:52.875+0000] {processor.py:840} INFO - DAG(s) 'stackoverflow_medallion_pipeline' retrieved from /opt/airflow/dags/stackoverflow_migration_dag.py
[2026-05-05T15:39:52.940+0000] {logging_mixin.py:188} INFO - [2026-05-05T15:39:52.940+0000] {dag.py:3096} INFO - Sync 1 DAGs
[2026-05-05T15:39:52.986+0000] {logging_mixin.py:188} INFO - [2026-05-05T15:39:52.985+0000] {dag.py:3954} INFO - Setting next_dagrun for stackoverflow_medallion_pipeline to 2026-05-05 00:00:00+00:00, run_after=2026-05-06 00:00:00+00:00
[2026-05-05T15:39:53.024+0000] {processor.py:183} INFO - Processing /opt/airflow/dags/stackoverflow_migration_dag.py took 0.200 seconds
[2026-05-05T15:40:23.322+0000] {processor.py:161} INFO - Started process (PID=432) to work on /opt/airflow/dags/stackoverflow_migration_dag.py
[2026-05-05T15:40:23.324+0000] {processor.py:830} INFO - Processing file /opt/airflow/dags/stackoverflow_migration_dag.py for tasks to queue
[2026-05-05T15:40:23.326+0000] {logging_mixin.py:188} INFO - [2026-05-05T15:40:23.326+0000] {dagbag.py:545} INFO - Filling up the DagBag from /opt/airflow/dags/stackoverflow_migration_dag.py
[2026-05-05T15:40:23.362+0000] {processor.py:840} INFO - DAG(s) 'stackoverflow_medallion_pipeline' retrieved from /opt/airflow/dags/stackoverflow_migration_dag.py
[2026-05-05T15:40:23.421+0000] {logging_mixin.py:188} INFO - [2026-05-05T15:40:23.420+0000] {dag.py:3096} INFO - Sync 1 DAGs
[2026-05-05T15:40:23.463+0000] {logging_mixin.py:188} INFO - [2026-05-05T15:40:23.463+0000] {dag.py:3954} INFO - Setting next_dagrun for stackoverflow_medallion_pipeline to 2026-05-05 00:00:00+00:00, run_after=2026-05-06 00:00:00+00:00
[2026-05-05T15:40:23.503+0000] {processor.py:183} INFO - Processing /opt/airflow/dags/stackoverflow_migration_dag.py took 0.188 seconds
[2026-05-05T15:40:53.715+0000] {processor.py:161} INFO - Started process (PID=437) to work on /opt/airflow/dags/stackoverflow_migration_dag.py
[2026-05-05T15:40:53.716+0000] {processor.py:830} INFO - Processing file /opt/airflow/dags/stackoverflow_migration_dag.py for tasks to queue
[2026-05-05T15:40:53.719+0000] {logging_mixin.py:188} INFO - [2026-05-05T15:40:53.718+0000] {dagbag.py:545} INFO - Filling up the DagBag from /opt/airflow/dags/stackoverflow_migration_dag.py
[2026-05-05T15:40:53.754+0000] {processor.py:840} INFO - DAG(s) 'stackoverflow_medallion_pipeline' retrieved from /opt/airflow/dags/stackoverflow_migration_dag.py
[2026-05-05T15:40:53.818+0000] {logging_mixin.py:188} INFO - [2026-05-05T15:40:53.818+0000] {dag.py:3096} INFO - Sync 1 DAGs
[2026-05-05T15:40:53.862+0000] {logging_mixin.py:188} INFO - [2026-05-05T15:40:53.862+0000] {dag.py:3954} INFO - Setting next_dagrun for stackoverflow_medallion_pipeline to 2026-05-05 00:00:00+00:00, run_after=2026-05-06 00:00:00+00:00
[2026-05-05T15:40:53.897+0000] {processor.py:183} INFO - Processing /opt/airflow/dags/stackoverflow_migration_dag.py took 0.189 seconds
[2026-05-05T15:41:24.174+0000] {processor.py:161} INFO - Started process (PID=442) to work on /opt/airflow/dags/stackoverflow_migration_dag.py
[2026-05-05T15:41:24.175+0000] {processor.py:830} INFO - Processing file /opt/airflow/dags/stackoverflow_migration_dag.py for tasks to queue
[2026-05-05T15:41:24.177+0000] {logging_mixin.py:188} INFO - [2026-05-05T15:41:24.177+0000] {dagbag.py:545} INFO - Filling up the DagBag from /opt/airflow/dags/stackoverflow_migration_dag.py
[2026-05-05T15:41:24.215+0000] {processor.py:840} INFO - DAG(s) 'stackoverflow_medallion_pipeline' retrieved from /opt/airflow/dags/stackoverflow_migration_dag.py
[2026-05-05T15:41:24.273+0000] {logging_mixin.py:188} INFO - [2026-05-05T15:41:24.273+0000] {dag.py:3096} INFO - Sync 1 DAGs
[2026-05-05T15:41:24.321+0000] {logging_mixin.py:188} INFO - [2026-05-05T15:41:24.321+0000] {dag.py:3954} INFO - Setting next_dagrun for stackoverflow_medallion_pipeline to 2026-05-05 00:00:00+00:00, run_after=2026-05-06 00:00:00+00:00
[2026-05-05T15:41:24.358+0000] {processor.py:183} INFO - Processing /opt/airflow/dags/stackoverflow_migration_dag.py took 0.192 seconds
[2026-05-05T15:41:54.523+0000] {processor.py:161} INFO - Started process (PID=447) to work on /opt/airflow/dags/stackoverflow_migration_dag.py
[2026-05-05T15:41:54.525+0000] {processor.py:830} INFO - Processing file /opt/airflow/dags/stackoverflow_migration_dag.py for tasks to queue
[2026-05-05T15:41:54.528+0000] {logging_mixin.py:188} INFO - [2026-05-05T15:41:54.527+0000] {dagbag.py:545} INFO - Filling up the DagBag from /opt/airflow/dags/stackoverflow_migration_dag.py
[2026-05-05T15:41:54.568+0000] {processor.py:840} INFO - DAG(s) 'stackoverflow_medallion_pipeline' retrieved from /opt/airflow/dags/stackoverflow_migration_dag.py
[2026-05-05T15:41:54.641+0000] {logging_mixin.py:188} INFO - [2026-05-05T15:41:54.641+0000] {dag.py:3096} INFO - Sync 1 DAGs
[2026-05-05T15:41:54.691+0000] {logging_mixin.py:188} INFO - [2026-05-05T15:41:54.691+0000] {dag.py:3954} INFO - Setting next_dagrun for stackoverflow_medallion_pipeline to 2026-05-05 00:00:00+00:00, run_after=2026-05-06 00:00:00+00:00
[2026-05-05T15:41:54.733+0000] {processor.py:183} INFO - Processing /opt/airflow/dags/stackoverflow_migration_dag.py took 0.218 seconds
[2026-05-05T15:42:25.013+0000] {processor.py:161} INFO - Started process (PID=452) to work on /opt/airflow/dags/stackoverflow_migration_dag.py
[2026-05-05T15:42:25.015+0000] {processor.py:830} INFO - Processing file /opt/airflow/dags/stackoverflow_migration_dag.py for tasks to queue
[2026-05-05T15:42:25.018+0000] {logging_mixin.py:188} INFO - [2026-05-05T15:42:25.017+0000] {dagbag.py:545} INFO - Filling up the DagBag from /opt/airflow/dags/stackoverflow_migration_dag.py
[2026-05-05T15:42:25.053+0000] {processor.py:840} INFO - DAG(s) 'stackoverflow_medallion_pipeline' retrieved from /opt/airflow/dags/stackoverflow_migration_dag.py
[2026-05-05T15:42:25.116+0000] {logging_mixin.py:188} INFO - [2026-05-05T15:42:25.116+0000] {dag.py:3096} INFO - Sync 1 DAGs
[2026-05-05T15:42:25.160+0000] {logging_mixin.py:188} INFO - [2026-05-05T15:42:25.160+0000] {dag.py:3954} INFO - Setting next_dagrun for stackoverflow_medallion_pipeline to 2026-05-05 00:00:00+00:00, run_after=2026-05-06 00:00:00+00:00
[2026-05-05T15:42:25.199+0000] {processor.py:183} INFO - Processing /opt/airflow/dags/stackoverflow_migration_dag.py took 0.194 seconds
[2026-05-05T15:42:55.318+0000] {processor.py:161} INFO - Started process (PID=457) to work on /opt/airflow/dags/stackoverflow_migration_dag.py
[2026-05-05T15:42:55.319+0000] {processor.py:830} INFO - Processing file /opt/airflow/dags/stackoverflow_migration_dag.py for tasks to queue
[2026-05-05T15:42:55.322+0000] {logging_mixin.py:188} INFO - [2026-05-05T15:42:55.321+0000] {dagbag.py:545} INFO - Filling up the DagBag from /opt/airflow/dags/stackoverflow_migration_dag.py
[2026-05-05T15:42:55.359+0000] {processor.py:840} INFO - DAG(s) 'stackoverflow_medallion_pipeline' retrieved from /opt/airflow/dags/stackoverflow_migration_dag.py
[2026-05-05T15:42:55.424+0000] {logging_mixin.py:188} INFO - [2026-05-05T15:42:55.424+0000] {dag.py:3096} INFO - Sync 1 DAGs
[2026-05-05T15:42:55.468+0000] {logging_mixin.py:188} INFO - [2026-05-05T15:42:55.468+0000] {dag.py:3954} INFO - Setting next_dagrun for stackoverflow_medallion_pipeline to 2026-05-05 00:00:00+00:00, run_after=2026-05-06 00:00:00+00:00
[2026-05-05T15:42:55.509+0000] {processor.py:183} INFO - Processing /opt/airflow/dags/stackoverflow_migration_dag.py took 0.199 seconds
[2026-05-05T15:43:01.518+0000] {processor.py:161} INFO - Started process (PID=462) to work on /opt/airflow/dags/stackoverflow_migration_dag.py
[2026-05-05T15:43:01.520+0000] {processor.py:830} INFO - Processing file /opt/airflow/dags/stackoverflow_migration_dag.py for tasks to queue
[2026-05-05T15:43:01.522+0000] {logging_mixin.py:188} INFO - [2026-05-05T15:43:01.522+0000] {dagbag.py:545} INFO - Filling up the DagBag from /opt/airflow/dags/stackoverflow_migration_dag.py
[2026-05-05T15:43:01.588+0000] {processor.py:840} INFO - DAG(s) 'stackoverflow_medallion_pipeline' retrieved from /opt/airflow/dags/stackoverflow_migration_dag.py
[2026-05-05T15:43:01.888+0000] {logging_mixin.py:188} INFO - [2026-05-05T15:43:01.887+0000] {dag.py:3096} INFO - Sync 1 DAGs
[2026-05-05T15:43:01.943+0000] {logging_mixin.py:188} INFO - [2026-05-05T15:43:01.943+0000] {dag.py:3954} INFO - Setting next_dagrun for stackoverflow_medallion_pipeline to 2026-05-05 00:00:00+00:00, run_after=2026-05-06 00:00:00+00:00
[2026-05-05T15:43:01.993+0000] {processor.py:183} INFO - Processing /opt/airflow/dags/stackoverflow_migration_dag.py took 0.483 seconds
[2026-05-05T15:43:32.346+0000] {processor.py:161} INFO - Started process (PID=467) to work on /opt/airflow/dags/stackoverflow_migration_dag.py
[2026-05-05T15:43:32.347+0000] {processor.py:830} INFO - Processing file /opt/airflow/dags/stackoverflow_migration_dag.py for tasks to queue
[2026-05-05T15:43:32.350+0000] {logging_mixin.py:188} INFO - [2026-05-05T15:43:32.349+0000] {dagbag.py:545} INFO - Filling up the DagBag from /opt/airflow/dags/stackoverflow_migration_dag.py
[2026-05-05T15:43:32.391+0000] {processor.py:840} INFO - DAG(s) 'stackoverflow_medallion_pipeline' retrieved from /opt/airflow/dags/stackoverflow_migration_dag.py
[2026-05-05T15:43:32.462+0000] {logging_mixin.py:188} INFO - [2026-05-05T15:43:32.462+0000] {dag.py:3096} INFO - Sync 1 DAGs
[2026-05-05T15:43:32.510+0000] {logging_mixin.py:188} INFO - [2026-05-05T15:43:32.510+0000] {dag.py:3954} INFO - Setting next_dagrun for stackoverflow_medallion_pipeline to 2026-05-05 00:00:00+00:00, run_after=2026-05-06 00:00:00+00:00
[2026-05-05T15:43:32.549+0000] {processor.py:183} INFO - Processing /opt/airflow/dags/stackoverflow_migration_dag.py took 0.211 seconds
[2026-05-05T15:44:02.641+0000] {processor.py:161} INFO - Started process (PID=472) to work on /opt/airflow/dags/stackoverflow_migration_dag.py
[2026-05-05T15:44:02.643+0000] {processor.py:830} INFO - Processing file /opt/airflow/dags/stackoverflow_migration_dag.py for tasks to queue
[2026-05-05T15:44:02.646+0000] {logging_mixin.py:188} INFO - [2026-05-05T15:44:02.645+0000] {dagbag.py:545} INFO - Filling up the DagBag from /opt/airflow/dags/stackoverflow_migration_dag.py
[2026-05-05T15:44:02.683+0000] {processor.py:840} INFO - DAG(s) 'stackoverflow_medallion_pipeline' retrieved from /opt/airflow/dags/stackoverflow_migration_dag.py
[2026-05-05T15:44:02.762+0000] {logging_mixin.py:188} INFO - [2026-05-05T15:44:02.762+0000] {dag.py:3096} INFO - Sync 1 DAGs
[2026-05-05T15:44:02.808+0000] {logging_mixin.py:188} INFO - [2026-05-05T15:44:02.808+0000] {dag.py:3954} INFO - Setting next_dagrun for stackoverflow_medallion_pipeline to 2026-05-05 00:00:00+00:00, run_after=2026-05-06 00:00:00+00:00
[2026-05-05T15:44:02.849+0000] {processor.py:183} INFO - Processing /opt/airflow/dags/stackoverflow_migration_dag.py took 0.215 seconds
[2026-05-05T15:44:33.173+0000] {processor.py:161} INFO - Started process (PID=477) to work on /opt/airflow/dags/stackoverflow_migration_dag.py
[2026-05-05T15:44:33.175+0000] {processor.py:830} INFO - Processing file /opt/airflow/dags/stackoverflow_migration_dag.py for tasks to queue
[2026-05-05T15:44:33.179+0000] {logging_mixin.py:188} INFO - [2026-05-05T15:44:33.178+0000] {dagbag.py:545} INFO - Filling up the DagBag from /opt/airflow/dags/stackoverflow_migration_dag.py
[2026-05-05T15:44:33.219+0000] {processor.py:840} INFO - DAG(s) 'stackoverflow_medallion_pipeline' retrieved from /opt/airflow/dags/stackoverflow_migration_dag.py
[2026-05-05T15:44:33.420+0000] {logging_mixin.py:188} INFO - [2026-05-05T15:44:33.420+0000] {dag.py:3096} INFO - Sync 1 DAGs
[2026-05-05T15:44:33.471+0000] {logging_mixin.py:188} INFO - [2026-05-05T15:44:33.471+0000] {dag.py:3954} INFO - Setting next_dagrun for stackoverflow_medallion_pipeline to 2026-05-05 00:00:00+00:00, run_after=2026-05-06 00:00:00+00:00
[2026-05-05T15:44:33.518+0000] {processor.py:183} INFO - Processing /opt/airflow/dags/stackoverflow_migration_dag.py took 0.353 seconds
[2026-05-05T15:45:03.814+0000] {processor.py:161} INFO - Started process (PID=484) to work on /opt/airflow/dags/stackoverflow_migration_dag.py
[2026-05-05T15:45:03.816+0000] {processor.py:830} INFO - Processing file /opt/airflow/dags/stackoverflow_migration_dag.py for tasks to queue
[2026-05-05T15:45:03.819+0000] {logging_mixin.py:188} INFO - [2026-05-05T15:45:03.819+0000] {dagbag.py:545} INFO - Filling up the DagBag from /opt/airflow/dags/stackoverflow_migration_dag.py
[2026-05-05T15:45:03.864+0000] {processor.py:840} INFO - DAG(s) 'stackoverflow_medallion_pipeline' retrieved from /opt/airflow/dags/stackoverflow_migration_dag.py
[2026-05-05T15:45:03.935+0000] {logging_mixin.py:188} INFO - [2026-05-05T15:45:03.935+0000] {dag.py:3096} INFO - Sync 1 DAGs
[2026-05-05T15:45:03.985+0000] {logging_mixin.py:188} INFO - [2026-05-05T15:45:03.985+0000] {dag.py:3954} INFO - Setting next_dagrun for stackoverflow_medallion_pipeline to 2026-05-05 00:00:00+00:00, run_after=2026-05-06 00:00:00+00:00
[2026-05-05T15:45:04.026+0000] {processor.py:183} INFO - Processing /opt/airflow/dags/stackoverflow_migration_dag.py took 0.222 seconds
[2026-05-05T15:45:34.182+0000] {processor.py:161} INFO - Started process (PID=489) to work on /opt/airflow/dags/stackoverflow_migration_dag.py
[2026-05-05T15:45:34.184+0000] {processor.py:830} INFO - Processing file /opt/airflow/dags/stackoverflow_migration_dag.py for tasks to queue
[2026-05-05T15:45:34.187+0000] {logging_mixin.py:188} INFO - [2026-05-05T15:45:34.186+0000] {dagbag.py:545} INFO - Filling up the DagBag from /opt/airflow/dags/stackoverflow_migration_dag.py
[2026-05-05T15:45:34.225+0000] {processor.py:840} INFO - DAG(s) 'stackoverflow_medallion_pipeline' retrieved from /opt/airflow/dags/stackoverflow_migration_dag.py
[2026-05-05T15:45:34.293+0000] {logging_mixin.py:188} INFO - [2026-05-05T15:45:34.293+0000] {dag.py:3096} INFO - Sync 1 DAGs
[2026-05-05T15:45:34.341+0000] {logging_mixin.py:188} INFO - [2026-05-05T15:45:34.341+0000] {dag.py:3954} INFO - Setting next_dagrun for stackoverflow_medallion_pipeline to 2026-05-05 00:00:00+00:00, run_after=2026-05-06 00:00:00+00:00
[2026-05-05T15:45:34.380+0000] {processor.py:183} INFO - Processing /opt/airflow/dags/stackoverflow_migration_dag.py took 0.208 seconds
[2026-05-05T15:46:04.697+0000] {processor.py:161} INFO - Started process (PID=494) to work on /opt/airflow/dags/stackoverflow_migration_dag.py
[2026-05-05T15:46:04.698+0000] {processor.py:830} INFO - Processing file /opt/airflow/dags/stackoverflow_migration_dag.py for tasks to queue
[2026-05-05T15:46:04.701+0000] {logging_mixin.py:188} INFO - [2026-05-05T15:46:04.701+0000] {dagbag.py:545} INFO - Filling up the DagBag from /opt/airflow/dags/stackoverflow_migration_dag.py
[2026-05-05T15:46:04.742+0000] {processor.py:840} INFO - DAG(s) 'stackoverflow_medallion_pipeline' retrieved from /opt/airflow/dags/stackoverflow_migration_dag.py
[2026-05-05T15:46:04.815+0000] {logging_mixin.py:188} INFO - [2026-05-05T15:46:04.815+0000] {dag.py:3096} INFO - Sync 1 DAGs
[2026-05-05T15:46:04.862+0000] {logging_mixin.py:188} INFO - [2026-05-05T15:46:04.862+0000] {dag.py:3954} INFO - Setting next_dagrun for stackoverflow_medallion_pipeline to 2026-05-05 00:00:00+00:00, run_after=2026-05-06 00:00:00+00:00
[2026-05-05T15:46:04.901+0000] {processor.py:183} INFO - Processing /opt/airflow/dags/stackoverflow_migration_dag.py took 0.215 seconds
[2026-05-05T15:46:35.142+0000] {processor.py:161} INFO - Started process (PID=499) to work on /opt/airflow/dags/stackoverflow_migration_dag.py
[2026-05-05T15:46:35.143+0000] {processor.py:830} INFO - Processing file /opt/airflow/dags/stackoverflow_migration_dag.py for tasks to queue
[2026-05-05T15:46:35.146+0000] {logging_mixin.py:188} INFO - [2026-05-05T15:46:35.146+0000] {dagbag.py:545} INFO - Filling up the DagBag from /opt/airflow/dags/stackoverflow_migration_dag.py
[2026-05-05T15:46:35.185+0000] {processor.py:840} INFO - DAG(s) 'stackoverflow_medallion_pipeline' retrieved from /opt/airflow/dags/stackoverflow_migration_dag.py
[2026-05-05T15:46:35.254+0000] {logging_mixin.py:188} INFO - [2026-05-05T15:46:35.254+0000] {dag.py:3096} INFO - Sync 1 DAGs
[2026-05-05T15:46:35.302+0000] {logging_mixin.py:188} INFO - [2026-05-05T15:46:35.302+0000] {dag.py:3954} INFO - Setting next_dagrun for stackoverflow_medallion_pipeline to 2026-05-05 00:00:00+00:00, run_after=2026-05-06 00:00:00+00:00
[2026-05-05T15:46:35.343+0000] {processor.py:183} INFO - Processing /opt/airflow/dags/stackoverflow_migration_dag.py took 0.209 seconds
[2026-05-05T15:47:05.664+0000] {processor.py:161} INFO - Started process (PID=504) to work on /opt/airflow/dags/stackoverflow_migration_dag.py
[2026-05-05T15:47:05.666+0000] {processor.py:830} INFO - Processing file /opt/airflow/dags/stackoverflow_migration_dag.py for tasks to queue
[2026-05-05T15:47:05.668+0000] {logging_mixin.py:188} INFO - [2026-05-05T15:47:05.668+0000] {dagbag.py:545} INFO - Filling up the DagBag from /opt/airflow/dags/stackoverflow_migration_dag.py
[2026-05-05T15:47:05.705+0000] {processor.py:840} INFO - DAG(s) 'stackoverflow_medallion_pipeline' retrieved from /opt/airflow/dags/stackoverflow_migration_dag.py
[2026-05-05T15:47:05.774+0000] {logging_mixin.py:188} INFO - [2026-05-05T15:47:05.773+0000] {dag.py:3096} INFO - Sync 1 DAGs
[2026-05-05T15:47:05.821+0000] {logging_mixin.py:188} INFO - [2026-05-05T15:47:05.821+0000] {dag.py:3954} INFO - Setting next_dagrun for stackoverflow_medallion_pipeline to 2026-05-05 00:00:00+00:00, run_after=2026-05-06 00:00:00+00:00
[2026-05-05T15:47:05.867+0000] {processor.py:183} INFO - Processing /opt/airflow/dags/stackoverflow_migration_dag.py took 0.210 seconds
[2026-05-05T15:47:36.285+0000] {processor.py:161} INFO - Started process (PID=511) to work on /opt/airflow/dags/stackoverflow_migration_dag.py
[2026-05-05T15:47:36.286+0000] {processor.py:830} INFO - Processing file /opt/airflow/dags/stackoverflow_migration_dag.py for tasks to queue
[2026-05-05T15:47:36.288+0000] {logging_mixin.py:188} INFO - [2026-05-05T15:47:36.288+0000] {dagbag.py:545} INFO - Filling up the DagBag from /opt/airflow/dags/stackoverflow_migration_dag.py
[2026-05-05T15:47:36.324+0000] {processor.py:840} INFO - DAG(s) 'stackoverflow_medallion_pipeline' retrieved from /opt/airflow/dags/stackoverflow_migration_dag.py
[2026-05-05T15:47:36.393+0000] {logging_mixin.py:188} INFO - [2026-05-05T15:47:36.392+0000] {dag.py:3096} INFO - Sync 1 DAGs
[2026-05-05T15:47:36.446+0000] {logging_mixin.py:188} INFO - [2026-05-05T15:47:36.445+0000] {dag.py:3954} INFO - Setting next_dagrun for stackoverflow_medallion_pipeline to 2026-05-05 00:00:00+00:00, run_after=2026-05-06 00:00:00+00:00
[2026-05-05T15:47:36.488+0000] {processor.py:183} INFO - Processing /opt/airflow/dags/stackoverflow_migration_dag.py took 0.213 seconds
[2026-05-05T15:48:06.736+0000] {processor.py:161} INFO - Started process (PID=516) to work on /opt/airflow/dags/stackoverflow_migration_dag.py
[2026-05-05T15:48:06.738+0000] {processor.py:830} INFO - Processing file /opt/airflow/dags/stackoverflow_migration_dag.py for tasks to queue
[2026-05-05T15:48:06.740+0000] {logging_mixin.py:188} INFO - [2026-05-05T15:48:06.740+0000] {dagbag.py:545} INFO - Filling up the DagBag from /opt/airflow/dags/stackoverflow_migration_dag.py
[2026-05-05T15:48:06.776+0000] {processor.py:840} INFO - DAG(s) 'stackoverflow_medallion_pipeline' retrieved from /opt/airflow/dags/stackoverflow_migration_dag.py
[2026-05-05T15:48:06.849+0000] {logging_mixin.py:188} INFO - [2026-05-05T15:48:06.848+0000] {dag.py:3096} INFO - Sync 1 DAGs
[2026-05-05T15:48:06.898+0000] {logging_mixin.py:188} INFO - [2026-05-05T15:48:06.897+0000] {dag.py:3954} INFO - Setting next_dagrun for stackoverflow_medallion_pipeline to 2026-05-05 00:00:00+00:00, run_after=2026-05-06 00:00:00+00:00
[2026-05-05T15:48:06.939+0000] {processor.py:183} INFO - Processing /opt/airflow/dags/stackoverflow_migration_dag.py took 0.211 seconds
[2026-05-05T15:48:37.173+0000] {processor.py:161} INFO - Started process (PID=521) to work on /opt/airflow/dags/stackoverflow_migration_dag.py
[2026-05-05T15:48:37.175+0000] {processor.py:830} INFO - Processing file /opt/airflow/dags/stackoverflow_migration_dag.py for tasks to queue
[2026-05-05T15:48:37.178+0000] {logging_mixin.py:188} INFO - [2026-05-05T15:48:37.178+0000] {dagbag.py:545} INFO - Filling up the DagBag from /opt/airflow/dags/stackoverflow_migration_dag.py
[2026-05-05T15:48:37.218+0000] {processor.py:840} INFO - DAG(s) 'stackoverflow_medallion_pipeline' retrieved from /opt/airflow/dags/stackoverflow_migration_dag.py
[2026-05-05T15:48:37.286+0000] {logging_mixin.py:188} INFO - [2026-05-05T15:48:37.285+0000] {dag.py:3096} INFO - Sync 1 DAGs
[2026-05-05T15:48:37.336+0000] {logging_mixin.py:188} INFO - [2026-05-05T15:48:37.335+0000] {dag.py:3954} INFO - Setting next_dagrun for stackoverflow_medallion_pipeline to 2026-05-05 00:00:00+00:00, run_after=2026-05-06 00:00:00+00:00
[2026-05-05T15:48:37.376+0000] {processor.py:183} INFO - Processing /opt/airflow/dags/stackoverflow_migration_dag.py took 0.211 seconds
[2026-05-05T15:49:07.454+0000] {processor.py:161} INFO - Started process (PID=537) to work on /opt/airflow/dags/stackoverflow_migration_dag.py
[2026-05-05T15:49:07.456+0000] {processor.py:830} INFO - Processing file /opt/airflow/dags/stackoverflow_migration_dag.py for tasks to queue
[2026-05-05T15:49:07.459+0000] {logging_mixin.py:188} INFO - [2026-05-05T15:49:07.458+0000] {dagbag.py:545} INFO - Filling up the DagBag from /opt/airflow/dags/stackoverflow_migration_dag.py
[2026-05-05T15:49:07.497+0000] {processor.py:840} INFO - DAG(s) 'stackoverflow_medallion_pipeline' retrieved from /opt/airflow/dags/stackoverflow_migration_dag.py
[2026-05-05T15:49:07.572+0000] {logging_mixin.py:188} INFO - [2026-05-05T15:49:07.572+0000] {dag.py:3096} INFO - Sync 1 DAGs
[2026-05-05T15:49:07.622+0000] {logging_mixin.py:188} INFO - [2026-05-05T15:49:07.622+0000] {dag.py:3954} INFO - Setting next_dagrun for stackoverflow_medallion_pipeline to 2026-05-05 00:00:00+00:00, run_after=2026-05-06 00:00:00+00:00
[2026-05-05T15:49:07.663+0000] {processor.py:183} INFO - Processing /opt/airflow/dags/stackoverflow_migration_dag.py took 0.219 seconds
[2026-05-05T15:49:37.991+0000] {processor.py:161} INFO - Started process (PID=548) to work on /opt/airflow/dags/stackoverflow_migration_dag.py
[2026-05-05T15:49:37.993+0000] {processor.py:830} INFO - Processing file /opt/airflow/dags/stackoverflow_migration_dag.py for tasks to queue
[2026-05-05T15:49:37.996+0000] {logging_mixin.py:188} INFO - [2026-05-05T15:49:37.995+0000] {dagbag.py:545} INFO - Filling up the DagBag from /opt/airflow/dags/stackoverflow_migration_dag.py
[2026-05-05T15:49:38.033+0000] {processor.py:840} INFO - DAG(s) 'stackoverflow_medallion_pipeline' retrieved from /opt/airflow/dags/stackoverflow_migration_dag.py
[2026-05-05T15:49:38.103+0000] {logging_mixin.py:188} INFO - [2026-05-05T15:49:38.102+0000] {dag.py:3096} INFO - Sync 1 DAGs
[2026-05-05T15:49:38.151+0000] {logging_mixin.py:188} INFO - [2026-05-05T15:49:38.151+0000] {dag.py:3954} INFO - Setting next_dagrun for stackoverflow_medallion_pipeline to 2026-05-05 00:00:00+00:00, run_after=2026-05-06 00:00:00+00:00
[2026-05-05T15:49:38.190+0000] {processor.py:183} INFO - Processing /opt/airflow/dags/stackoverflow_migration_dag.py took 0.207 seconds
[2026-05-05T15:50:08.298+0000] {processor.py:161} INFO - Started process (PID=558) to work on /opt/airflow/dags/stackoverflow_migration_dag.py
[2026-05-05T15:50:08.300+0000] {processor.py:830} INFO - Processing file /opt/airflow/dags/stackoverflow_migration_dag.py for tasks to queue
[2026-05-05T15:50:08.303+0000] {logging_mixin.py:188} INFO - [2026-05-05T15:50:08.303+0000] {dagbag.py:545} INFO - Filling up the DagBag from /opt/airflow/dags/stackoverflow_migration_dag.py
[2026-05-05T15:50:08.345+0000] {processor.py:840} INFO - DAG(s) 'stackoverflow_medallion_pipeline' retrieved from /opt/airflow/dags/stackoverflow_migration_dag.py
[2026-05-05T15:50:08.430+0000] {logging_mixin.py:188} INFO - [2026-05-05T15:50:08.429+0000] {dag.py:3096} INFO - Sync 1 DAGs
[2026-05-05T15:50:08.548+0000] {logging_mixin.py:188} INFO - [2026-05-05T15:50:08.546+0000] {dag.py:3954} INFO - Setting next_dagrun for stackoverflow_medallion_pipeline to 2026-05-05 00:00:00+00:00, run_after=2026-05-06 00:00:00+00:00
[2026-05-05T15:50:08.615+0000] {processor.py:183} INFO - Processing /opt/airflow/dags/stackoverflow_migration_dag.py took 0.329 seconds
[2026-05-05T15:50:38.782+0000] {processor.py:161} INFO - Started process (PID=563) to work on /opt/airflow/dags/stackoverflow_migration_dag.py
[2026-05-05T15:50:38.784+0000] {processor.py:830} INFO - Processing file /opt/airflow/dags/stackoverflow_migration_dag.py for tasks to queue
[2026-05-05T15:50:38.786+0000] {logging_mixin.py:188} INFO - [2026-05-05T15:50:38.786+0000] {dagbag.py:545} INFO - Filling up the DagBag from /opt/airflow/dags/stackoverflow_migration_dag.py
[2026-05-05T15:50:38.830+0000] {processor.py:840} INFO - DAG(s) 'stackoverflow_medallion_pipeline' retrieved from /opt/airflow/dags/stackoverflow_migration_dag.py
[2026-05-05T15:50:38.902+0000] {logging_mixin.py:188} INFO - [2026-05-05T15:50:38.902+0000] {dag.py:3096} INFO - Sync 1 DAGs
[2026-05-05T15:50:38.955+0000] {logging_mixin.py:188} INFO - [2026-05-05T15:50:38.955+0000] {dag.py:3954} INFO - Setting next_dagrun for stackoverflow_medallion_pipeline to 2026-05-05 00:00:00+00:00, run_after=2026-05-06 00:00:00+00:00
[2026-05-05T15:50:39.008+0000] {processor.py:183} INFO - Processing /opt/airflow/dags/stackoverflow_migration_dag.py took 0.234 seconds
[2026-05-05T15:51:09.215+0000] {processor.py:161} INFO - Started process (PID=568) to work on /opt/airflow/dags/stackoverflow_migration_dag.py
[2026-05-05T15:51:09.216+0000] {processor.py:830} INFO - Processing file /opt/airflow/dags/stackoverflow_migration_dag.py for tasks to queue
[2026-05-05T15:51:09.219+0000] {logging_mixin.py:188} INFO - [2026-05-05T15:51:09.219+0000] {dagbag.py:545} INFO - Filling up the DagBag from /opt/airflow/dags/stackoverflow_migration_dag.py
[2026-05-05T15:51:09.249+0000] {processor.py:840} INFO - DAG(s) 'stackoverflow_medallion_pipeline' retrieved from /opt/airflow/dags/stackoverflow_migration_dag.py
[2026-05-05T15:51:09.309+0000] {logging_mixin.py:188} INFO - [2026-05-05T15:51:09.309+0000] {dag.py:3096} INFO - Sync 1 DAGs
[2026-05-05T15:51:09.354+0000] {logging_mixin.py:188} INFO - [2026-05-05T15:51:09.354+0000] {dag.py:3954} INFO - Setting next_dagrun for stackoverflow_medallion_pipeline to 2026-05-05 00:00:00+00:00, run_after=2026-05-06 00:00:00+00:00
[2026-05-05T15:51:09.392+0000] {processor.py:183} INFO - Processing /opt/airflow/dags/stackoverflow_migration_dag.py took 0.184 seconds
[2026-05-05T15:51:39.666+0000] {processor.py:161} INFO - Started process (PID=573) to work on /opt/airflow/dags/stackoverflow_migration_dag.py
[2026-05-05T15:51:39.667+0000] {processor.py:830} INFO - Processing file /opt/airflow/dags/stackoverflow_migration_dag.py for tasks to queue
[2026-05-05T15:51:39.670+0000] {logging_mixin.py:188} INFO - [2026-05-05T15:51:39.669+0000] {dagbag.py:545} INFO - Filling up the DagBag from /opt/airflow/dags/stackoverflow_migration_dag.py
[2026-05-05T15:51:39.707+0000] {processor.py:840} INFO - DAG(s) 'stackoverflow_medallion_pipeline' retrieved from /opt/airflow/dags/stackoverflow_migration_dag.py
[2026-05-05T15:51:39.769+0000] {logging_mixin.py:188} INFO - [2026-05-05T15:51:39.768+0000] {dag.py:3096} INFO - Sync 1 DAGs
[2026-05-05T15:51:39.812+0000] {logging_mixin.py:188} INFO - [2026-05-05T15:51:39.812+0000] {dag.py:3954} INFO - Setting next_dagrun for stackoverflow_medallion_pipeline to 2026-05-05 00:00:00+00:00, run_after=2026-05-06 00:00:00+00:00
[2026-05-05T15:51:39.850+0000] {processor.py:183} INFO - Processing /opt/airflow/dags/stackoverflow_migration_dag.py took 0.192 seconds
[2026-05-05T15:52:10.113+0000] {processor.py:161} INFO - Started process (PID=578) to work on /opt/airflow/dags/stackoverflow_migration_dag.py
[2026-05-05T15:52:10.114+0000] {processor.py:830} INFO - Processing file /opt/airflow/dags/stackoverflow_migration_dag.py for tasks to queue
[2026-05-05T15:52:10.117+0000] {logging_mixin.py:188} INFO - [2026-05-05T15:52:10.116+0000] {dagbag.py:545} INFO - Filling up the DagBag from /opt/airflow/dags/stackoverflow_migration_dag.py
[2026-05-05T15:52:10.156+0000] {processor.py:840} INFO - DAG(s) 'stackoverflow_medallion_pipeline' retrieved from /opt/airflow/dags/stackoverflow_migration_dag.py
[2026-05-05T15:52:10.217+0000] {logging_mixin.py:188} INFO - [2026-05-05T15:52:10.217+0000] {dag.py:3096} INFO - Sync 1 DAGs
[2026-05-05T15:52:10.261+0000] {logging_mixin.py:188} INFO - [2026-05-05T15:52:10.260+0000] {dag.py:3954} INFO - Setting next_dagrun for stackoverflow_medallion_pipeline to 2026-05-05 00:00:00+00:00, run_after=2026-05-06 00:00:00+00:00
[2026-05-05T15:52:10.302+0000] {processor.py:183} INFO - Processing /opt/airflow/dags/stackoverflow_migration_dag.py took 0.196 seconds
[2026-05-05T15:52:40.566+0000] {processor.py:161} INFO - Started process (PID=583) to work on /opt/airflow/dags/stackoverflow_migration_dag.py
[2026-05-05T15:52:40.567+0000] {processor.py:830} INFO - Processing file /opt/airflow/dags/stackoverflow_migration_dag.py for tasks to queue
[2026-05-05T15:52:40.570+0000] {logging_mixin.py:188} INFO - [2026-05-05T15:52:40.569+0000] {dagbag.py:545} INFO - Filling up the DagBag from /opt/airflow/dags/stackoverflow_migration_dag.py
[2026-05-05T15:52:40.604+0000] {processor.py:840} INFO - DAG(s) 'stackoverflow_medallion_pipeline' retrieved from /opt/airflow/dags/stackoverflow_migration_dag.py
[2026-05-05T15:52:40.666+0000] {logging_mixin.py:188} INFO - [2026-05-05T15:52:40.666+0000] {dag.py:3096} INFO - Sync 1 DAGs
[2026-05-05T15:52:40.715+0000] {logging_mixin.py:188} INFO - [2026-05-05T15:52:40.715+0000] {dag.py:3954} INFO - Setting next_dagrun for stackoverflow_medallion_pipeline to 2026-05-05 00:00:00+00:00, run_after=2026-05-06 00:00:00+00:00
[2026-05-05T15:52:40.756+0000] {processor.py:183} INFO - Processing /opt/airflow/dags/stackoverflow_migration_dag.py took 0.197 seconds
[2026-05-05T15:53:10.852+0000] {processor.py:161} INFO - Started process (PID=588) to work on /opt/airflow/dags/stackoverflow_migration_dag.py
[2026-05-05T15:53:10.853+0000] {processor.py:830} INFO - Processing file /opt/airflow/dags/stackoverflow_migration_dag.py for tasks to queue
[2026-05-05T15:53:10.856+0000] {logging_mixin.py:188} INFO - [2026-05-05T15:53:10.856+0000] {dagbag.py:545} INFO - Filling up the DagBag from /opt/airflow/dags/stackoverflow_migration_dag.py
[2026-05-05T15:53:10.902+0000] {processor.py:840} INFO - DAG(s) 'stackoverflow_medallion_pipeline' retrieved from /opt/airflow/dags/stackoverflow_migration_dag.py
[2026-05-05T15:53:10.972+0000] {logging_mixin.py:188} INFO - [2026-05-05T15:53:10.972+0000] {dag.py:3096} INFO - Sync 1 DAGs
[2026-05-05T15:53:11.025+0000] {logging_mixin.py:188} INFO - [2026-05-05T15:53:11.024+0000] {dag.py:3954} INFO - Setting next_dagrun for stackoverflow_medallion_pipeline to 2026-05-05 00:00:00+00:00, run_after=2026-05-06 00:00:00+00:00
[2026-05-05T15:53:11.068+0000] {processor.py:183} INFO - Processing /opt/airflow/dags/stackoverflow_migration_dag.py took 0.224 seconds
[2026-05-05T15:53:41.356+0000] {processor.py:161} INFO - Started process (PID=593) to work on /opt/airflow/dags/stackoverflow_migration_dag.py
[2026-05-05T15:53:41.359+0000] {processor.py:830} INFO - Processing file /opt/airflow/dags/stackoverflow_migration_dag.py for tasks to queue
[2026-05-05T15:53:41.362+0000] {logging_mixin.py:188} INFO - [2026-05-05T15:53:41.361+0000] {dagbag.py:545} INFO - Filling up the DagBag from /opt/airflow/dags/stackoverflow_migration_dag.py
[2026-05-05T15:53:41.401+0000] {processor.py:840} INFO - DAG(s) 'stackoverflow_medallion_pipeline' retrieved from /opt/airflow/dags/stackoverflow_migration_dag.py
[2026-05-05T15:53:41.467+0000] {logging_mixin.py:188} INFO - [2026-05-05T15:53:41.467+0000] {dag.py:3096} INFO - Sync 1 DAGs
[2026-05-05T15:53:41.515+0000] {logging_mixin.py:188} INFO - [2026-05-05T15:53:41.515+0000] {dag.py:3954} INFO - Setting next_dagrun for stackoverflow_medallion_pipeline to 2026-05-05 00:00:00+00:00, run_after=2026-05-06 00:00:00+00:00
[2026-05-05T15:53:41.555+0000] {processor.py:183} INFO - Processing /opt/airflow/dags/stackoverflow_migration_dag.py took 0.209 seconds
[2026-05-05T15:54:11.721+0000] {processor.py:161} INFO - Started process (PID=598) to work on /opt/airflow/dags/stackoverflow_migration_dag.py
[2026-05-05T15:54:11.722+0000] {processor.py:830} INFO - Processing file /opt/airflow/dags/stackoverflow_migration_dag.py for tasks to queue
[2026-05-05T15:54:11.725+0000] {logging_mixin.py:188} INFO - [2026-05-05T15:54:11.725+0000] {dagbag.py:545} INFO - Filling up the DagBag from /opt/airflow/dags/stackoverflow_migration_dag.py
[2026-05-05T15:54:11.768+0000] {processor.py:840} INFO - DAG(s) 'stackoverflow_medallion_pipeline' retrieved from /opt/airflow/dags/stackoverflow_migration_dag.py
[2026-05-05T15:54:11.833+0000] {logging_mixin.py:188} INFO - [2026-05-05T15:54:11.833+0000] {dag.py:3096} INFO - Sync 1 DAGs
[2026-05-05T15:54:11.881+0000] {logging_mixin.py:188} INFO - [2026-05-05T15:54:11.880+0000] {dag.py:3954} INFO - Setting next_dagrun for stackoverflow_medallion_pipeline to 2026-05-05 00:00:00+00:00, run_after=2026-05-06 00:00:00+00:00
[2026-05-05T15:54:11.924+0000] {processor.py:183} INFO - Processing /opt/airflow/dags/stackoverflow_migration_dag.py took 0.212 seconds
[2026-05-05T15:54:42.125+0000] {processor.py:161} INFO - Started process (PID=603) to work on /opt/airflow/dags/stackoverflow_migration_dag.py
[2026-05-05T15:54:42.126+0000] {processor.py:830} INFO - Processing file /opt/airflow/dags/stackoverflow_migration_dag.py for tasks to queue
[2026-05-05T15:54:42.130+0000] {logging_mixin.py:188} INFO - [2026-05-05T15:54:42.129+0000] {dagbag.py:545} INFO - Filling up the DagBag from /opt/airflow/dags/stackoverflow_migration_dag.py
[2026-05-05T15:54:42.170+0000] {processor.py:840} INFO - DAG(s) 'stackoverflow_medallion_pipeline' retrieved from /opt/airflow/dags/stackoverflow_migration_dag.py
[2026-05-05T15:54:42.244+0000] {logging_mixin.py:188} INFO - [2026-05-05T15:54:42.244+0000] {dag.py:3096} INFO - Sync 1 DAGs
[2026-05-05T15:54:42.291+0000] {logging_mixin.py:188} INFO - [2026-05-05T15:54:42.291+0000] {dag.py:3954} INFO - Setting next_dagrun for stackoverflow_medallion_pipeline to 2026-05-05 00:00:00+00:00, run_after=2026-05-06 00:00:00+00:00
[2026-05-05T15:54:42.331+0000] {processor.py:183} INFO - Processing /opt/airflow/dags/stackoverflow_migration_dag.py took 0.213 seconds
