[2026-05-19T13:46:23.455+0000] {local_task_job_runner.py:120} INFO - ::group::Pre task execution logs
[2026-05-19T13:46:23.507+0000] {taskinstance.py:2076} INFO - Dependencies all met for dep_context=non-requeueable deps ti=<TaskInstance: stackoverflow_medallion_pipeline_v2.run_dbt_staging manual__2026-05-19T13:43:27.815230+00:00 [queued]>
[2026-05-19T13:46:23.520+0000] {taskinstance.py:2076} INFO - Dependencies all met for dep_context=requeueable deps ti=<TaskInstance: stackoverflow_medallion_pipeline_v2.run_dbt_staging manual__2026-05-19T13:43:27.815230+00:00 [queued]>
[2026-05-19T13:46:23.521+0000] {taskinstance.py:2306} INFO - Starting attempt 1 of 5
[2026-05-19T13:46:23.539+0000] {taskinstance.py:2330} INFO - Executing <Task(BashOperator): run_dbt_staging> on 2026-05-19 13:43:27.815230+00:00
[2026-05-19T13:46:23.552+0000] {logging_mixin.py:188} WARNING - /home/***/.local/lib/python3.12/site-packages/***/task/task_runner/standard_task_runner.py:61 DeprecationWarning: This process (pid=918) is multi-threaded, use of fork() may lead to deadlocks in the child.
[2026-05-19T13:46:23.549+0000] {standard_task_runner.py:90} INFO - Running: ['***', 'tasks', 'run', 'stackoverflow_medallion_pipeline_v2', 'run_dbt_staging', 'manual__2026-05-19T13:43:27.815230+00:00', '--job-id', '204', '--raw', '--subdir', 'DAGS_FOLDER/stackoverflow_migration_dag.py', '--cfg-path', '/tmp/tmprufb5n65']
[2026-05-19T13:46:23.553+0000] {standard_task_runner.py:63} INFO - Started process 919 to run task
[2026-05-19T13:46:23.554+0000] {standard_task_runner.py:91} INFO - Job 204: Subtask run_dbt_staging
[2026-05-19T13:46:23.703+0000] {task_command.py:426} INFO - Running <TaskInstance: stackoverflow_medallion_pipeline_v2.run_dbt_staging manual__2026-05-19T13:43:27.815230+00:00 [running]> on host 7e778e631a73
[2026-05-19T13:46:23.967+0000] {taskinstance.py:2648} INFO - Exporting env vars: AIRFLOW_CTX_DAG_OWNER='Aniket Shinde' AIRFLOW_CTX_DAG_ID='stackoverflow_medallion_pipeline_v2' AIRFLOW_CTX_TASK_ID='run_dbt_staging' AIRFLOW_CTX_EXECUTION_DATE='2026-05-19T13:43:27.815230+00:00' AIRFLOW_CTX_TRY_NUMBER='1' AIRFLOW_CTX_DAG_RUN_ID='manual__2026-05-19T13:43:27.815230+00:00'
[2026-05-19T13:46:23.968+0000] {taskinstance.py:430} INFO - ::endgroup::
[2026-05-19T13:46:23.984+0000] {subprocess.py:63} INFO - Tmp dir root location: /tmp
[2026-05-19T13:46:23.985+0000] {subprocess.py:75} INFO - Running command: ['/usr/bin/bash', '-c', 'cd /opt/***/stackoverflow_analytics && dbt run --select staging']
[2026-05-19T13:46:23.996+0000] {subprocess.py:86} INFO - Output:
[2026-05-19T13:46:26.686+0000] {subprocess.py:93} INFO - [0m13:46:26  Running with dbt=1.8.3
[2026-05-19T13:46:26.985+0000] {subprocess.py:93} INFO - [0m13:46:26  Registered adapter: clickhouse=1.8.3
[2026-05-19T13:46:28.006+0000] {subprocess.py:93} INFO - [0m13:46:28  Found 2 models, 2 data tests, 1 source, 463 macros
[2026-05-19T13:46:28.011+0000] {subprocess.py:93} INFO - [0m13:46:28
[2026-05-19T13:46:31.238+0000] {subprocess.py:93} INFO - [0m13:46:31  Concurrency: 1 threads (target='dev')
[2026-05-19T13:46:31.240+0000] {subprocess.py:93} INFO - [0m13:46:31
[2026-05-19T13:46:31.258+0000] {subprocess.py:93} INFO - [0m13:46:31  1 of 1 START sql incremental model `big_query`.`stg_posts` ..................... [RUN]
[2026-05-19T13:46:35.360+0000] {subprocess.py:93} INFO - [0m13:46:35  1 of 1 OK created sql incremental model `big_query`.`stg_posts` ................ [[32mOK[0m in 4.09s]
[2026-05-19T13:46:35.381+0000] {subprocess.py:93} INFO - [0m13:46:35
[2026-05-19T13:46:35.385+0000] {subprocess.py:93} INFO - [0m13:46:35  Finished running 1 incremental model in 0 hours 0 minutes and 7.37 seconds (7.37s).
[2026-05-19T13:46:35.514+0000] {subprocess.py:93} INFO - [0m13:46:35
[2026-05-19T13:46:35.516+0000] {subprocess.py:93} INFO - [0m13:46:35  [32mCompleted successfully[0m
[2026-05-19T13:46:35.517+0000] {subprocess.py:93} INFO - [0m13:46:35
[2026-05-19T13:46:35.519+0000] {subprocess.py:93} INFO - [0m13:46:35  Done. PASS=1 WARN=0 ERROR=0 SKIP=0 TOTAL=1
[2026-05-19T13:46:37.305+0000] {subprocess.py:97} INFO - Command exited with return code 0
[2026-05-19T13:46:37.306+0000] {taskinstance.py:441} INFO - ::group::Post task execution logs
[2026-05-19T13:46:37.464+0000] {taskinstance.py:1206} INFO - Marking task as SUCCESS. dag_id=stackoverflow_medallion_pipeline_v2, task_id=run_dbt_staging, run_id=manual__2026-05-19T13:43:27.815230+00:00, execution_date=20260519T134327, start_date=20260519T134623, end_date=20260519T134637
[2026-05-19T13:46:37.530+0000] {local_task_job_runner.py:240} INFO - Task exited with return code 0
[2026-05-19T13:46:37.626+0000] {taskinstance.py:3498} INFO - 1 downstream tasks scheduled from follow-on schedule check
[2026-05-19T13:46:37.631+0000] {local_task_job_runner.py:222} INFO - ::endgroup::
