[2026-05-06T10:32:46.754+0000] {local_task_job_runner.py:120} INFO - ::group::Pre task execution logs
[2026-05-06T10:32:46.837+0000] {taskinstance.py:2076} INFO - Dependencies all met for dep_context=non-requeueable deps ti=<TaskInstance: stackoverflow_medallion_pipeline.trigger_glue_migration manual__2026-05-06T10:32:44.659868+00:00 [queued]>
[2026-05-06T10:32:46.855+0000] {taskinstance.py:2076} INFO - Dependencies all met for dep_context=requeueable deps ti=<TaskInstance: stackoverflow_medallion_pipeline.trigger_glue_migration manual__2026-05-06T10:32:44.659868+00:00 [queued]>
[2026-05-06T10:32:46.857+0000] {taskinstance.py:2306} INFO - Starting attempt 1 of 1
[2026-05-06T10:32:46.884+0000] {taskinstance.py:2330} INFO - Executing <Task(GlueJobOperator): trigger_glue_migration> on 2026-05-06 10:32:44.659868+00:00
[2026-05-06T10:32:46.895+0000] {standard_task_runner.py:90} INFO - Running: ['***', 'tasks', 'run', 'stackoverflow_medallion_pipeline', 'trigger_glue_migration', 'manual__2026-05-06T10:32:44.659868+00:00', '--job-id', '15', '--raw', '--subdir', 'DAGS_FOLDER/stackoverflow_migration_dag.py', '--cfg-path', '/tmp/tmpoop7g3sr']
[2026-05-06T10:32:46.900+0000] {standard_task_runner.py:91} INFO - Job 15: Subtask trigger_glue_migration
[2026-05-06T10:32:46.902+0000] {logging_mixin.py:188} WARNING - /home/***/.local/lib/python3.12/site-packages/***/task/task_runner/standard_task_runner.py:61 DeprecationWarning: This process (pid=240) is multi-threaded, use of fork() may lead to deadlocks in the child.
[2026-05-06T10:32:46.903+0000] {standard_task_runner.py:63} INFO - Started process 241 to run task
[2026-05-06T10:32:47.138+0000] {task_command.py:426} INFO - Running <TaskInstance: stackoverflow_medallion_pipeline.trigger_glue_migration manual__2026-05-06T10:32:44.659868+00:00 [running]> on host a738a615ccf8
[2026-05-06T10:32:47.528+0000] {taskinstance.py:2648} INFO - Exporting env vars: AIRFLOW_CTX_DAG_OWNER='Aniket Shinde' AIRFLOW_CTX_DAG_ID='stackoverflow_medallion_pipeline' AIRFLOW_CTX_TASK_ID='trigger_glue_migration' AIRFLOW_CTX_EXECUTION_DATE='2026-05-06T10:32:44.659868+00:00' AIRFLOW_CTX_TRY_NUMBER='1' AIRFLOW_CTX_DAG_RUN_ID='manual__2026-05-06T10:32:44.659868+00:00'
[2026-05-06T10:32:47.530+0000] {taskinstance.py:430} INFO - ::endgroup::
[2026-05-06T10:32:47.548+0000] {glue.py:173} INFO - Initializing AWS Glue Job: BigQ_to_S3_2. Wait for completion: True
[2026-05-06T10:32:47.550+0000] {glue.py:364} INFO - Checking if job already exists: BigQ_to_S3_2
[2026-05-06T10:32:47.606+0000] {base.py:84} INFO - Using connection ID 'aws_default' for task execution.
[2026-05-06T10:32:47.608+0000] {connection_wrapper.py:384} INFO - AWS Connection (conn_id='aws_default', conn_type='aws') credentials retrieved from login and password.
[2026-05-06T10:32:49.924+0000] {glue.py:194} INFO - You can monitor this Glue Job run at: https://console.aws.amazon.com/gluestudio/home?region=us-east-1#/job/BigQ_to_S3_2/run/jr_338ec7f9d6b4b55491f7c0e8f83177ce841aa59299c802142e4e99b079b7507a
[2026-05-06T10:32:50.257+0000] {glue.py:347} INFO - Polling for AWS Glue Job BigQ_to_S3_2 current run state with status RUNNING
[2026-05-06T10:32:56.604+0000] {glue.py:347} INFO - Polling for AWS Glue Job BigQ_to_S3_2 current run state with status RUNNING
[2026-05-06T10:33:02.955+0000] {glue.py:347} INFO - Polling for AWS Glue Job BigQ_to_S3_2 current run state with status RUNNING
[2026-05-06T10:33:09.312+0000] {glue.py:347} INFO - Polling for AWS Glue Job BigQ_to_S3_2 current run state with status RUNNING
[2026-05-06T10:33:15.760+0000] {glue.py:347} INFO - Polling for AWS Glue Job BigQ_to_S3_2 current run state with status RUNNING
[2026-05-06T10:33:22.104+0000] {glue.py:347} INFO - Polling for AWS Glue Job BigQ_to_S3_2 current run state with status RUNNING
[2026-05-06T10:33:28.471+0000] {glue.py:347} INFO - Polling for AWS Glue Job BigQ_to_S3_2 current run state with status RUNNING
[2026-05-06T10:33:34.828+0000] {glue.py:347} INFO - Polling for AWS Glue Job BigQ_to_S3_2 current run state with status RUNNING
[2026-05-06T10:33:41.191+0000] {glue.py:347} INFO - Polling for AWS Glue Job BigQ_to_S3_2 current run state with status RUNNING
[2026-05-06T10:33:47.549+0000] {glue.py:347} INFO - Polling for AWS Glue Job BigQ_to_S3_2 current run state with status RUNNING
[2026-05-06T10:33:53.906+0000] {glue.py:347} INFO - Polling for AWS Glue Job BigQ_to_S3_2 current run state with status RUNNING
[2026-05-06T10:34:00.281+0000] {glue.py:347} INFO - Polling for AWS Glue Job BigQ_to_S3_2 current run state with status RUNNING
[2026-05-06T10:34:06.636+0000] {glue.py:347} INFO - Polling for AWS Glue Job BigQ_to_S3_2 current run state with status RUNNING
[2026-05-06T10:34:12.999+0000] {glue.py:347} INFO - Polling for AWS Glue Job BigQ_to_S3_2 current run state with status RUNNING
[2026-05-06T10:34:19.333+0000] {glue.py:347} INFO - Polling for AWS Glue Job BigQ_to_S3_2 current run state with status RUNNING
[2026-05-06T10:34:25.690+0000] {glue.py:347} INFO - Polling for AWS Glue Job BigQ_to_S3_2 current run state with status RUNNING
[2026-05-06T10:34:32.041+0000] {glue.py:347} INFO - Polling for AWS Glue Job BigQ_to_S3_2 current run state with status RUNNING
[2026-05-06T10:34:38.425+0000] {glue.py:347} INFO - Polling for AWS Glue Job BigQ_to_S3_2 current run state with status RUNNING
[2026-05-06T10:34:44.789+0000] {glue.py:347} INFO - Polling for AWS Glue Job BigQ_to_S3_2 current run state with status RUNNING
[2026-05-06T10:34:51.159+0000] {glue.py:347} INFO - Polling for AWS Glue Job BigQ_to_S3_2 current run state with status RUNNING
[2026-05-06T10:34:57.527+0000] {glue.py:347} INFO - Polling for AWS Glue Job BigQ_to_S3_2 current run state with status RUNNING
[2026-05-06T10:35:03.863+0000] {glue.py:340} INFO - Exiting Job jr_338ec7f9d6b4b55491f7c0e8f83177ce841aa59299c802142e4e99b079b7507a Run State: SUCCEEDED
[2026-05-06T10:35:03.864+0000] {glue.py:209} INFO - AWS Glue Job: BigQ_to_S3_2 status: SUCCEEDED. Run Id: jr_338ec7f9d6b4b55491f7c0e8f83177ce841aa59299c802142e4e99b079b7507a
[2026-05-06T10:35:03.864+0000] {taskinstance.py:441} INFO - ::group::Post task execution logs
[2026-05-06T10:35:03.989+0000] {taskinstance.py:1206} INFO - Marking task as SUCCESS. dag_id=stackoverflow_medallion_pipeline, task_id=trigger_glue_migration, run_id=manual__2026-05-06T10:32:44.659868+00:00, execution_date=20260506T103244, start_date=20260506T103246, end_date=20260506T103503
[2026-05-06T10:35:04.070+0000] {local_task_job_runner.py:240} INFO - Task exited with return code 0
[2026-05-06T10:35:04.143+0000] {taskinstance.py:3498} INFO - 1 downstream tasks scheduled from follow-on schedule check
[2026-05-06T10:35:04.148+0000] {local_task_job_runner.py:222} INFO - ::endgroup::
