[2026-05-11T13:33:38.028+0000] {local_task_job_runner.py:120} INFO - ::group::Pre task execution logs
[2026-05-11T13:33:38.171+0000] {taskinstance.py:2076} INFO - Dependencies all met for dep_context=non-requeueable deps ti=<TaskInstance: stackoverflow_medallion_pipeline.run_dbt_staging manual__2026-05-11T13:22:53.631777+00:00 [queued]>
[2026-05-11T13:33:38.203+0000] {taskinstance.py:2076} INFO - Dependencies all met for dep_context=requeueable deps ti=<TaskInstance: stackoverflow_medallion_pipeline.run_dbt_staging manual__2026-05-11T13:22:53.631777+00:00 [queued]>
[2026-05-11T13:33:38.205+0000] {taskinstance.py:2306} INFO - Starting attempt 1 of 1
[2026-05-11T13:33:38.255+0000] {taskinstance.py:2330} INFO - Executing <Task(BashOperator): run_dbt_staging> on 2026-05-11 13:22:53.631777+00:00
[2026-05-11T13:33:38.277+0000] {standard_task_runner.py:90} INFO - Running: ['***', 'tasks', 'run', 'stackoverflow_medallion_pipeline', 'run_dbt_staging', 'manual__2026-05-11T13:22:53.631777+00:00', '--job-id', '71', '--raw', '--subdir', 'DAGS_FOLDER/stackoverflow_migration_dag.py', '--cfg-path', '/tmp/tmpqswjt7zd']
[2026-05-11T13:33:38.286+0000] {standard_task_runner.py:91} INFO - Job 71: Subtask run_dbt_staging
[2026-05-11T13:33:38.285+0000] {logging_mixin.py:188} WARNING - /home/***/.local/lib/python3.12/site-packages/***/task/task_runner/standard_task_runner.py:61 DeprecationWarning: This process (pid=300) is multi-threaded, use of fork() may lead to deadlocks in the child.
[2026-05-11T13:33:38.287+0000] {standard_task_runner.py:63} INFO - Started process 306 to run task
[2026-05-11T13:33:38.597+0000] {task_command.py:426} INFO - Running <TaskInstance: stackoverflow_medallion_pipeline.run_dbt_staging manual__2026-05-11T13:22:53.631777+00:00 [running]> on host 2984cee08122
[2026-05-11T13:33:39.275+0000] {taskinstance.py:2648} INFO - Exporting env vars: AIRFLOW_CTX_DAG_OWNER='Aniket Shinde' AIRFLOW_CTX_DAG_ID='stackoverflow_medallion_pipeline' AIRFLOW_CTX_TASK_ID='run_dbt_staging' AIRFLOW_CTX_EXECUTION_DATE='2026-05-11T13:22:53.631777+00:00' AIRFLOW_CTX_TRY_NUMBER='1' AIRFLOW_CTX_DAG_RUN_ID='manual__2026-05-11T13:22:53.631777+00:00'
[2026-05-11T13:33:39.277+0000] {taskinstance.py:430} INFO - ::endgroup::
[2026-05-11T13:33:39.305+0000] {subprocess.py:63} INFO - Tmp dir root location: /tmp
[2026-05-11T13:33:39.308+0000] {subprocess.py:75} INFO - Running command: ['/usr/bin/bash', '-c', 'cd /opt/***/stackoverflow_analytics && dbt run --select staging']
[2026-05-11T13:33:39.328+0000] {subprocess.py:86} INFO - Output:
[2026-05-11T13:33:46.002+0000] {subprocess.py:93} INFO - [0m13:33:46  Running with dbt=1.8.3
[2026-05-11T13:33:46.785+0000] {subprocess.py:93} INFO - [0m13:33:46  Registered adapter: clickhouse=1.8.3
[2026-05-11T13:33:48.410+0000] {subprocess.py:93} INFO - [0m13:33:48  Found 2 models, 2 data tests, 1 source, 463 macros
[2026-05-11T13:33:48.418+0000] {subprocess.py:93} INFO - [0m13:33:48
[2026-05-11T13:33:52.445+0000] {subprocess.py:93} INFO - [0m13:33:52  Concurrency: 1 threads (target='dev')
[2026-05-11T13:33:52.448+0000] {subprocess.py:93} INFO - [0m13:33:52
[2026-05-11T13:33:52.469+0000] {subprocess.py:93} INFO - [0m13:33:52  1 of 1 START sql incremental model `big_query`.`stg_posts` ..................... [RUN]
[2026-05-11T13:34:04.545+0000] {subprocess.py:93} INFO - [0m13:34:04  1 of 1 OK created sql incremental model `big_query`.`stg_posts` ................ [[32mOK[0m in 12.07s]
[2026-05-11T13:34:04.564+0000] {subprocess.py:93} INFO - [0m13:34:04
[2026-05-11T13:34:04.567+0000] {subprocess.py:93} INFO - [0m13:34:04  Finished running 1 incremental model in 0 hours 0 minutes and 16.14 seconds (16.14s).
[2026-05-11T13:34:04.703+0000] {subprocess.py:93} INFO - [0m13:34:04
[2026-05-11T13:34:04.705+0000] {subprocess.py:93} INFO - [0m13:34:04  [32mCompleted successfully[0m
[2026-05-11T13:34:04.708+0000] {subprocess.py:93} INFO - [0m13:34:04
[2026-05-11T13:34:04.710+0000] {subprocess.py:93} INFO - [0m13:34:04  Done. PASS=1 WARN=0 ERROR=0 SKIP=0 TOTAL=1
[2026-05-11T13:34:06.461+0000] {subprocess.py:97} INFO - Command exited with return code 0
[2026-05-11T13:34:06.464+0000] {taskinstance.py:441} INFO - ::group::Post task execution logs
[2026-05-11T13:34:06.626+0000] {taskinstance.py:1206} INFO - Marking task as SUCCESS. dag_id=stackoverflow_medallion_pipeline, task_id=run_dbt_staging, run_id=manual__2026-05-11T13:22:53.631777+00:00, execution_date=20260511T132253, start_date=20260511T133338, end_date=20260511T133406
[2026-05-11T13:34:06.705+0000] {local_task_job_runner.py:240} INFO - Task exited with return code 0
[2026-05-11T13:34:06.806+0000] {taskinstance.py:3498} INFO - 1 downstream tasks scheduled from follow-on schedule check
[2026-05-11T13:34:06.811+0000] {local_task_job_runner.py:222} INFO - ::endgroup::
