[2026-05-05T15:18:57.879+0000] {local_task_job_runner.py:120} INFO - ::group::Pre task execution logs
[2026-05-05T15:18:57.961+0000] {taskinstance.py:2076} INFO - Dependencies all met for dep_context=non-requeueable deps ti=<TaskInstance: stackoverflow_medallion_pipeline.trigger_glue_migration scheduled__2026-05-04T00:00:00+00:00 [queued]>
[2026-05-05T15:18:57.976+0000] {taskinstance.py:2076} INFO - Dependencies all met for dep_context=requeueable deps ti=<TaskInstance: stackoverflow_medallion_pipeline.trigger_glue_migration scheduled__2026-05-04T00:00:00+00:00 [queued]>
[2026-05-05T15:18:57.977+0000] {taskinstance.py:2306} INFO - Starting attempt 1 of 2
[2026-05-05T15:18:57.997+0000] {taskinstance.py:2330} INFO - Executing <Task(GlueJobOperator): trigger_glue_migration> on 2026-05-04 00:00:00+00:00
[2026-05-05T15:18:58.007+0000] {standard_task_runner.py:90} INFO - Running: ['***', 'tasks', 'run', 'stackoverflow_medallion_pipeline', 'trigger_glue_migration', 'scheduled__2026-05-04T00:00:00+00:00', '--job-id', '3', '--raw', '--subdir', 'DAGS_FOLDER/stackoverflow_migration_dag.py', '--cfg-path', '/tmp/tmp3cr_gef1']
[2026-05-05T15:18:58.013+0000] {standard_task_runner.py:91} INFO - Job 3: Subtask trigger_glue_migration
[2026-05-05T15:18:58.013+0000] {logging_mixin.py:188} WARNING - /home/***/.local/lib/python3.12/site-packages/***/task/task_runner/standard_task_runner.py:61 DeprecationWarning: This process (pid=179) is multi-threaded, use of fork() may lead to deadlocks in the child.
[2026-05-05T15:18:58.015+0000] {standard_task_runner.py:63} INFO - Started process 180 to run task
[2026-05-05T15:18:58.220+0000] {task_command.py:426} INFO - Running <TaskInstance: stackoverflow_medallion_pipeline.trigger_glue_migration scheduled__2026-05-04T00:00:00+00:00 [running]> on host c4d7843556b6
[2026-05-05T15:18:58.535+0000] {taskinstance.py:2648} INFO - Exporting env vars: AIRFLOW_CTX_DAG_OWNER='Aniket Shinde' AIRFLOW_CTX_DAG_ID='stackoverflow_medallion_pipeline' AIRFLOW_CTX_TASK_ID='trigger_glue_migration' AIRFLOW_CTX_EXECUTION_DATE='2026-05-04T00:00:00+00:00' AIRFLOW_CTX_TRY_NUMBER='1' AIRFLOW_CTX_DAG_RUN_ID='scheduled__2026-05-04T00:00:00+00:00'
[2026-05-05T15:18:58.536+0000] {taskinstance.py:430} INFO - ::endgroup::
[2026-05-05T15:18:58.588+0000] {glue.py:173} INFO - Initializing AWS Glue Job: BigQ_to_S3_2. Wait for completion: True
[2026-05-05T15:18:58.589+0000] {glue.py:364} INFO - Checking if job already exists: BigQ_to_S3_2
[2026-05-05T15:18:58.637+0000] {base.py:84} INFO - Using connection ID 'aws_default' for task execution.
[2026-05-05T15:18:58.638+0000] {connection_wrapper.py:384} INFO - AWS Connection (conn_id='aws_default', conn_type='aws') credentials retrieved from login and password.
[2026-05-05T15:19:00.897+0000] {glue.py:194} INFO - You can monitor this Glue Job run at: https://console.aws.amazon.com/gluestudio/home?region=us-east-1#/job/BigQ_to_S3_2/run/jr_670e22434001ae7d656a27b81d085084d5eeb4a274112702d13ed23631553881
[2026-05-05T15:19:01.240+0000] {glue.py:347} INFO - Polling for AWS Glue Job BigQ_to_S3_2 current run state with status RUNNING
[2026-05-05T15:19:07.614+0000] {glue.py:347} INFO - Polling for AWS Glue Job BigQ_to_S3_2 current run state with status RUNNING
[2026-05-05T15:19:13.982+0000] {glue.py:347} INFO - Polling for AWS Glue Job BigQ_to_S3_2 current run state with status RUNNING
[2026-05-05T15:19:20.343+0000] {glue.py:347} INFO - Polling for AWS Glue Job BigQ_to_S3_2 current run state with status RUNNING
[2026-05-05T15:19:26.724+0000] {glue.py:347} INFO - Polling for AWS Glue Job BigQ_to_S3_2 current run state with status RUNNING
[2026-05-05T15:19:33.105+0000] {glue.py:347} INFO - Polling for AWS Glue Job BigQ_to_S3_2 current run state with status RUNNING
[2026-05-05T15:19:39.458+0000] {glue.py:347} INFO - Polling for AWS Glue Job BigQ_to_S3_2 current run state with status RUNNING
[2026-05-05T15:19:45.820+0000] {glue.py:347} INFO - Polling for AWS Glue Job BigQ_to_S3_2 current run state with status RUNNING
[2026-05-05T15:19:52.191+0000] {glue.py:347} INFO - Polling for AWS Glue Job BigQ_to_S3_2 current run state with status RUNNING
[2026-05-05T15:19:58.551+0000] {glue.py:347} INFO - Polling for AWS Glue Job BigQ_to_S3_2 current run state with status RUNNING
[2026-05-05T15:20:04.921+0000] {glue.py:347} INFO - Polling for AWS Glue Job BigQ_to_S3_2 current run state with status RUNNING
[2026-05-05T15:20:11.284+0000] {glue.py:347} INFO - Polling for AWS Glue Job BigQ_to_S3_2 current run state with status RUNNING
[2026-05-05T15:20:17.644+0000] {glue.py:347} INFO - Polling for AWS Glue Job BigQ_to_S3_2 current run state with status RUNNING
[2026-05-05T15:20:24.007+0000] {glue.py:347} INFO - Polling for AWS Glue Job BigQ_to_S3_2 current run state with status RUNNING
[2026-05-05T15:20:30.360+0000] {glue.py:347} INFO - Polling for AWS Glue Job BigQ_to_S3_2 current run state with status RUNNING
[2026-05-05T15:20:36.732+0000] {glue.py:347} INFO - Polling for AWS Glue Job BigQ_to_S3_2 current run state with status RUNNING
[2026-05-05T15:20:43.102+0000] {glue.py:347} INFO - Polling for AWS Glue Job BigQ_to_S3_2 current run state with status RUNNING
[2026-05-05T15:20:49.475+0000] {glue.py:347} INFO - Polling for AWS Glue Job BigQ_to_S3_2 current run state with status RUNNING
[2026-05-05T15:20:55.842+0000] {glue.py:347} INFO - Polling for AWS Glue Job BigQ_to_S3_2 current run state with status RUNNING
[2026-05-05T15:21:02.179+0000] {glue.py:340} INFO - Exiting Job jr_670e22434001ae7d656a27b81d085084d5eeb4a274112702d13ed23631553881 Run State: SUCCEEDED
[2026-05-05T15:21:02.180+0000] {glue.py:209} INFO - AWS Glue Job: BigQ_to_S3_2 status: SUCCEEDED. Run Id: jr_670e22434001ae7d656a27b81d085084d5eeb4a274112702d13ed23631553881
[2026-05-05T15:21:02.180+0000] {taskinstance.py:441} INFO - ::group::Post task execution logs
[2026-05-05T15:21:02.301+0000] {taskinstance.py:1206} INFO - Marking task as SUCCESS. dag_id=stackoverflow_medallion_pipeline, task_id=trigger_glue_migration, run_id=scheduled__2026-05-04T00:00:00+00:00, execution_date=20260504T000000, start_date=20260505T151857, end_date=20260505T152102
[2026-05-05T15:21:02.361+0000] {local_task_job_runner.py:240} INFO - Task exited with return code 0
[2026-05-05T15:21:02.459+0000] {taskinstance.py:3498} INFO - 0 downstream tasks scheduled from follow-on schedule check
[2026-05-05T15:21:02.463+0000] {local_task_job_runner.py:222} INFO - ::endgroup::
