[2026-05-19T11:34:03.586+0000] {local_task_job_runner.py:120} INFO - ::group::Pre task execution logs
[2026-05-19T11:34:03.656+0000] {taskinstance.py:2076} INFO - Dependencies all met for dep_context=non-requeueable deps ti=<TaskInstance: stackoverflow_medallion_pipeline_v2.trigger_glue_migration manual__2026-05-19T11:34:00.255176+00:00 [queued]>
[2026-05-19T11:34:03.677+0000] {taskinstance.py:2076} INFO - Dependencies all met for dep_context=requeueable deps ti=<TaskInstance: stackoverflow_medallion_pipeline_v2.trigger_glue_migration manual__2026-05-19T11:34:00.255176+00:00 [queued]>
[2026-05-19T11:34:03.678+0000] {taskinstance.py:2306} INFO - Starting attempt 1 of 5
[2026-05-19T11:34:03.708+0000] {taskinstance.py:2330} INFO - Executing <Task(GlueJobOperator): trigger_glue_migration> on 2026-05-19 11:34:00.255176+00:00
[2026-05-19T11:34:03.720+0000] {standard_task_runner.py:90} INFO - Running: ['***', 'tasks', 'run', 'stackoverflow_medallion_pipeline_v2', 'trigger_glue_migration', 'manual__2026-05-19T11:34:00.255176+00:00', '--job-id', '183', '--raw', '--subdir', 'DAGS_FOLDER/stackoverflow_migration_dag.py', '--cfg-path', '/tmp/tmpy1o46_e0']
[2026-05-19T11:34:03.723+0000] {standard_task_runner.py:91} INFO - Job 183: Subtask trigger_glue_migration
[2026-05-19T11:34:03.724+0000] {logging_mixin.py:188} WARNING - /home/***/.local/lib/python3.12/site-packages/***/task/task_runner/standard_task_runner.py:61 DeprecationWarning: This process (pid=1033) is multi-threaded, use of fork() may lead to deadlocks in the child.
[2026-05-19T11:34:03.725+0000] {standard_task_runner.py:63} INFO - Started process 1034 to run task
[2026-05-19T11:34:03.914+0000] {task_command.py:426} INFO - Running <TaskInstance: stackoverflow_medallion_pipeline_v2.trigger_glue_migration manual__2026-05-19T11:34:00.255176+00:00 [running]> on host cba14ea35e20
[2026-05-19T11:34:04.302+0000] {taskinstance.py:2648} INFO - Exporting env vars: AIRFLOW_CTX_DAG_OWNER='Aniket Shinde' AIRFLOW_CTX_DAG_ID='stackoverflow_medallion_pipeline_v2' AIRFLOW_CTX_TASK_ID='trigger_glue_migration' AIRFLOW_CTX_EXECUTION_DATE='2026-05-19T11:34:00.255176+00:00' AIRFLOW_CTX_TRY_NUMBER='1' AIRFLOW_CTX_DAG_RUN_ID='manual__2026-05-19T11:34:00.255176+00:00'
[2026-05-19T11:34:04.304+0000] {taskinstance.py:430} INFO - ::endgroup::
[2026-05-19T11:34:04.327+0000] {glue.py:173} INFO - Initializing AWS Glue Job: BigQ_to_S3_2. Wait for completion: True
[2026-05-19T11:34:04.328+0000] {glue.py:364} INFO - Checking if job already exists: BigQ_to_S3_2
[2026-05-19T11:34:04.378+0000] {base.py:84} INFO - Using connection ID 'aws_default' for task execution.
[2026-05-19T11:34:04.380+0000] {connection_wrapper.py:384} INFO - AWS Connection (conn_id='aws_default', conn_type='aws') credentials retrieved from login and password.
[2026-05-19T11:34:06.448+0000] {glue.py:194} INFO - You can monitor this Glue Job run at: https://console.aws.amazon.com/gluestudio/home?region=us-east-1#/job/BigQ_to_S3_2/run/jr_77d7a01b061522f23820120726619c433b8f27b8cb307090f75289e1655441d9
[2026-05-19T11:34:06.753+0000] {glue.py:347} INFO - Polling for AWS Glue Job BigQ_to_S3_2 current run state with status RUNNING
[2026-05-19T11:34:13.114+0000] {glue.py:347} INFO - Polling for AWS Glue Job BigQ_to_S3_2 current run state with status RUNNING
[2026-05-19T11:34:19.447+0000] {glue.py:347} INFO - Polling for AWS Glue Job BigQ_to_S3_2 current run state with status RUNNING
[2026-05-19T11:34:25.774+0000] {glue.py:347} INFO - Polling for AWS Glue Job BigQ_to_S3_2 current run state with status RUNNING
[2026-05-19T11:34:32.099+0000] {glue.py:347} INFO - Polling for AWS Glue Job BigQ_to_S3_2 current run state with status RUNNING
[2026-05-19T11:34:38.425+0000] {glue.py:347} INFO - Polling for AWS Glue Job BigQ_to_S3_2 current run state with status RUNNING
[2026-05-19T11:34:44.776+0000] {glue.py:347} INFO - Polling for AWS Glue Job BigQ_to_S3_2 current run state with status RUNNING
[2026-05-19T11:34:51.108+0000] {glue.py:347} INFO - Polling for AWS Glue Job BigQ_to_S3_2 current run state with status RUNNING
[2026-05-19T11:34:54.830+0000] {local_task_job_runner.py:310} WARNING - State of this instance has been externally set to failed. Terminating instance.
[2026-05-19T11:34:54.832+0000] {local_task_job_runner.py:222} INFO - ::endgroup::
[2026-05-19T11:34:54.835+0000] {process_utils.py:132} INFO - Sending 15 to group 1034. PIDs of all processes in the group: [1034]
[2026-05-19T11:34:54.836+0000] {process_utils.py:87} INFO - Sending the signal 15 to group 1034
[2026-05-19T11:34:54.837+0000] {taskinstance.py:2611} ERROR - Received SIGTERM. Terminating subprocesses.
[2026-05-19T11:34:54.837+0000] {taskinstance.py:441} INFO - ::group::Post task execution logs
[2026-05-19T11:34:54.929+0000] {process_utils.py:80} INFO - Process psutil.Process(pid=1034, status='terminated', exitcode=0, started='11:34:03') (1034) terminated with exit code 0
