[2026-05-05T15:44:57.171+0000] {local_task_job_runner.py:120} INFO - ::group::Pre task execution logs
[2026-05-05T15:44:57.241+0000] {taskinstance.py:2076} INFO - Dependencies all met for dep_context=non-requeueable deps ti=<TaskInstance: stackoverflow_medallion_pipeline.trigger_glue_migration manual__2026-05-05T15:44:55.472467+00:00 [queued]>
[2026-05-05T15:44:57.256+0000] {taskinstance.py:2076} INFO - Dependencies all met for dep_context=requeueable deps ti=<TaskInstance: stackoverflow_medallion_pipeline.trigger_glue_migration manual__2026-05-05T15:44:55.472467+00:00 [queued]>
[2026-05-05T15:44:57.257+0000] {taskinstance.py:2306} INFO - Starting attempt 1 of 1
[2026-05-05T15:44:57.278+0000] {taskinstance.py:2330} INFO - Executing <Task(GlueJobOperator): trigger_glue_migration> on 2026-05-05 15:44:55.472467+00:00
[2026-05-05T15:44:57.289+0000] {standard_task_runner.py:90} INFO - Running: ['***', 'tasks', 'run', 'stackoverflow_medallion_pipeline', 'trigger_glue_migration', 'manual__2026-05-05T15:44:55.472467+00:00', '--job-id', '7', '--raw', '--subdir', 'DAGS_FOLDER/stackoverflow_migration_dag.py', '--cfg-path', '/tmp/tmpgg92_yup']
[2026-05-05T15:44:57.294+0000] {standard_task_runner.py:91} INFO - Job 7: Subtask trigger_glue_migration
[2026-05-05T15:44:57.295+0000] {logging_mixin.py:188} WARNING - /home/***/.local/lib/python3.12/site-packages/***/task/task_runner/standard_task_runner.py:61 DeprecationWarning: This process (pid=482) is multi-threaded, use of fork() may lead to deadlocks in the child.
[2026-05-05T15:44:57.296+0000] {standard_task_runner.py:63} INFO - Started process 483 to run task
[2026-05-05T15:44:57.502+0000] {task_command.py:426} INFO - Running <TaskInstance: stackoverflow_medallion_pipeline.trigger_glue_migration manual__2026-05-05T15:44:55.472467+00:00 [running]> on host c4d7843556b6
[2026-05-05T15:44:57.821+0000] {taskinstance.py:2648} INFO - Exporting env vars: AIRFLOW_CTX_DAG_OWNER='Aniket Shinde' AIRFLOW_CTX_DAG_ID='stackoverflow_medallion_pipeline' AIRFLOW_CTX_TASK_ID='trigger_glue_migration' AIRFLOW_CTX_EXECUTION_DATE='2026-05-05T15:44:55.472467+00:00' AIRFLOW_CTX_TRY_NUMBER='1' AIRFLOW_CTX_DAG_RUN_ID='manual__2026-05-05T15:44:55.472467+00:00'
[2026-05-05T15:44:57.822+0000] {taskinstance.py:430} INFO - ::endgroup::
[2026-05-05T15:44:57.837+0000] {glue.py:173} INFO - Initializing AWS Glue Job: BigQ_to_S3_2. Wait for completion: True
[2026-05-05T15:44:57.838+0000] {glue.py:364} INFO - Checking if job already exists: BigQ_to_S3_2
[2026-05-05T15:44:57.880+0000] {base.py:84} INFO - Using connection ID 'aws_default' for task execution.
[2026-05-05T15:44:57.881+0000] {connection_wrapper.py:384} INFO - AWS Connection (conn_id='aws_default', conn_type='aws') credentials retrieved from login and password.
[2026-05-05T15:44:59.940+0000] {glue.py:194} INFO - You can monitor this Glue Job run at: https://console.aws.amazon.com/gluestudio/home?region=us-east-1#/job/BigQ_to_S3_2/run/jr_01266b40b746f2eb67b69a9833db1ec23bfb449165953a976ae6b620abb95120
[2026-05-05T15:45:00.287+0000] {glue.py:347} INFO - Polling for AWS Glue Job BigQ_to_S3_2 current run state with status RUNNING
[2026-05-05T15:45:06.648+0000] {glue.py:347} INFO - Polling for AWS Glue Job BigQ_to_S3_2 current run state with status RUNNING
[2026-05-05T15:45:12.996+0000] {glue.py:347} INFO - Polling for AWS Glue Job BigQ_to_S3_2 current run state with status RUNNING
[2026-05-05T15:45:19.359+0000] {glue.py:347} INFO - Polling for AWS Glue Job BigQ_to_S3_2 current run state with status RUNNING
[2026-05-05T15:45:25.717+0000] {glue.py:347} INFO - Polling for AWS Glue Job BigQ_to_S3_2 current run state with status RUNNING
[2026-05-05T15:45:32.094+0000] {glue.py:347} INFO - Polling for AWS Glue Job BigQ_to_S3_2 current run state with status RUNNING
[2026-05-05T15:45:38.460+0000] {glue.py:347} INFO - Polling for AWS Glue Job BigQ_to_S3_2 current run state with status RUNNING
[2026-05-05T15:45:44.857+0000] {glue.py:347} INFO - Polling for AWS Glue Job BigQ_to_S3_2 current run state with status RUNNING
[2026-05-05T15:45:51.212+0000] {glue.py:347} INFO - Polling for AWS Glue Job BigQ_to_S3_2 current run state with status RUNNING
[2026-05-05T15:45:57.611+0000] {glue.py:347} INFO - Polling for AWS Glue Job BigQ_to_S3_2 current run state with status RUNNING
[2026-05-05T15:46:03.971+0000] {glue.py:347} INFO - Polling for AWS Glue Job BigQ_to_S3_2 current run state with status RUNNING
[2026-05-05T15:46:10.334+0000] {glue.py:347} INFO - Polling for AWS Glue Job BigQ_to_S3_2 current run state with status RUNNING
[2026-05-05T15:46:16.690+0000] {glue.py:347} INFO - Polling for AWS Glue Job BigQ_to_S3_2 current run state with status RUNNING
[2026-05-05T15:46:23.043+0000] {glue.py:347} INFO - Polling for AWS Glue Job BigQ_to_S3_2 current run state with status RUNNING
[2026-05-05T15:46:29.405+0000] {glue.py:347} INFO - Polling for AWS Glue Job BigQ_to_S3_2 current run state with status RUNNING
[2026-05-05T15:46:35.768+0000] {glue.py:347} INFO - Polling for AWS Glue Job BigQ_to_S3_2 current run state with status RUNNING
[2026-05-05T15:46:42.129+0000] {glue.py:347} INFO - Polling for AWS Glue Job BigQ_to_S3_2 current run state with status RUNNING
[2026-05-05T15:46:48.489+0000] {glue.py:347} INFO - Polling for AWS Glue Job BigQ_to_S3_2 current run state with status RUNNING
[2026-05-05T15:46:54.834+0000] {glue.py:347} INFO - Polling for AWS Glue Job BigQ_to_S3_2 current run state with status RUNNING
[2026-05-05T15:47:01.189+0000] {glue.py:347} INFO - Polling for AWS Glue Job BigQ_to_S3_2 current run state with status RUNNING
[2026-05-05T15:47:07.567+0000] {glue.py:347} INFO - Polling for AWS Glue Job BigQ_to_S3_2 current run state with status RUNNING
[2026-05-05T15:47:13.903+0000] {glue.py:340} INFO - Exiting Job jr_01266b40b746f2eb67b69a9833db1ec23bfb449165953a976ae6b620abb95120 Run State: SUCCEEDED
[2026-05-05T15:47:13.904+0000] {glue.py:209} INFO - AWS Glue Job: BigQ_to_S3_2 status: SUCCEEDED. Run Id: jr_01266b40b746f2eb67b69a9833db1ec23bfb449165953a976ae6b620abb95120
[2026-05-05T15:47:13.905+0000] {taskinstance.py:441} INFO - ::group::Post task execution logs
[2026-05-05T15:47:14.024+0000] {taskinstance.py:1206} INFO - Marking task as SUCCESS. dag_id=stackoverflow_medallion_pipeline, task_id=trigger_glue_migration, run_id=manual__2026-05-05T15:44:55.472467+00:00, execution_date=20260505T154455, start_date=20260505T154457, end_date=20260505T154714
[2026-05-05T15:47:14.064+0000] {local_task_job_runner.py:240} INFO - Task exited with return code 0
[2026-05-05T15:47:14.135+0000] {taskinstance.py:3498} INFO - 1 downstream tasks scheduled from follow-on schedule check
[2026-05-05T15:47:14.140+0000] {local_task_job_runner.py:222} INFO - ::endgroup::
