[2026-05-19T13:07:52.921+0000] {local_task_job_runner.py:120} INFO - ::group::Pre task execution logs
[2026-05-19T13:07:52.993+0000] {taskinstance.py:2076} INFO - Dependencies all met for dep_context=non-requeueable deps ti=<TaskInstance: stackoverflow_medallion_pipeline_v2.trigger_glue_migration manual__2026-05-19T13:07:49.442203+00:00 [queued]>
[2026-05-19T13:07:53.016+0000] {taskinstance.py:2076} INFO - Dependencies all met for dep_context=requeueable deps ti=<TaskInstance: stackoverflow_medallion_pipeline_v2.trigger_glue_migration manual__2026-05-19T13:07:49.442203+00:00 [queued]>
[2026-05-19T13:07:53.018+0000] {taskinstance.py:2306} INFO - Starting attempt 1 of 5
[2026-05-19T13:07:53.046+0000] {taskinstance.py:2330} INFO - Executing <Task(GlueJobOperator): trigger_glue_migration> on 2026-05-19 13:07:49.442203+00:00
[2026-05-19T13:07:53.061+0000] {standard_task_runner.py:90} INFO - Running: ['***', 'tasks', 'run', 'stackoverflow_medallion_pipeline_v2', 'trigger_glue_migration', 'manual__2026-05-19T13:07:49.442203+00:00', '--job-id', '194', '--raw', '--subdir', 'DAGS_FOLDER/stackoverflow_migration_dag.py', '--cfg-path', '/tmp/tmpt0tj5_x1']
[2026-05-19T13:07:53.071+0000] {standard_task_runner.py:91} INFO - Job 194: Subtask trigger_glue_migration
[2026-05-19T13:07:53.072+0000] {logging_mixin.py:188} WARNING - /home/***/.local/lib/python3.12/site-packages/***/task/task_runner/standard_task_runner.py:61 DeprecationWarning: This process (pid=494) is multi-threaded, use of fork() may lead to deadlocks in the child.
[2026-05-19T13:07:53.074+0000] {standard_task_runner.py:63} INFO - Started process 495 to run task
[2026-05-19T13:07:53.330+0000] {task_command.py:426} INFO - Running <TaskInstance: stackoverflow_medallion_pipeline_v2.trigger_glue_migration manual__2026-05-19T13:07:49.442203+00:00 [running]> on host 7e778e631a73
[2026-05-19T13:07:53.900+0000] {taskinstance.py:2648} INFO - Exporting env vars: AIRFLOW_CTX_DAG_OWNER='Aniket Shinde' AIRFLOW_CTX_DAG_ID='stackoverflow_medallion_pipeline_v2' AIRFLOW_CTX_TASK_ID='trigger_glue_migration' AIRFLOW_CTX_EXECUTION_DATE='2026-05-19T13:07:49.442203+00:00' AIRFLOW_CTX_TRY_NUMBER='1' AIRFLOW_CTX_DAG_RUN_ID='manual__2026-05-19T13:07:49.442203+00:00'
[2026-05-19T13:07:53.902+0000] {taskinstance.py:430} INFO - ::endgroup::
[2026-05-19T13:07:53.930+0000] {glue.py:173} INFO - Initializing AWS Glue Job: BigQ_to_S3_2. Wait for completion: True
[2026-05-19T13:07:53.932+0000] {glue.py:364} INFO - Checking if job already exists: BigQ_to_S3_2
[2026-05-19T13:07:53.998+0000] {base.py:84} INFO - Using connection ID 'aws_default' for task execution.
[2026-05-19T13:07:54.000+0000] {connection_wrapper.py:384} INFO - AWS Connection (conn_id='aws_default', conn_type='aws') credentials retrieved from login and password.
[2026-05-19T13:08:36.358+0000] {glue.py:194} INFO - You can monitor this Glue Job run at: https://console.aws.amazon.com/gluestudio/home?region=us-east-1#/job/BigQ_to_S3_2/run/jr_21f168ff6b355e84f20307d497b20e44bc0857879afedd50dee92aff29d05abe
[2026-05-19T13:08:36.709+0000] {glue.py:347} INFO - Polling for AWS Glue Job BigQ_to_S3_2 current run state with status RUNNING
[2026-05-19T13:08:43.072+0000] {glue.py:347} INFO - Polling for AWS Glue Job BigQ_to_S3_2 current run state with status RUNNING
[2026-05-19T13:08:49.509+0000] {glue.py:347} INFO - Polling for AWS Glue Job BigQ_to_S3_2 current run state with status RUNNING
[2026-05-19T13:08:55.879+0000] {glue.py:347} INFO - Polling for AWS Glue Job BigQ_to_S3_2 current run state with status RUNNING
[2026-05-19T13:09:02.297+0000] {glue.py:347} INFO - Polling for AWS Glue Job BigQ_to_S3_2 current run state with status RUNNING
[2026-05-19T13:09:08.667+0000] {glue.py:347} INFO - Polling for AWS Glue Job BigQ_to_S3_2 current run state with status RUNNING
[2026-05-19T13:09:15.049+0000] {glue.py:347} INFO - Polling for AWS Glue Job BigQ_to_S3_2 current run state with status RUNNING
[2026-05-19T13:09:21.424+0000] {glue.py:347} INFO - Polling for AWS Glue Job BigQ_to_S3_2 current run state with status RUNNING
[2026-05-19T13:09:27.795+0000] {glue.py:347} INFO - Polling for AWS Glue Job BigQ_to_S3_2 current run state with status RUNNING
[2026-05-19T13:09:34.164+0000] {glue.py:347} INFO - Polling for AWS Glue Job BigQ_to_S3_2 current run state with status RUNNING
[2026-05-19T13:09:40.545+0000] {glue.py:347} INFO - Polling for AWS Glue Job BigQ_to_S3_2 current run state with status RUNNING
[2026-05-19T13:09:46.928+0000] {glue.py:347} INFO - Polling for AWS Glue Job BigQ_to_S3_2 current run state with status RUNNING
[2026-05-19T13:09:53.314+0000] {glue.py:347} INFO - Polling for AWS Glue Job BigQ_to_S3_2 current run state with status RUNNING
[2026-05-19T13:09:59.683+0000] {glue.py:347} INFO - Polling for AWS Glue Job BigQ_to_S3_2 current run state with status RUNNING
[2026-05-19T13:10:06.078+0000] {glue.py:347} INFO - Polling for AWS Glue Job BigQ_to_S3_2 current run state with status RUNNING
[2026-05-19T13:10:12.474+0000] {glue.py:347} INFO - Polling for AWS Glue Job BigQ_to_S3_2 current run state with status RUNNING
[2026-05-19T13:10:18.844+0000] {glue.py:347} INFO - Polling for AWS Glue Job BigQ_to_S3_2 current run state with status RUNNING
[2026-05-19T13:10:25.200+0000] {glue.py:347} INFO - Polling for AWS Glue Job BigQ_to_S3_2 current run state with status RUNNING
[2026-05-19T13:10:31.541+0000] {glue.py:340} INFO - Exiting Job jr_21f168ff6b355e84f20307d497b20e44bc0857879afedd50dee92aff29d05abe Run State: SUCCEEDED
[2026-05-19T13:10:31.542+0000] {glue.py:209} INFO - AWS Glue Job: BigQ_to_S3_2 status: SUCCEEDED. Run Id: jr_21f168ff6b355e84f20307d497b20e44bc0857879afedd50dee92aff29d05abe
[2026-05-19T13:10:31.543+0000] {taskinstance.py:441} INFO - ::group::Post task execution logs
[2026-05-19T13:10:31.652+0000] {taskinstance.py:1206} INFO - Marking task as SUCCESS. dag_id=stackoverflow_medallion_pipeline_v2, task_id=trigger_glue_migration, run_id=manual__2026-05-19T13:07:49.442203+00:00, execution_date=20260519T130749, start_date=20260519T130752, end_date=20260519T131031
[2026-05-19T13:10:31.728+0000] {local_task_job_runner.py:240} INFO - Task exited with return code 0
[2026-05-19T13:10:31.800+0000] {taskinstance.py:3498} INFO - 1 downstream tasks scheduled from follow-on schedule check
[2026-05-19T13:10:31.805+0000] {local_task_job_runner.py:222} INFO - ::endgroup::
